Archive member included to satisfy reference by file (symbol)

/local/sdk_elec/gcc-arm-none-eabi-5_2-2015q4/bin/../lib/gcc/arm-none-eabi/5.2.1/../../../../arm-none-eabi/lib/armv7e-m/fpu/libc.a(lib_a-exit.o)
                              /local/sdk_elec/gcc-arm-none-eabi-5_2-2015q4/bin/../lib/gcc/arm-none-eabi/5.2.1/../../../../arm-none-eabi/lib/armv7e-m/fpu/crt0.o (exit)
/local/sdk_elec/gcc-arm-none-eabi-5_2-2015q4/bin/../lib/gcc/arm-none-eabi/5.2.1/../../../../arm-none-eabi/lib/armv7e-m/fpu/libc.a(lib_a-impure.o)
                              /local/sdk_elec/gcc-arm-none-eabi-5_2-2015q4/bin/../lib/gcc/arm-none-eabi/5.2.1/../../../../arm-none-eabi/lib/armv7e-m/fpu/libc.a(lib_a-exit.o) (_global_impure_ptr)
/local/sdk_elec/gcc-arm-none-eabi-5_2-2015q4/bin/../lib/gcc/arm-none-eabi/5.2.1/../../../../arm-none-eabi/lib/armv7e-m/fpu/libc.a(lib_a-init.o)
                              /local/sdk_elec/gcc-arm-none-eabi-5_2-2015q4/bin/../lib/gcc/arm-none-eabi/5.2.1/../../../../arm-none-eabi/lib/armv7e-m/fpu/crt0.o (__libc_init_array)
/local/sdk_elec/gcc-arm-none-eabi-5_2-2015q4/bin/../lib/gcc/arm-none-eabi/5.2.1/../../../../arm-none-eabi/lib/armv7e-m/fpu/libc.a(lib_a-memset.o)
                              /local/sdk_elec/gcc-arm-none-eabi-5_2-2015q4/bin/../lib/gcc/arm-none-eabi/5.2.1/../../../../arm-none-eabi/lib/armv7e-m/fpu/crt0.o (memset)
/local/sdk_elec/gcc-arm-none-eabi-5_2-2015q4/bin/../lib/gcc/arm-none-eabi/5.2.1/../../../../arm-none-eabi/lib/armv7e-m/fpu/libc.a(lib_a-__call_atexit.o)
                              /local/sdk_elec/gcc-arm-none-eabi-5_2-2015q4/bin/../lib/gcc/arm-none-eabi/5.2.1/../../../../arm-none-eabi/lib/armv7e-m/fpu/libc.a(lib_a-exit.o) (__call_exitprocs)
/local/sdk_elec/gcc-arm-none-eabi-5_2-2015q4/bin/../lib/gcc/arm-none-eabi/5.2.1/../../../../arm-none-eabi/lib/armv7e-m/fpu/libc.a(lib_a-atexit.o)
                              /local/sdk_elec/gcc-arm-none-eabi-5_2-2015q4/bin/../lib/gcc/arm-none-eabi/5.2.1/../../../../arm-none-eabi/lib/armv7e-m/fpu/libc.a(lib_a-__call_atexit.o) (atexit)
/local/sdk_elec/gcc-arm-none-eabi-5_2-2015q4/bin/../lib/gcc/arm-none-eabi/5.2.1/../../../../arm-none-eabi/lib/armv7e-m/fpu/libc.a(lib_a-fini.o)
                              /local/sdk_elec/gcc-arm-none-eabi-5_2-2015q4/bin/../lib/gcc/arm-none-eabi/5.2.1/../../../../arm-none-eabi/lib/armv7e-m/fpu/libc.a(lib_a-__call_atexit.o) (__libc_fini_array)
/local/sdk_elec/gcc-arm-none-eabi-5_2-2015q4/bin/../lib/gcc/arm-none-eabi/5.2.1/../../../../arm-none-eabi/lib/armv7e-m/fpu/libc.a(lib_a-__atexit.o)
                              /local/sdk_elec/gcc-arm-none-eabi-5_2-2015q4/bin/../lib/gcc/arm-none-eabi/5.2.1/../../../../arm-none-eabi/lib/armv7e-m/fpu/libc.a(lib_a-atexit.o) (__register_exitproc)
/local/sdk_elec/gcc-arm-none-eabi-5_2-2015q4/bin/../lib/gcc/arm-none-eabi/5.2.1/armv7e-m/fpu/libgcc.a(_arm_addsubdf3.o)
                              /tmp/cc3pbfw5.o (__aeabi_f2d)
/local/sdk_elec/gcc-arm-none-eabi-5_2-2015q4/bin/../lib/gcc/arm-none-eabi/5.2.1/armv7e-m/fpu/libgcc.a(_arm_muldivdf3.o)
                              /tmp/ccDs5Q3E.o (__aeabi_dmul)
/local/sdk_elec/gcc-arm-none-eabi-5_2-2015q4/bin/../lib/gcc/arm-none-eabi/5.2.1/armv7e-m/fpu/libgcc.a(_arm_truncdfsf2.o)
                              /tmp/ccDs5Q3E.o (__aeabi_d2f)
/local/sdk_elec/gcc-arm-none-eabi-5_2-2015q4/bin/../lib/gcc/arm-none-eabi/5.2.1/../../../../arm-none-eabi/lib/armv7e-m/fpu/libg.a(lib_a-malloc.o)
                              /tmp/cc14djZI.o (malloc)
/local/sdk_elec/gcc-arm-none-eabi-5_2-2015q4/bin/../lib/gcc/arm-none-eabi/5.2.1/../../../../arm-none-eabi/lib/armv7e-m/fpu/libg.a(lib_a-mallocr.o)
                              /local/sdk_elec/gcc-arm-none-eabi-5_2-2015q4/bin/../lib/gcc/arm-none-eabi/5.2.1/../../../../arm-none-eabi/lib/armv7e-m/fpu/libg.a(lib_a-malloc.o) (_malloc_r)
/local/sdk_elec/gcc-arm-none-eabi-5_2-2015q4/bin/../lib/gcc/arm-none-eabi/5.2.1/../../../../arm-none-eabi/lib/armv7e-m/fpu/libg.a(lib_a-memcpy.o)
                              /tmp/ccMwHppm.o (memcpy)
/local/sdk_elec/gcc-arm-none-eabi-5_2-2015q4/bin/../lib/gcc/arm-none-eabi/5.2.1/../../../../arm-none-eabi/lib/armv7e-m/fpu/libg.a(lib_a-mlock.o)
                              /local/sdk_elec/gcc-arm-none-eabi-5_2-2015q4/bin/../lib/gcc/arm-none-eabi/5.2.1/../../../../arm-none-eabi/lib/armv7e-m/fpu/libg.a(lib_a-mallocr.o) (__malloc_lock)
/local/sdk_elec/gcc-arm-none-eabi-5_2-2015q4/bin/../lib/gcc/arm-none-eabi/5.2.1/../../../../arm-none-eabi/lib/armv7e-m/fpu/libg.a(lib_a-reent.o)
                              /tmp/ccFp9W5G.o (errno)
/local/sdk_elec/gcc-arm-none-eabi-5_2-2015q4/bin/../lib/gcc/arm-none-eabi/5.2.1/../../../../arm-none-eabi/lib/armv7e-m/fpu/libg.a(lib_a-sbrkr.o)
                              /local/sdk_elec/gcc-arm-none-eabi-5_2-2015q4/bin/../lib/gcc/arm-none-eabi/5.2.1/../../../../arm-none-eabi/lib/armv7e-m/fpu/libg.a(lib_a-mallocr.o) (_sbrk_r)
[...]
Memory Configuration

Name             Origin             Length             Attributes
FLASH            0x08000000         0x00080000         xr
RAM              0x20000000         0x00020000         xrw
*default*        0x00000000         0xffffffff

Linker script and memory map

LOAD /local/sdk_elec/gcc-arm-none-eabi-5_2-2015q4/bin/../lib/gcc/arm-none-eabi/5.2.1/armv7e-m/fpu/crti.o
LOAD /local/sdk_elec/gcc-arm-none-eabi-5_2-2015q4/bin/../lib/gcc/arm-none-eabi/5.2.1/armv7e-m/fpu/crtbegin.o
LOAD /local/sdk_elec/gcc-arm-none-eabi-5_2-2015q4/bin/../lib/gcc/arm-none-eabi/5.2.1/../../../../arm-none-eabi/lib/armv7e-m/fpu/crt0.o
LOAD /local/sdk_elec/gcc-arm-none-eabi-5_2-2015q4/bin/../lib/gcc/arm-none-eabi/5.2.1/../../../../arm-none-eabi/lib/armv7e-m/fpu/libc.a
LOAD /local/sdk_elec/gcc-arm-none-eabi-5_2-2015q4/bin/../lib/gcc/arm-none-eabi/5.2.1/armv7e-m/fpu/libgcc.a
LOAD /local/sdk_elec/gcc-arm-none-eabi-5_2-2015q4/bin/../lib/gcc/arm-none-eabi/5.2.1/armv7e-m/fpu/libgcov.a
LOAD /local/sdk_elec/gcc-arm-none-eabi-5_2-2015q4/bin/../lib/gcc/arm-none-eabi/5.2.1/../../../../arm-none-eabi/lib/armv7e-m/fpu/libm.a
LOAD /tmp/ccLqXIQn.o
LOAD /tmp/ccqJvnsx.o
LOAD /tmp/cc7ADlFN.o
LOAD /tmp/ccclt3T7.o
LOAD /tmp/ccfeK2Jv.o
LOAD /tmp/cc0N9QiZ.o
LOAD /tmp/ccNmgUfx.o
LOAD /tmp/ccC4WpZc.o
LOAD /tmp/ccj04YB2.o
LOAD /tmp/ccqRj0S5.o
LOAD /tmp/ccJA7qUf.o
LOAD /tmp/ccNHZjxi.o
LOAD /tmp/ccF69t3p.o
LOAD /tmp/ccrYokUF.o
LOAD /tmp/ccdIlzz5.o
LOAD /tmp/ccxpoArB.o
LOAD /tmp/ccVKEa97.o
LOAD /tmp/ccbEeDyJ.o
LOAD /tmp/ccxuT9tn.o
LOAD /tmp/ccdHKBT6.o
LOAD /tmp/ccTHLXZR.o
LOAD /tmp/ccFp9W5G.o
LOAD /tmp/ccnx9Uyz.o
LOAD /tmp/ccZVJuyw.o
LOAD /tmp/ccnZGB9x.o
LOAD /tmp/ccDs5Q3E.o
LOAD /tmp/ccKY3klM.o
LOAD /tmp/cc19ElUY.o
LOAD /tmp/ccWpAqoj.o
LOAD /tmp/cc14djZI.o
LOAD /tmp/ccmOBM4c.o
LOAD /tmp/ccHT84iK.o
LOAD /tmp/ccMwHppm.o
LOAD /tmp/cc3pbfw5.o
LOAD /tmp/cc0WmEYS.o
LOAD /tmp/ccXDPJZK.o
LOAD /tmp/ccIKWjaH.o
LOAD /tmp/cchdCIlF.o
LOAD /tmp/cckhRNKE.o
LOAD /tmp/ccnRUALI.o
LOAD /tmp/ccGB1UwQ.o
LOAD /tmp/ccNTsbc0.o
START GROUP
LOAD /local/sdk_elec/gcc-arm-none-eabi-5_2-2015q4/bin/../lib/gcc/arm-none-eabi/5.2.1/armv7e-m/fpu/libgcc.a
LOAD /local/sdk_elec/gcc-arm-none-eabi-5_2-2015q4/bin/../lib/gcc/arm-none-eabi/5.2.1/../../../../arm-none-eabi/lib/armv7e-m/fpu/libg.a
LOAD /local/sdk_elec/gcc-arm-none-eabi-5_2-2015q4/bin/../lib/gcc/arm-none-eabi/5.2.1/../../../../arm-none-eabi/lib/armv7e-m/fpu/libc.a
END GROUP
LOAD /local/sdk_elec/gcc-arm-none-eabi-5_2-2015q4/bin/../lib/gcc/arm-none-eabi/5.2.1/armv7e-m/fpu/crtend.o
LOAD /local/sdk_elec/gcc-arm-none-eabi-5_2-2015q4/bin/../lib/gcc/arm-none-eabi/5.2.1/armv7e-m/fpu/crtn.o
                0x2001ffff                _estack = 0x2001ffff
                0x00000200                _Min_Heap_Size = 0x200
                0x00000200                _Min_Stack_Size = 0x200

.isr_vector     0x08000000      0x198
                0x08000000                . = ALIGN (0x4)
 *(.isr_vector)
 .isr_vector    0x08000000      0x198 /tmp/ccVKEa97.o
                0x08000000                g_pfnVectors
                0x08000198                . = ALIGN (0x4)

.text           0x08000198    0x1dcb4
                0x08000198                . = ALIGN (0x4)
 *(.text)
 .text          0x08000198       0xa4 /local/sdk_elec/gcc-arm-none-eabi-5_2-2015q4/bin/../lib/gcc/arm-none-eabi/5.2.1/armv7e-m/fpu/crtbegin.o
 .text          0x0800023c      0x31c /tmp/ccLqXIQn.o
                0x0800023c                HAL_Init
                0x08000280                HAL_DeInit
                0x080002f8                HAL_InitTick
                0x08000330                HAL_IncTick
                0x0800034c                HAL_GetTick
                0x08000364                HAL_Delay
                0x08000390                HAL_SuspendTick
                0x080003b0                HAL_ResumeTick
                0x080003d0                HAL_GetHalVersion
                0x080003e4                HAL_GetREVID
                0x080003fc                HAL_GetDEVID
                0x08000418                HAL_DBGMCU_EnableDBGSleepMode
                0x08000438                HAL_DBGMCU_DisableDBGSleepMode
                0x08000458                HAL_DBGMCU_EnableDBGStopMode
                0x08000478                HAL_DBGMCU_DisableDBGStopMode
                0x08000498                HAL_DBGMCU_EnableDBGStandbyMode
                0x080004b8                HAL_DBGMCU_DisableDBGStandbyMode
                0x080004d8                HAL_EnableCompensationCell
                0x08000518                HAL_DisableCompensationCell
 .text          0x08000558      0xcf4 /tmp/ccqJvnsx.o
                0x08000558                HAL_RCC_DeInit
                0x080005d0                HAL_RCC_OscConfig
                0x08000a80                HAL_RCC_ClockConfig
                0x08000d2c                HAL_RCC_MCOConfig
                0x08000ddc                HAL_RCC_EnableCSS
                0x08000df4                HAL_RCC_DisableCSS
                0x08000e0c                HAL_RCC_GetSysClockFreq
                0x08000f20                HAL_RCC_GetHCLKFreq
                0x08000f78                HAL_RCC_GetPCLK1Freq
                0x08000fc4                HAL_RCC_GetPCLK2Freq
                0x08001010                HAL_RCC_GetOscConfig
                0x080011b0                HAL_RCC_GetClockConfig
                0x08001214                HAL_RCC_NMI_IRQHandler
                0x0800123c                HAL_RCC_CSSCallback
 .text          0x0800124c      0x550 /tmp/cc7ADlFN.o
                0x0800124c                HAL_GPIO_Init
                0x08001540                HAL_GPIO_DeInit
                0x08001680                HAL_GPIO_ReadPin
                0x080016b0                HAL_GPIO_WritePin
                0x080016e0                HAL_GPIO_TogglePin
                0x08001704                HAL_GPIO_LockPin
                0x08001754                HAL_GPIO_EXTI_IRQHandler
 .text          0x0800179c      0x550 /tmp/ccclt3T7.o
                0x08001b38                HAL_NVIC_SetPriorityGrouping
                0x08001b50                HAL_NVIC_SetPriority
                0x08001b88                HAL_NVIC_EnableIRQ
                0x08001ba4                HAL_NVIC_DisableIRQ
                0x08001bc0                HAL_NVIC_SystemReset
                0x08001bcc                HAL_SYSTICK_Config
                0x08001be4                HAL_NVIC_GetPriorityGrouping
                0x08001bf4                HAL_NVIC_GetPriority
                0x08001c20                HAL_NVIC_SetPendingIRQ
                0x08001c3c                HAL_NVIC_GetPendingIRQ
                0x08001c5c                HAL_NVIC_ClearPendingIRQ
                0x08001c78                HAL_NVIC_GetActive
                0x08001c98                HAL_SYSTICK_CLKSourceConfig
                0x08001cd0                HAL_SYSTICK_IRQHandler
                0x08001cdc                HAL_SYSTICK_Callback
 .text          0x08001cec     0x16ec /tmp/ccNmgUfx.o
                0x08001cec                HAL_UART_Init
                0x08001d78                HAL_HalfDuplex_Init
                0x08001e14                HAL_LIN_Init
                0x08001ed0                HAL_MultiProcessor_Init
                0x08001fa0                HAL_UART_DeInit
                0x08001fe0                HAL_UART_MspInit
                0x08001ff4                HAL_UART_MspDeInit
                0x08002008                HAL_UART_Transmit
                0x08002158                HAL_UART_Receive
                0x080022c8                HAL_UART_Transmit_IT
                0x08002398                HAL_UART_Receive_IT
                0x08002468                HAL_UART_Transmit_DMA
                0x0800255c                HAL_UART_Receive_DMA
                0x08002640                HAL_UART_DMAPause
                0x080026dc                HAL_UART_DMAResume
                0x0800279c                HAL_UART_DMAStop
                0x080027fc                HAL_UART_IRQHandler
                0x080029f8                HAL_UART_TxCpltCallback
                0x08002a0c                HAL_UART_TxHalfCpltCallback
                0x08002a34                HAL_UART_RxHalfCpltCallback
                0x08002a48                HAL_UART_ErrorCallback
                0x08002a5c                HAL_LIN_SendBreak
                0x08002ab0                HAL_MultiProcessor_EnterMuteMode
                0x08002b04                HAL_MultiProcessor_ExitMuteMode
                0x08002b58                HAL_HalfDuplex_EnableTransmitter
                0x08002bc0                HAL_HalfDuplex_EnableReceiver
                0x08002c28                HAL_UART_GetState
                0x08002c44                HAL_UART_GetError
 .text          0x080033d8     0x7cdc /tmp/ccj04YB2.o
                0x080033d8                HAL_DMA_Init
                0x080034b0                HAL_DMA_DeInit
                0x080048bc                HAL_DMA_Start
                0x08004920                HAL_DMA_Start_IT
                0x080049d4                HAL_DMA_Abort
                0x08004a50                HAL_DMA_PollForTransfer
                0x08007d58                HAL_DMA_IRQHandler
                0x0800b024                HAL_DMA_GetState
                0x0800b040                HAL_DMA_GetError
 .text          0x0800b0b4     0x3c44 /tmp/ccqRj0S5.o
                0x0800b0b4                HAL_TIM_Base_Init
                0x0800b104                HAL_TIM_Base_DeInit
                0x0800b164                HAL_TIM_Base_MspInit
                0x0800b178                HAL_TIM_Base_MspDeInit
                0x0800b18c                HAL_TIM_Base_Start
                0x0800b1c4                HAL_TIM_Base_Stop
                0x0800b21c                HAL_TIM_Base_Start_IT
                0x0800b254                HAL_TIM_Base_Stop_IT
                0x0800b2ac                HAL_TIM_Base_Start_DMA
                0x0800b344                HAL_TIM_Base_Stop_DMA
                0x0800b3a4                HAL_TIM_OC_Init
                0x0800b3f4                HAL_TIM_OC_DeInit
                0x0800b454                HAL_TIM_OC_MspInit
                0x0800b468                HAL_TIM_OC_MspDeInit
                0x0800b47c                HAL_TIM_OC_Start
                0x0800b4cc                HAL_TIM_OC_Stop
                0x0800b55c                HAL_TIM_OC_Start_IT
                0x0800b638                HAL_TIM_OC_Stop_IT
                0x0800b754                HAL_TIM_OC_Start_DMA
                0x0800b900                HAL_TIM_OC_Stop_DMA
                0x0800ba24                HAL_TIM_PWM_Init
                0x0800ba74                HAL_TIM_PWM_DeInit
                0x0800bad4                HAL_TIM_PWM_MspInit
                0x0800bae8                HAL_TIM_PWM_MspDeInit
                0x0800bafc                HAL_TIM_PWM_Start
                0x0800bb4c                HAL_TIM_PWM_Stop
                0x0800bbe4                HAL_TIM_PWM_Start_IT
                0x0800bcc0                HAL_TIM_PWM_Stop_IT
                0x0800bddc                HAL_TIM_PWM_Start_DMA
                0x0800bf88                HAL_TIM_PWM_Stop_DMA
                0x0800c0ac                HAL_TIM_IC_Init
                0x0800c0fc                HAL_TIM_IC_DeInit
                0x0800c15c                HAL_TIM_IC_MspInit
                0x0800c170                HAL_TIM_IC_MspDeInit
                0x0800c184                HAL_TIM_IC_Start
                0x0800c1b8                HAL_TIM_IC_Stop
                0x0800c20c                HAL_TIM_IC_Start_IT
                0x0800c2cc                HAL_TIM_IC_Stop_IT
                0x0800c3ac                HAL_TIM_IC_Start_DMA
                0x0800c53c                HAL_TIM_IC_Stop_DMA
                0x0800c624                HAL_TIM_OnePulse_Init
                0x0800c694                HAL_TIM_OnePulse_DeInit
                0x0800c6f4                HAL_TIM_OnePulse_MspInit
                0x0800c708                HAL_TIM_OnePulse_MspDeInit
                0x0800c71c                HAL_TIM_OnePulse_Start
                0x0800c76c                HAL_TIM_OnePulse_Stop
                0x0800c80c                HAL_TIM_OnePulse_Start_IT
                0x0800c87c                HAL_TIM_OnePulse_Stop_IT
                0x0800c93c                HAL_TIM_Encoder_Init
                0x0800ca60                HAL_TIM_Encoder_DeInit
                0x0800cac0                HAL_TIM_Encoder_MspInit
                0x0800cad4                HAL_TIM_Encoder_MspDeInit
                0x0800cae8                HAL_TIM_Encoder_Start
                0x0800cb58                HAL_TIM_Encoder_Stop
                0x0800cbe8                HAL_TIM_Encoder_Start_IT
                0x0800cc98                HAL_TIM_Encoder_Stop_IT
                0x0800cd6c                HAL_TIM_Encoder_Start_DMA
                0x0800cf14                HAL_TIM_Encoder_Stop_DMA
                0x0800cfe8                HAL_TIM_IRQHandler
                0x0800d1f8                HAL_TIM_OC_ConfigChannel
                0x0800d2b8                HAL_TIM_IC_ConfigChannel
                0x0800d3f0                HAL_TIM_PWM_ConfigChannel
                0x0800d57c                HAL_TIM_OnePulse_ConfigChannel
                0x0800d6fc                HAL_TIM_DMABurst_WriteStart
                0x0800d8e0                HAL_TIM_DMABurst_WriteStop
                0x0800d990                HAL_TIM_DMABurst_ReadStart
                0x0800db74                HAL_TIM_DMABurst_ReadStop
                0x0800dc24                HAL_TIM_GenerateEvent
                0x0800dc74                HAL_TIM_ConfigOCrefClear
                0x0800ddc8                HAL_TIM_ConfigClockSource
                0x0800df80                HAL_TIM_ConfigTI1Input
                0x0800dfbc                HAL_TIM_SlaveConfigSynchronization
                0x0800e028                HAL_TIM_SlaveConfigSynchronization_IT
                0x0800e094                HAL_TIM_ReadCapturedValue
                0x0800e14c                HAL_TIM_OC_DelayElapsedCallback
                0x0800e160                HAL_TIM_IC_CaptureCallback
                0x0800e174                HAL_TIM_PWM_PulseFinishedCallback
                0x0800e188                HAL_TIM_TriggerCallback
                0x0800e19c                HAL_TIM_ErrorCallback
                0x0800e1b0                HAL_TIM_Base_GetState
                0x0800e1cc                HAL_TIM_OC_GetState
                0x0800e1e8                HAL_TIM_PWM_GetState
                0x0800e204                HAL_TIM_IC_GetState
                0x0800e220                HAL_TIM_OnePulse_GetState
                0x0800e23c                HAL_TIM_Encoder_GetState
                0x0800e258                TIM_Base_SetConfig
                0x0800e360                TIM_TI1_SetConfig
                0x0800e440                TIM_OC2_SetConfig
                0x0800e51c                TIM_DMADelayPulseCplt
                0x0800e58c                TIM_DMAError
                0x0800e5b0                TIM_DMACaptureCplt
                0x0800e620                TIM_CCxChannelCmd
 .text          0x0800ecf8     0x14a8 /tmp/ccJA7qUf.o
                0x0800ecf8                HAL_TIMEx_HallSensor_Init
                0x0800ee10                HAL_TIMEx_HallSensor_DeInit
                0x0800ee70                HAL_TIMEx_HallSensor_MspInit
                0x0800ee84                HAL_TIMEx_HallSensor_MspDeInit
                0x0800ee98                HAL_TIMEx_HallSensor_Start
                0x0800eec8                HAL_TIMEx_HallSensor_Stop
                0x0800ef18                HAL_TIMEx_HallSensor_Start_IT
                0x0800ef58                HAL_TIMEx_HallSensor_Stop_IT
                0x0800efb8                HAL_TIMEx_HallSensor_Start_DMA
                0x0800f060                HAL_TIMEx_HallSensor_Stop_DMA
                0x0800f0c0                HAL_TIMEx_OCN_Start
                0x0800f104                HAL_TIMEx_OCN_Stop
                0x0800f188                HAL_TIMEx_OCN_Start_IT
                0x0800f268                HAL_TIMEx_OCN_Stop_IT
                0x0800f398                HAL_TIMEx_OCN_Start_DMA
                0x0800f538                HAL_TIMEx_OCN_Stop_DMA
                0x0800f650                HAL_TIMEx_PWMN_Start
                0x0800f694                HAL_TIMEx_PWMN_Stop
                0x0800f718                HAL_TIMEx_PWMN_Start_IT
                0x0800f7f8                HAL_TIMEx_PWMN_Stop_IT
                0x0800f928                HAL_TIMEx_PWMN_Start_DMA
                0x0800fac8                HAL_TIMEx_PWMN_Stop_DMA
                0x0800fbe0                HAL_TIMEx_OnePulseN_Start
                0x0800fc14                HAL_TIMEx_OnePulseN_Stop
                0x0800fc98                HAL_TIMEx_OnePulseN_Start_IT
                0x0800fcec                HAL_TIMEx_OnePulseN_Stop_IT
                0x0800fd90                HAL_TIMEx_ConfigCommutationEvent
                0x0800fe30                HAL_TIMEx_ConfigCommutationEvent_IT
                0x0800fee0                HAL_TIMEx_ConfigCommutationEvent_DMA
                0x0800ffa8                HAL_TIMEx_MasterConfigSynchronization
                0x08010034                HAL_TIMEx_ConfigBreakDeadTime
                0x080100a8                HAL_TIMEx_RemapConfig
                0x080100f0                HAL_TIMEx_CommutationCallback
                0x08010104                HAL_TIMEx_BreakCallback
                0x08010118                HAL_TIMEx_HallSensor_GetState
                0x08010134                TIMEx_DMACommutationCplt
 .text          0x080101a0      0xd4c /tmp/ccNHZjxi.o
                0x080101a0                HAL_ADC_Init
                0x080101f4                HAL_ADC_DeInit
                0x0801022c                HAL_ADC_MspInit
                0x08010240                HAL_ADC_MspDeInit
                0x08010254                HAL_ADC_Start
                0x0801032c                HAL_ADC_Stop
                0x0801035c                HAL_ADC_PollForConversion
                0x080103dc                HAL_ADC_PollForEvent
                0x0801046c                HAL_ADC_Start_IT
                0x08010568                HAL_ADC_Stop_IT
                0x080105b8                HAL_ADC_IRQHandler
                0x08010814                HAL_ADC_Start_DMA
                0x080108f4                HAL_ADC_Stop_DMA
                0x08010948                HAL_ADC_GetValue
                0x08010964                HAL_ADC_ConvCpltCallback
                0x08010978                HAL_ADC_ConvHalfCpltCallback
                0x0801098c                HAL_ADC_LevelOutOfWindowCallback
                0x080109a0                HAL_ADC_ErrorCallback
                0x080109b4                HAL_ADC_ConfigChannel
                0x08010bb0                HAL_ADC_AnalogWDGConfig
                0x08010c70                HAL_ADC_GetState
                0x08010c8c                HAL_ADC_GetError
 .text          0x08010eec      0x9a8 /tmp/ccF69t3p.o
                0x08010eec                HAL_ADCEx_InjectedStart
                0x0801102c                HAL_ADCEx_InjectedStart_IT
                0x08011190                HAL_ADCEx_InjectedStop
                0x080111c0                HAL_ADCEx_InjectedPollForConversion
                0x08011240                HAL_ADCEx_InjectedStop_IT
                0x08011290                HAL_ADCEx_InjectedGetValue
                0x08011300                HAL_ADCEx_MultiModeStart_DMA
                0x080113f4                HAL_ADCEx_MultiModeStop_DMA
                0x08011468                HAL_ADCEx_MultiModeGetValue
                0x08011484                HAL_ADCEx_InjectedConvCpltCallback
                0x08011498                HAL_ADCEx_InjectedConfigChannel
                0x08011784                HAL_ADCEx_MultiModeConfigChannel
 .text          0x08011894     0x1ef8 /tmp/ccrYokUF.o
                0x08011894                HAL_SPI_Init
                0x08011958                HAL_SPI_DeInit
                0x080119a0                HAL_SPI_MspInit
                0x080119b4                HAL_SPI_MspDeInit
                0x080119c8                HAL_SPI_Transmit
                0x08011c40                HAL_SPI_Receive
                0x08011f4c                HAL_SPI_TransmitReceive
                0x08012400                HAL_SPI_Transmit_IT
                0x08012524                HAL_SPI_Receive_IT
                0x08012658                HAL_SPI_TransmitReceive_IT
                0x08012784                HAL_SPI_Transmit_DMA
                0x080128c4                HAL_SPI_Receive_DMA
                0x08012a30                HAL_SPI_TransmitReceive_DMA
                0x08012c08                HAL_SPI_DMAPause
                0x08012c5c                HAL_SPI_DMAResume
                0x08012cb0                HAL_SPI_DMAStop
                0x08012d10                HAL_SPI_IRQHandler
                0x08012ea4                HAL_SPI_TxCpltCallback
                0x08012eb8                HAL_SPI_RxCpltCallback
                0x08012ecc                HAL_SPI_TxRxCpltCallback
                0x08012ee0                HAL_SPI_TxHalfCpltCallback
                0x08012ef4                HAL_SPI_RxHalfCpltCallback
                0x08012f08                HAL_SPI_TxRxHalfCpltCallback
                0x08012f1c                HAL_SPI_ErrorCallback
                0x08012f30                HAL_SPI_GetState
                0x08012f4c                HAL_SPI_GetError
 .text          0x0801378c     0x31e4 /tmp/ccdIlzz5.o
                0x0801378c                HAL_I2C_Init
                0x08013938                HAL_I2C_DeInit
                0x08013988                HAL_I2C_MspInit
                0x0801399c                HAL_I2C_MspDeInit
                0x080139b0                HAL_I2C_Master_Transmit
                0x08013b18                HAL_I2C_Master_Receive
                0x08013e18                HAL_I2C_Slave_Transmit
                0x08013fb4                HAL_I2C_Slave_Receive
                0x08014134                HAL_I2C_Master_Transmit_IT
                0x08014218                HAL_I2C_Master_Receive_IT
                0x08014388                HAL_I2C_Slave_Transmit_IT
                0x08014434                HAL_I2C_Slave_Receive_IT
                0x080144e0                HAL_I2C_Master_Transmit_DMA
                0x080145f0                HAL_I2C_Master_Receive_DMA
                0x08014728                HAL_I2C_Slave_Transmit_DMA
                0x08014874                HAL_I2C_Slave_Receive_DMA
                0x08014978                HAL_I2C_Mem_Write
                0x08014ad8                HAL_I2C_Mem_Read
                0x08014dd4                HAL_I2C_Mem_Write_IT
                0x08014eb0                HAL_I2C_Mem_Read_IT
                0x0801502c                HAL_I2C_Mem_Write_DMA
                0x08015134                HAL_I2C_Mem_Read_DMA
                0x08015278                HAL_I2C_IsDeviceReady
                0x0801547c                HAL_I2C_EV_IRQHandler
                0x08015760                HAL_I2C_ER_IRQHandler
                0x0801591c                HAL_I2C_MasterTxCpltCallback
                0x08015930                HAL_I2C_MasterRxCpltCallback
                0x08015944                HAL_I2C_SlaveTxCpltCallback
                0x08015958                HAL_I2C_SlaveRxCpltCallback
                0x0801596c                HAL_I2C_MemTxCpltCallback
                0x08015980                HAL_I2C_MemRxCpltCallback
                0x08015994                HAL_I2C_ErrorCallback
                0x080159a8                HAL_I2C_GetState
                0x080159c4                HAL_I2C_GetError
 .text          0x08016970      0x7c4 /tmp/ccxpoArB.o
                0x08016c48                main
                0x08016dac                HAL_UART_RxCpltCallback
                0x08016e64                vApplicationStackOverflowHook
                0x08016e70                vApplicationIdleHook
                0x08016e80                vApplicationTickHook
                0x08016e90                asservLeftMotor
                0x08016f58                asservRightMotor
                0x08017048                tracking
 .text          0x08017134      0x448 /tmp/ccxuT9tn.o
                0x08017134                HAL_MspInit
                0x08017198                HAL_UARTCOM_MspInit
                0x080171f4                HAL_UARTZIGBEE_MspInit
                0x08017244                HAL_Encoder_Timer1_MspInit
                0x080172b4                HAL_Encoder_Timer2_MspInit
                0x08017324                HAL_GPIO_BUTTON_MspInit
                0x08017364                HAL_GPIO_LED_MspInit
                0x08017390                HAL_GPIO_CHECK_PERIOD_MspInit
                0x080173bc                HAL_PWM_Timer3_MspInit
                0x080173fc                HAL_PWM_Timer4_MspInit
                0x08017468                HAL_i2c_MspInit
                0x080174cc                HAL_tickTimer_MspInit
                0x080174f4                HAL_spi_MspInit
                0x08017534                HAL_adcir_MspInit
                0x0801756c                HAL_MspDeInit
 .text          0x0801757c      0x100 /tmp/ccdHKBT6.o
                0x0801757c                NMI_Handler
                0x0801758c                HardFault_Handler
                0x08017594                MemManage_Handler
                0x0801759c                BusFault_Handler
                0x080175a4                UsageFault_Handler
                0x080175ac                DebugMon_Handler
                0x080175bc                SysTick_Handler
                0x080175d8                OTG_FS_IRQHandler
                0x080175e8                TIM5_IRQHandler
                0x080175fc                EXTI0_IRQHandler
                0x0801760c                EXTI1_IRQHandler
                0x0801761c                I2C1_EV_IRQHandler
                0x08017630                I2C1_ER_IRQHandler
                0x08017644                EXTI15_10_IRQHandler
                0x08017654                USART2_IRQHandler
                0x08017668                USART6_IRQHandler
 .text          0x0801767c      0x168 /tmp/ccTHLXZR.o
                0x0801767c                SystemInit
                0x080176e8                SystemCoreClockUpdate
 .text          0x080177e4      0x2d8 /tmp/ccFp9W5G.o
                0x080177e4                _sbrk
                0x08017854                _gettimeofday
                0x08017880                initialise_monitor_handles
                0x08017890                _getpid
                0x080178a0                _kill
                0x080178c4                _exit
                0x080178d8                _write
                0x08017910                _close
                0x08017928                _fstat
                0x08017948                _isatty
                0x08017960                _lseek
                0x0801797c                _read
                0x080179b8                _open
                0x080179d4                _wait
                0x080179f8                _unlink
                0x08017a1c                _times
                0x08017a34                _stat
                0x08017a54                _link
                0x08017a78                _fork
                0x08017a94                _execve
 .text          0x08017abc       0x8c /tmp/ccnx9Uyz.o
                0x08017abc                SystemClock_Config
 .text          0x08017b48       0x78 /tmp/ccZVJuyw.o
                0x08017b48                tickTimerInit
                0x08017ba4                HAL_TIM_PeriodElapsedCallback
 .text          0x08017bc0       0xec /tmp/ccnZGB9x.o
                0x08017bc0                captDistIR_Init
                0x08017c24                captDistIR_Get
 *fill*         0x08017cac        0x4 
 .text          0x08017cb0      0x42c /tmp/ccDs5Q3E.o
                0x08017cb0                num2str
                0x08017db8                str2num
                0x08017e44                reverse
                0x08017ea0                intToStr
                0x08017f30                float2str
                0x08017fd0                myPow
                0x08018064                flush_ch
                0x0801809c                size_ch
 .text          0x080180dc      0x100 /tmp/ccKY3klM.o
                0x080180dc                motorCommand_Init
                0x08018198                motorLeft_SetDuty
                0x080181b8                motorRight_SetDuty
 .text          0x080181dc      0x438 /tmp/cc19ElUY.o
                0x080181dc                quadEncoder_Init
                0x080182c4                quadEncoder_PosCalcL
                0x0801830c                quadEncoder_PosCalcR
                0x08018354                quadEncoder_GetPos16L
                0x08018398                quadEncoder_GetPos16R
                0x080183dc                quadEncoder_GetPos32L
                0x0801840c                quadEncoder_GetPos32R
                0x0801843c                quadEncoder_GetSpeedL
                0x080184dc                quadEncoder_GetSpeedR
                0x0801857c                quadEncoder_CallbackIndexL
                0x080185c8                quadEncoder_CallbackIndexR
 .text          0x08018614      0x148 /tmp/ccWpAqoj.o
                0x08018614                servoCommand_Init
                0x080186d0                servoHigh_Set
                0x080186fc                servoLow_Set
                0x0801872c                servoHigh_Get
                0x08018744                servoLow_Get
 .text          0x0801875c      0x428 /tmp/cc14djZI.o
                0x0801875c                pixyCam_Init
                0x08018778                pixyCam_Test
                0x08018808                pixyCam_Get
                0x0801895c                pixyCam_GetStart
                0x080189e0                pixyCam_GetBlocks
                0x08018b1c                pixyCam_SetBrightness
                0x08018b48                pixyCam_SetLED
 .text          0x08018b84       0x64 /tmp/ccmOBM4c.o
                0x08018b84                captDistUS_Measure
                0x08018ba8                captDistUS_Get
 .text          0x08018be8      0x190 /tmp/ccHT84iK.o
                0x08018be8                screenLCD_Clear
                0x08018c14                screenLCD_getID
                0x08018c34                screenLCD_SetBacklight
                0x08018c54                screenLCD_ReadButtons
                0x08018c74                screenLCD_Write
                0x08018d00                screenLCD_Test
 .text          0x08018d78      0x504 /tmp/ccMwHppm.o
                0x08018d78                i2c1_Init
                0x08018dcc                i2c1_WriteBuffer
                0x08018e00                i2c1_ReadBuffer
                0x08018e34                i2c1_ReadRegBuffer
                0x08018e98                i2c1_WriteRegBuffer
                0x08018eec                i2c1_WriteRegByte_IT
                0x08018f38                i2c1_ReadRegBuffer_IT
                0x08018fa0                i2c1_WriteReg16Byte
                0x08018fec                i2c1_WriteReg16Word16
                0x08019044                i2c1_WriteReg16Word32
                0x080190a8                i2c1_ReadReg16Byte
                0x08019114                i2c1_ReadReg16Word16
                0x08019190                i2c1_ReadReg16Word32
                0x08019210                i2c1_ReadReg16Buffer
 *fill*         0x0801927c        0x4 
 .text          0x08019280      0xe30 /tmp/cc3pbfw5.o
                0x08019280                uart2_Init
                0x080192d8                uart6_Init
                0x08019330                uart_Write
                0x08019358                put_char
                0x0801937c                putchar_stlink
                0x080193a0                putchar_zigbee
                0x080193c4                put_string
                0x080193f0                put_string_stlink
                0x0801941c                put_string_zigbee
                0x08019448                term_printf
                0x08019880                term_printf_stlink
                0x08019c98                term_printf_zigbee
 .text          0x0801a0b0       0x94 /tmp/cc0WmEYS.o
                0x0801a0b0                spi1Init
                0x0801a114                spi1Transfer
 .text          0x0801a144       0x48 /tmp/ccXDPJZK.o
                0x0801a144                HAL_GPIO_EXTI_Callback
 .text          0x0801a18c      0x16c /tmp/cchdCIlF.o
                0x0801a18c                vListInitialise
                0x0801a1cc                vListInitialiseItem
                0x0801a1e8                vListInsertEnd
                0x0801a230                vListInsert
                0x0801a2a4                uxListRemove
 .text          0x0801a2f8      0xc50 /tmp/cckhRNKE.o
                0x0801a2f8                xQueueGenericReset
                0x0801a3a8                xQueueGenericCreate
                0x0801a42c                xQueueCreateMutex
                0x0801a4bc                xQueueGiveMutexRecursive
                0x0801a514                xQueueTakeMutexRecursive
                0x0801a574                xQueueCreateCountingSemaphore
                0x0801a5c8                xQueueGenericSend
                0x0801a750                xQueueGenericSendFromISR
                0x0801a838                xQueueGenericReceive
                0x0801a9f0                xQueueReceiveFromISR
                0x0801aaa4                xQueuePeekFromISR
                0x0801ab1c                uxQueueMessagesWaiting
                0x0801ab48                uxQueueSpacesAvailable
                0x0801ab80                uxQueueMessagesWaitingFromISR
                0x0801aba4                vQueueDelete
                0x0801abe4                uxQueueGetQueueNumber
                0x0801abfc                vQueueSetQueueNumber
                0x0801ac18                ucQueueGetQueueType
                0x0801ae1c                xQueueIsQueueEmptyFromISR
                0x0801ae7c                xQueueIsQueueFullFromISR
                0x0801aeb0                vQueueAddToRegistry
                0x0801af00                vQueueUnregisterQueue
 .text          0x0801af48     0x16d0 /tmp/ccnRUALI.o
                0x0801af48                xTaskGenericCreate
                0x0801b0ac                vTaskDelete
                0x0801b194                vTaskDelay
                0x0801b21c                uxTaskPriorityGet
                0x0801b250                vTaskPrioritySet
                0x0801b38c                vTaskSuspend
                0x0801b4e4                vTaskResume
                0x0801b580                xTaskResumeFromISR
                0x0801b638                vTaskStartScheduler
                0x0801b69c                vTaskEndScheduler
                0x0801b6b8                vTaskSuspendAll
                0x0801b6d4                xTaskResumeAll
                0x0801b7dc                xTaskGetTickCount
                0x0801b800                xTaskGetTickCountFromISR
                0x0801b82c                uxTaskGetNumberOfTasks
                0x0801b844                uxTaskGetSystemState
                0x0801b938                xTaskIncrementTick
                0x0801bab4                vTaskSwitchContext
                0x0801bb78                vTaskPlaceOnEventList
                0x0801bc08                vTaskPlaceOnUnorderedEventList
                0x0801bcb8                xTaskRemoveFromEventList
                0x0801bd6c                xTaskRemoveFromUnorderedEventList
                0x0801be1c                vTaskSetTimeOutState
                0x0801be50                xTaskCheckForTimeOut
                0x0801bef0                vTaskMissedYield
                0x0801bf08                uxTaskGetTaskNumber
                0x0801bf34                vTaskSetTaskNumber
                0x0801c3a0                xTaskGetCurrentTaskHandle
                0x0801c3c0                xTaskGetSchedulerState
                0x0801c3fc                vTaskPriorityInherit
                0x0801c4e8                xTaskPriorityDisinherit
                0x0801c5c0                uxTaskResetEventItemValue
                0x0801c5f0                pvTaskIncrementMutexHeldCount
 .text          0x0801c618      0x394 /tmp/ccGB1UwQ.o
                0x0801c618                pxPortInitialiseStack
                0x0801c69c                SVC_Handler
                0x0801c6dc                xPortStartScheduler
                0x0801c7ac                vPortEndScheduler
                0x0801c7c8                vPortYield
                0x0801c7ec                vPortEnterCritical
                0x0801c82c                vPortExitCritical
                0x0801c860                ulPortSetInterruptMask
                0x0801c874                vPortClearInterruptMask
                0x0801c87c                PendSV_Handler
                0x0801c8d8                xPortSysTickHandler
                0x0801c900                vPortSetupTimerInterrupt
                0x0801c948                vPortValidateInterruptPriority
 .text          0x0801c9ac       0xdc /tmp/ccNTsbc0.o
                0x0801c9ac                pvPortMalloc
                0x0801ca38                vPortFree
                0x0801ca54                vPortInitialiseBlocks
                0x0801ca6c                xPortGetFreeHeapSize
 .text          0x0801ca88      0x370 /local/sdk_elec/gcc-arm-none-eabi-5_2-2015q4/bin/../lib/gcc/arm-none-eabi/5.2.1/armv7e-m/fpu/libgcc.a(_arm_addsubdf3.o)
                0x0801ca88                __aeabi_drsub
                0x0801ca90                __aeabi_dsub
                0x0801ca90                __subdf3
                0x0801ca94                __adddf3
                0x0801ca94                __aeabi_dadd
                0x0801cd0c                __aeabi_ui2d
                0x0801cd0c                __floatunsidf
                0x0801cd2c                __floatsidf
                0x0801cd2c                __aeabi_i2d
                0x0801cd50                __extendsfdf2
                0x0801cd50                __aeabi_f2d
                0x0801cd8c                __aeabi_ul2d
                0x0801cd8c                __floatundidf
                0x0801cd9c                __floatdidf
                0x0801cd9c                __aeabi_l2d
 .text          0x0801cdf8      0x424 /local/sdk_elec/gcc-arm-none-eabi-5_2-2015q4/bin/../lib/gcc/arm-none-eabi/5.2.1/armv7e-m/fpu/libgcc.a(_arm_muldivdf3.o)
                0x0801cdf8                __aeabi_dmul
                0x0801cdf8                __muldf3
                0x0801d04c                __aeabi_ddiv
                0x0801d04c                __divdf3
 .text          0x0801d21c       0xa0 /local/sdk_elec/gcc-arm-none-eabi-5_2-2015q4/bin/../lib/gcc/arm-none-eabi/5.2.1/armv7e-m/fpu/libgcc.a(_arm_truncdfsf2.o)
                0x0801d21c                __aeabi_d2f
                0x0801d21c                __truncdfsf2
 .text          0x0801d2bc      0x134 /local/sdk_elec/gcc-arm-none-eabi-5_2-2015q4/bin/../lib/gcc/arm-none-eabi/5.2.1/../../../../arm-none-eabi/lib/armv7e-m/fpu/libg.a(lib_a-memcpy.o)
                0x0801d2bc                memcpy
 *(.text*)
 .text.__libc_init_array
                0x0801d3f0       0x50 /local/sdk_elec/gcc-arm-none-eabi-5_2-2015q4/bin/../lib/gcc/arm-none-eabi/5.2.1/../../../../arm-none-eabi/lib/armv7e-m/fpu/libc.a(lib_a-init.o)
                0x0801d3f0                __libc_init_array
 .text.memset   0x0801d440       0x9c /local/sdk_elec/gcc-arm-none-eabi-5_2-2015q4/bin/../lib/gcc/arm-none-eabi/5.2.1/../../../../arm-none-eabi/lib/armv7e-m/fpu/libc.a(lib_a-memset.o)
                0x0801d440                memset
 .text.startup.register_fini
                0x0801d4dc       0x14 /local/sdk_elec/gcc-arm-none-eabi-5_2-2015q4/bin/../lib/gcc/arm-none-eabi/5.2.1/../../../../arm-none-eabi/lib/armv7e-m/fpu/libc.a(lib_a-__call_atexit.o)
 .text.atexit   0x0801d4f0        0xc /local/sdk_elec/gcc-arm-none-eabi-5_2-2015q4/bin/../lib/gcc/arm-none-eabi/5.2.1/../../../../arm-none-eabi/lib/armv7e-m/fpu/libc.a(lib_a-atexit.o)
                0x0801d4f0                atexit
 .text.__libc_fini_array
                0x0801d4fc       0x28 /local/sdk_elec/gcc-arm-none-eabi-5_2-2015q4/bin/../lib/gcc/arm-none-eabi/5.2.1/../../../../arm-none-eabi/lib/armv7e-m/fpu/libc.a(lib_a-fini.o)
                0x0801d4fc                __libc_fini_array
 .text.__register_exitproc
                0x0801d524       0xa4 /local/sdk_elec/gcc-arm-none-eabi-5_2-2015q4/bin/../lib/gcc/arm-none-eabi/5.2.1/../../../../arm-none-eabi/lib/armv7e-m/fpu/libc.a(lib_a-__atexit.o)
                0x0801d524                __register_exitproc
 .text.Reset_Handler
                0x0801d5c8       0x50 /tmp/ccVKEa97.o
                0x0801d5c8                Reset_Handler
 .text.Default_Handler
                0x0801d618        0x2 /tmp/ccVKEa97.o
                0x0801d618                RTC_Alarm_IRQHandler
                0x0801d618                EXTI2_IRQHandler
                0x0801d618                SPI4_IRQHandler
                0x0801d618                TIM1_CC_IRQHandler
                0x0801d618                DMA2_Stream5_IRQHandler
                0x0801d618                DMA1_Stream5_IRQHandler
                0x0801d618                PVD_IRQHandler
                0x0801d618                SDIO_IRQHandler
                0x0801d618                TAMP_STAMP_IRQHandler
                0x0801d618                EXTI3_IRQHandler
                0x0801d618                TIM1_UP_TIM10_IRQHandler
                0x0801d618                I2C3_ER_IRQHandler
                0x0801d618                I2C2_EV_IRQHandler
                0x0801d618                DMA1_Stream2_IRQHandler
                0x0801d618                FPU_IRQHandler
                0x0801d618                DMA2_Stream2_IRQHandler
                0x0801d618                SPI1_IRQHandler
                0x0801d618                TIM1_BRK_TIM9_IRQHandler
                0x0801d618                DMA2_Stream3_IRQHandler
                0x0801d618                DMA2_Stream0_IRQHandler
                0x0801d618                TIM4_IRQHandler
                0x0801d618                DMA1_Stream6_IRQHandler
                0x0801d618                DMA1_Stream1_IRQHandler
                0x0801d618                TIM3_IRQHandler
                0x0801d618                RCC_IRQHandler
                0x0801d618                Default_Handler
                0x0801d618                ADC_IRQHandler
                0x0801d618                DMA1_Stream7_IRQHandler
                0x0801d618                SPI5_IRQHandler
                0x0801d618                DMA2_Stream7_IRQHandler
                0x0801d618                I2C3_EV_IRQHandler
                0x0801d618                EXTI9_5_IRQHandler
                0x0801d618                RTC_WKUP_IRQHandler
                0x0801d618                SPI2_IRQHandler
                0x0801d618                DMA1_Stream0_IRQHandler
                0x0801d618                EXTI4_IRQHandler
                0x0801d618                WWDG_IRQHandler
                0x0801d618                TIM2_IRQHandler
                0x0801d618                OTG_FS_WKUP_IRQHandler
                0x0801d618                TIM1_TRG_COM_TIM11_IRQHandler
                0x0801d618                I2C2_ER_IRQHandler
                0x0801d618                DMA2_Stream1_IRQHandler
                0x0801d618                FLASH_IRQHandler
                0x0801d618                DMA2_Stream4_IRQHandler
                0x0801d618                USART1_IRQHandler
                0x0801d618                SPI3_IRQHandler
                0x0801d618                DMA1_Stream4_IRQHandler
                0x0801d618                DMA2_Stream6_IRQHandler
                0x0801d618                DMA1_Stream3_IRQHandler
 *fill*         0x0801d61a        0x2 
 .text.malloc   0x0801d61c       0x10 /local/sdk_elec/gcc-arm-none-eabi-5_2-2015q4/bin/../lib/gcc/arm-none-eabi/5.2.1/../../../../arm-none-eabi/lib/armv7e-m/fpu/libg.a(lib_a-malloc.o)
                0x0801d61c                malloc
 .text._malloc_r
                0x0801d62c      0x570 /local/sdk_elec/gcc-arm-none-eabi-5_2-2015q4/bin/../lib/gcc/arm-none-eabi/5.2.1/../../../../arm-none-eabi/lib/armv7e-m/fpu/libg.a(lib_a-mallocr.o)
                0x0801d62c                _malloc_r
 .text.__malloc_lock
                0x0801db9c        0x4 /local/sdk_elec/gcc-arm-none-eabi-5_2-2015q4/bin/../lib/gcc/arm-none-eabi/5.2.1/../../../../arm-none-eabi/lib/armv7e-m/fpu/libg.a(lib_a-mlock.o)
                0x0801db9c                __malloc_lock
 .text.__malloc_unlock
                0x0801dba0        0x4 /local/sdk_elec/gcc-arm-none-eabi-5_2-2015q4/bin/../lib/gcc/arm-none-eabi/5.2.1/../../../../arm-none-eabi/lib/armv7e-m/fpu/libg.a(lib_a-mlock.o)
                0x0801dba0                __malloc_unlock
 .text._sbrk_r  0x0801dba4       0x24 /local/sdk_elec/gcc-arm-none-eabi-5_2-2015q4/bin/../lib/gcc/arm-none-eabi/5.2.1/../../../../arm-none-eabi/lib/armv7e-m/fpu/libg.a(lib_a-sbrkr.o)
                0x0801dba4                _sbrk_r
 .text._malloc_trim_r
                0x0801dbc8       0x9c /local/sdk_elec/gcc-arm-none-eabi-5_2-2015q4/bin/../lib/gcc/arm-none-eabi/5.2.1/../../../../arm-none-eabi/lib/armv7e-m/fpu/libg.a(lib_a-freer.o)
                0x0801dbc8                _malloc_trim_r
 .text._free_r  0x0801dc64      0x1d0 /local/sdk_elec/gcc-arm-none-eabi-5_2-2015q4/bin/../lib/gcc/arm-none-eabi/5.2.1/../../../../arm-none-eabi/lib/armv7e-m/fpu/libg.a(lib_a-freer.o)
                0x0801dc64                _free_r
 *(.glue_7)
 .glue_7        0x0801de34        0x0 linker stubs
 *(.glue_7t)
 .glue_7t       0x0801de34        0x0 linker stubs
 *(.eh_frame)
 .eh_frame      0x0801de34        0x0 /local/sdk_elec/gcc-arm-none-eabi-5_2-2015q4/bin/../lib/gcc/arm-none-eabi/5.2.1/armv7e-m/fpu/crtbegin.o
 *(.init)
 .init          0x0801de34        0x4 /local/sdk_elec/gcc-arm-none-eabi-5_2-2015q4/bin/../lib/gcc/arm-none-eabi/5.2.1/armv7e-m/fpu/crti.o
                0x0801de34                _init
 .init          0x0801de38        0x8 /local/sdk_elec/gcc-arm-none-eabi-5_2-2015q4/bin/../lib/gcc/arm-none-eabi/5.2.1/armv7e-m/fpu/crtn.o
 *(.fini)
 .fini          0x0801de40        0x4 /local/sdk_elec/gcc-arm-none-eabi-5_2-2015q4/bin/../lib/gcc/arm-none-eabi/5.2.1/armv7e-m/fpu/crti.o
                0x0801de40                _fini
 .fini          0x0801de44        0x8 /local/sdk_elec/gcc-arm-none-eabi-5_2-2015q4/bin/../lib/gcc/arm-none-eabi/5.2.1/armv7e-m/fpu/crtn.o
                0x0801de4c                . = ALIGN (0x4)
                0x0801de4c                _etext = .

.vfp11_veneer   0x0801de4c        0x0
 .vfp11_veneer  0x0801de4c        0x0 linker stubs

.v4_bx          0x0801de4c        0x0
 .v4_bx         0x0801de4c        0x0 linker stubs

.iplt           0x0801de4c        0x0
 .iplt          0x0801de4c        0x0 /local/sdk_elec/gcc-arm-none-eabi-5_2-2015q4/bin/../lib/gcc/arm-none-eabi/5.2.1/armv7e-m/fpu/crtbegin.o

.rodata         0x0801de4c      0x19c
                0x0801de4c                . = ALIGN (0x4)
 *(.rodata)
 .rodata        0x0801de4c       0x10 /tmp/ccqJvnsx.o
                0x0801de4c                APBAHBPrescTable
 .rodata        0x0801de5c       0xc9 /tmp/ccxpoArB.o
 *fill*         0x0801df25        0x3 
 .rodata        0x0801df28       0x6d /tmp/cc14djZI.o
 *fill*         0x0801df95        0x3 
 .rodata        0x0801df98       0x3f /tmp/ccHT84iK.o
 *fill*         0x0801dfd7        0x1 
 .rodata        0x0801dfd8        0x5 /tmp/ccnRUALI.o
 *(.rodata*)
 *fill*         0x0801dfdd        0x3 
 .rodata.str1.4
                0x0801dfe0        0x4 /local/sdk_elec/gcc-arm-none-eabi-5_2-2015q4/bin/../lib/gcc/arm-none-eabi/5.2.1/../../../../arm-none-eabi/lib/armv7e-m/fpu/libc.a(lib_a-impure.o)
                                  0x2 (size before relaxing)
 .rodata._global_impure_ptr
                0x0801dfe4        0x4 /local/sdk_elec/gcc-arm-none-eabi-5_2-2015q4/bin/../lib/gcc/arm-none-eabi/5.2.1/../../../../arm-none-eabi/lib/armv7e-m/fpu/libc.a(lib_a-impure.o)
                0x0801dfe4                _global_impure_ptr
                0x0801dfe8                . = ALIGN (0x4)

.rel.dyn        0x0801dfe8        0x0
 .rel.iplt      0x0801dfe8        0x0 /local/sdk_elec/gcc-arm-none-eabi-5_2-2015q4/bin/../lib/gcc/arm-none-eabi/5.2.1/armv7e-m/fpu/crtbegin.o

.ARM.extab
 *(.ARM.extab* .gnu.linkonce.armextab.*)

.ARM            0x0801dfe8        0x0
                0x0801dfe8                __exidx_start = .
 *(.ARM.exidx*)
                0x0801dfe8                __exidx_end = .

.preinit_array  0x0801dfe8        0x0
                0x0801dfe8                PROVIDE (__preinit_array_start, .)
 *(.preinit_array*)
                0x0801dfe8                PROVIDE (__preinit_array_end, .)

.init_array     0x0801dfe8        0x8
                0x0801dfe8                PROVIDE (__init_array_start, .)
 *(SORT(.init_array.*))
 .init_array.00000
                0x0801dfe8        0x4 /local/sdk_elec/gcc-arm-none-eabi-5_2-2015q4/bin/../lib/gcc/arm-none-eabi/5.2.1/../../../../arm-none-eabi/lib/armv7e-m/fpu/libc.a(lib_a-__call_atexit.o)
 *(.init_array*)
 .init_array    0x0801dfec        0x4 /local/sdk_elec/gcc-arm-none-eabi-5_2-2015q4/bin/../lib/gcc/arm-none-eabi/5.2.1/armv7e-m/fpu/crtbegin.o
                0x0801dff0                PROVIDE (__init_array_end, .)

.fini_array     0x0801dff0        0x4
                0x0801dff0                PROVIDE (__fini_array_start, .)
 *(SORT(.fini_array.*))
 *(.fini_array*)
 .fini_array    0x0801dff0        0x4 /local/sdk_elec/gcc-arm-none-eabi-5_2-2015q4/bin/../lib/gcc/arm-none-eabi/5.2.1/armv7e-m/fpu/crtbegin.o
                0x0801dff4                PROVIDE (__fini_array_end, .)
                0x0801dff4                _sidata = LOADADDR (.data)

.data           0x20000000      0x89c load address 0x0801dff4
                0x20000000                . = ALIGN (0x4)
                0x20000000                _sdata = .
 *(.data)
 .data          0x20000000       0x28 /tmp/ccxpoArB.o
                0x20000000                cam_status
                0x20000004                cam_cmd_x
                0x20000008                cam_cmd_y
                0x2000000c                speed_motor_cmd
                0x20000010                Kp_L
                0x20000014                Ki_L
                0x20000018                Kp_R
                0x2000001c                Ki_R
                0x20000020                Te
 .data          0x20000028       0x14 /tmp/ccTHLXZR.o
                0x20000028                SystemCoreClock
                0x2000002c                AHBPrescTable
 .data          0x2000003c       0x11 /tmp/ccDs5Q3E.o
 *fill*         0x2000004d        0x3 
 .data          0x20000050        0x8 /tmp/ccWpAqoj.o
 .data          0x20000058        0x4 /tmp/ccnRUALI.o
 .data          0x2000005c        0x4 /tmp/ccGB1UwQ.o
 *(.data*)
 .data.impure_data
                0x20000060      0x428 /local/sdk_elec/gcc-arm-none-eabi-5_2-2015q4/bin/../lib/gcc/arm-none-eabi/5.2.1/../../../../arm-none-eabi/lib/armv7e-m/fpu/libc.a(lib_a-impure.o)
 .data._impure_ptr
                0x20000488        0x4 /local/sdk_elec/gcc-arm-none-eabi-5_2-2015q4/bin/../lib/gcc/arm-none-eabi/5.2.1/../../../../arm-none-eabi/lib/armv7e-m/fpu/libc.a(lib_a-impure.o)
                0x20000488                _impure_ptr
 .data.__malloc_av_
                0x2000048c      0x408 /local/sdk_elec/gcc-arm-none-eabi-5_2-2015q4/bin/../lib/gcc/arm-none-eabi/5.2.1/../../../../arm-none-eabi/lib/armv7e-m/fpu/libg.a(lib_a-mallocr.o)
                0x2000048c                __malloc_av_
 .data.__malloc_trim_threshold
                0x20000894        0x4 /local/sdk_elec/gcc-arm-none-eabi-5_2-2015q4/bin/../lib/gcc/arm-none-eabi/5.2.1/../../../../arm-none-eabi/lib/armv7e-m/fpu/libg.a(lib_a-mallocr.o)
                0x20000894                __malloc_trim_threshold
 .data.__malloc_sbrk_base
                0x20000898        0x4 /local/sdk_elec/gcc-arm-none-eabi-5_2-2015q4/bin/../lib/gcc/arm-none-eabi/5.2.1/../../../../arm-none-eabi/lib/armv7e-m/fpu/libg.a(lib_a-mallocr.o)
                0x20000898                __malloc_sbrk_base
                0x2000089c                . = ALIGN (0x4)
                0x2000089c                _edata = .

.jcr            0x2000089c        0x0 load address 0x0801e890
 .jcr           0x2000089c        0x0 /local/sdk_elec/gcc-arm-none-eabi-5_2-2015q4/bin/../lib/gcc/arm-none-eabi/5.2.1/armv7e-m/fpu/crtbegin.o

.tm_clone_table
                0x2000089c        0x0 load address 0x0801e890
 .tm_clone_table
                0x2000089c        0x0 /local/sdk_elec/gcc-arm-none-eabi-5_2-2015q4/bin/../lib/gcc/arm-none-eabi/5.2.1/armv7e-m/fpu/crtbegin.o
 .tm_clone_table
                0x2000089c        0x0 /local/sdk_elec/gcc-arm-none-eabi-5_2-2015q4/bin/../lib/gcc/arm-none-eabi/5.2.1/armv7e-m/fpu/crtend.o

.igot.plt       0x2000089c        0x0 load address 0x0801e890
 .igot.plt      0x2000089c        0x0 /local/sdk_elec/gcc-arm-none-eabi-5_2-2015q4/bin/../lib/gcc/arm-none-eabi/5.2.1/armv7e-m/fpu/crtbegin.o
                0x2000089c                . = ALIGN (0x4)

.bss            0x2000089c     0x65d4 load address 0x0801e890
                0x2000089c                _sbss = .
                0x2000089c                __bss_start__ = _sbss
 *(.bss)
 .bss           0x2000089c       0x1c /local/sdk_elec/gcc-arm-none-eabi-5_2-2015q4/bin/../lib/gcc/arm-none-eabi/5.2.1/armv7e-m/fpu/crtbegin.o
 .bss           0x200008b8        0x4 /tmp/ccLqXIQn.o
 .bss           0x200008bc       0x4c /tmp/ccxpoArB.o
                0x200008bc                xSemaphore
                0x200008c0                semA
                0x200008c4                semB
                0x200008c8                mutex
                0x200008cc                qh
                0x200008d0                qh2
                0x200008d4                dist_AR_L_test
                0x200008d8                dist_AR_R_test
                0x200008dc                current_dirrection
                0x200008e0                motor_left_cmd
                0x200008e4                motor_right_cmd
                0x200008e8                test_index
                0x200008ec                led
 .bss           0x20000908        0x4 /tmp/ccFp9W5G.o
 .bss           0x2000090c       0x58 /tmp/ccKY3klM.o
 .bss           0x20000964       0x1e /tmp/cc19ElUY.o
                0x20000964                indexL
 *fill*         0x20000982        0x2 
 .bss           0x20000984       0x58 /tmp/ccWpAqoj.o
 .bss           0x200009dc       0x50 /tmp/cc14djZI.o
 .bss           0x20000a2c        0x6 /tmp/cc3pbfw5.o
                0x20000a2c                rec_buf2
                0x20000a30                rec_buf6
 *fill*         0x20000a32        0x2 
 .bss           0x20000a34      0x124 /tmp/ccnRUALI.o
                0x20000a34                pxCurrentTCB
 .bss           0x20000b58        0x8 /tmp/ccGB1UwQ.o
 .bss           0x20000b60     0x5008 /tmp/ccNTsbc0.o
 *(.bss*)
 .bss.__malloc_max_total_mem
                0x20005b68        0x4 /local/sdk_elec/gcc-arm-none-eabi-5_2-2015q4/bin/../lib/gcc/arm-none-eabi/5.2.1/../../../../arm-none-eabi/lib/armv7e-m/fpu/libg.a(lib_a-mallocr.o)
                0x20005b68                __malloc_max_total_mem
 .bss.__malloc_max_sbrked_mem
                0x20005b6c        0x4 /local/sdk_elec/gcc-arm-none-eabi-5_2-2015q4/bin/../lib/gcc/arm-none-eabi/5.2.1/../../../../arm-none-eabi/lib/armv7e-m/fpu/libg.a(lib_a-mallocr.o)
                0x20005b6c                __malloc_max_sbrked_mem
 .bss.__malloc_top_pad
                0x20005b70        0x4 /local/sdk_elec/gcc-arm-none-eabi-5_2-2015q4/bin/../lib/gcc/arm-none-eabi/5.2.1/../../../../arm-none-eabi/lib/armv7e-m/fpu/libg.a(lib_a-mallocr.o)
                0x20005b70                __malloc_top_pad
 .bss.__malloc_current_mallinfo
                0x20005b74       0x28 /local/sdk_elec/gcc-arm-none-eabi-5_2-2015q4/bin/../lib/gcc/arm-none-eabi/5.2.1/../../../../arm-none-eabi/lib/armv7e-m/fpu/libg.a(lib_a-mallocr.o)
                0x20005b74                __malloc_current_mallinfo
 *(COMMON)
 COMMON         0x20005b9c     0x102c /tmp/ccxpoArB.o
                0x20005b9c                Uart6Handle
                0x20005bdc                Uart2Handle
                0x20005c1c                dist_IR
                0x20005c24                consigne
                0x20005c28                test_cmd
 COMMON         0x20006bc8       0x3c /tmp/ccZVJuyw.o
                0x20006bc8                TimHandle_period
 COMMON         0x20006c04       0xdc /tmp/ccnZGB9x.o
                0x20006c04                adcHandle_12
                0x20006c48                adcHandle
                0x20006c8c                sConfig
                0x20006c9c                adcHandle_13
 COMMON         0x20006ce0       0x78 /tmp/cc19ElUY.o
                0x20006ce0                TimEncoderHandleRight
                0x20006d1c                TimEncoderHandleLeft
 COMMON         0x20006d58       0x3c /tmp/ccMwHppm.o
                0x20006d58                hi2c1
 COMMON         0x20006d94       0x40 /tmp/cc3pbfw5.o
                0x20006d94                string
 COMMON         0x20006dd4       0x58 /tmp/cc0WmEYS.o
                0x20006dd4                SpiHandle
 COMMON         0x20006e2c       0x40 /tmp/cckhRNKE.o
                0x20006e2c                xQueueRegistry
 COMMON         0x20006e6c        0x4 /local/sdk_elec/gcc-arm-none-eabi-5_2-2015q4/bin/../lib/gcc/arm-none-eabi/5.2.1/../../../../arm-none-eabi/lib/armv7e-m/fpu/libg.a(lib_a-reent.o)
                0x20006e6c                errno
                0x20006e70                . = ALIGN (0x4)
                0x20006e70                _ebss = .
                0x20006e70                __bss_end__ = _ebss

._user_heap_stack
                0x20006e70      0x400 load address 0x0801e890
                0x20006e70                . = ALIGN (0x4)
                [!provide]                PROVIDE (end, .)
                [!provide]                PROVIDE (_end, .)
                0x20007070                . = (. + _Min_Heap_Size)
 *fill*         0x20006e70      0x200 
                0x20007270                . = (. + _Min_Stack_Size)
 *fill*         0x20007070      0x200 
                0x20007270                . = ALIGN (0x4)

/DISCARD/
 libc.a(*)
 libm.a(*)
 libgcc.a(*)

.ARM.attributes
                0x00000000       0x30
 *(.ARM.attributes)
 .ARM.attributes
                0x00000000       0x22 /local/sdk_elec/gcc-arm-none-eabi-5_2-2015q4/bin/../lib/gcc/arm-none-eabi/5.2.1/armv7e-m/fpu/crti.o
 .ARM.attributes
                0x00000022       0x34 /local/sdk_elec/gcc-arm-none-eabi-5_2-2015q4/bin/../lib/gcc/arm-none-eabi/5.2.1/armv7e-m/fpu/crtbegin.o
 .ARM.attributes
                0x00000056       0x34 /local/sdk_elec/gcc-arm-none-eabi-5_2-2015q4/bin/../lib/gcc/arm-none-eabi/5.2.1/../../../../arm-none-eabi/lib/armv7e-m/fpu/libc.a(lib_a-impure.o)
 .ARM.attributes
                0x0000008a       0x34 /local/sdk_elec/gcc-arm-none-eabi-5_2-2015q4/bin/../lib/gcc/arm-none-eabi/5.2.1/../../../../arm-none-eabi/lib/armv7e-m/fpu/libc.a(lib_a-init.o)
 .ARM.attributes
                0x000000be       0x34 /local/sdk_elec/gcc-arm-none-eabi-5_2-2015q4/bin/../lib/gcc/arm-none-eabi/5.2.1/../../../../arm-none-eabi/lib/armv7e-m/fpu/libc.a(lib_a-memset.o)
 .ARM.attributes
                0x000000f2       0x34 /local/sdk_elec/gcc-arm-none-eabi-5_2-2015q4/bin/../lib/gcc/arm-none-eabi/5.2.1/../../../../arm-none-eabi/lib/armv7e-m/fpu/libc.a(lib_a-__call_atexit.o)
 .ARM.attributes
                0x00000126       0x34 /local/sdk_elec/gcc-arm-none-eabi-5_2-2015q4/bin/../lib/gcc/arm-none-eabi/5.2.1/../../../../arm-none-eabi/lib/armv7e-m/fpu/libc.a(lib_a-atexit.o)
 .ARM.attributes
                0x0000015a       0x34 /local/sdk_elec/gcc-arm-none-eabi-5_2-2015q4/bin/../lib/gcc/arm-none-eabi/5.2.1/../../../../arm-none-eabi/lib/armv7e-m/fpu/libc.a(lib_a-fini.o)
 .ARM.attributes
                0x0000018e       0x34 /local/sdk_elec/gcc-arm-none-eabi-5_2-2015q4/bin/../lib/gcc/arm-none-eabi/5.2.1/../../../../arm-none-eabi/lib/armv7e-m/fpu/libc.a(lib_a-__atexit.o)
 .ARM.attributes
                0x000001c2       0x39 /tmp/ccLqXIQn.o
 .ARM.attributes
                0x000001fb       0x39 /tmp/ccqJvnsx.o
 .ARM.attributes
                0x00000234       0x39 /tmp/cc7ADlFN.o
 .ARM.attributes
                0x0000026d       0x39 /tmp/ccclt3T7.o
 .ARM.attributes
                0x000002a6       0x39 /tmp/ccNmgUfx.o
 .ARM.attributes
                0x000002df       0x39 /tmp/ccj04YB2.o
 .ARM.attributes
                0x00000318       0x39 /tmp/ccqRj0S5.o
 .ARM.attributes
                0x00000351       0x39 /tmp/ccJA7qUf.o
 .ARM.attributes
                0x0000038a       0x39 /tmp/ccNHZjxi.o
 .ARM.attributes
                0x000003c3       0x39 /tmp/ccF69t3p.o
 .ARM.attributes
                0x000003fc       0x39 /tmp/ccrYokUF.o
 .ARM.attributes
                0x00000435       0x39 /tmp/ccdIlzz5.o
 .ARM.attributes
                0x0000046e       0x39 /tmp/ccxpoArB.o
 .ARM.attributes
                0x000004a7       0x21 /tmp/ccVKEa97.o
 .ARM.attributes
                0x000004c8       0x39 /tmp/ccxuT9tn.o
 .ARM.attributes
                0x00000501       0x39 /tmp/ccdHKBT6.o
 .ARM.attributes
                0x0000053a       0x39 /tmp/ccTHLXZR.o
 .ARM.attributes
                0x00000573       0x39 /tmp/ccFp9W5G.o
 .ARM.attributes
                0x000005ac       0x39 /tmp/ccnx9Uyz.o
 .ARM.attributes
                0x000005e5       0x39 /tmp/ccZVJuyw.o
 .ARM.attributes
                0x0000061e       0x39 /tmp/ccnZGB9x.o
 .ARM.attributes
                0x00000657       0x39 /tmp/ccDs5Q3E.o
 .ARM.attributes
                0x00000690       0x39 /tmp/ccKY3klM.o
 .ARM.attributes
                0x000006c9       0x39 /tmp/cc19ElUY.o
 .ARM.attributes
                0x00000702       0x39 /tmp/ccWpAqoj.o
 .ARM.attributes
                0x0000073b       0x39 /tmp/cc14djZI.o
 .ARM.attributes
                0x00000774       0x39 /tmp/ccmOBM4c.o
 .ARM.attributes
                0x000007ad       0x39 /tmp/ccHT84iK.o
 .ARM.attributes
                0x000007e6       0x39 /tmp/ccMwHppm.o
 .ARM.attributes
                0x0000081f       0x39 /tmp/cc3pbfw5.o
 .ARM.attributes
                0x00000858       0x39 /tmp/cc0WmEYS.o
 .ARM.attributes
                0x00000891       0x39 /tmp/ccXDPJZK.o
 .ARM.attributes
                0x000008ca       0x39 /tmp/cchdCIlF.o
 .ARM.attributes
                0x00000903       0x39 /tmp/cckhRNKE.o
 .ARM.attributes
                0x0000093c       0x39 /tmp/ccnRUALI.o
 .ARM.attributes
                0x00000975       0x39 /tmp/ccGB1UwQ.o
 .ARM.attributes
                0x000009ae       0x39 /tmp/ccNTsbc0.o
 .ARM.attributes
                0x000009e7       0x22 /local/sdk_elec/gcc-arm-none-eabi-5_2-2015q4/bin/../lib/gcc/arm-none-eabi/5.2.1/armv7e-m/fpu/libgcc.a(_arm_addsubdf3.o)
 .ARM.attributes
                0x00000a09       0x22 /local/sdk_elec/gcc-arm-none-eabi-5_2-2015q4/bin/../lib/gcc/arm-none-eabi/5.2.1/armv7e-m/fpu/libgcc.a(_arm_muldivdf3.o)
 .ARM.attributes
                0x00000a2b       0x22 /local/sdk_elec/gcc-arm-none-eabi-5_2-2015q4/bin/../lib/gcc/arm-none-eabi/5.2.1/armv7e-m/fpu/libgcc.a(_arm_truncdfsf2.o)
 .ARM.attributes
                0x00000a4d       0x34 /local/sdk_elec/gcc-arm-none-eabi-5_2-2015q4/bin/../lib/gcc/arm-none-eabi/5.2.1/../../../../arm-none-eabi/lib/armv7e-m/fpu/libg.a(lib_a-malloc.o)
 .ARM.attributes
                0x00000a81       0x34 /local/sdk_elec/gcc-arm-none-eabi-5_2-2015q4/bin/../lib/gcc/arm-none-eabi/5.2.1/../../../../arm-none-eabi/lib/armv7e-m/fpu/libg.a(lib_a-mallocr.o)
 .ARM.attributes
                0x00000ab5       0x20 /local/sdk_elec/gcc-arm-none-eabi-5_2-2015q4/bin/../lib/gcc/arm-none-eabi/5.2.1/../../../../arm-none-eabi/lib/armv7e-m/fpu/libg.a(lib_a-memcpy.o)
 .ARM.attributes
                0x00000ad5       0x34 /local/sdk_elec/gcc-arm-none-eabi-5_2-2015q4/bin/../lib/gcc/arm-none-eabi/5.2.1/../../../../arm-none-eabi/lib/armv7e-m/fpu/libg.a(lib_a-mlock.o)
 .ARM.attributes
                0x00000b09       0x34 /local/sdk_elec/gcc-arm-none-eabi-5_2-2015q4/bin/../lib/gcc/arm-none-eabi/5.2.1/../../../../arm-none-eabi/lib/armv7e-m/fpu/libg.a(lib_a-reent.o)
 .ARM.attributes
                0x00000b3d       0x34 /local/sdk_elec/gcc-arm-none-eabi-5_2-2015q4/bin/../lib/gcc/arm-none-eabi/5.2.1/../../../../arm-none-eabi/lib/armv7e-m/fpu/libg.a(lib_a-sbrkr.o)
 .ARM.attributes
                0x00000b71       0x34 /local/sdk_elec/gcc-arm-none-eabi-5_2-2015q4/bin/../lib/gcc/arm-none-eabi/5.2.1/../../../../arm-none-eabi/lib/armv7e-m/fpu/libg.a(lib_a-freer.o)
 .ARM.attributes
                0x00000ba5       0x34 /local/sdk_elec/gcc-arm-none-eabi-5_2-2015q4/bin/../lib/gcc/arm-none-eabi/5.2.1/armv7e-m/fpu/crtend.o
 .ARM.attributes
                0x00000bd9       0x22 /local/sdk_elec/gcc-arm-none-eabi-5_2-2015q4/bin/../lib/gcc/arm-none-eabi/5.2.1/armv7e-m/fpu/crtn.o
OUTPUT(template.elf elf32-littlearm)

.debug_frame    0x00000000     0x6110
 .debug_frame   0x00000000       0x2c /local/sdk_elec/gcc-arm-none-eabi-5_2-2015q4/bin/../lib/gcc/arm-none-eabi/5.2.1/../../../../arm-none-eabi/lib/armv7e-m/fpu/libc.a(lib_a-init.o)
 .debug_frame   0x0000002c       0x34 /local/sdk_elec/gcc-arm-none-eabi-5_2-2015q4/bin/../lib/gcc/arm-none-eabi/5.2.1/../../../../arm-none-eabi/lib/armv7e-m/fpu/libc.a(lib_a-memset.o)
 .debug_frame   0x00000060       0x50 /local/sdk_elec/gcc-arm-none-eabi-5_2-2015q4/bin/../lib/gcc/arm-none-eabi/5.2.1/../../../../arm-none-eabi/lib/armv7e-m/fpu/libc.a(lib_a-__call_atexit.o)
 .debug_frame   0x000000b0       0x20 /local/sdk_elec/gcc-arm-none-eabi-5_2-2015q4/bin/../lib/gcc/arm-none-eabi/5.2.1/../../../../arm-none-eabi/lib/armv7e-m/fpu/libc.a(lib_a-atexit.o)
 .debug_frame   0x000000d0       0x34 /local/sdk_elec/gcc-arm-none-eabi-5_2-2015q4/bin/../lib/gcc/arm-none-eabi/5.2.1/../../../../arm-none-eabi/lib/armv7e-m/fpu/libc.a(lib_a-fini.o)
 .debug_frame   0x00000104       0x34 /local/sdk_elec/gcc-arm-none-eabi-5_2-2015q4/bin/../lib/gcc/arm-none-eabi/5.2.1/../../../../arm-none-eabi/lib/armv7e-m/fpu/libc.a(lib_a-__atexit.o)
 .debug_frame   0x00000138      0x2c0 /tmp/ccLqXIQn.o
 .debug_frame   0x000003f8      0x204 /tmp/ccqJvnsx.o
 .debug_frame   0x000005fc      0x14c /tmp/cc7ADlFN.o
 .debug_frame   0x00000748      0x428 /tmp/ccclt3T7.o
 .debug_frame   0x00000b70      0x5e0 /tmp/ccNmgUfx.o
 .debug_frame   0x00001150      0x194 /tmp/ccj04YB2.o
 .debug_frame   0x000012e4      0xfb4 /tmp/ccqRj0S5.o
 .debug_frame   0x00002298      0x574 /tmp/ccJA7qUf.o
 .debug_frame   0x0000280c      0x400 /tmp/ccNHZjxi.o
 .debug_frame   0x00002c0c      0x254 /tmp/ccF69t3p.o
 .debug_frame   0x00002e60      0x5d4 /tmp/ccrYokUF.o
 .debug_frame   0x00003434      0x8a4 /tmp/ccdIlzz5.o
 .debug_frame   0x00003cd8      0x1a4 /tmp/ccxpoArB.o
 .debug_frame   0x00003e7c      0x218 /tmp/ccxuT9tn.o
 .debug_frame   0x00004094      0x1cc /tmp/ccdHKBT6.o
 .debug_frame   0x00004260       0x58 /tmp/ccTHLXZR.o
 .debug_frame   0x000042b8      0x318 /tmp/ccFp9W5G.o
 .debug_frame   0x000045d0       0x34 /tmp/ccnx9Uyz.o
 .debug_frame   0x00004604       0x58 /tmp/ccZVJuyw.o
 .debug_frame   0x0000465c       0x54 /tmp/ccnZGB9x.o
 .debug_frame   0x000046b0      0x14c /tmp/ccDs5Q3E.o
 .debug_frame   0x000047fc       0x84 /tmp/ccKY3klM.o
 .debug_frame   0x00004880      0x194 /tmp/cc19ElUY.o
 .debug_frame   0x00004a14       0xc4 /tmp/ccWpAqoj.o
 .debug_frame   0x00004ad8      0x148 /tmp/cc14djZI.o
 .debug_frame   0x00004c20       0x58 /tmp/ccmOBM4c.o
 .debug_frame   0x00004c78       0xec /tmp/ccHT84iK.o
 .debug_frame   0x00004d64      0x200 /tmp/ccMwHppm.o
 .debug_frame   0x00004f64      0x21c /tmp/cc3pbfw5.o
 .debug_frame   0x00005180       0x50 /tmp/cc0WmEYS.o
 .debug_frame   0x000051d0       0x34 /tmp/ccXDPJZK.o
 .debug_frame   0x00005204       0xd8 /tmp/cchdCIlF.o
 .debug_frame   0x000052dc      0x3f8 /tmp/cckhRNKE.o
 .debug_frame   0x000056d4      0x648 /tmp/ccnRUALI.o
 .debug_frame   0x00005d1c      0x1ac /tmp/ccGB1UwQ.o
 .debug_frame   0x00005ec8       0x98 /tmp/ccNTsbc0.o
 .debug_frame   0x00005f60       0x30 /local/sdk_elec/gcc-arm-none-eabi-5_2-2015q4/bin/../lib/gcc/arm-none-eabi/5.2.1/../../../../arm-none-eabi/lib/armv7e-m/fpu/libg.a(lib_a-malloc.o)
 .debug_frame   0x00005f90       0x58 /local/sdk_elec/gcc-arm-none-eabi-5_2-2015q4/bin/../lib/gcc/arm-none-eabi/5.2.1/../../../../arm-none-eabi/lib/armv7e-m/fpu/libg.a(lib_a-mallocr.o)
 .debug_frame   0x00005fe8       0x30 /local/sdk_elec/gcc-arm-none-eabi-5_2-2015q4/bin/../lib/gcc/arm-none-eabi/5.2.1/../../../../arm-none-eabi/lib/armv7e-m/fpu/libg.a(lib_a-mlock.o)
 .debug_frame   0x00006018       0x58 /local/sdk_elec/gcc-arm-none-eabi-5_2-2015q4/bin/../lib/gcc/arm-none-eabi/5.2.1/../../../../arm-none-eabi/lib/armv7e-m/fpu/libg.a(lib_a-reent.o)
 .debug_frame   0x00006070       0x2c /local/sdk_elec/gcc-arm-none-eabi-5_2-2015q4/bin/../lib/gcc/arm-none-eabi/5.2.1/../../../../arm-none-eabi/lib/armv7e-m/fpu/libg.a(lib_a-sbrkr.o)
 .debug_frame   0x0000609c       0x74 /local/sdk_elec/gcc-arm-none-eabi-5_2-2015q4/bin/../lib/gcc/arm-none-eabi/5.2.1/../../../../arm-none-eabi/lib/armv7e-m/fpu/libg.a(lib_a-freer.o)

.debug_info     0x00000000    0x1744f
 .debug_info    0x00000000      0x83f /tmp/ccLqXIQn.o
 .debug_info    0x0000083f      0xdd0 /tmp/ccqJvnsx.o
 .debug_info    0x0000160f      0x6e0 /tmp/cc7ADlFN.o
 .debug_info    0x00001cef      0xac9 /tmp/ccclt3T7.o
 .debug_info    0x000027b8      0xed3 /tmp/ccNmgUfx.o
 .debug_info    0x0000368b      0x639 /tmp/ccj04YB2.o
 .debug_info    0x00003cc4     0x2166 /tmp/ccqRj0S5.o
 .debug_info    0x00005e2a      0xf2c /tmp/ccJA7qUf.o
 .debug_info    0x00006d56      0xc31 /tmp/ccNHZjxi.o
 .debug_info    0x00007987      0xa9f /tmp/ccF69t3p.o
 .debug_info    0x00008426      0xf46 /tmp/ccrYokUF.o
 .debug_info    0x0000936c     0x186b /tmp/ccdIlzz5.o
 .debug_info    0x0000abd7      0xb38 /tmp/ccxpoArB.o
 .debug_info    0x0000b70f       0x8e /tmp/ccVKEa97.o
 .debug_info    0x0000b79d      0xb41 /tmp/ccxuT9tn.o
 .debug_info    0x0000c2de      0xab2 /tmp/ccdHKBT6.o
 .debug_info    0x0000cd90      0x49e /tmp/ccTHLXZR.o
 .debug_info    0x0000d22e      0x6d6 /tmp/ccFp9W5G.o
 .debug_info    0x0000d904      0x88b /tmp/ccnx9Uyz.o
 .debug_info    0x0000e18f      0x8a8 /tmp/ccZVJuyw.o
 .debug_info    0x0000ea37      0x887 /tmp/ccnZGB9x.o
 .debug_info    0x0000f2be      0x817 /tmp/ccDs5Q3E.o
 .debug_info    0x0000fad5      0x93f /tmp/ccKY3klM.o
 .debug_info    0x00010414      0xa3f /tmp/cc19ElUY.o
 .debug_info    0x00010e53      0x8d9 /tmp/ccWpAqoj.o
 .debug_info    0x0001172c      0x861 /tmp/cc14djZI.o
 .debug_info    0x00011f8d      0x5ac /tmp/ccmOBM4c.o
 .debug_info    0x00012539      0x6a6 /tmp/ccHT84iK.o
 .debug_info    0x00012bdf      0xc7a /tmp/ccMwHppm.o
 .debug_info    0x00013859      0xa19 /tmp/cc3pbfw5.o
 .debug_info    0x00014272      0x7ef /tmp/cc0WmEYS.o
 .debug_info    0x00014a61      0x54c /tmp/ccXDPJZK.o
 .debug_info    0x00014fad      0x2a4 /tmp/cchdCIlF.o
 .debug_info    0x00015251      0xb90 /tmp/cckhRNKE.o
 .debug_info    0x00015de1     0x11af /tmp/ccnRUALI.o
 .debug_info    0x00016f90      0x33c /tmp/ccGB1UwQ.o
 .debug_info    0x000172cc      0x183 /tmp/ccNTsbc0.o

.debug_abbrev   0x00000000     0x3e0f
 .debug_abbrev  0x00000000      0x235 /tmp/ccLqXIQn.o
 .debug_abbrev  0x00000235      0x251 /tmp/ccqJvnsx.o
 .debug_abbrev  0x00000486      0x1a3 /tmp/cc7ADlFN.o
 .debug_abbrev  0x00000629      0x2a4 /tmp/ccclt3T7.o
 .debug_abbrev  0x000008cd      0x226 /tmp/ccNmgUfx.o
 .debug_abbrev  0x00000af3      0x19b /tmp/ccj04YB2.o
 .debug_abbrev  0x00000c8e      0x217 /tmp/ccqRj0S5.o
 .debug_abbrev  0x00000ea5      0x20e /tmp/ccJA7qUf.o
 .debug_abbrev  0x000010b3      0x1dc /tmp/ccNHZjxi.o
 .debug_abbrev  0x0000128f      0x1d7 /tmp/ccF69t3p.o
 .debug_abbrev  0x00001466      0x20c /tmp/ccrYokUF.o
 .debug_abbrev  0x00001672      0x1fb /tmp/ccdIlzz5.o
 .debug_abbrev  0x0000186d      0x25a /tmp/ccxpoArB.o
 .debug_abbrev  0x00001ac7       0x12 /tmp/ccVKEa97.o
 .debug_abbrev  0x00001ad9      0x1bf /tmp/ccxuT9tn.o
 .debug_abbrev  0x00001c98      0x16c /tmp/ccdHKBT6.o
 .debug_abbrev  0x00001e04      0x101 /tmp/ccTHLXZR.o
 .debug_abbrev  0x00001f05      0x147 /tmp/ccFp9W5G.o
 .debug_abbrev  0x0000204c      0x147 /tmp/ccnx9Uyz.o
 .debug_abbrev  0x00002193      0x174 /tmp/ccZVJuyw.o
 .debug_abbrev  0x00002307      0x14d /tmp/ccnZGB9x.o
 .debug_abbrev  0x00002454      0x1c4 /tmp/ccDs5Q3E.o
 .debug_abbrev  0x00002618      0x18e /tmp/ccKY3klM.o
 .debug_abbrev  0x000027a6      0x1e5 /tmp/cc19ElUY.o
 .debug_abbrev  0x0000298b      0x1a8 /tmp/ccWpAqoj.o
 .debug_abbrev  0x00002b33      0x214 /tmp/cc14djZI.o
 .debug_abbrev  0x00002d47      0x15e /tmp/ccmOBM4c.o
 .debug_abbrev  0x00002ea5      0x18e /tmp/ccHT84iK.o
 .debug_abbrev  0x00003033      0x195 /tmp/ccMwHppm.o
 .debug_abbrev  0x000031c8      0x21a /tmp/cc3pbfw5.o
 .debug_abbrev  0x000033e2      0x16e /tmp/cc0WmEYS.o
 .debug_abbrev  0x00003550      0x133 /tmp/ccXDPJZK.o
 .debug_abbrev  0x00003683       0xbe /tmp/cchdCIlF.o
 .debug_abbrev  0x00003741      0x1ba /tmp/cckhRNKE.o
 .debug_abbrev  0x000038fb      0x289 /tmp/ccnRUALI.o
 .debug_abbrev  0x00003b84      0x19d /tmp/ccGB1UwQ.o
 .debug_abbrev  0x00003d21       0xee /tmp/ccNTsbc0.o

.debug_aranges  0x00000000      0x4a8
 .debug_aranges
                0x00000000       0x20 /tmp/ccLqXIQn.o
 .debug_aranges
                0x00000020       0x20 /tmp/ccqJvnsx.o
 .debug_aranges
                0x00000040       0x20 /tmp/cc7ADlFN.o
 .debug_aranges
                0x00000060       0x20 /tmp/ccclt3T7.o
 .debug_aranges
                0x00000080       0x20 /tmp/ccNmgUfx.o
 .debug_aranges
                0x000000a0       0x20 /tmp/ccj04YB2.o
 .debug_aranges
                0x000000c0       0x20 /tmp/ccqRj0S5.o
 .debug_aranges
                0x000000e0       0x20 /tmp/ccJA7qUf.o
 .debug_aranges
                0x00000100       0x20 /tmp/ccNHZjxi.o
 .debug_aranges
                0x00000120       0x20 /tmp/ccF69t3p.o
 .debug_aranges
                0x00000140       0x20 /tmp/ccrYokUF.o
 .debug_aranges
                0x00000160       0x20 /tmp/ccdIlzz5.o
 .debug_aranges
                0x00000180       0x20 /tmp/ccxpoArB.o
 .debug_aranges
                0x000001a0       0x28 /tmp/ccVKEa97.o
 .debug_aranges
                0x000001c8       0x20 /tmp/ccxuT9tn.o
 .debug_aranges
                0x000001e8       0x20 /tmp/ccdHKBT6.o
 .debug_aranges
                0x00000208       0x20 /tmp/ccTHLXZR.o
 .debug_aranges
                0x00000228       0x20 /tmp/ccFp9W5G.o
 .debug_aranges
                0x00000248       0x20 /tmp/ccnx9Uyz.o
 .debug_aranges
                0x00000268       0x20 /tmp/ccZVJuyw.o
 .debug_aranges
                0x00000288       0x20 /tmp/ccnZGB9x.o
 .debug_aranges
                0x000002a8       0x20 /tmp/ccDs5Q3E.o
 .debug_aranges
                0x000002c8       0x20 /tmp/ccKY3klM.o
 .debug_aranges
                0x000002e8       0x20 /tmp/cc19ElUY.o
 .debug_aranges
                0x00000308       0x20 /tmp/ccWpAqoj.o
 .debug_aranges
                0x00000328       0x20 /tmp/cc14djZI.o
 .debug_aranges
                0x00000348       0x20 /tmp/ccmOBM4c.o
 .debug_aranges
                0x00000368       0x20 /tmp/ccHT84iK.o
 .debug_aranges
                0x00000388       0x20 /tmp/ccMwHppm.o
 .debug_aranges
                0x000003a8       0x20 /tmp/cc3pbfw5.o
 .debug_aranges
                0x000003c8       0x20 /tmp/cc0WmEYS.o
 .debug_aranges
                0x000003e8       0x20 /tmp/ccXDPJZK.o
 .debug_aranges
                0x00000408       0x20 /tmp/cchdCIlF.o
 .debug_aranges
                0x00000428       0x20 /tmp/cckhRNKE.o
 .debug_aranges
                0x00000448       0x20 /tmp/ccnRUALI.o
 .debug_aranges
                0x00000468       0x20 /tmp/ccGB1UwQ.o
 .debug_aranges
                0x00000488       0x20 /tmp/ccNTsbc0.o

.debug_line     0x00000000     0xe3bc
 .debug_line    0x00000000      0x403 /tmp/ccLqXIQn.o
 .debug_line    0x00000403      0x704 /tmp/ccqJvnsx.o
 .debug_line    0x00000b07      0x3f7 /tmp/cc7ADlFN.o
 .debug_line    0x00000efe      0x432 /tmp/ccclt3T7.o
 .debug_line    0x00001330      0x784 /tmp/ccNmgUfx.o
 .debug_line    0x00001ab4     0x4527 /tmp/ccj04YB2.o
 .debug_line    0x00005fdb      0xd1b /tmp/ccqRj0S5.o
 .debug_line    0x00006cf6      0x6de /tmp/ccJA7qUf.o
 .debug_line    0x000073d4      0x620 /tmp/ccNHZjxi.o
 .debug_line    0x000079f4      0x5d7 /tmp/ccF69t3p.o
 .debug_line    0x00007fcb      0x8ef /tmp/ccrYokUF.o
 .debug_line    0x000088ba      0xc96 /tmp/ccdIlzz5.o
 .debug_line    0x00009550      0x43f /tmp/ccxpoArB.o
 .debug_line    0x0000998f       0x7b /tmp/ccVKEa97.o
 .debug_line    0x00009a0a      0x350 /tmp/ccxuT9tn.o
 .debug_line    0x00009d5a      0x34b /tmp/ccdHKBT6.o
 .debug_line    0x0000a0a5      0x249 /tmp/ccTHLXZR.o
 .debug_line    0x0000a2ee      0x1af /tmp/ccFp9W5G.o
 .debug_line    0x0000a49d      0x2e8 /tmp/ccnx9Uyz.o
 .debug_line    0x0000a785      0x30c /tmp/ccZVJuyw.o
 .debug_line    0x0000aa91      0x331 /tmp/ccnZGB9x.o
 .debug_line    0x0000adc2      0x39a /tmp/ccDs5Q3E.o
 .debug_line    0x0000b15c      0x31e /tmp/ccKY3klM.o
 .debug_line    0x0000b47a      0x349 /tmp/cc19ElUY.o
 .debug_line    0x0000b7c3      0x325 /tmp/ccWpAqoj.o
 .debug_line    0x0000bae8      0x3a5 /tmp/cc14djZI.o
 .debug_line    0x0000be8d      0x2cd /tmp/ccmOBM4c.o
 .debug_line    0x0000c15a      0x302 /tmp/ccHT84iK.o
 .debug_line    0x0000c45c      0x364 /tmp/ccMwHppm.o
 .debug_line    0x0000c7c0      0x4a0 /tmp/cc3pbfw5.o
 .debug_line    0x0000cc60      0x2e1 /tmp/cc0WmEYS.o
 .debug_line    0x0000cf41      0x2cb /tmp/ccXDPJZK.o
 .debug_line    0x0000d20c      0x189 /tmp/cchdCIlF.o
 .debug_line    0x0000d395      0x593 /tmp/cckhRNKE.o
 .debug_line    0x0000d928      0x6fb /tmp/ccnRUALI.o
 .debug_line    0x0000e023      0x207 /tmp/ccGB1UwQ.o
 .debug_line    0x0000e22a      0x192 /tmp/ccNTsbc0.o

.debug_str      0x00000000     0x63bf
 .debug_str     0x00000000      0x8e4 /tmp/ccLqXIQn.o
                                0x947 (size before relaxing)
 .debug_str     0x000008e4      0x34a /tmp/ccqJvnsx.o
                                0x6f7 (size before relaxing)
 .debug_str     0x00000c2e      0x174 /tmp/cc7ADlFN.o
                                0x52b (size before relaxing)
 .debug_str     0x00000da2      0x2ee /tmp/ccclt3T7.o
                                0x9d0 (size before relaxing)
 .debug_str     0x00001090      0x77a /tmp/ccNmgUfx.o
                                0xa46 (size before relaxing)
 .debug_str     0x0000180a      0x159 /tmp/ccj04YB2.o
                                0x635 (size before relaxing)
 .debug_str     0x00001963      0xebb /tmp/ccqRj0S5.o
                               0x13de (size before relaxing)
 .debug_str     0x0000281e      0x53b /tmp/ccJA7qUf.o
                                0xc91 (size before relaxing)
 .debug_str     0x00002d59      0x50b /tmp/ccNHZjxi.o
                                0xa93 (size before relaxing)
 .debug_str     0x00003264      0x30a /tmp/ccF69t3p.o
                                0xad5 (size before relaxing)
 .debug_str     0x0000356e      0x4c9 /tmp/ccrYokUF.o
                                0xa67 (size before relaxing)
 .debug_str     0x00003a37      0x72c /tmp/ccdIlzz5.o
                                0xc7f (size before relaxing)
 .debug_str     0x00004163      0x32d /tmp/ccxpoArB.o
                                0x97f (size before relaxing)
 .debug_str     0x00004490      0x13a /tmp/ccxuT9tn.o
                                0xca8 (size before relaxing)
 .debug_str     0x000045ca      0x142 /tmp/ccdHKBT6.o
                                0xb04 (size before relaxing)
 .debug_str     0x0000470c       0x42 /tmp/ccTHLXZR.o
                                0x3bc (size before relaxing)
 .debug_str     0x0000474e      0x24f /tmp/ccFp9W5G.o
                                0x456 (size before relaxing)
 .debug_str     0x0000499d       0x25 /tmp/ccnx9Uyz.o
                                0x8cd (size before relaxing)
 .debug_str     0x000049c2       0x2f /tmp/ccZVJuyw.o
                                0x8c0 (size before relaxing)
 .debug_str     0x000049f1       0x54 /tmp/ccnZGB9x.o
                                0x982 (size before relaxing)
 .debug_str     0x00004a45       0x8d /tmp/ccDs5Q3E.o
                                0x6fe (size before relaxing)
 .debug_str     0x00004ad2       0x63 /tmp/ccKY3klM.o
                                0x92c (size before relaxing)
 .debug_str     0x00004b35      0x166 /tmp/cc19ElUY.o
                                0xa1c (size before relaxing)
 .debug_str     0x00004c9b       0x7d /tmp/ccWpAqoj.o
                                0x921 (size before relaxing)
 .debug_str     0x00004d18      0x16e /tmp/cc14djZI.o
                                0x7d3 (size before relaxing)
 .debug_str     0x00004e86       0x69 /tmp/ccmOBM4c.o
                                0x6bc (size before relaxing)
 .debug_str     0x00004eef       0xaf /tmp/ccHT84iK.o
                                0x71e (size before relaxing)
 .debug_str     0x00004f9e      0x15d /tmp/ccMwHppm.o
                                0x98b (size before relaxing)
 .debug_str     0x000050fb       0xe7 /tmp/cc3pbfw5.o
                                0x76d (size before relaxing)
 .debug_str     0x000051e2       0x3c /tmp/cc0WmEYS.o
                                0x80f (size before relaxing)
 .debug_str     0x0000521e       0x13 /tmp/ccXDPJZK.o
                                0x686 (size before relaxing)
 .debug_str     0x00005231      0x134 /tmp/cchdCIlF.o
                                0x331 (size before relaxing)
 .debug_str     0x00005365      0x4bd /tmp/cckhRNKE.o
                                0x7b3 (size before relaxing)
 .debug_str     0x00005822      0x8be /tmp/ccnRUALI.o
                                0xc6b (size before relaxing)
 .debug_str     0x000060e0      0x23a /tmp/ccGB1UwQ.o
                                0x48e (size before relaxing)
 .debug_str     0x0000631a       0xa5 /tmp/ccNTsbc0.o
                                0x299 (size before relaxing)

.comment        0x00000000       0x6e
 .comment       0x00000000       0x6e /tmp/ccLqXIQn.o
                                 0x6f (size before relaxing)
 .comment       0x0000006e       0x6f /tmp/ccqJvnsx.o
 .comment       0x0000006e       0x6f /tmp/cc7ADlFN.o
 .comment       0x0000006e       0x6f /tmp/ccclt3T7.o
 .comment       0x0000006e       0x6f /tmp/ccNmgUfx.o
 .comment       0x0000006e       0x6f /tmp/ccj04YB2.o
 .comment       0x0000006e       0x6f /tmp/ccqRj0S5.o
 .comment       0x0000006e       0x6f /tmp/ccJA7qUf.o
 .comment       0x0000006e       0x6f /tmp/ccNHZjxi.o
 .comment       0x0000006e       0x6f /tmp/ccF69t3p.o
 .comment       0x0000006e       0x6f /tmp/ccrYokUF.o
 .comment       0x0000006e       0x6f /tmp/ccdIlzz5.o
 .comment       0x0000006e       0x6f /tmp/ccxpoArB.o
 .comment       0x0000006e       0x6f /tmp/ccxuT9tn.o
 .comment       0x0000006e       0x6f /tmp/ccdHKBT6.o
 .comment       0x0000006e       0x6f /tmp/ccTHLXZR.o
 .comment       0x0000006e       0x6f /tmp/ccFp9W5G.o
 .comment       0x0000006e       0x6f /tmp/ccnx9Uyz.o
 .comment       0x0000006e       0x6f /tmp/ccZVJuyw.o
 .comment       0x0000006e       0x6f /tmp/ccnZGB9x.o
 .comment       0x0000006e       0x6f /tmp/ccDs5Q3E.o
 .comment       0x0000006e       0x6f /tmp/ccKY3klM.o
 .comment       0x0000006e       0x6f /tmp/cc19ElUY.o
 .comment       0x0000006e       0x6f /tmp/ccWpAqoj.o
 .comment       0x0000006e       0x6f /tmp/cc14djZI.o
 .comment       0x0000006e       0x6f /tmp/ccmOBM4c.o
 .comment       0x0000006e       0x6f /tmp/ccHT84iK.o
 .comment       0x0000006e       0x6f /tmp/ccMwHppm.o
 .comment       0x0000006e       0x6f /tmp/cc3pbfw5.o
 .comment       0x0000006e       0x6f /tmp/cc0WmEYS.o
 .comment       0x0000006e       0x6f /tmp/ccXDPJZK.o
 .comment       0x0000006e       0x6f /tmp/cchdCIlF.o
 .comment       0x0000006e       0x6f /tmp/cckhRNKE.o
 .comment       0x0000006e       0x6f /tmp/ccnRUALI.o
 .comment       0x0000006e       0x6f /tmp/ccGB1UwQ.o
 .comment       0x0000006e       0x6f /tmp/ccNTsbc0.o

.debug_ranges   0x00000000       0x20
 .debug_ranges  0x00000000       0x20 /tmp/ccVKEa97.o
