Archive member included to satisfy reference by file (symbol)

/local/sdk_elec/gcc-arm-none-eabi-5_2-2015q4/bin/../lib/gcc/arm-none-eabi/5.2.1/../../../../arm-none-eabi/lib/armv7e-m/fpu/libc.a(lib_a-exit.o)
                              /local/sdk_elec/gcc-arm-none-eabi-5_2-2015q4/bin/../lib/gcc/arm-none-eabi/5.2.1/../../../../arm-none-eabi/lib/armv7e-m/fpu/crt0.o (exit)
/local/sdk_elec/gcc-arm-none-eabi-5_2-2015q4/bin/../lib/gcc/arm-none-eabi/5.2.1/../../../../arm-none-eabi/lib/armv7e-m/fpu/libc.a(lib_a-impure.o)
                              /local/sdk_elec/gcc-arm-none-eabi-5_2-2015q4/bin/../lib/gcc/arm-none-eabi/5.2.1/../../../../arm-none-eabi/lib/armv7e-m/fpu/libc.a(lib_a-exit.o) (_global_impure_ptr)
/local/sdk_elec/gcc-arm-none-eabi-5_2-2015q4/bin/../lib/gcc/arm-none-eabi/5.2.1/../../../../arm-none-eabi/lib/armv7e-m/fpu/libc.a(lib_a-init.o)
                              /local/sdk_elec/gcc-arm-none-eabi-5_2-2015q4/bin/../lib/gcc/arm-none-eabi/5.2.1/../../../../arm-none-eabi/lib/armv7e-m/fpu/crt0.o (__libc_init_array)
/local/sdk_elec/gcc-arm-none-eabi-5_2-2015q4/bin/../lib/gcc/arm-none-eabi/5.2.1/../../../../arm-none-eabi/lib/armv7e-m/fpu/libc.a(lib_a-memset.o)
                              /local/sdk_elec/gcc-arm-none-eabi-5_2-2015q4/bin/../lib/gcc/arm-none-eabi/5.2.1/../../../../arm-none-eabi/lib/armv7e-m/fpu/crt0.o (memset)
/local/sdk_elec/gcc-arm-none-eabi-5_2-2015q4/bin/../lib/gcc/arm-none-eabi/5.2.1/../../../../arm-none-eabi/lib/armv7e-m/fpu/libc.a(lib_a-__call_atexit.o)
                              /local/sdk_elec/gcc-arm-none-eabi-5_2-2015q4/bin/../lib/gcc/arm-none-eabi/5.2.1/../../../../arm-none-eabi/lib/armv7e-m/fpu/libc.a(lib_a-exit.o) (__call_exitprocs)
/local/sdk_elec/gcc-arm-none-eabi-5_2-2015q4/bin/../lib/gcc/arm-none-eabi/5.2.1/../../../../arm-none-eabi/lib/armv7e-m/fpu/libc.a(lib_a-atexit.o)
                              /local/sdk_elec/gcc-arm-none-eabi-5_2-2015q4/bin/../lib/gcc/arm-none-eabi/5.2.1/../../../../arm-none-eabi/lib/armv7e-m/fpu/libc.a(lib_a-__call_atexit.o) (atexit)
/local/sdk_elec/gcc-arm-none-eabi-5_2-2015q4/bin/../lib/gcc/arm-none-eabi/5.2.1/../../../../arm-none-eabi/lib/armv7e-m/fpu/libc.a(lib_a-fini.o)
                              /local/sdk_elec/gcc-arm-none-eabi-5_2-2015q4/bin/../lib/gcc/arm-none-eabi/5.2.1/../../../../arm-none-eabi/lib/armv7e-m/fpu/libc.a(lib_a-__call_atexit.o) (__libc_fini_array)
/local/sdk_elec/gcc-arm-none-eabi-5_2-2015q4/bin/../lib/gcc/arm-none-eabi/5.2.1/../../../../arm-none-eabi/lib/armv7e-m/fpu/libc.a(lib_a-__atexit.o)
                              /local/sdk_elec/gcc-arm-none-eabi-5_2-2015q4/bin/../lib/gcc/arm-none-eabi/5.2.1/../../../../arm-none-eabi/lib/armv7e-m/fpu/libc.a(lib_a-atexit.o) (__register_exitproc)
/local/sdk_elec/gcc-arm-none-eabi-5_2-2015q4/bin/../lib/gcc/arm-none-eabi/5.2.1/armv7e-m/fpu/libgcc.a(_arm_addsubdf3.o)
                              /tmp/ccKYKYNM.o (__aeabi_f2d)
/local/sdk_elec/gcc-arm-none-eabi-5_2-2015q4/bin/../lib/gcc/arm-none-eabi/5.2.1/armv7e-m/fpu/libgcc.a(_arm_muldivdf3.o)
                              /tmp/ccINxDpf.o (__aeabi_dmul)
/local/sdk_elec/gcc-arm-none-eabi-5_2-2015q4/bin/../lib/gcc/arm-none-eabi/5.2.1/armv7e-m/fpu/libgcc.a(_arm_truncdfsf2.o)
                              /tmp/ccINxDpf.o (__aeabi_d2f)
/local/sdk_elec/gcc-arm-none-eabi-5_2-2015q4/bin/../lib/gcc/arm-none-eabi/5.2.1/../../../../arm-none-eabi/lib/armv7e-m/fpu/libg.a(lib_a-malloc.o)
                              /tmp/ccc7s0Hg.o (malloc)
/local/sdk_elec/gcc-arm-none-eabi-5_2-2015q4/bin/../lib/gcc/arm-none-eabi/5.2.1/../../../../arm-none-eabi/lib/armv7e-m/fpu/libg.a(lib_a-mallocr.o)
                              /local/sdk_elec/gcc-arm-none-eabi-5_2-2015q4/bin/../lib/gcc/arm-none-eabi/5.2.1/../../../../arm-none-eabi/lib/armv7e-m/fpu/libg.a(lib_a-malloc.o) (_malloc_r)
/local/sdk_elec/gcc-arm-none-eabi-5_2-2015q4/bin/../lib/gcc/arm-none-eabi/5.2.1/../../../../arm-none-eabi/lib/armv7e-m/fpu/libg.a(lib_a-memcpy.o)
                              /tmp/ccDWmph0.o (memcpy)
/local/sdk_elec/gcc-arm-none-eabi-5_2-2015q4/bin/../lib/gcc/arm-none-eabi/5.2.1/../../../../arm-none-eabi/lib/armv7e-m/fpu/libg.a(lib_a-mlock.o)
                              /local/sdk_elec/gcc-arm-none-eabi-5_2-2015q4/bin/../lib/gcc/arm-none-eabi/5.2.1/../../../../arm-none-eabi/lib/armv7e-m/fpu/libg.a(lib_a-mallocr.o) (__malloc_lock)
/local/sdk_elec/gcc-arm-none-eabi-5_2-2015q4/bin/../lib/gcc/arm-none-eabi/5.2.1/../../../../arm-none-eabi/lib/armv7e-m/fpu/libg.a(lib_a-reent.o)
                              /tmp/ccvdsPw4.o (errno)
/local/sdk_elec/gcc-arm-none-eabi-5_2-2015q4/bin/../lib/gcc/arm-none-eabi/5.2.1/../../../../arm-none-eabi/lib/armv7e-m/fpu/libg.a(lib_a-sbrkr.o)
                              /local/sdk_elec/gcc-arm-none-eabi-5_2-2015q4/bin/../lib/gcc/arm-none-eabi/5.2.1/../../../../arm-none-eabi/lib/armv7e-m/fpu/libg.a(lib_a-mallocr.o) (_sbrk_r)
[...]
Memory Configuration

Name             Origin             Length             Attributes
FLASH            0x08000000         0x00080000         xr
RAM              0x20000000         0x00020000         xrw
*default*        0x00000000         0xffffffff

Linker script and memory map

LOAD /local/sdk_elec/gcc-arm-none-eabi-5_2-2015q4/bin/../lib/gcc/arm-none-eabi/5.2.1/armv7e-m/fpu/crti.o
LOAD /local/sdk_elec/gcc-arm-none-eabi-5_2-2015q4/bin/../lib/gcc/arm-none-eabi/5.2.1/armv7e-m/fpu/crtbegin.o
LOAD /local/sdk_elec/gcc-arm-none-eabi-5_2-2015q4/bin/../lib/gcc/arm-none-eabi/5.2.1/../../../../arm-none-eabi/lib/armv7e-m/fpu/crt0.o
LOAD /local/sdk_elec/gcc-arm-none-eabi-5_2-2015q4/bin/../lib/gcc/arm-none-eabi/5.2.1/../../../../arm-none-eabi/lib/armv7e-m/fpu/libc.a
LOAD /local/sdk_elec/gcc-arm-none-eabi-5_2-2015q4/bin/../lib/gcc/arm-none-eabi/5.2.1/armv7e-m/fpu/libgcc.a
LOAD /local/sdk_elec/gcc-arm-none-eabi-5_2-2015q4/bin/../lib/gcc/arm-none-eabi/5.2.1/armv7e-m/fpu/libgcov.a
LOAD /local/sdk_elec/gcc-arm-none-eabi-5_2-2015q4/bin/../lib/gcc/arm-none-eabi/5.2.1/../../../../arm-none-eabi/lib/armv7e-m/fpu/libm.a
LOAD /tmp/cc6ML30q.o
LOAD /tmp/ccF0A0pH.o
LOAD /tmp/cc86RGS1.o
LOAD /tmp/ccdlPlKn.o
LOAD /tmp/ccAOroYR.o
LOAD /tmp/ccjXnJ2m.o
LOAD /tmp/ccac5tYY.o
LOAD /tmp/cctzlILJ.o
LOAD /tmp/ccaTlwrE.o
LOAD /tmp/ccnJkVAL.o
LOAD /tmp/cc3po2SP.o
LOAD /tmp/ccjznsdX.o
LOAD /tmp/cc3lptl9.o
LOAD /tmp/cczhf63t.o
LOAD /tmp/ccrcF4oY.o
LOAD /tmp/ccFuZ2Wv.o
LOAD /tmp/ccxd7KE6.o
LOAD /tmp/ccbLmU7L.o
LOAD /tmp/ccncIiuw.o
LOAD /tmp/cctcp0Tj.o
LOAD /tmp/cchPWGnb.o
LOAD /tmp/ccvdsPw4.o
LOAD /tmp/cclZfCa3.o
LOAD /tmp/ccpAAC24.o
LOAD /tmp/ccDULLab.o
LOAD /tmp/ccINxDpf.o
LOAD /tmp/ccfhnhFm.o
LOAD /tmp/ccEUt4Yy.o
LOAD /tmp/ccvQwM9S.o
LOAD /tmp/ccc7s0Hg.o
LOAD /tmp/ccHP0YIJ.o
LOAD /tmp/ccKXgCAk.o
LOAD /tmp/ccDWmph0.o
LOAD /tmp/ccKYKYNM.o
LOAD /tmp/ccFuFnHD.o
LOAD /tmp/ccMgBiiA.o
LOAD /tmp/ccjc5XBy.o
LOAD /tmp/cc0KQbtv.o
LOAD /tmp/ccrdzVpy.o
LOAD /tmp/ccSVdH4F.o
LOAD /tmp/ccNl7mYM.o
LOAD /tmp/ccdJevAO.o
START GROUP
LOAD /local/sdk_elec/gcc-arm-none-eabi-5_2-2015q4/bin/../lib/gcc/arm-none-eabi/5.2.1/armv7e-m/fpu/libgcc.a
LOAD /local/sdk_elec/gcc-arm-none-eabi-5_2-2015q4/bin/../lib/gcc/arm-none-eabi/5.2.1/../../../../arm-none-eabi/lib/armv7e-m/fpu/libg.a
LOAD /local/sdk_elec/gcc-arm-none-eabi-5_2-2015q4/bin/../lib/gcc/arm-none-eabi/5.2.1/../../../../arm-none-eabi/lib/armv7e-m/fpu/libc.a
END GROUP
LOAD /local/sdk_elec/gcc-arm-none-eabi-5_2-2015q4/bin/../lib/gcc/arm-none-eabi/5.2.1/armv7e-m/fpu/crtend.o
LOAD /local/sdk_elec/gcc-arm-none-eabi-5_2-2015q4/bin/../lib/gcc/arm-none-eabi/5.2.1/armv7e-m/fpu/crtn.o
                0x2001ffff                _estack = 0x2001ffff
                0x00000200                _Min_Heap_Size = 0x200
                0x00000200                _Min_Stack_Size = 0x200

.isr_vector     0x08000000      0x198
                0x08000000                . = ALIGN (0x4)
 *(.isr_vector)
 .isr_vector    0x08000000      0x198 /tmp/ccxd7KE6.o
                0x08000000                g_pfnVectors
                0x08000198                . = ALIGN (0x4)

.text           0x08000198    0x1d5dc
                0x08000198                . = ALIGN (0x4)
 *(.text)
 .text          0x08000198       0xa4 /local/sdk_elec/gcc-arm-none-eabi-5_2-2015q4/bin/../lib/gcc/arm-none-eabi/5.2.1/armv7e-m/fpu/crtbegin.o
 .text          0x0800023c      0x31c /tmp/cc6ML30q.o
                0x0800023c                HAL_Init
                0x08000280                HAL_DeInit
                0x080002f8                HAL_InitTick
                0x08000330                HAL_IncTick
                0x0800034c                HAL_GetTick
                0x08000364                HAL_Delay
                0x08000390                HAL_SuspendTick
                0x080003b0                HAL_ResumeTick
                0x080003d0                HAL_GetHalVersion
                0x080003e4                HAL_GetREVID
                0x080003fc                HAL_GetDEVID
                0x08000418                HAL_DBGMCU_EnableDBGSleepMode
                0x08000438                HAL_DBGMCU_DisableDBGSleepMode
                0x08000458                HAL_DBGMCU_EnableDBGStopMode
                0x08000478                HAL_DBGMCU_DisableDBGStopMode
                0x08000498                HAL_DBGMCU_EnableDBGStandbyMode
                0x080004b8                HAL_DBGMCU_DisableDBGStandbyMode
                0x080004d8                HAL_EnableCompensationCell
                0x08000518                HAL_DisableCompensationCell
 .text          0x08000558      0xcf4 /tmp/ccF0A0pH.o
                0x08000558                HAL_RCC_DeInit
                0x080005d0                HAL_RCC_OscConfig
                0x08000a80                HAL_RCC_ClockConfig
                0x08000d2c                HAL_RCC_MCOConfig
                0x08000ddc                HAL_RCC_EnableCSS
                0x08000df4                HAL_RCC_DisableCSS
                0x08000e0c                HAL_RCC_GetSysClockFreq
                0x08000f20                HAL_RCC_GetHCLKFreq
                0x08000f78                HAL_RCC_GetPCLK1Freq
                0x08000fc4                HAL_RCC_GetPCLK2Freq
                0x08001010                HAL_RCC_GetOscConfig
                0x080011b0                HAL_RCC_GetClockConfig
                0x08001214                HAL_RCC_NMI_IRQHandler
                0x0800123c                HAL_RCC_CSSCallback
 .text          0x0800124c      0x550 /tmp/cc86RGS1.o
                0x0800124c                HAL_GPIO_Init
                0x08001540                HAL_GPIO_DeInit
                0x08001680                HAL_GPIO_ReadPin
                0x080016b0                HAL_GPIO_WritePin
                0x080016e0                HAL_GPIO_TogglePin
                0x08001704                HAL_GPIO_LockPin
                0x08001754                HAL_GPIO_EXTI_IRQHandler
 .text          0x0800179c      0x550 /tmp/ccdlPlKn.o
                0x08001b38                HAL_NVIC_SetPriorityGrouping
                0x08001b50                HAL_NVIC_SetPriority
                0x08001b88                HAL_NVIC_EnableIRQ
                0x08001ba4                HAL_NVIC_DisableIRQ
                0x08001bc0                HAL_NVIC_SystemReset
                0x08001bcc                HAL_SYSTICK_Config
                0x08001be4                HAL_NVIC_GetPriorityGrouping
                0x08001bf4                HAL_NVIC_GetPriority
                0x08001c20                HAL_NVIC_SetPendingIRQ
                0x08001c3c                HAL_NVIC_GetPendingIRQ
                0x08001c5c                HAL_NVIC_ClearPendingIRQ
                0x08001c78                HAL_NVIC_GetActive
                0x08001c98                HAL_SYSTICK_CLKSourceConfig
                0x08001cd0                HAL_SYSTICK_IRQHandler
                0x08001cdc                HAL_SYSTICK_Callback
 .text          0x08001cec     0x16ec /tmp/ccac5tYY.o
                0x08001cec                HAL_UART_Init
                0x08001d78                HAL_HalfDuplex_Init
                0x08001e14                HAL_LIN_Init
                0x08001ed0                HAL_MultiProcessor_Init
                0x08001fa0                HAL_UART_DeInit
                0x08001fe0                HAL_UART_MspInit
                0x08001ff4                HAL_UART_MspDeInit
                0x08002008                HAL_UART_Transmit
                0x08002158                HAL_UART_Receive
                0x080022c8                HAL_UART_Transmit_IT
                0x08002398                HAL_UART_Receive_IT
                0x08002468                HAL_UART_Transmit_DMA
                0x0800255c                HAL_UART_Receive_DMA
                0x08002640                HAL_UART_DMAPause
                0x080026dc                HAL_UART_DMAResume
                0x0800279c                HAL_UART_DMAStop
                0x080027fc                HAL_UART_IRQHandler
                0x080029f8                HAL_UART_TxCpltCallback
                0x08002a0c                HAL_UART_TxHalfCpltCallback
                0x08002a34                HAL_UART_RxHalfCpltCallback
                0x08002a48                HAL_UART_ErrorCallback
                0x08002a5c                HAL_LIN_SendBreak
                0x08002ab0                HAL_MultiProcessor_EnterMuteMode
                0x08002b04                HAL_MultiProcessor_ExitMuteMode
                0x08002b58                HAL_HalfDuplex_EnableTransmitter
                0x08002bc0                HAL_HalfDuplex_EnableReceiver
                0x08002c28                HAL_UART_GetState
                0x08002c44                HAL_UART_GetError
 .text          0x080033d8     0x7cdc /tmp/ccaTlwrE.o
                0x080033d8                HAL_DMA_Init
                0x080034b0                HAL_DMA_DeInit
                0x080048bc                HAL_DMA_Start
                0x08004920                HAL_DMA_Start_IT
                0x080049d4                HAL_DMA_Abort
                0x08004a50                HAL_DMA_PollForTransfer
                0x08007d58                HAL_DMA_IRQHandler
                0x0800b024                HAL_DMA_GetState
                0x0800b040                HAL_DMA_GetError
 .text          0x0800b0b4     0x3c44 /tmp/ccnJkVAL.o
                0x0800b0b4                HAL_TIM_Base_Init
                0x0800b104                HAL_TIM_Base_DeInit
                0x0800b164                HAL_TIM_Base_MspInit
                0x0800b178                HAL_TIM_Base_MspDeInit
                0x0800b18c                HAL_TIM_Base_Start
                0x0800b1c4                HAL_TIM_Base_Stop
                0x0800b21c                HAL_TIM_Base_Start_IT
                0x0800b254                HAL_TIM_Base_Stop_IT
                0x0800b2ac                HAL_TIM_Base_Start_DMA
                0x0800b344                HAL_TIM_Base_Stop_DMA
                0x0800b3a4                HAL_TIM_OC_Init
                0x0800b3f4                HAL_TIM_OC_DeInit
                0x0800b454                HAL_TIM_OC_MspInit
                0x0800b468                HAL_TIM_OC_MspDeInit
                0x0800b47c                HAL_TIM_OC_Start
                0x0800b4cc                HAL_TIM_OC_Stop
                0x0800b55c                HAL_TIM_OC_Start_IT
                0x0800b638                HAL_TIM_OC_Stop_IT
                0x0800b754                HAL_TIM_OC_Start_DMA
                0x0800b900                HAL_TIM_OC_Stop_DMA
                0x0800ba24                HAL_TIM_PWM_Init
                0x0800ba74                HAL_TIM_PWM_DeInit
                0x0800bad4                HAL_TIM_PWM_MspInit
                0x0800bae8                HAL_TIM_PWM_MspDeInit
                0x0800bafc                HAL_TIM_PWM_Start
                0x0800bb4c                HAL_TIM_PWM_Stop
                0x0800bbe4                HAL_TIM_PWM_Start_IT
                0x0800bcc0                HAL_TIM_PWM_Stop_IT
                0x0800bddc                HAL_TIM_PWM_Start_DMA
                0x0800bf88                HAL_TIM_PWM_Stop_DMA
                0x0800c0ac                HAL_TIM_IC_Init
                0x0800c0fc                HAL_TIM_IC_DeInit
                0x0800c15c                HAL_TIM_IC_MspInit
                0x0800c170                HAL_TIM_IC_MspDeInit
                0x0800c184                HAL_TIM_IC_Start
                0x0800c1b8                HAL_TIM_IC_Stop
                0x0800c20c                HAL_TIM_IC_Start_IT
                0x0800c2cc                HAL_TIM_IC_Stop_IT
                0x0800c3ac                HAL_TIM_IC_Start_DMA
                0x0800c53c                HAL_TIM_IC_Stop_DMA
                0x0800c624                HAL_TIM_OnePulse_Init
                0x0800c694                HAL_TIM_OnePulse_DeInit
                0x0800c6f4                HAL_TIM_OnePulse_MspInit
                0x0800c708                HAL_TIM_OnePulse_MspDeInit
                0x0800c71c                HAL_TIM_OnePulse_Start
                0x0800c76c                HAL_TIM_OnePulse_Stop
                0x0800c80c                HAL_TIM_OnePulse_Start_IT
                0x0800c87c                HAL_TIM_OnePulse_Stop_IT
                0x0800c93c                HAL_TIM_Encoder_Init
                0x0800ca60                HAL_TIM_Encoder_DeInit
                0x0800cac0                HAL_TIM_Encoder_MspInit
                0x0800cad4                HAL_TIM_Encoder_MspDeInit
                0x0800cae8                HAL_TIM_Encoder_Start
                0x0800cb58                HAL_TIM_Encoder_Stop
                0x0800cbe8                HAL_TIM_Encoder_Start_IT
                0x0800cc98                HAL_TIM_Encoder_Stop_IT
                0x0800cd6c                HAL_TIM_Encoder_Start_DMA
                0x0800cf14                HAL_TIM_Encoder_Stop_DMA
                0x0800cfe8                HAL_TIM_IRQHandler
                0x0800d1f8                HAL_TIM_OC_ConfigChannel
                0x0800d2b8                HAL_TIM_IC_ConfigChannel
                0x0800d3f0                HAL_TIM_PWM_ConfigChannel
                0x0800d57c                HAL_TIM_OnePulse_ConfigChannel
                0x0800d6fc                HAL_TIM_DMABurst_WriteStart
                0x0800d8e0                HAL_TIM_DMABurst_WriteStop
                0x0800d990                HAL_TIM_DMABurst_ReadStart
                0x0800db74                HAL_TIM_DMABurst_ReadStop
                0x0800dc24                HAL_TIM_GenerateEvent
                0x0800dc74                HAL_TIM_ConfigOCrefClear
                0x0800ddc8                HAL_TIM_ConfigClockSource
                0x0800df80                HAL_TIM_ConfigTI1Input
                0x0800dfbc                HAL_TIM_SlaveConfigSynchronization
                0x0800e028                HAL_TIM_SlaveConfigSynchronization_IT
                0x0800e094                HAL_TIM_ReadCapturedValue
                0x0800e14c                HAL_TIM_OC_DelayElapsedCallback
                0x0800e160                HAL_TIM_IC_CaptureCallback
                0x0800e174                HAL_TIM_PWM_PulseFinishedCallback
                0x0800e188                HAL_TIM_TriggerCallback
                0x0800e19c                HAL_TIM_ErrorCallback
                0x0800e1b0                HAL_TIM_Base_GetState
                0x0800e1cc                HAL_TIM_OC_GetState
                0x0800e1e8                HAL_TIM_PWM_GetState
                0x0800e204                HAL_TIM_IC_GetState
                0x0800e220                HAL_TIM_OnePulse_GetState
                0x0800e23c                HAL_TIM_Encoder_GetState
                0x0800e258                TIM_Base_SetConfig
                0x0800e360                TIM_TI1_SetConfig
                0x0800e440                TIM_OC2_SetConfig
                0x0800e51c                TIM_DMADelayPulseCplt
                0x0800e58c                TIM_DMAError
                0x0800e5b0                TIM_DMACaptureCplt
                0x0800e620                TIM_CCxChannelCmd
 .text          0x0800ecf8     0x14a8 /tmp/cc3po2SP.o
                0x0800ecf8                HAL_TIMEx_HallSensor_Init
                0x0800ee10                HAL_TIMEx_HallSensor_DeInit
                0x0800ee70                HAL_TIMEx_HallSensor_MspInit
                0x0800ee84                HAL_TIMEx_HallSensor_MspDeInit
                0x0800ee98                HAL_TIMEx_HallSensor_Start
                0x0800eec8                HAL_TIMEx_HallSensor_Stop
                0x0800ef18                HAL_TIMEx_HallSensor_Start_IT
                0x0800ef58                HAL_TIMEx_HallSensor_Stop_IT
                0x0800efb8                HAL_TIMEx_HallSensor_Start_DMA
                0x0800f060                HAL_TIMEx_HallSensor_Stop_DMA
                0x0800f0c0                HAL_TIMEx_OCN_Start
                0x0800f104                HAL_TIMEx_OCN_Stop
                0x0800f188                HAL_TIMEx_OCN_Start_IT
                0x0800f268                HAL_TIMEx_OCN_Stop_IT
                0x0800f398                HAL_TIMEx_OCN_Start_DMA
                0x0800f538                HAL_TIMEx_OCN_Stop_DMA
                0x0800f650                HAL_TIMEx_PWMN_Start
                0x0800f694                HAL_TIMEx_PWMN_Stop
                0x0800f718                HAL_TIMEx_PWMN_Start_IT
                0x0800f7f8                HAL_TIMEx_PWMN_Stop_IT
                0x0800f928                HAL_TIMEx_PWMN_Start_DMA
                0x0800fac8                HAL_TIMEx_PWMN_Stop_DMA
                0x0800fbe0                HAL_TIMEx_OnePulseN_Start
                0x0800fc14                HAL_TIMEx_OnePulseN_Stop
                0x0800fc98                HAL_TIMEx_OnePulseN_Start_IT
                0x0800fcec                HAL_TIMEx_OnePulseN_Stop_IT
                0x0800fd90                HAL_TIMEx_ConfigCommutationEvent
                0x0800fe30                HAL_TIMEx_ConfigCommutationEvent_IT
                0x0800fee0                HAL_TIMEx_ConfigCommutationEvent_DMA
                0x0800ffa8                HAL_TIMEx_MasterConfigSynchronization
                0x08010034                HAL_TIMEx_ConfigBreakDeadTime
                0x080100a8                HAL_TIMEx_RemapConfig
                0x080100f0                HAL_TIMEx_CommutationCallback
                0x08010104                HAL_TIMEx_BreakCallback
                0x08010118                HAL_TIMEx_HallSensor_GetState
                0x08010134                TIMEx_DMACommutationCplt
 .text          0x080101a0      0xd4c /tmp/ccjznsdX.o
                0x080101a0                HAL_ADC_Init
                0x080101f4                HAL_ADC_DeInit
                0x0801022c                HAL_ADC_MspInit
                0x08010240                HAL_ADC_MspDeInit
                0x08010254                HAL_ADC_Start
                0x0801032c                HAL_ADC_Stop
                0x0801035c                HAL_ADC_PollForConversion
                0x080103dc                HAL_ADC_PollForEvent
                0x0801046c                HAL_ADC_Start_IT
                0x08010568                HAL_ADC_Stop_IT
                0x080105b8                HAL_ADC_IRQHandler
                0x08010814                HAL_ADC_Start_DMA
                0x080108f4                HAL_ADC_Stop_DMA
                0x08010948                HAL_ADC_GetValue
                0x08010964                HAL_ADC_ConvCpltCallback
                0x08010978                HAL_ADC_ConvHalfCpltCallback
                0x0801098c                HAL_ADC_LevelOutOfWindowCallback
                0x080109a0                HAL_ADC_ErrorCallback
                0x080109b4                HAL_ADC_ConfigChannel
                0x08010bb0                HAL_ADC_AnalogWDGConfig
                0x08010c70                HAL_ADC_GetState
                0x08010c8c                HAL_ADC_GetError
 .text          0x08010eec      0x9a8 /tmp/cc3lptl9.o
                0x08010eec                HAL_ADCEx_InjectedStart
                0x0801102c                HAL_ADCEx_InjectedStart_IT
                0x08011190                HAL_ADCEx_InjectedStop
                0x080111c0                HAL_ADCEx_InjectedPollForConversion
                0x08011240                HAL_ADCEx_InjectedStop_IT
                0x08011290                HAL_ADCEx_InjectedGetValue
                0x08011300                HAL_ADCEx_MultiModeStart_DMA
                0x080113f4                HAL_ADCEx_MultiModeStop_DMA
                0x08011468                HAL_ADCEx_MultiModeGetValue
                0x08011484                HAL_ADCEx_InjectedConvCpltCallback
                0x08011498                HAL_ADCEx_InjectedConfigChannel
                0x08011784                HAL_ADCEx_MultiModeConfigChannel
 .text          0x08011894     0x1ef8 /tmp/cczhf63t.o
                0x08011894                HAL_SPI_Init
                0x08011958                HAL_SPI_DeInit
                0x080119a0                HAL_SPI_MspInit
                0x080119b4                HAL_SPI_MspDeInit
                0x080119c8                HAL_SPI_Transmit
                0x08011c40                HAL_SPI_Receive
                0x08011f4c                HAL_SPI_TransmitReceive
                0x08012400                HAL_SPI_Transmit_IT
                0x08012524                HAL_SPI_Receive_IT
                0x08012658                HAL_SPI_TransmitReceive_IT
                0x08012784                HAL_SPI_Transmit_DMA
                0x080128c4                HAL_SPI_Receive_DMA
                0x08012a30                HAL_SPI_TransmitReceive_DMA
                0x08012c08                HAL_SPI_DMAPause
                0x08012c5c                HAL_SPI_DMAResume
                0x08012cb0                HAL_SPI_DMAStop
                0x08012d10                HAL_SPI_IRQHandler
                0x08012ea4                HAL_SPI_TxCpltCallback
                0x08012eb8                HAL_SPI_RxCpltCallback
                0x08012ecc                HAL_SPI_TxRxCpltCallback
                0x08012ee0                HAL_SPI_TxHalfCpltCallback
                0x08012ef4                HAL_SPI_RxHalfCpltCallback
                0x08012f08                HAL_SPI_TxRxHalfCpltCallback
                0x08012f1c                HAL_SPI_ErrorCallback
                0x08012f30                HAL_SPI_GetState
                0x08012f4c                HAL_SPI_GetError
 .text          0x0801378c     0x31e4 /tmp/ccrcF4oY.o
                0x0801378c                HAL_I2C_Init
                0x08013938                HAL_I2C_DeInit
                0x08013988                HAL_I2C_MspInit
                0x0801399c                HAL_I2C_MspDeInit
                0x080139b0                HAL_I2C_Master_Transmit
                0x08013b18                HAL_I2C_Master_Receive
                0x08013e18                HAL_I2C_Slave_Transmit
                0x08013fb4                HAL_I2C_Slave_Receive
                0x08014134                HAL_I2C_Master_Transmit_IT
                0x08014218                HAL_I2C_Master_Receive_IT
                0x08014388                HAL_I2C_Slave_Transmit_IT
                0x08014434                HAL_I2C_Slave_Receive_IT
                0x080144e0                HAL_I2C_Master_Transmit_DMA
                0x080145f0                HAL_I2C_Master_Receive_DMA
                0x08014728                HAL_I2C_Slave_Transmit_DMA
                0x08014874                HAL_I2C_Slave_Receive_DMA
                0x08014978                HAL_I2C_Mem_Write
                0x08014ad8                HAL_I2C_Mem_Read
                0x08014dd4                HAL_I2C_Mem_Write_IT
                0x08014eb0                HAL_I2C_Mem_Read_IT
                0x0801502c                HAL_I2C_Mem_Write_DMA
                0x08015134                HAL_I2C_Mem_Read_DMA
                0x08015278                HAL_I2C_IsDeviceReady
                0x0801547c                HAL_I2C_EV_IRQHandler
                0x08015760                HAL_I2C_ER_IRQHandler
                0x0801591c                HAL_I2C_MasterTxCpltCallback
                0x08015930                HAL_I2C_MasterRxCpltCallback
                0x08015944                HAL_I2C_SlaveTxCpltCallback
                0x08015958                HAL_I2C_SlaveRxCpltCallback
                0x0801596c                HAL_I2C_MemTxCpltCallback
                0x08015980                HAL_I2C_MemRxCpltCallback
                0x08015994                HAL_I2C_ErrorCallback
                0x080159a8                HAL_I2C_GetState
                0x080159c4                HAL_I2C_GetError
 .text          0x08016970      0x2e4 /tmp/ccFuZ2Wv.o
                0x080169a8                main
                0x08016a94                HAL_UART_RxCpltCallback
                0x08016b4c                vApplicationStackOverflowHook
                0x08016b58                vApplicationIdleHook
                0x08016b68                vApplicationTickHook
                0x08016b78                tracking
 .text          0x08016c54      0x448 /tmp/ccncIiuw.o
                0x08016c54                HAL_MspInit
                0x08016cb8                HAL_UARTCOM_MspInit
                0x08016d14                HAL_UARTZIGBEE_MspInit
                0x08016d64                HAL_Encoder_Timer1_MspInit
                0x08016dd4                HAL_Encoder_Timer2_MspInit
                0x08016e44                HAL_GPIO_BUTTON_MspInit
                0x08016e84                HAL_GPIO_LED_MspInit
                0x08016eb0                HAL_GPIO_CHECK_PERIOD_MspInit
                0x08016edc                HAL_PWM_Timer3_MspInit
                0x08016f1c                HAL_PWM_Timer4_MspInit
                0x08016f88                HAL_i2c_MspInit
                0x08016fec                HAL_tickTimer_MspInit
                0x08017014                HAL_spi_MspInit
                0x08017054                HAL_adcir_MspInit
                0x0801708c                HAL_MspDeInit
 .text          0x0801709c      0x100 /tmp/cctcp0Tj.o
                0x0801709c                NMI_Handler
                0x080170ac                HardFault_Handler
                0x080170b4                MemManage_Handler
                0x080170bc                BusFault_Handler
                0x080170c4                UsageFault_Handler
                0x080170cc                DebugMon_Handler
                0x080170dc                SysTick_Handler
                0x080170f8                OTG_FS_IRQHandler
                0x08017108                TIM5_IRQHandler
                0x0801711c                EXTI0_IRQHandler
                0x0801712c                EXTI1_IRQHandler
                0x0801713c                I2C1_EV_IRQHandler
                0x08017150                I2C1_ER_IRQHandler
                0x08017164                EXTI15_10_IRQHandler
                0x08017174                USART2_IRQHandler
                0x08017188                USART6_IRQHandler
 .text          0x0801719c      0x168 /tmp/cchPWGnb.o
                0x0801719c                SystemInit
                0x08017208                SystemCoreClockUpdate
 .text          0x08017304      0x2d8 /tmp/ccvdsPw4.o
                0x08017304                _sbrk
                0x08017374                _gettimeofday
                0x080173a0                initialise_monitor_handles
                0x080173b0                _getpid
                0x080173c0                _kill
                0x080173e4                _exit
                0x080173f8                _write
                0x08017430                _close
                0x08017448                _fstat
                0x08017468                _isatty
                0x08017480                _lseek
                0x0801749c                _read
                0x080174d8                _open
                0x080174f4                _wait
                0x08017518                _unlink
                0x0801753c                _times
                0x08017554                _stat
                0x08017574                _link
                0x08017598                _fork
                0x080175b4                _execve
 .text          0x080175dc       0x8c /tmp/cclZfCa3.o
                0x080175dc                SystemClock_Config
 .text          0x08017668       0x78 /tmp/ccpAAC24.o
                0x08017668                tickTimerInit
                0x080176c4                HAL_TIM_PeriodElapsedCallback
 .text          0x080176e0       0xec /tmp/ccDULLab.o
                0x080176e0                captDistIR_Init
                0x08017744                captDistIR_Get
 *fill*         0x080177cc        0x4 
 .text          0x080177d0      0x42c /tmp/ccINxDpf.o
                0x080177d0                num2str
                0x080178d8                str2num
                0x08017964                reverse
                0x080179c0                intToStr
                0x08017a50                float2str
                0x08017af0                myPow
                0x08017b84                flush_ch
                0x08017bbc                size_ch
 .text          0x08017bfc      0x100 /tmp/ccfhnhFm.o
                0x08017bfc                motorCommand_Init
                0x08017cb8                motorLeft_SetDuty
                0x08017cd8                motorRight_SetDuty
 .text          0x08017cfc      0x438 /tmp/ccEUt4Yy.o
                0x08017cfc                quadEncoder_Init
                0x08017de4                quadEncoder_PosCalcL
                0x08017e2c                quadEncoder_PosCalcR
                0x08017e74                quadEncoder_GetPos16L
                0x08017eb8                quadEncoder_GetPos16R
                0x08017efc                quadEncoder_GetPos32L
                0x08017f2c                quadEncoder_GetPos32R
                0x08017f5c                quadEncoder_GetSpeedL
                0x08017ffc                quadEncoder_GetSpeedR
                0x0801809c                quadEncoder_CallbackIndexL
                0x080180e8                quadEncoder_CallbackIndexR
 .text          0x08018134      0x148 /tmp/ccvQwM9S.o
                0x08018134                servoCommand_Init
                0x080181f0                servoHigh_Set
                0x0801821c                servoLow_Set
                0x0801824c                servoHigh_Get
                0x08018264                servoLow_Get
 .text          0x0801827c      0x428 /tmp/ccc7s0Hg.o
                0x0801827c                pixyCam_Init
                0x08018298                pixyCam_Test
                0x08018328                pixyCam_Get
                0x0801847c                pixyCam_GetStart
                0x08018500                pixyCam_GetBlocks
                0x0801863c                pixyCam_SetBrightness
                0x08018668                pixyCam_SetLED
 .text          0x080186a4      0x504 /tmp/ccDWmph0.o
                0x080186a4                i2c1_Init
                0x080186f8                i2c1_WriteBuffer
                0x0801872c                i2c1_ReadBuffer
                0x08018760                i2c1_ReadRegBuffer
                0x080187c4                i2c1_WriteRegBuffer
                0x08018818                i2c1_WriteRegByte_IT
                0x08018864                i2c1_ReadRegBuffer_IT
                0x080188cc                i2c1_WriteReg16Byte
                0x08018918                i2c1_WriteReg16Word16
                0x08018970                i2c1_WriteReg16Word32
                0x080189d4                i2c1_ReadReg16Byte
                0x08018a40                i2c1_ReadReg16Word16
                0x08018abc                i2c1_ReadReg16Word32
                0x08018b3c                i2c1_ReadReg16Buffer
 .text          0x08018ba8      0xe30 /tmp/ccKYKYNM.o
                0x08018ba8                uart2_Init
                0x08018c00                uart6_Init
                0x08018c58                uart_Write
                0x08018c80                put_char
                0x08018ca4                putchar_stlink
                0x08018cc8                putchar_zigbee
                0x08018cec                put_string
                0x08018d18                put_string_stlink
                0x08018d44                put_string_zigbee
                0x08018d70                term_printf
                0x080191a8                term_printf_stlink
                0x080195c0                term_printf_zigbee
 .text          0x080199d8       0x94 /tmp/ccFuFnHD.o
                0x080199d8                spi1Init
                0x08019a3c                spi1Transfer
 .text          0x08019a6c       0x48 /tmp/ccMgBiiA.o
                0x08019a6c                HAL_GPIO_EXTI_Callback
 .text          0x08019ab4      0x16c /tmp/cc0KQbtv.o
                0x08019ab4                vListInitialise
                0x08019af4                vListInitialiseItem
                0x08019b10                vListInsertEnd
                0x08019b58                vListInsert
                0x08019bcc                uxListRemove
 .text          0x08019c20      0xc50 /tmp/ccrdzVpy.o
                0x08019c20                xQueueGenericReset
                0x08019cd0                xQueueGenericCreate
                0x08019d54                xQueueCreateMutex
                0x08019de4                xQueueGiveMutexRecursive
                0x08019e3c                xQueueTakeMutexRecursive
                0x08019e9c                xQueueCreateCountingSemaphore
                0x08019ef0                xQueueGenericSend
                0x0801a078                xQueueGenericSendFromISR
                0x0801a160                xQueueGenericReceive
                0x0801a318                xQueueReceiveFromISR
                0x0801a3cc                xQueuePeekFromISR
                0x0801a444                uxQueueMessagesWaiting
                0x0801a470                uxQueueSpacesAvailable
                0x0801a4a8                uxQueueMessagesWaitingFromISR
                0x0801a4cc                vQueueDelete
                0x0801a50c                uxQueueGetQueueNumber
                0x0801a524                vQueueSetQueueNumber
                0x0801a540                ucQueueGetQueueType
                0x0801a744                xQueueIsQueueEmptyFromISR
                0x0801a7a4                xQueueIsQueueFullFromISR
                0x0801a7d8                vQueueAddToRegistry
                0x0801a828                vQueueUnregisterQueue
 .text          0x0801a870     0x16d0 /tmp/ccSVdH4F.o
                0x0801a870                xTaskGenericCreate
                0x0801a9d4                vTaskDelete
                0x0801aabc                vTaskDelay
                0x0801ab44                uxTaskPriorityGet
                0x0801ab78                vTaskPrioritySet
                0x0801acb4                vTaskSuspend
                0x0801ae0c                vTaskResume
                0x0801aea8                xTaskResumeFromISR
                0x0801af60                vTaskStartScheduler
                0x0801afc4                vTaskEndScheduler
                0x0801afe0                vTaskSuspendAll
                0x0801affc                xTaskResumeAll
                0x0801b104                xTaskGetTickCount
                0x0801b128                xTaskGetTickCountFromISR
                0x0801b154                uxTaskGetNumberOfTasks
                0x0801b16c                uxTaskGetSystemState
                0x0801b260                xTaskIncrementTick
                0x0801b3dc                vTaskSwitchContext
                0x0801b4a0                vTaskPlaceOnEventList
                0x0801b530                vTaskPlaceOnUnorderedEventList
                0x0801b5e0                xTaskRemoveFromEventList
                0x0801b694                xTaskRemoveFromUnorderedEventList
                0x0801b744                vTaskSetTimeOutState
                0x0801b778                xTaskCheckForTimeOut
                0x0801b818                vTaskMissedYield
                0x0801b830                uxTaskGetTaskNumber
                0x0801b85c                vTaskSetTaskNumber
                0x0801bcc8                xTaskGetCurrentTaskHandle
                0x0801bce8                xTaskGetSchedulerState
                0x0801bd24                vTaskPriorityInherit
                0x0801be10                xTaskPriorityDisinherit
                0x0801bee8                uxTaskResetEventItemValue
                0x0801bf18                pvTaskIncrementMutexHeldCount
 .text          0x0801bf40      0x394 /tmp/ccNl7mYM.o
                0x0801bf40                pxPortInitialiseStack
                0x0801bfc4                SVC_Handler
                0x0801c004                xPortStartScheduler
                0x0801c0d4                vPortEndScheduler
                0x0801c0f0                vPortYield
                0x0801c114                vPortEnterCritical
                0x0801c154                vPortExitCritical
                0x0801c188                ulPortSetInterruptMask
                0x0801c19c                vPortClearInterruptMask
                0x0801c1a4                PendSV_Handler
                0x0801c200                xPortSysTickHandler
                0x0801c228                vPortSetupTimerInterrupt
                0x0801c270                vPortValidateInterruptPriority
 .text          0x0801c2d4       0xdc /tmp/ccdJevAO.o
                0x0801c2d4                pvPortMalloc
                0x0801c360                vPortFree
                0x0801c37c                vPortInitialiseBlocks
                0x0801c394                xPortGetFreeHeapSize
 .text          0x0801c3b0      0x370 /local/sdk_elec/gcc-arm-none-eabi-5_2-2015q4/bin/../lib/gcc/arm-none-eabi/5.2.1/armv7e-m/fpu/libgcc.a(_arm_addsubdf3.o)
                0x0801c3b0                __aeabi_drsub
                0x0801c3b8                __aeabi_dsub
                0x0801c3b8                __subdf3
                0x0801c3bc                __adddf3
                0x0801c3bc                __aeabi_dadd
                0x0801c634                __aeabi_ui2d
                0x0801c634                __floatunsidf
                0x0801c654                __floatsidf
                0x0801c654                __aeabi_i2d
                0x0801c678                __extendsfdf2
                0x0801c678                __aeabi_f2d
                0x0801c6b4                __aeabi_ul2d
                0x0801c6b4                __floatundidf
                0x0801c6c4                __floatdidf
                0x0801c6c4                __aeabi_l2d
 .text          0x0801c720      0x424 /local/sdk_elec/gcc-arm-none-eabi-5_2-2015q4/bin/../lib/gcc/arm-none-eabi/5.2.1/armv7e-m/fpu/libgcc.a(_arm_muldivdf3.o)
                0x0801c720                __aeabi_dmul
                0x0801c720                __muldf3
                0x0801c974                __aeabi_ddiv
                0x0801c974                __divdf3
 .text          0x0801cb44       0xa0 /local/sdk_elec/gcc-arm-none-eabi-5_2-2015q4/bin/../lib/gcc/arm-none-eabi/5.2.1/armv7e-m/fpu/libgcc.a(_arm_truncdfsf2.o)
                0x0801cb44                __aeabi_d2f
                0x0801cb44                __truncdfsf2
 .text          0x0801cbe4      0x134 /local/sdk_elec/gcc-arm-none-eabi-5_2-2015q4/bin/../lib/gcc/arm-none-eabi/5.2.1/../../../../arm-none-eabi/lib/armv7e-m/fpu/libg.a(lib_a-memcpy.o)
                0x0801cbe4                memcpy
 *(.text*)
 .text.__libc_init_array
                0x0801cd18       0x50 /local/sdk_elec/gcc-arm-none-eabi-5_2-2015q4/bin/../lib/gcc/arm-none-eabi/5.2.1/../../../../arm-none-eabi/lib/armv7e-m/fpu/libc.a(lib_a-init.o)
                0x0801cd18                __libc_init_array
 .text.memset   0x0801cd68       0x9c /local/sdk_elec/gcc-arm-none-eabi-5_2-2015q4/bin/../lib/gcc/arm-none-eabi/5.2.1/../../../../arm-none-eabi/lib/armv7e-m/fpu/libc.a(lib_a-memset.o)
                0x0801cd68                memset
 .text.startup.register_fini
                0x0801ce04       0x14 /local/sdk_elec/gcc-arm-none-eabi-5_2-2015q4/bin/../lib/gcc/arm-none-eabi/5.2.1/../../../../arm-none-eabi/lib/armv7e-m/fpu/libc.a(lib_a-__call_atexit.o)
 .text.atexit   0x0801ce18        0xc /local/sdk_elec/gcc-arm-none-eabi-5_2-2015q4/bin/../lib/gcc/arm-none-eabi/5.2.1/../../../../arm-none-eabi/lib/armv7e-m/fpu/libc.a(lib_a-atexit.o)
                0x0801ce18                atexit
 .text.__libc_fini_array
                0x0801ce24       0x28 /local/sdk_elec/gcc-arm-none-eabi-5_2-2015q4/bin/../lib/gcc/arm-none-eabi/5.2.1/../../../../arm-none-eabi/lib/armv7e-m/fpu/libc.a(lib_a-fini.o)
                0x0801ce24                __libc_fini_array
 .text.__register_exitproc
                0x0801ce4c       0xa4 /local/sdk_elec/gcc-arm-none-eabi-5_2-2015q4/bin/../lib/gcc/arm-none-eabi/5.2.1/../../../../arm-none-eabi/lib/armv7e-m/fpu/libc.a(lib_a-__atexit.o)
                0x0801ce4c                __register_exitproc
 .text.Reset_Handler
                0x0801cef0       0x50 /tmp/ccxd7KE6.o
                0x0801cef0                Reset_Handler
 .text.Default_Handler
                0x0801cf40        0x2 /tmp/ccxd7KE6.o
                0x0801cf40                RTC_Alarm_IRQHandler
                0x0801cf40                EXTI2_IRQHandler
                0x0801cf40                SPI4_IRQHandler
                0x0801cf40                TIM1_CC_IRQHandler
                0x0801cf40                DMA2_Stream5_IRQHandler
                0x0801cf40                DMA1_Stream5_IRQHandler
                0x0801cf40                PVD_IRQHandler
                0x0801cf40                SDIO_IRQHandler
                0x0801cf40                TAMP_STAMP_IRQHandler
                0x0801cf40                EXTI3_IRQHandler
                0x0801cf40                TIM1_UP_TIM10_IRQHandler
                0x0801cf40                I2C3_ER_IRQHandler
                0x0801cf40                I2C2_EV_IRQHandler
                0x0801cf40                DMA1_Stream2_IRQHandler
                0x0801cf40                FPU_IRQHandler
                0x0801cf40                DMA2_Stream2_IRQHandler
                0x0801cf40                SPI1_IRQHandler
                0x0801cf40                TIM1_BRK_TIM9_IRQHandler
                0x0801cf40                DMA2_Stream3_IRQHandler
                0x0801cf40                DMA2_Stream0_IRQHandler
                0x0801cf40                TIM4_IRQHandler
                0x0801cf40                DMA1_Stream6_IRQHandler
                0x0801cf40                DMA1_Stream1_IRQHandler
                0x0801cf40                TIM3_IRQHandler
                0x0801cf40                RCC_IRQHandler
                0x0801cf40                Default_Handler
                0x0801cf40                ADC_IRQHandler
                0x0801cf40                DMA1_Stream7_IRQHandler
                0x0801cf40                SPI5_IRQHandler
                0x0801cf40                DMA2_Stream7_IRQHandler
                0x0801cf40                I2C3_EV_IRQHandler
                0x0801cf40                EXTI9_5_IRQHandler
                0x0801cf40                RTC_WKUP_IRQHandler
                0x0801cf40                SPI2_IRQHandler
                0x0801cf40                DMA1_Stream0_IRQHandler
                0x0801cf40                EXTI4_IRQHandler
                0x0801cf40                WWDG_IRQHandler
                0x0801cf40                TIM2_IRQHandler
                0x0801cf40                OTG_FS_WKUP_IRQHandler
                0x0801cf40                TIM1_TRG_COM_TIM11_IRQHandler
                0x0801cf40                I2C2_ER_IRQHandler
                0x0801cf40                DMA2_Stream1_IRQHandler
                0x0801cf40                FLASH_IRQHandler
                0x0801cf40                DMA2_Stream4_IRQHandler
                0x0801cf40                USART1_IRQHandler
                0x0801cf40                SPI3_IRQHandler
                0x0801cf40                DMA1_Stream4_IRQHandler
                0x0801cf40                DMA2_Stream6_IRQHandler
                0x0801cf40                DMA1_Stream3_IRQHandler
 *fill*         0x0801cf42        0x2 
 .text.malloc   0x0801cf44       0x10 /local/sdk_elec/gcc-arm-none-eabi-5_2-2015q4/bin/../lib/gcc/arm-none-eabi/5.2.1/../../../../arm-none-eabi/lib/armv7e-m/fpu/libg.a(lib_a-malloc.o)
                0x0801cf44                malloc
 .text._malloc_r
                0x0801cf54      0x570 /local/sdk_elec/gcc-arm-none-eabi-5_2-2015q4/bin/../lib/gcc/arm-none-eabi/5.2.1/../../../../arm-none-eabi/lib/armv7e-m/fpu/libg.a(lib_a-mallocr.o)
                0x0801cf54                _malloc_r
 .text.__malloc_lock
                0x0801d4c4        0x4 /local/sdk_elec/gcc-arm-none-eabi-5_2-2015q4/bin/../lib/gcc/arm-none-eabi/5.2.1/../../../../arm-none-eabi/lib/armv7e-m/fpu/libg.a(lib_a-mlock.o)
                0x0801d4c4                __malloc_lock
 .text.__malloc_unlock
                0x0801d4c8        0x4 /local/sdk_elec/gcc-arm-none-eabi-5_2-2015q4/bin/../lib/gcc/arm-none-eabi/5.2.1/../../../../arm-none-eabi/lib/armv7e-m/fpu/libg.a(lib_a-mlock.o)
                0x0801d4c8                __malloc_unlock
 .text._sbrk_r  0x0801d4cc       0x24 /local/sdk_elec/gcc-arm-none-eabi-5_2-2015q4/bin/../lib/gcc/arm-none-eabi/5.2.1/../../../../arm-none-eabi/lib/armv7e-m/fpu/libg.a(lib_a-sbrkr.o)
                0x0801d4cc                _sbrk_r
 .text._malloc_trim_r
                0x0801d4f0       0x9c /local/sdk_elec/gcc-arm-none-eabi-5_2-2015q4/bin/../lib/gcc/arm-none-eabi/5.2.1/../../../../arm-none-eabi/lib/armv7e-m/fpu/libg.a(lib_a-freer.o)
                0x0801d4f0                _malloc_trim_r
 .text._free_r  0x0801d58c      0x1d0 /local/sdk_elec/gcc-arm-none-eabi-5_2-2015q4/bin/../lib/gcc/arm-none-eabi/5.2.1/../../../../arm-none-eabi/lib/armv7e-m/fpu/libg.a(lib_a-freer.o)
                0x0801d58c                _free_r
 *(.glue_7)
 .glue_7        0x0801d75c        0x0 linker stubs
 *(.glue_7t)
 .glue_7t       0x0801d75c        0x0 linker stubs
 *(.eh_frame)
 .eh_frame      0x0801d75c        0x0 /local/sdk_elec/gcc-arm-none-eabi-5_2-2015q4/bin/../lib/gcc/arm-none-eabi/5.2.1/armv7e-m/fpu/crtbegin.o
 *(.init)
 .init          0x0801d75c        0x4 /local/sdk_elec/gcc-arm-none-eabi-5_2-2015q4/bin/../lib/gcc/arm-none-eabi/5.2.1/armv7e-m/fpu/crti.o
                0x0801d75c                _init
 .init          0x0801d760        0x8 /local/sdk_elec/gcc-arm-none-eabi-5_2-2015q4/bin/../lib/gcc/arm-none-eabi/5.2.1/armv7e-m/fpu/crtn.o
 *(.fini)
 .fini          0x0801d768        0x4 /local/sdk_elec/gcc-arm-none-eabi-5_2-2015q4/bin/../lib/gcc/arm-none-eabi/5.2.1/armv7e-m/fpu/crti.o
                0x0801d768                _fini
 .fini          0x0801d76c        0x8 /local/sdk_elec/gcc-arm-none-eabi-5_2-2015q4/bin/../lib/gcc/arm-none-eabi/5.2.1/armv7e-m/fpu/crtn.o
                0x0801d774                . = ALIGN (0x4)
                0x0801d774                _etext = .

.vfp11_veneer   0x0801d774        0x0
 .vfp11_veneer  0x0801d774        0x0 linker stubs

.v4_bx          0x0801d774        0x0
 .v4_bx         0x0801d774        0x0 linker stubs

.iplt           0x0801d774        0x0
 .iplt          0x0801d774        0x0 /local/sdk_elec/gcc-arm-none-eabi-5_2-2015q4/bin/../lib/gcc/arm-none-eabi/5.2.1/armv7e-m/fpu/crtbegin.o

.rodata         0x0801d774       0xb8
                0x0801d774                . = ALIGN (0x4)
 *(.rodata)
 .rodata        0x0801d774       0x10 /tmp/ccF0A0pH.o
                0x0801d774                APBAHBPrescTable
 .rodata        0x0801d784       0x26 /tmp/ccFuZ2Wv.o
 *fill*         0x0801d7aa        0x2 
 .rodata        0x0801d7ac       0x6d /tmp/ccc7s0Hg.o
 *fill*         0x0801d819        0x3 
 .rodata        0x0801d81c        0x5 /tmp/ccSVdH4F.o
 *(.rodata*)
 *fill*         0x0801d821        0x3 
 .rodata.str1.4
                0x0801d824        0x4 /local/sdk_elec/gcc-arm-none-eabi-5_2-2015q4/bin/../lib/gcc/arm-none-eabi/5.2.1/../../../../arm-none-eabi/lib/armv7e-m/fpu/libc.a(lib_a-impure.o)
                                  0x2 (size before relaxing)
 .rodata._global_impure_ptr
                0x0801d828        0x4 /local/sdk_elec/gcc-arm-none-eabi-5_2-2015q4/bin/../lib/gcc/arm-none-eabi/5.2.1/../../../../arm-none-eabi/lib/armv7e-m/fpu/libc.a(lib_a-impure.o)
                0x0801d828                _global_impure_ptr
                0x0801d82c                . = ALIGN (0x4)

.rel.dyn        0x0801d82c        0x0
 .rel.iplt      0x0801d82c        0x0 /local/sdk_elec/gcc-arm-none-eabi-5_2-2015q4/bin/../lib/gcc/arm-none-eabi/5.2.1/armv7e-m/fpu/crtbegin.o

.ARM.extab
 *(.ARM.extab* .gnu.linkonce.armextab.*)

.ARM            0x0801d82c        0x0
                0x0801d82c                __exidx_start = .
 *(.ARM.exidx*)
                0x0801d82c                __exidx_end = .

.preinit_array  0x0801d82c        0x0
                0x0801d82c                PROVIDE (__preinit_array_start, .)
 *(.preinit_array*)
                0x0801d82c                PROVIDE (__preinit_array_end, .)

.init_array     0x0801d82c        0x8
                0x0801d82c                PROVIDE (__init_array_start, .)
 *(SORT(.init_array.*))
 .init_array.00000
                0x0801d82c        0x4 /local/sdk_elec/gcc-arm-none-eabi-5_2-2015q4/bin/../lib/gcc/arm-none-eabi/5.2.1/../../../../arm-none-eabi/lib/armv7e-m/fpu/libc.a(lib_a-__call_atexit.o)
 *(.init_array*)
 .init_array    0x0801d830        0x4 /local/sdk_elec/gcc-arm-none-eabi-5_2-2015q4/bin/../lib/gcc/arm-none-eabi/5.2.1/armv7e-m/fpu/crtbegin.o
                0x0801d834                PROVIDE (__init_array_end, .)

.fini_array     0x0801d834        0x4
                0x0801d834                PROVIDE (__fini_array_start, .)
 *(SORT(.fini_array.*))
 *(.fini_array*)
 .fini_array    0x0801d834        0x4 /local/sdk_elec/gcc-arm-none-eabi-5_2-2015q4/bin/../lib/gcc/arm-none-eabi/5.2.1/armv7e-m/fpu/crtbegin.o
                0x0801d838                PROVIDE (__fini_array_end, .)
                0x0801d838                _sidata = LOADADDR (.data)

.data           0x20000000      0x874 load address 0x0801d838
                0x20000000                . = ALIGN (0x4)
                0x20000000                _sdata = .
 *(.data)
 .data          0x20000000       0x14 /tmp/cchPWGnb.o
                0x20000000                SystemCoreClock
                0x20000004                AHBPrescTable
 .data          0x20000014       0x11 /tmp/ccINxDpf.o
 *fill*         0x20000025        0x3 
 .data          0x20000028        0x8 /tmp/ccvQwM9S.o
 .data          0x20000030        0x4 /tmp/ccSVdH4F.o
 .data          0x20000034        0x4 /tmp/ccNl7mYM.o
 *(.data*)
 .data.impure_data
                0x20000038      0x428 /local/sdk_elec/gcc-arm-none-eabi-5_2-2015q4/bin/../lib/gcc/arm-none-eabi/5.2.1/../../../../arm-none-eabi/lib/armv7e-m/fpu/libc.a(lib_a-impure.o)
 .data._impure_ptr
                0x20000460        0x4 /local/sdk_elec/gcc-arm-none-eabi-5_2-2015q4/bin/../lib/gcc/arm-none-eabi/5.2.1/../../../../arm-none-eabi/lib/armv7e-m/fpu/libc.a(lib_a-impure.o)
                0x20000460                _impure_ptr
 .data.__malloc_av_
                0x20000464      0x408 /local/sdk_elec/gcc-arm-none-eabi-5_2-2015q4/bin/../lib/gcc/arm-none-eabi/5.2.1/../../../../arm-none-eabi/lib/armv7e-m/fpu/libg.a(lib_a-mallocr.o)
                0x20000464                __malloc_av_
 .data.__malloc_trim_threshold
                0x2000086c        0x4 /local/sdk_elec/gcc-arm-none-eabi-5_2-2015q4/bin/../lib/gcc/arm-none-eabi/5.2.1/../../../../arm-none-eabi/lib/armv7e-m/fpu/libg.a(lib_a-mallocr.o)
                0x2000086c                __malloc_trim_threshold
 .data.__malloc_sbrk_base
                0x20000870        0x4 /local/sdk_elec/gcc-arm-none-eabi-5_2-2015q4/bin/../lib/gcc/arm-none-eabi/5.2.1/../../../../arm-none-eabi/lib/armv7e-m/fpu/libg.a(lib_a-mallocr.o)
                0x20000870                __malloc_sbrk_base
                0x20000874                . = ALIGN (0x4)
                0x20000874                _edata = .

.jcr            0x20000874        0x0 load address 0x0801e0ac
 .jcr           0x20000874        0x0 /local/sdk_elec/gcc-arm-none-eabi-5_2-2015q4/bin/../lib/gcc/arm-none-eabi/5.2.1/armv7e-m/fpu/crtbegin.o

.tm_clone_table
                0x20000874        0x0 load address 0x0801e0ac
 .tm_clone_table
                0x20000874        0x0 /local/sdk_elec/gcc-arm-none-eabi-5_2-2015q4/bin/../lib/gcc/arm-none-eabi/5.2.1/armv7e-m/fpu/crtbegin.o
 .tm_clone_table
                0x20000874        0x0 /local/sdk_elec/gcc-arm-none-eabi-5_2-2015q4/bin/../lib/gcc/arm-none-eabi/5.2.1/armv7e-m/fpu/crtend.o

.igot.plt       0x20000874        0x0 load address 0x0801e0ac
 .igot.plt      0x20000874        0x0 /local/sdk_elec/gcc-arm-none-eabi-5_2-2015q4/bin/../lib/gcc/arm-none-eabi/5.2.1/armv7e-m/fpu/crtbegin.o
                0x20000874                . = ALIGN (0x4)

.bss            0x20000874     0x55fc load address 0x0801e0ac
                0x20000874                _sbss = .
                0x20000874                __bss_start__ = _sbss
 *(.bss)
 .bss           0x20000874       0x1c /local/sdk_elec/gcc-arm-none-eabi-5_2-2015q4/bin/../lib/gcc/arm-none-eabi/5.2.1/armv7e-m/fpu/crtbegin.o
 .bss           0x20000890        0x4 /tmp/cc6ML30q.o
 .bss           0x20000894       0x14 /tmp/ccFuZ2Wv.o
                0x20000894                xSemaphore
                0x20000898                qh
                0x2000089c                cam_cmd_x
                0x200008a0                cam_cmd_y
                0x200008a4                led
 .bss           0x200008a8        0x4 /tmp/ccvdsPw4.o
 .bss           0x200008ac       0x58 /tmp/ccfhnhFm.o
 .bss           0x20000904       0x1e /tmp/ccEUt4Yy.o
                0x20000904                indexL
 *fill*         0x20000922        0x2 
 .bss           0x20000924       0x58 /tmp/ccvQwM9S.o
 .bss           0x2000097c       0x50 /tmp/ccc7s0Hg.o
 .bss           0x200009cc        0x6 /tmp/ccKYKYNM.o
                0x200009cc                rec_buf2
                0x200009d0                rec_buf6
 *fill*         0x200009d2        0x2 
 .bss           0x200009d4      0x124 /tmp/ccSVdH4F.o
                0x200009d4                pxCurrentTCB
 .bss           0x20000af8        0x8 /tmp/ccNl7mYM.o
 .bss           0x20000b00     0x5008 /tmp/ccdJevAO.o
 *(.bss*)
 .bss.__malloc_max_total_mem
                0x20005b08        0x4 /local/sdk_elec/gcc-arm-none-eabi-5_2-2015q4/bin/../lib/gcc/arm-none-eabi/5.2.1/../../../../arm-none-eabi/lib/armv7e-m/fpu/libg.a(lib_a-mallocr.o)
                0x20005b08                __malloc_max_total_mem
 .bss.__malloc_max_sbrked_mem
                0x20005b0c        0x4 /local/sdk_elec/gcc-arm-none-eabi-5_2-2015q4/bin/../lib/gcc/arm-none-eabi/5.2.1/../../../../arm-none-eabi/lib/armv7e-m/fpu/libg.a(lib_a-mallocr.o)
                0x20005b0c                __malloc_max_sbrked_mem
 .bss.__malloc_top_pad
                0x20005b10        0x4 /local/sdk_elec/gcc-arm-none-eabi-5_2-2015q4/bin/../lib/gcc/arm-none-eabi/5.2.1/../../../../arm-none-eabi/lib/armv7e-m/fpu/libg.a(lib_a-mallocr.o)
                0x20005b10                __malloc_top_pad
 .bss.__malloc_current_mallinfo
                0x20005b14       0x28 /local/sdk_elec/gcc-arm-none-eabi-5_2-2015q4/bin/../lib/gcc/arm-none-eabi/5.2.1/../../../../arm-none-eabi/lib/armv7e-m/fpu/libg.a(lib_a-mallocr.o)
                0x20005b14                __malloc_current_mallinfo
 *(COMMON)
 COMMON         0x20005b3c       0x8c /tmp/ccFuZ2Wv.o
                0x20005b3c                Uart6Handle
                0x20005b7c                Uart2Handle
                0x20005bbc                dist_IR
                0x20005bc4                consigne
 COMMON         0x20005bc8       0x3c /tmp/ccpAAC24.o
                0x20005bc8                TimHandle_period
 COMMON         0x20005c04       0xdc /tmp/ccDULLab.o
                0x20005c04                adcHandle_12
                0x20005c48                adcHandle
                0x20005c8c                sConfig
                0x20005c9c                adcHandle_13
 COMMON         0x20005ce0       0x78 /tmp/ccEUt4Yy.o
                0x20005ce0                TimEncoderHandleRight
                0x20005d1c                TimEncoderHandleLeft
 COMMON         0x20005d58       0x3c /tmp/ccDWmph0.o
                0x20005d58                hi2c1
 COMMON         0x20005d94       0x40 /tmp/ccKYKYNM.o
                0x20005d94                string
 COMMON         0x20005dd4       0x58 /tmp/ccFuFnHD.o
                0x20005dd4                SpiHandle
 COMMON         0x20005e2c       0x40 /tmp/ccrdzVpy.o
                0x20005e2c                xQueueRegistry
 COMMON         0x20005e6c        0x4 /local/sdk_elec/gcc-arm-none-eabi-5_2-2015q4/bin/../lib/gcc/arm-none-eabi/5.2.1/../../../../arm-none-eabi/lib/armv7e-m/fpu/libg.a(lib_a-reent.o)
                0x20005e6c                errno
                0x20005e70                . = ALIGN (0x4)
                0x20005e70                _ebss = .
                0x20005e70                __bss_end__ = _ebss

._user_heap_stack
                0x20005e70      0x400 load address 0x0801e0ac
                0x20005e70                . = ALIGN (0x4)
                [!provide]                PROVIDE (end, .)
                [!provide]                PROVIDE (_end, .)
                0x20006070                . = (. + _Min_Heap_Size)
 *fill*         0x20005e70      0x200 
                0x20006270                . = (. + _Min_Stack_Size)
 *fill*         0x20006070      0x200 
                0x20006270                . = ALIGN (0x4)

/DISCARD/
 libc.a(*)
 libm.a(*)
 libgcc.a(*)

.ARM.attributes
                0x00000000       0x30
 *(.ARM.attributes)
 .ARM.attributes
                0x00000000       0x22 /local/sdk_elec/gcc-arm-none-eabi-5_2-2015q4/bin/../lib/gcc/arm-none-eabi/5.2.1/armv7e-m/fpu/crti.o
 .ARM.attributes
                0x00000022       0x34 /local/sdk_elec/gcc-arm-none-eabi-5_2-2015q4/bin/../lib/gcc/arm-none-eabi/5.2.1/armv7e-m/fpu/crtbegin.o
 .ARM.attributes
                0x00000056       0x34 /local/sdk_elec/gcc-arm-none-eabi-5_2-2015q4/bin/../lib/gcc/arm-none-eabi/5.2.1/../../../../arm-none-eabi/lib/armv7e-m/fpu/libc.a(lib_a-impure.o)
 .ARM.attributes
                0x0000008a       0x34 /local/sdk_elec/gcc-arm-none-eabi-5_2-2015q4/bin/../lib/gcc/arm-none-eabi/5.2.1/../../../../arm-none-eabi/lib/armv7e-m/fpu/libc.a(lib_a-init.o)
 .ARM.attributes
                0x000000be       0x34 /local/sdk_elec/gcc-arm-none-eabi-5_2-2015q4/bin/../lib/gcc/arm-none-eabi/5.2.1/../../../../arm-none-eabi/lib/armv7e-m/fpu/libc.a(lib_a-memset.o)
 .ARM.attributes
                0x000000f2       0x34 /local/sdk_elec/gcc-arm-none-eabi-5_2-2015q4/bin/../lib/gcc/arm-none-eabi/5.2.1/../../../../arm-none-eabi/lib/armv7e-m/fpu/libc.a(lib_a-__call_atexit.o)
 .ARM.attributes
                0x00000126       0x34 /local/sdk_elec/gcc-arm-none-eabi-5_2-2015q4/bin/../lib/gcc/arm-none-eabi/5.2.1/../../../../arm-none-eabi/lib/armv7e-m/fpu/libc.a(lib_a-atexit.o)
 .ARM.attributes
                0x0000015a       0x34 /local/sdk_elec/gcc-arm-none-eabi-5_2-2015q4/bin/../lib/gcc/arm-none-eabi/5.2.1/../../../../arm-none-eabi/lib/armv7e-m/fpu/libc.a(lib_a-fini.o)
 .ARM.attributes
                0x0000018e       0x34 /local/sdk_elec/gcc-arm-none-eabi-5_2-2015q4/bin/../lib/gcc/arm-none-eabi/5.2.1/../../../../arm-none-eabi/lib/armv7e-m/fpu/libc.a(lib_a-__atexit.o)
 .ARM.attributes
                0x000001c2       0x39 /tmp/cc6ML30q.o
 .ARM.attributes
                0x000001fb       0x39 /tmp/ccF0A0pH.o
 .ARM.attributes
                0x00000234       0x39 /tmp/cc86RGS1.o
 .ARM.attributes
                0x0000026d       0x39 /tmp/ccdlPlKn.o
 .ARM.attributes
                0x000002a6       0x39 /tmp/ccac5tYY.o
 .ARM.attributes
                0x000002df       0x39 /tmp/ccaTlwrE.o
 .ARM.attributes
                0x00000318       0x39 /tmp/ccnJkVAL.o
 .ARM.attributes
                0x00000351       0x39 /tmp/cc3po2SP.o
 .ARM.attributes
                0x0000038a       0x39 /tmp/ccjznsdX.o
 .ARM.attributes
                0x000003c3       0x39 /tmp/cc3lptl9.o
 .ARM.attributes
                0x000003fc       0x39 /tmp/cczhf63t.o
 .ARM.attributes
                0x00000435       0x39 /tmp/ccrcF4oY.o
 .ARM.attributes
                0x0000046e       0x39 /tmp/ccFuZ2Wv.o
 .ARM.attributes
                0x000004a7       0x21 /tmp/ccxd7KE6.o
 .ARM.attributes
                0x000004c8       0x39 /tmp/ccncIiuw.o
 .ARM.attributes
                0x00000501       0x39 /tmp/cctcp0Tj.o
 .ARM.attributes
                0x0000053a       0x39 /tmp/cchPWGnb.o
 .ARM.attributes
                0x00000573       0x39 /tmp/ccvdsPw4.o
 .ARM.attributes
                0x000005ac       0x39 /tmp/cclZfCa3.o
 .ARM.attributes
                0x000005e5       0x39 /tmp/ccpAAC24.o
 .ARM.attributes
                0x0000061e       0x39 /tmp/ccDULLab.o
 .ARM.attributes
                0x00000657       0x39 /tmp/ccINxDpf.o
 .ARM.attributes
                0x00000690       0x39 /tmp/ccfhnhFm.o
 .ARM.attributes
                0x000006c9       0x39 /tmp/ccEUt4Yy.o
 .ARM.attributes
                0x00000702       0x39 /tmp/ccvQwM9S.o
 .ARM.attributes
                0x0000073b       0x39 /tmp/ccc7s0Hg.o
 .ARM.attributes
                0x00000774       0x39 /tmp/ccDWmph0.o
 .ARM.attributes
                0x000007ad       0x39 /tmp/ccKYKYNM.o
 .ARM.attributes
                0x000007e6       0x39 /tmp/ccFuFnHD.o
 .ARM.attributes
                0x0000081f       0x39 /tmp/ccMgBiiA.o
 .ARM.attributes
                0x00000858       0x39 /tmp/cc0KQbtv.o
 .ARM.attributes
                0x00000891       0x39 /tmp/ccrdzVpy.o
 .ARM.attributes
                0x000008ca       0x39 /tmp/ccSVdH4F.o
 .ARM.attributes
                0x00000903       0x39 /tmp/ccNl7mYM.o
 .ARM.attributes
                0x0000093c       0x39 /tmp/ccdJevAO.o
 .ARM.attributes
                0x00000975       0x22 /local/sdk_elec/gcc-arm-none-eabi-5_2-2015q4/bin/../lib/gcc/arm-none-eabi/5.2.1/armv7e-m/fpu/libgcc.a(_arm_addsubdf3.o)
 .ARM.attributes
                0x00000997       0x22 /local/sdk_elec/gcc-arm-none-eabi-5_2-2015q4/bin/../lib/gcc/arm-none-eabi/5.2.1/armv7e-m/fpu/libgcc.a(_arm_muldivdf3.o)
 .ARM.attributes
                0x000009b9       0x22 /local/sdk_elec/gcc-arm-none-eabi-5_2-2015q4/bin/../lib/gcc/arm-none-eabi/5.2.1/armv7e-m/fpu/libgcc.a(_arm_truncdfsf2.o)
 .ARM.attributes
                0x000009db       0x34 /local/sdk_elec/gcc-arm-none-eabi-5_2-2015q4/bin/../lib/gcc/arm-none-eabi/5.2.1/../../../../arm-none-eabi/lib/armv7e-m/fpu/libg.a(lib_a-malloc.o)
 .ARM.attributes
                0x00000a0f       0x34 /local/sdk_elec/gcc-arm-none-eabi-5_2-2015q4/bin/../lib/gcc/arm-none-eabi/5.2.1/../../../../arm-none-eabi/lib/armv7e-m/fpu/libg.a(lib_a-mallocr.o)
 .ARM.attributes
                0x00000a43       0x20 /local/sdk_elec/gcc-arm-none-eabi-5_2-2015q4/bin/../lib/gcc/arm-none-eabi/5.2.1/../../../../arm-none-eabi/lib/armv7e-m/fpu/libg.a(lib_a-memcpy.o)
 .ARM.attributes
                0x00000a63       0x34 /local/sdk_elec/gcc-arm-none-eabi-5_2-2015q4/bin/../lib/gcc/arm-none-eabi/5.2.1/../../../../arm-none-eabi/lib/armv7e-m/fpu/libg.a(lib_a-mlock.o)
 .ARM.attributes
                0x00000a97       0x34 /local/sdk_elec/gcc-arm-none-eabi-5_2-2015q4/bin/../lib/gcc/arm-none-eabi/5.2.1/../../../../arm-none-eabi/lib/armv7e-m/fpu/libg.a(lib_a-reent.o)
 .ARM.attributes
                0x00000acb       0x34 /local/sdk_elec/gcc-arm-none-eabi-5_2-2015q4/bin/../lib/gcc/arm-none-eabi/5.2.1/../../../../arm-none-eabi/lib/armv7e-m/fpu/libg.a(lib_a-sbrkr.o)
 .ARM.attributes
                0x00000aff       0x34 /local/sdk_elec/gcc-arm-none-eabi-5_2-2015q4/bin/../lib/gcc/arm-none-eabi/5.2.1/../../../../arm-none-eabi/lib/armv7e-m/fpu/libg.a(lib_a-freer.o)
 .ARM.attributes
                0x00000b33       0x34 /local/sdk_elec/gcc-arm-none-eabi-5_2-2015q4/bin/../lib/gcc/arm-none-eabi/5.2.1/armv7e-m/fpu/crtend.o
 .ARM.attributes
                0x00000b67       0x22 /local/sdk_elec/gcc-arm-none-eabi-5_2-2015q4/bin/../lib/gcc/arm-none-eabi/5.2.1/armv7e-m/fpu/crtn.o
OUTPUT(template.elf elf32-littlearm)

.debug_frame    0x00000000     0x5f3c
 .debug_frame   0x00000000       0x2c /local/sdk_elec/gcc-arm-none-eabi-5_2-2015q4/bin/../lib/gcc/arm-none-eabi/5.2.1/../../../../arm-none-eabi/lib/armv7e-m/fpu/libc.a(lib_a-init.o)
 .debug_frame   0x0000002c       0x34 /local/sdk_elec/gcc-arm-none-eabi-5_2-2015q4/bin/../lib/gcc/arm-none-eabi/5.2.1/../../../../arm-none-eabi/lib/armv7e-m/fpu/libc.a(lib_a-memset.o)
 .debug_frame   0x00000060       0x50 /local/sdk_elec/gcc-arm-none-eabi-5_2-2015q4/bin/../lib/gcc/arm-none-eabi/5.2.1/../../../../arm-none-eabi/lib/armv7e-m/fpu/libc.a(lib_a-__call_atexit.o)
 .debug_frame   0x000000b0       0x20 /local/sdk_elec/gcc-arm-none-eabi-5_2-2015q4/bin/../lib/gcc/arm-none-eabi/5.2.1/../../../../arm-none-eabi/lib/armv7e-m/fpu/libc.a(lib_a-atexit.o)
 .debug_frame   0x000000d0       0x34 /local/sdk_elec/gcc-arm-none-eabi-5_2-2015q4/bin/../lib/gcc/arm-none-eabi/5.2.1/../../../../arm-none-eabi/lib/armv7e-m/fpu/libc.a(lib_a-fini.o)
 .debug_frame   0x00000104       0x34 /local/sdk_elec/gcc-arm-none-eabi-5_2-2015q4/bin/../lib/gcc/arm-none-eabi/5.2.1/../../../../arm-none-eabi/lib/armv7e-m/fpu/libc.a(lib_a-__atexit.o)
 .debug_frame   0x00000138      0x2c0 /tmp/cc6ML30q.o
 .debug_frame   0x000003f8      0x204 /tmp/ccF0A0pH.o
 .debug_frame   0x000005fc      0x14c /tmp/cc86RGS1.o
 .debug_frame   0x00000748      0x428 /tmp/ccdlPlKn.o
 .debug_frame   0x00000b70      0x5e0 /tmp/ccac5tYY.o
 .debug_frame   0x00001150      0x194 /tmp/ccaTlwrE.o
 .debug_frame   0x000012e4      0xfb4 /tmp/ccnJkVAL.o
 .debug_frame   0x00002298      0x574 /tmp/cc3po2SP.o
 .debug_frame   0x0000280c      0x400 /tmp/ccjznsdX.o
 .debug_frame   0x00002c0c      0x254 /tmp/cc3lptl9.o
 .debug_frame   0x00002e60      0x5d4 /tmp/cczhf63t.o
 .debug_frame   0x00003434      0x8a4 /tmp/ccrcF4oY.o
 .debug_frame   0x00003cd8      0x114 /tmp/ccFuZ2Wv.o
 .debug_frame   0x00003dec      0x218 /tmp/ccncIiuw.o
 .debug_frame   0x00004004      0x1cc /tmp/cctcp0Tj.o
 .debug_frame   0x000041d0       0x58 /tmp/cchPWGnb.o
 .debug_frame   0x00004228      0x318 /tmp/ccvdsPw4.o
 .debug_frame   0x00004540       0x34 /tmp/cclZfCa3.o
 .debug_frame   0x00004574       0x58 /tmp/ccpAAC24.o
 .debug_frame   0x000045cc       0x54 /tmp/ccDULLab.o
 .debug_frame   0x00004620      0x14c /tmp/ccINxDpf.o
 .debug_frame   0x0000476c       0x84 /tmp/ccfhnhFm.o
 .debug_frame   0x000047f0      0x194 /tmp/ccEUt4Yy.o
 .debug_frame   0x00004984       0xc4 /tmp/ccvQwM9S.o
 .debug_frame   0x00004a48      0x148 /tmp/ccc7s0Hg.o
 .debug_frame   0x00004b90      0x200 /tmp/ccDWmph0.o
 .debug_frame   0x00004d90      0x21c /tmp/ccKYKYNM.o
 .debug_frame   0x00004fac       0x50 /tmp/ccFuFnHD.o
 .debug_frame   0x00004ffc       0x34 /tmp/ccMgBiiA.o
 .debug_frame   0x00005030       0xd8 /tmp/cc0KQbtv.o
 .debug_frame   0x00005108      0x3f8 /tmp/ccrdzVpy.o
 .debug_frame   0x00005500      0x648 /tmp/ccSVdH4F.o
 .debug_frame   0x00005b48      0x1ac /tmp/ccNl7mYM.o
 .debug_frame   0x00005cf4       0x98 /tmp/ccdJevAO.o
 .debug_frame   0x00005d8c       0x30 /local/sdk_elec/gcc-arm-none-eabi-5_2-2015q4/bin/../lib/gcc/arm-none-eabi/5.2.1/../../../../arm-none-eabi/lib/armv7e-m/fpu/libg.a(lib_a-malloc.o)
 .debug_frame   0x00005dbc       0x58 /local/sdk_elec/gcc-arm-none-eabi-5_2-2015q4/bin/../lib/gcc/arm-none-eabi/5.2.1/../../../../arm-none-eabi/lib/armv7e-m/fpu/libg.a(lib_a-mallocr.o)
 .debug_frame   0x00005e14       0x30 /local/sdk_elec/gcc-arm-none-eabi-5_2-2015q4/bin/../lib/gcc/arm-none-eabi/5.2.1/../../../../arm-none-eabi/lib/armv7e-m/fpu/libg.a(lib_a-mlock.o)
 .debug_frame   0x00005e44       0x58 /local/sdk_elec/gcc-arm-none-eabi-5_2-2015q4/bin/../lib/gcc/arm-none-eabi/5.2.1/../../../../arm-none-eabi/lib/armv7e-m/fpu/libg.a(lib_a-reent.o)
 .debug_frame   0x00005e9c       0x2c /local/sdk_elec/gcc-arm-none-eabi-5_2-2015q4/bin/../lib/gcc/arm-none-eabi/5.2.1/../../../../arm-none-eabi/lib/armv7e-m/fpu/libg.a(lib_a-sbrkr.o)
 .debug_frame   0x00005ec8       0x74 /local/sdk_elec/gcc-arm-none-eabi-5_2-2015q4/bin/../lib/gcc/arm-none-eabi/5.2.1/../../../../arm-none-eabi/lib/armv7e-m/fpu/libg.a(lib_a-freer.o)

.debug_info     0x00000000    0x164fb
 .debug_info    0x00000000      0x83f /tmp/cc6ML30q.o
 .debug_info    0x0000083f      0xdd0 /tmp/ccF0A0pH.o
 .debug_info    0x0000160f      0x6e0 /tmp/cc86RGS1.o
 .debug_info    0x00001cef      0xac9 /tmp/ccdlPlKn.o
 .debug_info    0x000027b8      0xed3 /tmp/ccac5tYY.o
 .debug_info    0x0000368b      0x639 /tmp/ccaTlwrE.o
 .debug_info    0x00003cc4     0x2166 /tmp/ccnJkVAL.o
 .debug_info    0x00005e2a      0xf2c /tmp/cc3po2SP.o
 .debug_info    0x00006d56      0xc31 /tmp/ccjznsdX.o
 .debug_info    0x00007987      0xa9f /tmp/cc3lptl9.o
 .debug_info    0x00008426      0xf46 /tmp/cczhf63t.o
 .debug_info    0x0000936c     0x186b /tmp/ccrcF4oY.o
 .debug_info    0x0000abd7      0x830 /tmp/ccFuZ2Wv.o
 .debug_info    0x0000b407       0x94 /tmp/ccxd7KE6.o
 .debug_info    0x0000b49b      0xb41 /tmp/ccncIiuw.o
 .debug_info    0x0000bfdc      0xab2 /tmp/cctcp0Tj.o
 .debug_info    0x0000ca8e      0x49e /tmp/cchPWGnb.o
 .debug_info    0x0000cf2c      0x6d6 /tmp/ccvdsPw4.o
 .debug_info    0x0000d602      0x88b /tmp/cclZfCa3.o
 .debug_info    0x0000de8d      0x8a8 /tmp/ccpAAC24.o
 .debug_info    0x0000e735      0x887 /tmp/ccDULLab.o
 .debug_info    0x0000efbc      0x817 /tmp/ccINxDpf.o
 .debug_info    0x0000f7d3      0x93f /tmp/ccfhnhFm.o
 .debug_info    0x00010112      0xa3f /tmp/ccEUt4Yy.o
 .debug_info    0x00010b51      0x8d9 /tmp/ccvQwM9S.o
 .debug_info    0x0001142a      0x861 /tmp/ccc7s0Hg.o
 .debug_info    0x00011c8b      0xc7a /tmp/ccDWmph0.o
 .debug_info    0x00012905      0xa19 /tmp/ccKYKYNM.o
 .debug_info    0x0001331e      0x7ef /tmp/ccFuFnHD.o
 .debug_info    0x00013b0d      0x54c /tmp/ccMgBiiA.o
 .debug_info    0x00014059      0x2a4 /tmp/cc0KQbtv.o
 .debug_info    0x000142fd      0xb90 /tmp/ccrdzVpy.o
 .debug_info    0x00014e8d     0x11af /tmp/ccSVdH4F.o
 .debug_info    0x0001603c      0x33c /tmp/ccNl7mYM.o
 .debug_info    0x00016378      0x183 /tmp/ccdJevAO.o

.debug_abbrev   0x00000000     0x3afa
 .debug_abbrev  0x00000000      0x235 /tmp/cc6ML30q.o
 .debug_abbrev  0x00000235      0x251 /tmp/ccF0A0pH.o
 .debug_abbrev  0x00000486      0x1a3 /tmp/cc86RGS1.o
 .debug_abbrev  0x00000629      0x2a4 /tmp/ccdlPlKn.o
 .debug_abbrev  0x000008cd      0x226 /tmp/ccac5tYY.o
 .debug_abbrev  0x00000af3      0x19b /tmp/ccaTlwrE.o
 .debug_abbrev  0x00000c8e      0x217 /tmp/ccnJkVAL.o
 .debug_abbrev  0x00000ea5      0x20e /tmp/cc3po2SP.o
 .debug_abbrev  0x000010b3      0x1dc /tmp/ccjznsdX.o
 .debug_abbrev  0x0000128f      0x1d7 /tmp/cc3lptl9.o
 .debug_abbrev  0x00001466      0x20c /tmp/cczhf63t.o
 .debug_abbrev  0x00001672      0x1fb /tmp/ccrcF4oY.o
 .debug_abbrev  0x0000186d      0x231 /tmp/ccFuZ2Wv.o
 .debug_abbrev  0x00001a9e       0x12 /tmp/ccxd7KE6.o
 .debug_abbrev  0x00001ab0      0x1bf /tmp/ccncIiuw.o
 .debug_abbrev  0x00001c6f      0x16c /tmp/cctcp0Tj.o
 .debug_abbrev  0x00001ddb      0x101 /tmp/cchPWGnb.o
 .debug_abbrev  0x00001edc      0x147 /tmp/ccvdsPw4.o
 .debug_abbrev  0x00002023      0x147 /tmp/cclZfCa3.o
 .debug_abbrev  0x0000216a      0x174 /tmp/ccpAAC24.o
 .debug_abbrev  0x000022de      0x14d /tmp/ccDULLab.o
 .debug_abbrev  0x0000242b      0x1c4 /tmp/ccINxDpf.o
 .debug_abbrev  0x000025ef      0x18e /tmp/ccfhnhFm.o
 .debug_abbrev  0x0000277d      0x1e5 /tmp/ccEUt4Yy.o
 .debug_abbrev  0x00002962      0x1a8 /tmp/ccvQwM9S.o
 .debug_abbrev  0x00002b0a      0x214 /tmp/ccc7s0Hg.o
 .debug_abbrev  0x00002d1e      0x195 /tmp/ccDWmph0.o
 .debug_abbrev  0x00002eb3      0x21a /tmp/ccKYKYNM.o
 .debug_abbrev  0x000030cd      0x16e /tmp/ccFuFnHD.o
 .debug_abbrev  0x0000323b      0x133 /tmp/ccMgBiiA.o
 .debug_abbrev  0x0000336e       0xbe /tmp/cc0KQbtv.o
 .debug_abbrev  0x0000342c      0x1ba /tmp/ccrdzVpy.o
 .debug_abbrev  0x000035e6      0x289 /tmp/ccSVdH4F.o
 .debug_abbrev  0x0000386f      0x19d /tmp/ccNl7mYM.o
 .debug_abbrev  0x00003a0c       0xee /tmp/ccdJevAO.o

.debug_aranges  0x00000000      0x468
 .debug_aranges
                0x00000000       0x20 /tmp/cc6ML30q.o
 .debug_aranges
                0x00000020       0x20 /tmp/ccF0A0pH.o
 .debug_aranges
                0x00000040       0x20 /tmp/cc86RGS1.o
 .debug_aranges
                0x00000060       0x20 /tmp/ccdlPlKn.o
 .debug_aranges
                0x00000080       0x20 /tmp/ccac5tYY.o
 .debug_aranges
                0x000000a0       0x20 /tmp/ccaTlwrE.o
 .debug_aranges
                0x000000c0       0x20 /tmp/ccnJkVAL.o
 .debug_aranges
                0x000000e0       0x20 /tmp/cc3po2SP.o
 .debug_aranges
                0x00000100       0x20 /tmp/ccjznsdX.o
 .debug_aranges
                0x00000120       0x20 /tmp/cc3lptl9.o
 .debug_aranges
                0x00000140       0x20 /tmp/cczhf63t.o
 .debug_aranges
                0x00000160       0x20 /tmp/ccrcF4oY.o
 .debug_aranges
                0x00000180       0x20 /tmp/ccFuZ2Wv.o
 .debug_aranges
                0x000001a0       0x28 /tmp/ccxd7KE6.o
 .debug_aranges
                0x000001c8       0x20 /tmp/ccncIiuw.o
 .debug_aranges
                0x000001e8       0x20 /tmp/cctcp0Tj.o
 .debug_aranges
                0x00000208       0x20 /tmp/cchPWGnb.o
 .debug_aranges
                0x00000228       0x20 /tmp/ccvdsPw4.o
 .debug_aranges
                0x00000248       0x20 /tmp/cclZfCa3.o
 .debug_aranges
                0x00000268       0x20 /tmp/ccpAAC24.o
 .debug_aranges
                0x00000288       0x20 /tmp/ccDULLab.o
 .debug_aranges
                0x000002a8       0x20 /tmp/ccINxDpf.o
 .debug_aranges
                0x000002c8       0x20 /tmp/ccfhnhFm.o
 .debug_aranges
                0x000002e8       0x20 /tmp/ccEUt4Yy.o
 .debug_aranges
                0x00000308       0x20 /tmp/ccvQwM9S.o
 .debug_aranges
                0x00000328       0x20 /tmp/ccc7s0Hg.o
 .debug_aranges
                0x00000348       0x20 /tmp/ccDWmph0.o
 .debug_aranges
                0x00000368       0x20 /tmp/ccKYKYNM.o
 .debug_aranges
                0x00000388       0x20 /tmp/ccFuFnHD.o
 .debug_aranges
                0x000003a8       0x20 /tmp/ccMgBiiA.o
 .debug_aranges
                0x000003c8       0x20 /tmp/cc0KQbtv.o
 .debug_aranges
                0x000003e8       0x20 /tmp/ccrdzVpy.o
 .debug_aranges
                0x00000408       0x20 /tmp/ccSVdH4F.o
 .debug_aranges
                0x00000428       0x20 /tmp/ccNl7mYM.o
 .debug_aranges
                0x00000448       0x20 /tmp/ccdJevAO.o

.debug_line     0x00000000     0xdd50
 .debug_line    0x00000000      0x403 /tmp/cc6ML30q.o
 .debug_line    0x00000403      0x704 /tmp/ccF0A0pH.o
 .debug_line    0x00000b07      0x3f7 /tmp/cc86RGS1.o
 .debug_line    0x00000efe      0x432 /tmp/ccdlPlKn.o
 .debug_line    0x00001330      0x784 /tmp/ccac5tYY.o
 .debug_line    0x00001ab4     0x4527 /tmp/ccaTlwrE.o
 .debug_line    0x00005fdb      0xd1b /tmp/ccnJkVAL.o
 .debug_line    0x00006cf6      0x6de /tmp/cc3po2SP.o
 .debug_line    0x000073d4      0x620 /tmp/ccjznsdX.o
 .debug_line    0x000079f4      0x5d7 /tmp/cc3lptl9.o
 .debug_line    0x00007fcb      0x8ef /tmp/cczhf63t.o
 .debug_line    0x000088ba      0xc96 /tmp/ccrcF4oY.o
 .debug_line    0x00009550      0x3a2 /tmp/ccFuZ2Wv.o
 .debug_line    0x000098f2       0x7b /tmp/ccxd7KE6.o
 .debug_line    0x0000996d      0x350 /tmp/ccncIiuw.o
 .debug_line    0x00009cbd      0x34b /tmp/cctcp0Tj.o
 .debug_line    0x0000a008      0x249 /tmp/cchPWGnb.o
 .debug_line    0x0000a251      0x1af /tmp/ccvdsPw4.o
 .debug_line    0x0000a400      0x2e8 /tmp/cclZfCa3.o
 .debug_line    0x0000a6e8      0x30c /tmp/ccpAAC24.o
 .debug_line    0x0000a9f4      0x331 /tmp/ccDULLab.o
 .debug_line    0x0000ad25      0x39a /tmp/ccINxDpf.o
 .debug_line    0x0000b0bf      0x31e /tmp/ccfhnhFm.o
 .debug_line    0x0000b3dd      0x349 /tmp/ccEUt4Yy.o
 .debug_line    0x0000b726      0x325 /tmp/ccvQwM9S.o
 .debug_line    0x0000ba4b      0x3a5 /tmp/ccc7s0Hg.o
 .debug_line    0x0000bdf0      0x364 /tmp/ccDWmph0.o
 .debug_line    0x0000c154      0x4a0 /tmp/ccKYKYNM.o
 .debug_line    0x0000c5f4      0x2e1 /tmp/ccFuFnHD.o
 .debug_line    0x0000c8d5      0x2cb /tmp/ccMgBiiA.o
 .debug_line    0x0000cba0      0x189 /tmp/cc0KQbtv.o
 .debug_line    0x0000cd29      0x593 /tmp/ccrdzVpy.o
 .debug_line    0x0000d2bc      0x6fb /tmp/ccSVdH4F.o
 .debug_line    0x0000d9b7      0x207 /tmp/ccNl7mYM.o
 .debug_line    0x0000dbbe      0x192 /tmp/ccdJevAO.o

.debug_str      0x00000000     0x6170
 .debug_str     0x00000000      0x8ea /tmp/cc6ML30q.o
                                0x94d (size before relaxing)
 .debug_str     0x000008ea      0x34a /tmp/ccF0A0pH.o
                                0x6fd (size before relaxing)
 .debug_str     0x00000c34      0x174 /tmp/cc86RGS1.o
                                0x531 (size before relaxing)
 .debug_str     0x00000da8      0x2ee /tmp/ccdlPlKn.o
                                0x9d6 (size before relaxing)
 .debug_str     0x00001096      0x77a /tmp/ccac5tYY.o
                                0xa4c (size before relaxing)
 .debug_str     0x00001810      0x159 /tmp/ccaTlwrE.o
                                0x63b (size before relaxing)
 .debug_str     0x00001969      0xebb /tmp/ccnJkVAL.o
                               0x13e4 (size before relaxing)
 .debug_str     0x00002824      0x53b /tmp/cc3po2SP.o
                                0xc97 (size before relaxing)
 .debug_str     0x00002d5f      0x50b /tmp/ccjznsdX.o
                                0xa99 (size before relaxing)
 .debug_str     0x0000326a      0x30a /tmp/cc3lptl9.o
                                0xadb (size before relaxing)
 .debug_str     0x00003574      0x4c9 /tmp/cczhf63t.o
                                0xa6d (size before relaxing)
 .debug_str     0x00003a3d      0x72c /tmp/ccrcF4oY.o
                                0xc85 (size before relaxing)
 .debug_str     0x00004169      0x1d9 /tmp/ccFuZ2Wv.o
                                0x831 (size before relaxing)
 .debug_str     0x00004342      0x13a /tmp/ccncIiuw.o
                                0xcae (size before relaxing)
 .debug_str     0x0000447c      0x142 /tmp/cctcp0Tj.o
                                0xb0a (size before relaxing)
 .debug_str     0x000045be       0x42 /tmp/cchPWGnb.o
                                0x3c2 (size before relaxing)
 .debug_str     0x00004600      0x256 /tmp/ccvdsPw4.o
                                0x45c (size before relaxing)
 .debug_str     0x00004856       0x25 /tmp/cclZfCa3.o
                                0x8d3 (size before relaxing)
 .debug_str     0x0000487b       0x2f /tmp/ccpAAC24.o
                                0x8c6 (size before relaxing)
 .debug_str     0x000048aa       0x54 /tmp/ccDULLab.o
                                0x988 (size before relaxing)
 .debug_str     0x000048fe       0x93 /tmp/ccINxDpf.o
                                0x704 (size before relaxing)
 .debug_str     0x00004991       0x63 /tmp/ccfhnhFm.o
                                0x932 (size before relaxing)
 .debug_str     0x000049f4      0x166 /tmp/ccEUt4Yy.o
                                0xa22 (size before relaxing)
 .debug_str     0x00004b5a       0x7d /tmp/ccvQwM9S.o
                                0x927 (size before relaxing)
 .debug_str     0x00004bd7      0x16e /tmp/ccc7s0Hg.o
                                0x7d9 (size before relaxing)
 .debug_str     0x00004d45      0x15d /tmp/ccDWmph0.o
                                0x991 (size before relaxing)
 .debug_str     0x00004ea2       0xe7 /tmp/ccKYKYNM.o
                                0x773 (size before relaxing)
 .debug_str     0x00004f89       0x46 /tmp/ccFuFnHD.o
                                0x815 (size before relaxing)
 .debug_str     0x00004fcf       0x13 /tmp/ccMgBiiA.o
                                0x68c (size before relaxing)
 .debug_str     0x00004fe2      0x134 /tmp/cc0KQbtv.o
                                0x337 (size before relaxing)
 .debug_str     0x00005116      0x4bd /tmp/ccrdzVpy.o
                                0x7b9 (size before relaxing)
 .debug_str     0x000055d3      0x8be /tmp/ccSVdH4F.o
                                0xc71 (size before relaxing)
 .debug_str     0x00005e91      0x23a /tmp/ccNl7mYM.o
                                0x494 (size before relaxing)
 .debug_str     0x000060cb       0xa5 /tmp/ccdJevAO.o
                                0x29f (size before relaxing)

.comment        0x00000000       0x6e
 .comment       0x00000000       0x6e /tmp/cc6ML30q.o
                                 0x6f (size before relaxing)
 .comment       0x0000006e       0x6f /tmp/ccF0A0pH.o
 .comment       0x0000006e       0x6f /tmp/cc86RGS1.o
 .comment       0x0000006e       0x6f /tmp/ccdlPlKn.o
 .comment       0x0000006e       0x6f /tmp/ccac5tYY.o
 .comment       0x0000006e       0x6f /tmp/ccaTlwrE.o
 .comment       0x0000006e       0x6f /tmp/ccnJkVAL.o
 .comment       0x0000006e       0x6f /tmp/cc3po2SP.o
 .comment       0x0000006e       0x6f /tmp/ccjznsdX.o
 .comment       0x0000006e       0x6f /tmp/cc3lptl9.o
 .comment       0x0000006e       0x6f /tmp/cczhf63t.o
 .comment       0x0000006e       0x6f /tmp/ccrcF4oY.o
 .comment       0x0000006e       0x6f /tmp/ccFuZ2Wv.o
 .comment       0x0000006e       0x6f /tmp/ccncIiuw.o
 .comment       0x0000006e       0x6f /tmp/cctcp0Tj.o
 .comment       0x0000006e       0x6f /tmp/cchPWGnb.o
 .comment       0x0000006e       0x6f /tmp/ccvdsPw4.o
 .comment       0x0000006e       0x6f /tmp/cclZfCa3.o
 .comment       0x0000006e       0x6f /tmp/ccpAAC24.o
 .comment       0x0000006e       0x6f /tmp/ccDULLab.o
 .comment       0x0000006e       0x6f /tmp/ccINxDpf.o
 .comment       0x0000006e       0x6f /tmp/ccfhnhFm.o
 .comment       0x0000006e       0x6f /tmp/ccEUt4Yy.o
 .comment       0x0000006e       0x6f /tmp/ccvQwM9S.o
 .comment       0x0000006e       0x6f /tmp/ccc7s0Hg.o
 .comment       0x0000006e       0x6f /tmp/ccDWmph0.o
 .comment       0x0000006e       0x6f /tmp/ccKYKYNM.o
 .comment       0x0000006e       0x6f /tmp/ccFuFnHD.o
 .comment       0x0000006e       0x6f /tmp/ccMgBiiA.o
 .comment       0x0000006e       0x6f /tmp/cc0KQbtv.o
 .comment       0x0000006e       0x6f /tmp/ccrdzVpy.o
 .comment       0x0000006e       0x6f /tmp/ccSVdH4F.o
 .comment       0x0000006e       0x6f /tmp/ccNl7mYM.o
 .comment       0x0000006e       0x6f /tmp/ccdJevAO.o

.debug_ranges   0x00000000       0x20
 .debug_ranges  0x00000000       0x20 /tmp/ccxd7KE6.o
