Archive member included to satisfy reference by file (symbol)

/local/sdk_elec/gcc-arm-none-eabi-5_2-2015q4/bin/../lib/gcc/arm-none-eabi/5.2.1/../../../../arm-none-eabi/lib/armv7e-m/fpu/libc.a(lib_a-exit.o)
                              /local/sdk_elec/gcc-arm-none-eabi-5_2-2015q4/bin/../lib/gcc/arm-none-eabi/5.2.1/../../../../arm-none-eabi/lib/armv7e-m/fpu/crt0.o (exit)
/local/sdk_elec/gcc-arm-none-eabi-5_2-2015q4/bin/../lib/gcc/arm-none-eabi/5.2.1/../../../../arm-none-eabi/lib/armv7e-m/fpu/libc.a(lib_a-impure.o)
                              /local/sdk_elec/gcc-arm-none-eabi-5_2-2015q4/bin/../lib/gcc/arm-none-eabi/5.2.1/../../../../arm-none-eabi/lib/armv7e-m/fpu/libc.a(lib_a-exit.o) (_global_impure_ptr)
/local/sdk_elec/gcc-arm-none-eabi-5_2-2015q4/bin/../lib/gcc/arm-none-eabi/5.2.1/../../../../arm-none-eabi/lib/armv7e-m/fpu/libc.a(lib_a-init.o)
                              /local/sdk_elec/gcc-arm-none-eabi-5_2-2015q4/bin/../lib/gcc/arm-none-eabi/5.2.1/../../../../arm-none-eabi/lib/armv7e-m/fpu/crt0.o (__libc_init_array)
/local/sdk_elec/gcc-arm-none-eabi-5_2-2015q4/bin/../lib/gcc/arm-none-eabi/5.2.1/../../../../arm-none-eabi/lib/armv7e-m/fpu/libc.a(lib_a-memset.o)
                              /local/sdk_elec/gcc-arm-none-eabi-5_2-2015q4/bin/../lib/gcc/arm-none-eabi/5.2.1/../../../../arm-none-eabi/lib/armv7e-m/fpu/crt0.o (memset)
/local/sdk_elec/gcc-arm-none-eabi-5_2-2015q4/bin/../lib/gcc/arm-none-eabi/5.2.1/../../../../arm-none-eabi/lib/armv7e-m/fpu/libc.a(lib_a-__call_atexit.o)
                              /local/sdk_elec/gcc-arm-none-eabi-5_2-2015q4/bin/../lib/gcc/arm-none-eabi/5.2.1/../../../../arm-none-eabi/lib/armv7e-m/fpu/libc.a(lib_a-exit.o) (__call_exitprocs)
/local/sdk_elec/gcc-arm-none-eabi-5_2-2015q4/bin/../lib/gcc/arm-none-eabi/5.2.1/../../../../arm-none-eabi/lib/armv7e-m/fpu/libc.a(lib_a-atexit.o)
                              /local/sdk_elec/gcc-arm-none-eabi-5_2-2015q4/bin/../lib/gcc/arm-none-eabi/5.2.1/../../../../arm-none-eabi/lib/armv7e-m/fpu/libc.a(lib_a-__call_atexit.o) (atexit)
/local/sdk_elec/gcc-arm-none-eabi-5_2-2015q4/bin/../lib/gcc/arm-none-eabi/5.2.1/../../../../arm-none-eabi/lib/armv7e-m/fpu/libc.a(lib_a-fini.o)
                              /local/sdk_elec/gcc-arm-none-eabi-5_2-2015q4/bin/../lib/gcc/arm-none-eabi/5.2.1/../../../../arm-none-eabi/lib/armv7e-m/fpu/libc.a(lib_a-__call_atexit.o) (__libc_fini_array)
/local/sdk_elec/gcc-arm-none-eabi-5_2-2015q4/bin/../lib/gcc/arm-none-eabi/5.2.1/../../../../arm-none-eabi/lib/armv7e-m/fpu/libc.a(lib_a-__atexit.o)
                              /local/sdk_elec/gcc-arm-none-eabi-5_2-2015q4/bin/../lib/gcc/arm-none-eabi/5.2.1/../../../../arm-none-eabi/lib/armv7e-m/fpu/libc.a(lib_a-atexit.o) (__register_exitproc)
/local/sdk_elec/gcc-arm-none-eabi-5_2-2015q4/bin/../lib/gcc/arm-none-eabi/5.2.1/armv7e-m/fpu/libgcc.a(_arm_addsubdf3.o)
                              /tmp/cc2rzjiU.o (__aeabi_f2d)
/local/sdk_elec/gcc-arm-none-eabi-5_2-2015q4/bin/../lib/gcc/arm-none-eabi/5.2.1/armv7e-m/fpu/libgcc.a(_arm_muldivdf3.o)
                              /tmp/cc4FIDTa.o (__aeabi_dmul)
/local/sdk_elec/gcc-arm-none-eabi-5_2-2015q4/bin/../lib/gcc/arm-none-eabi/5.2.1/armv7e-m/fpu/libgcc.a(_arm_truncdfsf2.o)
                              /tmp/cc4FIDTa.o (__aeabi_d2f)
/local/sdk_elec/gcc-arm-none-eabi-5_2-2015q4/bin/../lib/gcc/arm-none-eabi/5.2.1/../../../../arm-none-eabi/lib/armv7e-m/fpu/libg.a(lib_a-malloc.o)
                              /tmp/ccaNtWBx.o (malloc)
/local/sdk_elec/gcc-arm-none-eabi-5_2-2015q4/bin/../lib/gcc/arm-none-eabi/5.2.1/../../../../arm-none-eabi/lib/armv7e-m/fpu/libg.a(lib_a-mallocr.o)
                              /local/sdk_elec/gcc-arm-none-eabi-5_2-2015q4/bin/../lib/gcc/arm-none-eabi/5.2.1/../../../../arm-none-eabi/lib/armv7e-m/fpu/libg.a(lib_a-malloc.o) (_malloc_r)
/local/sdk_elec/gcc-arm-none-eabi-5_2-2015q4/bin/../lib/gcc/arm-none-eabi/5.2.1/../../../../arm-none-eabi/lib/armv7e-m/fpu/libg.a(lib_a-memcpy.o)
                              /tmp/ccEJaSDI.o (memcpy)
/local/sdk_elec/gcc-arm-none-eabi-5_2-2015q4/bin/../lib/gcc/arm-none-eabi/5.2.1/../../../../arm-none-eabi/lib/armv7e-m/fpu/libg.a(lib_a-mlock.o)
                              /local/sdk_elec/gcc-arm-none-eabi-5_2-2015q4/bin/../lib/gcc/arm-none-eabi/5.2.1/../../../../arm-none-eabi/lib/armv7e-m/fpu/libg.a(lib_a-mallocr.o) (__malloc_lock)
/local/sdk_elec/gcc-arm-none-eabi-5_2-2015q4/bin/../lib/gcc/arm-none-eabi/5.2.1/../../../../arm-none-eabi/lib/armv7e-m/fpu/libg.a(lib_a-reent.o)
                              /tmp/ccOPUbE7.o (errno)
/local/sdk_elec/gcc-arm-none-eabi-5_2-2015q4/bin/../lib/gcc/arm-none-eabi/5.2.1/../../../../arm-none-eabi/lib/armv7e-m/fpu/libg.a(lib_a-sbrkr.o)
                              /local/sdk_elec/gcc-arm-none-eabi-5_2-2015q4/bin/../lib/gcc/arm-none-eabi/5.2.1/../../../../arm-none-eabi/lib/armv7e-m/fpu/libg.a(lib_a-mallocr.o) (_sbrk_r)
[...]
Memory Configuration

Name             Origin             Length             Attributes
FLASH            0x08000000         0x00080000         xr
RAM              0x20000000         0x00020000         xrw
*default*        0x00000000         0xffffffff

Linker script and memory map

LOAD /local/sdk_elec/gcc-arm-none-eabi-5_2-2015q4/bin/../lib/gcc/arm-none-eabi/5.2.1/armv7e-m/fpu/crti.o
LOAD /local/sdk_elec/gcc-arm-none-eabi-5_2-2015q4/bin/../lib/gcc/arm-none-eabi/5.2.1/armv7e-m/fpu/crtbegin.o
LOAD /local/sdk_elec/gcc-arm-none-eabi-5_2-2015q4/bin/../lib/gcc/arm-none-eabi/5.2.1/../../../../arm-none-eabi/lib/armv7e-m/fpu/crt0.o
LOAD /local/sdk_elec/gcc-arm-none-eabi-5_2-2015q4/bin/../lib/gcc/arm-none-eabi/5.2.1/../../../../arm-none-eabi/lib/armv7e-m/fpu/libc.a
LOAD /local/sdk_elec/gcc-arm-none-eabi-5_2-2015q4/bin/../lib/gcc/arm-none-eabi/5.2.1/armv7e-m/fpu/libgcc.a
LOAD /local/sdk_elec/gcc-arm-none-eabi-5_2-2015q4/bin/../lib/gcc/arm-none-eabi/5.2.1/armv7e-m/fpu/libgcov.a
LOAD /local/sdk_elec/gcc-arm-none-eabi-5_2-2015q4/bin/../lib/gcc/arm-none-eabi/5.2.1/../../../../arm-none-eabi/lib/armv7e-m/fpu/libm.a
LOAD /tmp/cc4BVUOy.o
LOAD /tmp/ccbM6BJo.o
LOAD /tmp/ccaMKtbl.o
LOAD /tmp/ccPLP6xl.o
LOAD /tmp/ccaPPv0q.o
LOAD /tmp/ccb6FHXA.o
LOAD /tmp/cchQJnWD.o
LOAD /tmp/ccXal6xN.o
LOAD /tmp/ccHZKxn9.o
LOAD /tmp/ccttdKHG.o
LOAD /tmp/ccp40uMl.o
LOAD /tmp/cc5mTue6.o
LOAD /tmp/ccJCO6yV.o
LOAD /tmp/ccb6za1Q.o
LOAD /tmp/cc51gopW.o
LOAD /tmp/cc4iazDX.o
LOAD /tmp/ccxvzBIZ.o
LOAD /tmp/ccUssuD5.o
LOAD /tmp/ccDD45hf.o
LOAD /tmp/ccuwd6vu.o
LOAD /tmp/ccbY2XJM.o
LOAD /tmp/ccOPUbE7.o
LOAD /tmp/ccNkZA6w.o
LOAD /tmp/ccC28R50.o
LOAD /tmp/ccjkfNly.o
LOAD /tmp/cc4FIDTa.o
LOAD /tmp/ccFupiWR.o
LOAD /tmp/cc8ktrvG.o
LOAD /tmp/ccV9otzA.o
LOAD /tmp/ccaNtWBx.o
LOAD /tmp/ccFw504y.o
LOAD /tmp/cc0OFo1F.o
LOAD /tmp/ccEJaSDI.o
LOAD /tmp/cc2rzjiU.o
LOAD /tmp/ccYX6kla.o
LOAD /tmp/ccSmznZu.o
LOAD /tmp/cc2z3jlR.o
LOAD /tmp/ccCoMJld.o
LOAD /tmp/cc8ydSmE.o
LOAD /tmp/ccaear19.o
LOAD /tmp/cc4ArUtI.o
LOAD /tmp/ccEHDusf.o
START GROUP
LOAD /local/sdk_elec/gcc-arm-none-eabi-5_2-2015q4/bin/../lib/gcc/arm-none-eabi/5.2.1/armv7e-m/fpu/libgcc.a
LOAD /local/sdk_elec/gcc-arm-none-eabi-5_2-2015q4/bin/../lib/gcc/arm-none-eabi/5.2.1/../../../../arm-none-eabi/lib/armv7e-m/fpu/libg.a
LOAD /local/sdk_elec/gcc-arm-none-eabi-5_2-2015q4/bin/../lib/gcc/arm-none-eabi/5.2.1/../../../../arm-none-eabi/lib/armv7e-m/fpu/libc.a
END GROUP
LOAD /local/sdk_elec/gcc-arm-none-eabi-5_2-2015q4/bin/../lib/gcc/arm-none-eabi/5.2.1/armv7e-m/fpu/crtend.o
LOAD /local/sdk_elec/gcc-arm-none-eabi-5_2-2015q4/bin/../lib/gcc/arm-none-eabi/5.2.1/armv7e-m/fpu/crtn.o
                0x2001ffff                _estack = 0x2001ffff
                0x00000200                _Min_Heap_Size = 0x200
                0x00000200                _Min_Stack_Size = 0x200

.isr_vector     0x08000000      0x198
                0x08000000                . = ALIGN (0x4)
 *(.isr_vector)
 .isr_vector    0x08000000      0x198 /tmp/ccxvzBIZ.o
                0x08000000                g_pfnVectors
                0x08000198                . = ALIGN (0x4)

.text           0x08000198    0x1d7d4
                0x08000198                . = ALIGN (0x4)
 *(.text)
 .text          0x08000198       0xa4 /local/sdk_elec/gcc-arm-none-eabi-5_2-2015q4/bin/../lib/gcc/arm-none-eabi/5.2.1/armv7e-m/fpu/crtbegin.o
 .text          0x0800023c      0x31c /tmp/cc4BVUOy.o
                0x0800023c                HAL_Init
                0x08000280                HAL_DeInit
                0x080002f8                HAL_InitTick
                0x08000330                HAL_IncTick
                0x0800034c                HAL_GetTick
                0x08000364                HAL_Delay
                0x08000390                HAL_SuspendTick
                0x080003b0                HAL_ResumeTick
                0x080003d0                HAL_GetHalVersion
                0x080003e4                HAL_GetREVID
                0x080003fc                HAL_GetDEVID
                0x08000418                HAL_DBGMCU_EnableDBGSleepMode
                0x08000438                HAL_DBGMCU_DisableDBGSleepMode
                0x08000458                HAL_DBGMCU_EnableDBGStopMode
                0x08000478                HAL_DBGMCU_DisableDBGStopMode
                0x08000498                HAL_DBGMCU_EnableDBGStandbyMode
                0x080004b8                HAL_DBGMCU_DisableDBGStandbyMode
                0x080004d8                HAL_EnableCompensationCell
                0x08000518                HAL_DisableCompensationCell
 .text          0x08000558      0xcf4 /tmp/ccbM6BJo.o
                0x08000558                HAL_RCC_DeInit
                0x080005d0                HAL_RCC_OscConfig
                0x08000a80                HAL_RCC_ClockConfig
                0x08000d2c                HAL_RCC_MCOConfig
                0x08000ddc                HAL_RCC_EnableCSS
                0x08000df4                HAL_RCC_DisableCSS
                0x08000e0c                HAL_RCC_GetSysClockFreq
                0x08000f20                HAL_RCC_GetHCLKFreq
                0x08000f78                HAL_RCC_GetPCLK1Freq
                0x08000fc4                HAL_RCC_GetPCLK2Freq
                0x08001010                HAL_RCC_GetOscConfig
                0x080011b0                HAL_RCC_GetClockConfig
                0x08001214                HAL_RCC_NMI_IRQHandler
                0x0800123c                HAL_RCC_CSSCallback
 .text          0x0800124c      0x550 /tmp/ccaMKtbl.o
                0x0800124c                HAL_GPIO_Init
                0x08001540                HAL_GPIO_DeInit
                0x08001680                HAL_GPIO_ReadPin
                0x080016b0                HAL_GPIO_WritePin
                0x080016e0                HAL_GPIO_TogglePin
                0x08001704                HAL_GPIO_LockPin
                0x08001754                HAL_GPIO_EXTI_IRQHandler
 .text          0x0800179c      0x550 /tmp/ccPLP6xl.o
                0x08001b38                HAL_NVIC_SetPriorityGrouping
                0x08001b50                HAL_NVIC_SetPriority
                0x08001b88                HAL_NVIC_EnableIRQ
                0x08001ba4                HAL_NVIC_DisableIRQ
                0x08001bc0                HAL_NVIC_SystemReset
                0x08001bcc                HAL_SYSTICK_Config
                0x08001be4                HAL_NVIC_GetPriorityGrouping
                0x08001bf4                HAL_NVIC_GetPriority
                0x08001c20                HAL_NVIC_SetPendingIRQ
                0x08001c3c                HAL_NVIC_GetPendingIRQ
                0x08001c5c                HAL_NVIC_ClearPendingIRQ
                0x08001c78                HAL_NVIC_GetActive
                0x08001c98                HAL_SYSTICK_CLKSourceConfig
                0x08001cd0                HAL_SYSTICK_IRQHandler
                0x08001cdc                HAL_SYSTICK_Callback
 .text          0x08001cec     0x16ec /tmp/cchQJnWD.o
                0x08001cec                HAL_UART_Init
                0x08001d78                HAL_HalfDuplex_Init
                0x08001e14                HAL_LIN_Init
                0x08001ed0                HAL_MultiProcessor_Init
                0x08001fa0                HAL_UART_DeInit
                0x08001fe0                HAL_UART_MspInit
                0x08001ff4                HAL_UART_MspDeInit
                0x08002008                HAL_UART_Transmit
                0x08002158                HAL_UART_Receive
                0x080022c8                HAL_UART_Transmit_IT
                0x08002398                HAL_UART_Receive_IT
                0x08002468                HAL_UART_Transmit_DMA
                0x0800255c                HAL_UART_Receive_DMA
                0x08002640                HAL_UART_DMAPause
                0x080026dc                HAL_UART_DMAResume
                0x0800279c                HAL_UART_DMAStop
                0x080027fc                HAL_UART_IRQHandler
                0x080029f8                HAL_UART_TxCpltCallback
                0x08002a0c                HAL_UART_TxHalfCpltCallback
                0x08002a34                HAL_UART_RxHalfCpltCallback
                0x08002a48                HAL_UART_ErrorCallback
                0x08002a5c                HAL_LIN_SendBreak
                0x08002ab0                HAL_MultiProcessor_EnterMuteMode
                0x08002b04                HAL_MultiProcessor_ExitMuteMode
                0x08002b58                HAL_HalfDuplex_EnableTransmitter
                0x08002bc0                HAL_HalfDuplex_EnableReceiver
                0x08002c28                HAL_UART_GetState
                0x08002c44                HAL_UART_GetError
 .text          0x080033d8     0x7cdc /tmp/ccHZKxn9.o
                0x080033d8                HAL_DMA_Init
                0x080034b0                HAL_DMA_DeInit
                0x080048bc                HAL_DMA_Start
                0x08004920                HAL_DMA_Start_IT
                0x080049d4                HAL_DMA_Abort
                0x08004a50                HAL_DMA_PollForTransfer
                0x08007d58                HAL_DMA_IRQHandler
                0x0800b024                HAL_DMA_GetState
                0x0800b040                HAL_DMA_GetError
 .text          0x0800b0b4     0x3c44 /tmp/ccttdKHG.o
                0x0800b0b4                HAL_TIM_Base_Init
                0x0800b104                HAL_TIM_Base_DeInit
                0x0800b164                HAL_TIM_Base_MspInit
                0x0800b178                HAL_TIM_Base_MspDeInit
                0x0800b18c                HAL_TIM_Base_Start
                0x0800b1c4                HAL_TIM_Base_Stop
                0x0800b21c                HAL_TIM_Base_Start_IT
                0x0800b254                HAL_TIM_Base_Stop_IT
                0x0800b2ac                HAL_TIM_Base_Start_DMA
                0x0800b344                HAL_TIM_Base_Stop_DMA
                0x0800b3a4                HAL_TIM_OC_Init
                0x0800b3f4                HAL_TIM_OC_DeInit
                0x0800b454                HAL_TIM_OC_MspInit
                0x0800b468                HAL_TIM_OC_MspDeInit
                0x0800b47c                HAL_TIM_OC_Start
                0x0800b4cc                HAL_TIM_OC_Stop
                0x0800b55c                HAL_TIM_OC_Start_IT
                0x0800b638                HAL_TIM_OC_Stop_IT
                0x0800b754                HAL_TIM_OC_Start_DMA
                0x0800b900                HAL_TIM_OC_Stop_DMA
                0x0800ba24                HAL_TIM_PWM_Init
                0x0800ba74                HAL_TIM_PWM_DeInit
                0x0800bad4                HAL_TIM_PWM_MspInit
                0x0800bae8                HAL_TIM_PWM_MspDeInit
                0x0800bafc                HAL_TIM_PWM_Start
                0x0800bb4c                HAL_TIM_PWM_Stop
                0x0800bbe4                HAL_TIM_PWM_Start_IT
                0x0800bcc0                HAL_TIM_PWM_Stop_IT
                0x0800bddc                HAL_TIM_PWM_Start_DMA
                0x0800bf88                HAL_TIM_PWM_Stop_DMA
                0x0800c0ac                HAL_TIM_IC_Init
                0x0800c0fc                HAL_TIM_IC_DeInit
                0x0800c15c                HAL_TIM_IC_MspInit
                0x0800c170                HAL_TIM_IC_MspDeInit
                0x0800c184                HAL_TIM_IC_Start
                0x0800c1b8                HAL_TIM_IC_Stop
                0x0800c20c                HAL_TIM_IC_Start_IT
                0x0800c2cc                HAL_TIM_IC_Stop_IT
                0x0800c3ac                HAL_TIM_IC_Start_DMA
                0x0800c53c                HAL_TIM_IC_Stop_DMA
                0x0800c624                HAL_TIM_OnePulse_Init
                0x0800c694                HAL_TIM_OnePulse_DeInit
                0x0800c6f4                HAL_TIM_OnePulse_MspInit
                0x0800c708                HAL_TIM_OnePulse_MspDeInit
                0x0800c71c                HAL_TIM_OnePulse_Start
                0x0800c76c                HAL_TIM_OnePulse_Stop
                0x0800c80c                HAL_TIM_OnePulse_Start_IT
                0x0800c87c                HAL_TIM_OnePulse_Stop_IT
                0x0800c93c                HAL_TIM_Encoder_Init
                0x0800ca60                HAL_TIM_Encoder_DeInit
                0x0800cac0                HAL_TIM_Encoder_MspInit
                0x0800cad4                HAL_TIM_Encoder_MspDeInit
                0x0800cae8                HAL_TIM_Encoder_Start
                0x0800cb58                HAL_TIM_Encoder_Stop
                0x0800cbe8                HAL_TIM_Encoder_Start_IT
                0x0800cc98                HAL_TIM_Encoder_Stop_IT
                0x0800cd6c                HAL_TIM_Encoder_Start_DMA
                0x0800cf14                HAL_TIM_Encoder_Stop_DMA
                0x0800cfe8                HAL_TIM_IRQHandler
                0x0800d1f8                HAL_TIM_OC_ConfigChannel
                0x0800d2b8                HAL_TIM_IC_ConfigChannel
                0x0800d3f0                HAL_TIM_PWM_ConfigChannel
                0x0800d57c                HAL_TIM_OnePulse_ConfigChannel
                0x0800d6fc                HAL_TIM_DMABurst_WriteStart
                0x0800d8e0                HAL_TIM_DMABurst_WriteStop
                0x0800d990                HAL_TIM_DMABurst_ReadStart
                0x0800db74                HAL_TIM_DMABurst_ReadStop
                0x0800dc24                HAL_TIM_GenerateEvent
                0x0800dc74                HAL_TIM_ConfigOCrefClear
                0x0800ddc8                HAL_TIM_ConfigClockSource
                0x0800df80                HAL_TIM_ConfigTI1Input
                0x0800dfbc                HAL_TIM_SlaveConfigSynchronization
                0x0800e028                HAL_TIM_SlaveConfigSynchronization_IT
                0x0800e094                HAL_TIM_ReadCapturedValue
                0x0800e14c                HAL_TIM_OC_DelayElapsedCallback
                0x0800e160                HAL_TIM_IC_CaptureCallback
                0x0800e174                HAL_TIM_PWM_PulseFinishedCallback
                0x0800e188                HAL_TIM_TriggerCallback
                0x0800e19c                HAL_TIM_ErrorCallback
                0x0800e1b0                HAL_TIM_Base_GetState
                0x0800e1cc                HAL_TIM_OC_GetState
                0x0800e1e8                HAL_TIM_PWM_GetState
                0x0800e204                HAL_TIM_IC_GetState
                0x0800e220                HAL_TIM_OnePulse_GetState
                0x0800e23c                HAL_TIM_Encoder_GetState
                0x0800e258                TIM_Base_SetConfig
                0x0800e360                TIM_TI1_SetConfig
                0x0800e440                TIM_OC2_SetConfig
                0x0800e51c                TIM_DMADelayPulseCplt
                0x0800e58c                TIM_DMAError
                0x0800e5b0                TIM_DMACaptureCplt
                0x0800e620                TIM_CCxChannelCmd
 .text          0x0800ecf8     0x14a8 /tmp/ccp40uMl.o
                0x0800ecf8                HAL_TIMEx_HallSensor_Init
                0x0800ee10                HAL_TIMEx_HallSensor_DeInit
                0x0800ee70                HAL_TIMEx_HallSensor_MspInit
                0x0800ee84                HAL_TIMEx_HallSensor_MspDeInit
                0x0800ee98                HAL_TIMEx_HallSensor_Start
                0x0800eec8                HAL_TIMEx_HallSensor_Stop
                0x0800ef18                HAL_TIMEx_HallSensor_Start_IT
                0x0800ef58                HAL_TIMEx_HallSensor_Stop_IT
                0x0800efb8                HAL_TIMEx_HallSensor_Start_DMA
                0x0800f060                HAL_TIMEx_HallSensor_Stop_DMA
                0x0800f0c0                HAL_TIMEx_OCN_Start
                0x0800f104                HAL_TIMEx_OCN_Stop
                0x0800f188                HAL_TIMEx_OCN_Start_IT
                0x0800f268                HAL_TIMEx_OCN_Stop_IT
                0x0800f398                HAL_TIMEx_OCN_Start_DMA
                0x0800f538                HAL_TIMEx_OCN_Stop_DMA
                0x0800f650                HAL_TIMEx_PWMN_Start
                0x0800f694                HAL_TIMEx_PWMN_Stop
                0x0800f718                HAL_TIMEx_PWMN_Start_IT
                0x0800f7f8                HAL_TIMEx_PWMN_Stop_IT
                0x0800f928                HAL_TIMEx_PWMN_Start_DMA
                0x0800fac8                HAL_TIMEx_PWMN_Stop_DMA
                0x0800fbe0                HAL_TIMEx_OnePulseN_Start
                0x0800fc14                HAL_TIMEx_OnePulseN_Stop
                0x0800fc98                HAL_TIMEx_OnePulseN_Start_IT
                0x0800fcec                HAL_TIMEx_OnePulseN_Stop_IT
                0x0800fd90                HAL_TIMEx_ConfigCommutationEvent
                0x0800fe30                HAL_TIMEx_ConfigCommutationEvent_IT
                0x0800fee0                HAL_TIMEx_ConfigCommutationEvent_DMA
                0x0800ffa8                HAL_TIMEx_MasterConfigSynchronization
                0x08010034                HAL_TIMEx_ConfigBreakDeadTime
                0x080100a8                HAL_TIMEx_RemapConfig
                0x080100f0                HAL_TIMEx_CommutationCallback
                0x08010104                HAL_TIMEx_BreakCallback
                0x08010118                HAL_TIMEx_HallSensor_GetState
                0x08010134                TIMEx_DMACommutationCplt
 .text          0x080101a0      0xd4c /tmp/cc5mTue6.o
                0x080101a0                HAL_ADC_Init
                0x080101f4                HAL_ADC_DeInit
                0x0801022c                HAL_ADC_MspInit
                0x08010240                HAL_ADC_MspDeInit
                0x08010254                HAL_ADC_Start
                0x0801032c                HAL_ADC_Stop
                0x0801035c                HAL_ADC_PollForConversion
                0x080103dc                HAL_ADC_PollForEvent
                0x0801046c                HAL_ADC_Start_IT
                0x08010568                HAL_ADC_Stop_IT
                0x080105b8                HAL_ADC_IRQHandler
                0x08010814                HAL_ADC_Start_DMA
                0x080108f4                HAL_ADC_Stop_DMA
                0x08010948                HAL_ADC_GetValue
                0x08010964                HAL_ADC_ConvCpltCallback
                0x08010978                HAL_ADC_ConvHalfCpltCallback
                0x0801098c                HAL_ADC_LevelOutOfWindowCallback
                0x080109a0                HAL_ADC_ErrorCallback
                0x080109b4                HAL_ADC_ConfigChannel
                0x08010bb0                HAL_ADC_AnalogWDGConfig
                0x08010c70                HAL_ADC_GetState
                0x08010c8c                HAL_ADC_GetError
 .text          0x08010eec      0x9a8 /tmp/ccJCO6yV.o
                0x08010eec                HAL_ADCEx_InjectedStart
                0x0801102c                HAL_ADCEx_InjectedStart_IT
                0x08011190                HAL_ADCEx_InjectedStop
                0x080111c0                HAL_ADCEx_InjectedPollForConversion
                0x08011240                HAL_ADCEx_InjectedStop_IT
                0x08011290                HAL_ADCEx_InjectedGetValue
                0x08011300                HAL_ADCEx_MultiModeStart_DMA
                0x080113f4                HAL_ADCEx_MultiModeStop_DMA
                0x08011468                HAL_ADCEx_MultiModeGetValue
                0x08011484                HAL_ADCEx_InjectedConvCpltCallback
                0x08011498                HAL_ADCEx_InjectedConfigChannel
                0x08011784                HAL_ADCEx_MultiModeConfigChannel
 .text          0x08011894     0x1ef8 /tmp/ccb6za1Q.o
                0x08011894                HAL_SPI_Init
                0x08011958                HAL_SPI_DeInit
                0x080119a0                HAL_SPI_MspInit
                0x080119b4                HAL_SPI_MspDeInit
                0x080119c8                HAL_SPI_Transmit
                0x08011c40                HAL_SPI_Receive
                0x08011f4c                HAL_SPI_TransmitReceive
                0x08012400                HAL_SPI_Transmit_IT
                0x08012524                HAL_SPI_Receive_IT
                0x08012658                HAL_SPI_TransmitReceive_IT
                0x08012784                HAL_SPI_Transmit_DMA
                0x080128c4                HAL_SPI_Receive_DMA
                0x08012a30                HAL_SPI_TransmitReceive_DMA
                0x08012c08                HAL_SPI_DMAPause
                0x08012c5c                HAL_SPI_DMAResume
                0x08012cb0                HAL_SPI_DMAStop
                0x08012d10                HAL_SPI_IRQHandler
                0x08012ea4                HAL_SPI_TxCpltCallback
                0x08012eb8                HAL_SPI_RxCpltCallback
                0x08012ecc                HAL_SPI_TxRxCpltCallback
                0x08012ee0                HAL_SPI_TxHalfCpltCallback
                0x08012ef4                HAL_SPI_RxHalfCpltCallback
                0x08012f08                HAL_SPI_TxRxHalfCpltCallback
                0x08012f1c                HAL_SPI_ErrorCallback
                0x08012f30                HAL_SPI_GetState
                0x08012f4c                HAL_SPI_GetError
 .text          0x0801378c     0x31e4 /tmp/cc51gopW.o
                0x0801378c                HAL_I2C_Init
                0x08013938                HAL_I2C_DeInit
                0x08013988                HAL_I2C_MspInit
                0x0801399c                HAL_I2C_MspDeInit
                0x080139b0                HAL_I2C_Master_Transmit
                0x08013b18                HAL_I2C_Master_Receive
                0x08013e18                HAL_I2C_Slave_Transmit
                0x08013fb4                HAL_I2C_Slave_Receive
                0x08014134                HAL_I2C_Master_Transmit_IT
                0x08014218                HAL_I2C_Master_Receive_IT
                0x08014388                HAL_I2C_Slave_Transmit_IT
                0x08014434                HAL_I2C_Slave_Receive_IT
                0x080144e0                HAL_I2C_Master_Transmit_DMA
                0x080145f0                HAL_I2C_Master_Receive_DMA
                0x08014728                HAL_I2C_Slave_Transmit_DMA
                0x08014874                HAL_I2C_Slave_Receive_DMA
                0x08014978                HAL_I2C_Mem_Write
                0x08014ad8                HAL_I2C_Mem_Read
                0x08014dd4                HAL_I2C_Mem_Write_IT
                0x08014eb0                HAL_I2C_Mem_Read_IT
                0x0801502c                HAL_I2C_Mem_Write_DMA
                0x08015134                HAL_I2C_Mem_Read_DMA
                0x08015278                HAL_I2C_IsDeviceReady
                0x0801547c                HAL_I2C_EV_IRQHandler
                0x08015760                HAL_I2C_ER_IRQHandler
                0x0801591c                HAL_I2C_MasterTxCpltCallback
                0x08015930                HAL_I2C_MasterRxCpltCallback
                0x08015944                HAL_I2C_SlaveTxCpltCallback
                0x08015958                HAL_I2C_SlaveRxCpltCallback
                0x0801596c                HAL_I2C_MemTxCpltCallback
                0x08015980                HAL_I2C_MemRxCpltCallback
                0x08015994                HAL_I2C_ErrorCallback
                0x080159a8                HAL_I2C_GetState
                0x080159c4                HAL_I2C_GetError
 .text          0x08016970      0x4dc /tmp/cc4iazDX.o
                0x080169d8                main
                0x08016ac4                HAL_UART_RxCpltCallback
                0x08016b7c                vApplicationStackOverflowHook
                0x08016b88                vApplicationIdleHook
                0x08016b98                vApplicationTickHook
                0x08016ba8                asservLeftMotor
                0x08016c70                asservRightMotor
                0x08016d60                tracking
 .text          0x08016e4c      0x448 /tmp/ccDD45hf.o
                0x08016e4c                HAL_MspInit
                0x08016eb0                HAL_UARTCOM_MspInit
                0x08016f0c                HAL_UARTZIGBEE_MspInit
                0x08016f5c                HAL_Encoder_Timer1_MspInit
                0x08016fcc                HAL_Encoder_Timer2_MspInit
                0x0801703c                HAL_GPIO_BUTTON_MspInit
                0x0801707c                HAL_GPIO_LED_MspInit
                0x080170a8                HAL_GPIO_CHECK_PERIOD_MspInit
                0x080170d4                HAL_PWM_Timer3_MspInit
                0x08017114                HAL_PWM_Timer4_MspInit
                0x08017180                HAL_i2c_MspInit
                0x080171e4                HAL_tickTimer_MspInit
                0x0801720c                HAL_spi_MspInit
                0x0801724c                HAL_adcir_MspInit
                0x08017284                HAL_MspDeInit
 .text          0x08017294      0x100 /tmp/ccuwd6vu.o
                0x08017294                NMI_Handler
                0x080172a4                HardFault_Handler
                0x080172ac                MemManage_Handler
                0x080172b4                BusFault_Handler
                0x080172bc                UsageFault_Handler
                0x080172c4                DebugMon_Handler
                0x080172d4                SysTick_Handler
                0x080172f0                OTG_FS_IRQHandler
                0x08017300                TIM5_IRQHandler
                0x08017314                EXTI0_IRQHandler
                0x08017324                EXTI1_IRQHandler
                0x08017334                I2C1_EV_IRQHandler
                0x08017348                I2C1_ER_IRQHandler
                0x0801735c                EXTI15_10_IRQHandler
                0x0801736c                USART2_IRQHandler
                0x08017380                USART6_IRQHandler
 .text          0x08017394      0x168 /tmp/ccbY2XJM.o
                0x08017394                SystemInit
                0x08017400                SystemCoreClockUpdate
 .text          0x080174fc      0x2d8 /tmp/ccOPUbE7.o
                0x080174fc                _sbrk
                0x0801756c                _gettimeofday
                0x08017598                initialise_monitor_handles
                0x080175a8                _getpid
                0x080175b8                _kill
                0x080175dc                _exit
                0x080175f0                _write
                0x08017628                _close
                0x08017640                _fstat
                0x08017660                _isatty
                0x08017678                _lseek
                0x08017694                _read
                0x080176d0                _open
                0x080176ec                _wait
                0x08017710                _unlink
                0x08017734                _times
                0x0801774c                _stat
                0x0801776c                _link
                0x08017790                _fork
                0x080177ac                _execve
 .text          0x080177d4       0x8c /tmp/ccNkZA6w.o
                0x080177d4                SystemClock_Config
 .text          0x08017860       0x78 /tmp/ccC28R50.o
                0x08017860                tickTimerInit
                0x080178bc                HAL_TIM_PeriodElapsedCallback
 .text          0x080178d8       0xec /tmp/ccjkfNly.o
                0x080178d8                captDistIR_Init
                0x0801793c                captDistIR_Get
 *fill*         0x080179c4        0x4 
 .text          0x080179c8      0x42c /tmp/cc4FIDTa.o
                0x080179c8                num2str
                0x08017ad0                str2num
                0x08017b5c                reverse
                0x08017bb8                intToStr
                0x08017c48                float2str
                0x08017ce8                myPow
                0x08017d7c                flush_ch
                0x08017db4                size_ch
 .text          0x08017df4      0x100 /tmp/ccFupiWR.o
                0x08017df4                motorCommand_Init
                0x08017eb0                motorLeft_SetDuty
                0x08017ed0                motorRight_SetDuty
 .text          0x08017ef4      0x438 /tmp/cc8ktrvG.o
                0x08017ef4                quadEncoder_Init
                0x08017fdc                quadEncoder_PosCalcL
                0x08018024                quadEncoder_PosCalcR
                0x0801806c                quadEncoder_GetPos16L
                0x080180b0                quadEncoder_GetPos16R
                0x080180f4                quadEncoder_GetPos32L
                0x08018124                quadEncoder_GetPos32R
                0x08018154                quadEncoder_GetSpeedL
                0x080181f4                quadEncoder_GetSpeedR
                0x08018294                quadEncoder_CallbackIndexL
                0x080182e0                quadEncoder_CallbackIndexR
 .text          0x0801832c      0x148 /tmp/ccV9otzA.o
                0x0801832c                servoCommand_Init
                0x080183e8                servoHigh_Set
                0x08018414                servoLow_Set
                0x08018444                servoHigh_Get
                0x0801845c                servoLow_Get
 .text          0x08018474      0x428 /tmp/ccaNtWBx.o
                0x08018474                pixyCam_Init
                0x08018490                pixyCam_Test
                0x08018520                pixyCam_Get
                0x08018674                pixyCam_GetStart
                0x080186f8                pixyCam_GetBlocks
                0x08018834                pixyCam_SetBrightness
                0x08018860                pixyCam_SetLED
 .text          0x0801889c      0x504 /tmp/ccEJaSDI.o
                0x0801889c                i2c1_Init
                0x080188f0                i2c1_WriteBuffer
                0x08018924                i2c1_ReadBuffer
                0x08018958                i2c1_ReadRegBuffer
                0x080189bc                i2c1_WriteRegBuffer
                0x08018a10                i2c1_WriteRegByte_IT
                0x08018a5c                i2c1_ReadRegBuffer_IT
                0x08018ac4                i2c1_WriteReg16Byte
                0x08018b10                i2c1_WriteReg16Word16
                0x08018b68                i2c1_WriteReg16Word32
                0x08018bcc                i2c1_ReadReg16Byte
                0x08018c38                i2c1_ReadReg16Word16
                0x08018cb4                i2c1_ReadReg16Word32
                0x08018d34                i2c1_ReadReg16Buffer
 .text          0x08018da0      0xe30 /tmp/cc2rzjiU.o
                0x08018da0                uart2_Init
                0x08018df8                uart6_Init
                0x08018e50                uart_Write
                0x08018e78                put_char
                0x08018e9c                putchar_stlink
                0x08018ec0                putchar_zigbee
                0x08018ee4                put_string
                0x08018f10                put_string_stlink
                0x08018f3c                put_string_zigbee
                0x08018f68                term_printf
                0x080193a0                term_printf_stlink
                0x080197b8                term_printf_zigbee
 .text          0x08019bd0       0x94 /tmp/ccYX6kla.o
                0x08019bd0                spi1Init
                0x08019c34                spi1Transfer
 .text          0x08019c64       0x48 /tmp/ccSmznZu.o
                0x08019c64                HAL_GPIO_EXTI_Callback
 .text          0x08019cac      0x16c /tmp/ccCoMJld.o
                0x08019cac                vListInitialise
                0x08019cec                vListInitialiseItem
                0x08019d08                vListInsertEnd
                0x08019d50                vListInsert
                0x08019dc4                uxListRemove
 .text          0x08019e18      0xc50 /tmp/cc8ydSmE.o
                0x08019e18                xQueueGenericReset
                0x08019ec8                xQueueGenericCreate
                0x08019f4c                xQueueCreateMutex
                0x08019fdc                xQueueGiveMutexRecursive
                0x0801a034                xQueueTakeMutexRecursive
                0x0801a094                xQueueCreateCountingSemaphore
                0x0801a0e8                xQueueGenericSend
                0x0801a270                xQueueGenericSendFromISR
                0x0801a358                xQueueGenericReceive
                0x0801a510                xQueueReceiveFromISR
                0x0801a5c4                xQueuePeekFromISR
                0x0801a63c                uxQueueMessagesWaiting
                0x0801a668                uxQueueSpacesAvailable
                0x0801a6a0                uxQueueMessagesWaitingFromISR
                0x0801a6c4                vQueueDelete
                0x0801a704                uxQueueGetQueueNumber
                0x0801a71c                vQueueSetQueueNumber
                0x0801a738                ucQueueGetQueueType
                0x0801a93c                xQueueIsQueueEmptyFromISR
                0x0801a99c                xQueueIsQueueFullFromISR
                0x0801a9d0                vQueueAddToRegistry
                0x0801aa20                vQueueUnregisterQueue
 .text          0x0801aa68     0x16d0 /tmp/ccaear19.o
                0x0801aa68                xTaskGenericCreate
                0x0801abcc                vTaskDelete
                0x0801acb4                vTaskDelay
                0x0801ad3c                uxTaskPriorityGet
                0x0801ad70                vTaskPrioritySet
                0x0801aeac                vTaskSuspend
                0x0801b004                vTaskResume
                0x0801b0a0                xTaskResumeFromISR
                0x0801b158                vTaskStartScheduler
                0x0801b1bc                vTaskEndScheduler
                0x0801b1d8                vTaskSuspendAll
                0x0801b1f4                xTaskResumeAll
                0x0801b2fc                xTaskGetTickCount
                0x0801b320                xTaskGetTickCountFromISR
                0x0801b34c                uxTaskGetNumberOfTasks
                0x0801b364                uxTaskGetSystemState
                0x0801b458                xTaskIncrementTick
                0x0801b5d4                vTaskSwitchContext
                0x0801b698                vTaskPlaceOnEventList
                0x0801b728                vTaskPlaceOnUnorderedEventList
                0x0801b7d8                xTaskRemoveFromEventList
                0x0801b88c                xTaskRemoveFromUnorderedEventList
                0x0801b93c                vTaskSetTimeOutState
                0x0801b970                xTaskCheckForTimeOut
                0x0801ba10                vTaskMissedYield
                0x0801ba28                uxTaskGetTaskNumber
                0x0801ba54                vTaskSetTaskNumber
                0x0801bec0                xTaskGetCurrentTaskHandle
                0x0801bee0                xTaskGetSchedulerState
                0x0801bf1c                vTaskPriorityInherit
                0x0801c008                xTaskPriorityDisinherit
                0x0801c0e0                uxTaskResetEventItemValue
                0x0801c110                pvTaskIncrementMutexHeldCount
 .text          0x0801c138      0x394 /tmp/cc4ArUtI.o
                0x0801c138                pxPortInitialiseStack
                0x0801c1bc                SVC_Handler
                0x0801c1fc                xPortStartScheduler
                0x0801c2cc                vPortEndScheduler
                0x0801c2e8                vPortYield
                0x0801c30c                vPortEnterCritical
                0x0801c34c                vPortExitCritical
                0x0801c380                ulPortSetInterruptMask
                0x0801c394                vPortClearInterruptMask
                0x0801c39c                PendSV_Handler
                0x0801c3f8                xPortSysTickHandler
                0x0801c420                vPortSetupTimerInterrupt
                0x0801c468                vPortValidateInterruptPriority
 .text          0x0801c4cc       0xdc /tmp/ccEHDusf.o
                0x0801c4cc                pvPortMalloc
                0x0801c558                vPortFree
                0x0801c574                vPortInitialiseBlocks
                0x0801c58c                xPortGetFreeHeapSize
 .text          0x0801c5a8      0x370 /local/sdk_elec/gcc-arm-none-eabi-5_2-2015q4/bin/../lib/gcc/arm-none-eabi/5.2.1/armv7e-m/fpu/libgcc.a(_arm_addsubdf3.o)
                0x0801c5a8                __aeabi_drsub
                0x0801c5b0                __aeabi_dsub
                0x0801c5b0                __subdf3
                0x0801c5b4                __adddf3
                0x0801c5b4                __aeabi_dadd
                0x0801c82c                __aeabi_ui2d
                0x0801c82c                __floatunsidf
                0x0801c84c                __floatsidf
                0x0801c84c                __aeabi_i2d
                0x0801c870                __extendsfdf2
                0x0801c870                __aeabi_f2d
                0x0801c8ac                __aeabi_ul2d
                0x0801c8ac                __floatundidf
                0x0801c8bc                __floatdidf
                0x0801c8bc                __aeabi_l2d
 .text          0x0801c918      0x424 /local/sdk_elec/gcc-arm-none-eabi-5_2-2015q4/bin/../lib/gcc/arm-none-eabi/5.2.1/armv7e-m/fpu/libgcc.a(_arm_muldivdf3.o)
                0x0801c918                __aeabi_dmul
                0x0801c918                __muldf3
                0x0801cb6c                __aeabi_ddiv
                0x0801cb6c                __divdf3
 .text          0x0801cd3c       0xa0 /local/sdk_elec/gcc-arm-none-eabi-5_2-2015q4/bin/../lib/gcc/arm-none-eabi/5.2.1/armv7e-m/fpu/libgcc.a(_arm_truncdfsf2.o)
                0x0801cd3c                __aeabi_d2f
                0x0801cd3c                __truncdfsf2
 .text          0x0801cddc      0x134 /local/sdk_elec/gcc-arm-none-eabi-5_2-2015q4/bin/../lib/gcc/arm-none-eabi/5.2.1/../../../../arm-none-eabi/lib/armv7e-m/fpu/libg.a(lib_a-memcpy.o)
                0x0801cddc                memcpy
 *(.text*)
 .text.__libc_init_array
                0x0801cf10       0x50 /local/sdk_elec/gcc-arm-none-eabi-5_2-2015q4/bin/../lib/gcc/arm-none-eabi/5.2.1/../../../../arm-none-eabi/lib/armv7e-m/fpu/libc.a(lib_a-init.o)
                0x0801cf10                __libc_init_array
 .text.memset   0x0801cf60       0x9c /local/sdk_elec/gcc-arm-none-eabi-5_2-2015q4/bin/../lib/gcc/arm-none-eabi/5.2.1/../../../../arm-none-eabi/lib/armv7e-m/fpu/libc.a(lib_a-memset.o)
                0x0801cf60                memset
 .text.startup.register_fini
                0x0801cffc       0x14 /local/sdk_elec/gcc-arm-none-eabi-5_2-2015q4/bin/../lib/gcc/arm-none-eabi/5.2.1/../../../../arm-none-eabi/lib/armv7e-m/fpu/libc.a(lib_a-__call_atexit.o)
 .text.atexit   0x0801d010        0xc /local/sdk_elec/gcc-arm-none-eabi-5_2-2015q4/bin/../lib/gcc/arm-none-eabi/5.2.1/../../../../arm-none-eabi/lib/armv7e-m/fpu/libc.a(lib_a-atexit.o)
                0x0801d010                atexit
 .text.__libc_fini_array
                0x0801d01c       0x28 /local/sdk_elec/gcc-arm-none-eabi-5_2-2015q4/bin/../lib/gcc/arm-none-eabi/5.2.1/../../../../arm-none-eabi/lib/armv7e-m/fpu/libc.a(lib_a-fini.o)
                0x0801d01c                __libc_fini_array
 .text.__register_exitproc
                0x0801d044       0xa4 /local/sdk_elec/gcc-arm-none-eabi-5_2-2015q4/bin/../lib/gcc/arm-none-eabi/5.2.1/../../../../arm-none-eabi/lib/armv7e-m/fpu/libc.a(lib_a-__atexit.o)
                0x0801d044                __register_exitproc
 .text.Reset_Handler
                0x0801d0e8       0x50 /tmp/ccxvzBIZ.o
                0x0801d0e8                Reset_Handler
 .text.Default_Handler
                0x0801d138        0x2 /tmp/ccxvzBIZ.o
                0x0801d138                RTC_Alarm_IRQHandler
                0x0801d138                EXTI2_IRQHandler
                0x0801d138                SPI4_IRQHandler
                0x0801d138                TIM1_CC_IRQHandler
                0x0801d138                DMA2_Stream5_IRQHandler
                0x0801d138                DMA1_Stream5_IRQHandler
                0x0801d138                PVD_IRQHandler
                0x0801d138                SDIO_IRQHandler
                0x0801d138                TAMP_STAMP_IRQHandler
                0x0801d138                EXTI3_IRQHandler
                0x0801d138                TIM1_UP_TIM10_IRQHandler
                0x0801d138                I2C3_ER_IRQHandler
                0x0801d138                I2C2_EV_IRQHandler
                0x0801d138                DMA1_Stream2_IRQHandler
                0x0801d138                FPU_IRQHandler
                0x0801d138                DMA2_Stream2_IRQHandler
                0x0801d138                SPI1_IRQHandler
                0x0801d138                TIM1_BRK_TIM9_IRQHandler
                0x0801d138                DMA2_Stream3_IRQHandler
                0x0801d138                DMA2_Stream0_IRQHandler
                0x0801d138                TIM4_IRQHandler
                0x0801d138                DMA1_Stream6_IRQHandler
                0x0801d138                DMA1_Stream1_IRQHandler
                0x0801d138                TIM3_IRQHandler
                0x0801d138                RCC_IRQHandler
                0x0801d138                Default_Handler
                0x0801d138                ADC_IRQHandler
                0x0801d138                DMA1_Stream7_IRQHandler
                0x0801d138                SPI5_IRQHandler
                0x0801d138                DMA2_Stream7_IRQHandler
                0x0801d138                I2C3_EV_IRQHandler
                0x0801d138                EXTI9_5_IRQHandler
                0x0801d138                RTC_WKUP_IRQHandler
                0x0801d138                SPI2_IRQHandler
                0x0801d138                DMA1_Stream0_IRQHandler
                0x0801d138                EXTI4_IRQHandler
                0x0801d138                WWDG_IRQHandler
                0x0801d138                TIM2_IRQHandler
                0x0801d138                OTG_FS_WKUP_IRQHandler
                0x0801d138                TIM1_TRG_COM_TIM11_IRQHandler
                0x0801d138                I2C2_ER_IRQHandler
                0x0801d138                DMA2_Stream1_IRQHandler
                0x0801d138                FLASH_IRQHandler
                0x0801d138                DMA2_Stream4_IRQHandler
                0x0801d138                USART1_IRQHandler
                0x0801d138                SPI3_IRQHandler
                0x0801d138                DMA1_Stream4_IRQHandler
                0x0801d138                DMA2_Stream6_IRQHandler
                0x0801d138                DMA1_Stream3_IRQHandler
 *fill*         0x0801d13a        0x2 
 .text.malloc   0x0801d13c       0x10 /local/sdk_elec/gcc-arm-none-eabi-5_2-2015q4/bin/../lib/gcc/arm-none-eabi/5.2.1/../../../../arm-none-eabi/lib/armv7e-m/fpu/libg.a(lib_a-malloc.o)
                0x0801d13c                malloc
 .text._malloc_r
                0x0801d14c      0x570 /local/sdk_elec/gcc-arm-none-eabi-5_2-2015q4/bin/../lib/gcc/arm-none-eabi/5.2.1/../../../../arm-none-eabi/lib/armv7e-m/fpu/libg.a(lib_a-mallocr.o)
                0x0801d14c                _malloc_r
 .text.__malloc_lock
                0x0801d6bc        0x4 /local/sdk_elec/gcc-arm-none-eabi-5_2-2015q4/bin/../lib/gcc/arm-none-eabi/5.2.1/../../../../arm-none-eabi/lib/armv7e-m/fpu/libg.a(lib_a-mlock.o)
                0x0801d6bc                __malloc_lock
 .text.__malloc_unlock
                0x0801d6c0        0x4 /local/sdk_elec/gcc-arm-none-eabi-5_2-2015q4/bin/../lib/gcc/arm-none-eabi/5.2.1/../../../../arm-none-eabi/lib/armv7e-m/fpu/libg.a(lib_a-mlock.o)
                0x0801d6c0                __malloc_unlock
 .text._sbrk_r  0x0801d6c4       0x24 /local/sdk_elec/gcc-arm-none-eabi-5_2-2015q4/bin/../lib/gcc/arm-none-eabi/5.2.1/../../../../arm-none-eabi/lib/armv7e-m/fpu/libg.a(lib_a-sbrkr.o)
                0x0801d6c4                _sbrk_r
 .text._malloc_trim_r
                0x0801d6e8       0x9c /local/sdk_elec/gcc-arm-none-eabi-5_2-2015q4/bin/../lib/gcc/arm-none-eabi/5.2.1/../../../../arm-none-eabi/lib/armv7e-m/fpu/libg.a(lib_a-freer.o)
                0x0801d6e8                _malloc_trim_r
 .text._free_r  0x0801d784      0x1d0 /local/sdk_elec/gcc-arm-none-eabi-5_2-2015q4/bin/../lib/gcc/arm-none-eabi/5.2.1/../../../../arm-none-eabi/lib/armv7e-m/fpu/libg.a(lib_a-freer.o)
                0x0801d784                _free_r
 *(.glue_7)
 .glue_7        0x0801d954        0x0 linker stubs
 *(.glue_7t)
 .glue_7t       0x0801d954        0x0 linker stubs
 *(.eh_frame)
 .eh_frame      0x0801d954        0x0 /local/sdk_elec/gcc-arm-none-eabi-5_2-2015q4/bin/../lib/gcc/arm-none-eabi/5.2.1/armv7e-m/fpu/crtbegin.o
 *(.init)
 .init          0x0801d954        0x4 /local/sdk_elec/gcc-arm-none-eabi-5_2-2015q4/bin/../lib/gcc/arm-none-eabi/5.2.1/armv7e-m/fpu/crti.o
                0x0801d954                _init
 .init          0x0801d958        0x8 /local/sdk_elec/gcc-arm-none-eabi-5_2-2015q4/bin/../lib/gcc/arm-none-eabi/5.2.1/armv7e-m/fpu/crtn.o
 *(.fini)
 .fini          0x0801d960        0x4 /local/sdk_elec/gcc-arm-none-eabi-5_2-2015q4/bin/../lib/gcc/arm-none-eabi/5.2.1/armv7e-m/fpu/crti.o
                0x0801d960                _fini
 .fini          0x0801d964        0x8 /local/sdk_elec/gcc-arm-none-eabi-5_2-2015q4/bin/../lib/gcc/arm-none-eabi/5.2.1/armv7e-m/fpu/crtn.o
                0x0801d96c                . = ALIGN (0x4)
                0x0801d96c                _etext = .

.vfp11_veneer   0x0801d96c        0x0
 .vfp11_veneer  0x0801d96c        0x0 linker stubs

.v4_bx          0x0801d96c        0x0
 .v4_bx         0x0801d96c        0x0 linker stubs

.iplt           0x0801d96c        0x0
 .iplt          0x0801d96c        0x0 /local/sdk_elec/gcc-arm-none-eabi-5_2-2015q4/bin/../lib/gcc/arm-none-eabi/5.2.1/armv7e-m/fpu/crtbegin.o

.rodata         0x0801d96c       0xa0
                0x0801d96c                . = ALIGN (0x4)
 *(.rodata)
 .rodata        0x0801d96c       0x10 /tmp/ccbM6BJo.o
                0x0801d96c                APBAHBPrescTable
 .rodata        0x0801d97c        0xf /tmp/cc4iazDX.o
 *fill*         0x0801d98b        0x1 
 .rodata        0x0801d98c       0x6d /tmp/ccaNtWBx.o
 *fill*         0x0801d9f9        0x3 
 .rodata        0x0801d9fc        0x5 /tmp/ccaear19.o
 *(.rodata*)
 *fill*         0x0801da01        0x3 
 .rodata.str1.4
                0x0801da04        0x4 /local/sdk_elec/gcc-arm-none-eabi-5_2-2015q4/bin/../lib/gcc/arm-none-eabi/5.2.1/../../../../arm-none-eabi/lib/armv7e-m/fpu/libc.a(lib_a-impure.o)
                                  0x2 (size before relaxing)
 .rodata._global_impure_ptr
                0x0801da08        0x4 /local/sdk_elec/gcc-arm-none-eabi-5_2-2015q4/bin/../lib/gcc/arm-none-eabi/5.2.1/../../../../arm-none-eabi/lib/armv7e-m/fpu/libc.a(lib_a-impure.o)
                0x0801da08                _global_impure_ptr
                0x0801da0c                . = ALIGN (0x4)

.rel.dyn        0x0801da0c        0x0
 .rel.iplt      0x0801da0c        0x0 /local/sdk_elec/gcc-arm-none-eabi-5_2-2015q4/bin/../lib/gcc/arm-none-eabi/5.2.1/armv7e-m/fpu/crtbegin.o

.ARM.extab
 *(.ARM.extab* .gnu.linkonce.armextab.*)

.ARM            0x0801da0c        0x0
                0x0801da0c                __exidx_start = .
 *(.ARM.exidx*)
                0x0801da0c                __exidx_end = .

.preinit_array  0x0801da0c        0x0
                0x0801da0c                PROVIDE (__preinit_array_start, .)
 *(.preinit_array*)
                0x0801da0c                PROVIDE (__preinit_array_end, .)

.init_array     0x0801da0c        0x8
                0x0801da0c                PROVIDE (__init_array_start, .)
 *(SORT(.init_array.*))
 .init_array.00000
                0x0801da0c        0x4 /local/sdk_elec/gcc-arm-none-eabi-5_2-2015q4/bin/../lib/gcc/arm-none-eabi/5.2.1/../../../../arm-none-eabi/lib/armv7e-m/fpu/libc.a(lib_a-__call_atexit.o)
 *(.init_array*)
 .init_array    0x0801da10        0x4 /local/sdk_elec/gcc-arm-none-eabi-5_2-2015q4/bin/../lib/gcc/arm-none-eabi/5.2.1/armv7e-m/fpu/crtbegin.o
                0x0801da14                PROVIDE (__init_array_end, .)

.fini_array     0x0801da14        0x4
                0x0801da14                PROVIDE (__fini_array_start, .)
 *(SORT(.fini_array.*))
 *(.fini_array*)
 .fini_array    0x0801da14        0x4 /local/sdk_elec/gcc-arm-none-eabi-5_2-2015q4/bin/../lib/gcc/arm-none-eabi/5.2.1/armv7e-m/fpu/crtbegin.o
                0x0801da18                PROVIDE (__fini_array_end, .)
                0x0801da18                _sidata = LOADADDR (.data)

.data           0x20000000      0x89c load address 0x0801da18
                0x20000000                . = ALIGN (0x4)
                0x20000000                _sdata = .
 *(.data)
 .data          0x20000000       0x24 /tmp/cc4iazDX.o
                0x20000000                cam_status
                0x20000004                cam_cmd_x
                0x20000008                cam_cmd_y
                0x2000000c                speed_motor_cmd
                0x20000010                Kp_L
                0x20000014                Ki_L
                0x20000018                Kp_R
                0x2000001c                Ki_R
 .data          0x20000024       0x14 /tmp/ccbY2XJM.o
                0x20000024                SystemCoreClock
                0x20000028                AHBPrescTable
 .data          0x20000038       0x11 /tmp/cc4FIDTa.o
 *fill*         0x20000049        0x3 
 .data          0x2000004c        0x8 /tmp/ccV9otzA.o
 .data          0x20000054        0x4 /tmp/ccaear19.o
 .data          0x20000058        0x4 /tmp/cc4ArUtI.o
 *(.data*)
 *fill*         0x2000005c        0x4 
 .data.impure_data
                0x20000060      0x428 /local/sdk_elec/gcc-arm-none-eabi-5_2-2015q4/bin/../lib/gcc/arm-none-eabi/5.2.1/../../../../arm-none-eabi/lib/armv7e-m/fpu/libc.a(lib_a-impure.o)
 .data._impure_ptr
                0x20000488        0x4 /local/sdk_elec/gcc-arm-none-eabi-5_2-2015q4/bin/../lib/gcc/arm-none-eabi/5.2.1/../../../../arm-none-eabi/lib/armv7e-m/fpu/libc.a(lib_a-impure.o)
                0x20000488                _impure_ptr
 .data.__malloc_av_
                0x2000048c      0x408 /local/sdk_elec/gcc-arm-none-eabi-5_2-2015q4/bin/../lib/gcc/arm-none-eabi/5.2.1/../../../../arm-none-eabi/lib/armv7e-m/fpu/libg.a(lib_a-mallocr.o)
                0x2000048c                __malloc_av_
 .data.__malloc_trim_threshold
                0x20000894        0x4 /local/sdk_elec/gcc-arm-none-eabi-5_2-2015q4/bin/../lib/gcc/arm-none-eabi/5.2.1/../../../../arm-none-eabi/lib/armv7e-m/fpu/libg.a(lib_a-mallocr.o)
                0x20000894                __malloc_trim_threshold
 .data.__malloc_sbrk_base
                0x20000898        0x4 /local/sdk_elec/gcc-arm-none-eabi-5_2-2015q4/bin/../lib/gcc/arm-none-eabi/5.2.1/../../../../arm-none-eabi/lib/armv7e-m/fpu/libg.a(lib_a-mallocr.o)
                0x20000898                __malloc_sbrk_base
                0x2000089c                . = ALIGN (0x4)
                0x2000089c                _edata = .

.jcr            0x2000089c        0x0 load address 0x0801e2b4
 .jcr           0x2000089c        0x0 /local/sdk_elec/gcc-arm-none-eabi-5_2-2015q4/bin/../lib/gcc/arm-none-eabi/5.2.1/armv7e-m/fpu/crtbegin.o

.tm_clone_table
                0x2000089c        0x0 load address 0x0801e2b4
 .tm_clone_table
                0x2000089c        0x0 /local/sdk_elec/gcc-arm-none-eabi-5_2-2015q4/bin/../lib/gcc/arm-none-eabi/5.2.1/armv7e-m/fpu/crtbegin.o
 .tm_clone_table
                0x2000089c        0x0 /local/sdk_elec/gcc-arm-none-eabi-5_2-2015q4/bin/../lib/gcc/arm-none-eabi/5.2.1/armv7e-m/fpu/crtend.o

.igot.plt       0x2000089c        0x0 load address 0x0801e2b4
 .igot.plt      0x2000089c        0x0 /local/sdk_elec/gcc-arm-none-eabi-5_2-2015q4/bin/../lib/gcc/arm-none-eabi/5.2.1/armv7e-m/fpu/crtbegin.o
                0x2000089c                . = ALIGN (0x4)

.bss            0x2000089c     0x65c0 load address 0x0801e2b4
                0x2000089c                _sbss = .
                0x2000089c                __bss_start__ = _sbss
 *(.bss)
 .bss           0x2000089c       0x1c /local/sdk_elec/gcc-arm-none-eabi-5_2-2015q4/bin/../lib/gcc/arm-none-eabi/5.2.1/armv7e-m/fpu/crtbegin.o
 .bss           0x200008b8        0x4 /tmp/cc4BVUOy.o
 .bss           0x200008bc       0x38 /tmp/cc4iazDX.o
                0x200008bc                xSemaphore
                0x200008c0                semA
                0x200008c4                qh
                0x200008c8                cam_current_status
                0x200008cc                motor_left_cmd
                0x200008d0                motor_right_cmd
                0x200008d4                test_index
                0x200008d8                led
 .bss           0x200008f4        0x4 /tmp/ccOPUbE7.o
 .bss           0x200008f8       0x58 /tmp/ccFupiWR.o
 .bss           0x20000950       0x1e /tmp/cc8ktrvG.o
                0x20000950                indexL
 *fill*         0x2000096e        0x2 
 .bss           0x20000970       0x58 /tmp/ccV9otzA.o
 .bss           0x200009c8       0x50 /tmp/ccaNtWBx.o
 .bss           0x20000a18        0x6 /tmp/cc2rzjiU.o
                0x20000a18                rec_buf2
                0x20000a1c                rec_buf6
 *fill*         0x20000a1e        0x2 
 .bss           0x20000a20      0x124 /tmp/ccaear19.o
                0x20000a20                pxCurrentTCB
 .bss           0x20000b44        0x8 /tmp/cc4ArUtI.o
 .bss           0x20000b4c     0x5008 /tmp/ccEHDusf.o
 *(.bss*)
 .bss.__malloc_max_total_mem
                0x20005b54        0x4 /local/sdk_elec/gcc-arm-none-eabi-5_2-2015q4/bin/../lib/gcc/arm-none-eabi/5.2.1/../../../../arm-none-eabi/lib/armv7e-m/fpu/libg.a(lib_a-mallocr.o)
                0x20005b54                __malloc_max_total_mem
 .bss.__malloc_max_sbrked_mem
                0x20005b58        0x4 /local/sdk_elec/gcc-arm-none-eabi-5_2-2015q4/bin/../lib/gcc/arm-none-eabi/5.2.1/../../../../arm-none-eabi/lib/armv7e-m/fpu/libg.a(lib_a-mallocr.o)
                0x20005b58                __malloc_max_sbrked_mem
 .bss.__malloc_top_pad
                0x20005b5c        0x4 /local/sdk_elec/gcc-arm-none-eabi-5_2-2015q4/bin/../lib/gcc/arm-none-eabi/5.2.1/../../../../arm-none-eabi/lib/armv7e-m/fpu/libg.a(lib_a-mallocr.o)
                0x20005b5c                __malloc_top_pad
 .bss.__malloc_current_mallinfo
                0x20005b60       0x28 /local/sdk_elec/gcc-arm-none-eabi-5_2-2015q4/bin/../lib/gcc/arm-none-eabi/5.2.1/../../../../arm-none-eabi/lib/armv7e-m/fpu/libg.a(lib_a-mallocr.o)
                0x20005b60                __malloc_current_mallinfo
 *(COMMON)
 COMMON         0x20005b88     0x102c /tmp/cc4iazDX.o
                0x20005b88                Uart6Handle
                0x20005bc8                Uart2Handle
                0x20005c08                dist_IR
                0x20005c10                consigne
                0x20005c14                test_cmd
 COMMON         0x20006bb4       0x3c /tmp/ccC28R50.o
                0x20006bb4                TimHandle_period
 COMMON         0x20006bf0       0xdc /tmp/ccjkfNly.o
                0x20006bf0                adcHandle_12
                0x20006c34                adcHandle
                0x20006c78                sConfig
                0x20006c88                adcHandle_13
 COMMON         0x20006ccc       0x78 /tmp/cc8ktrvG.o
                0x20006ccc                TimEncoderHandleRight
                0x20006d08                TimEncoderHandleLeft
 COMMON         0x20006d44       0x3c /tmp/ccEJaSDI.o
                0x20006d44                hi2c1
 COMMON         0x20006d80       0x40 /tmp/cc2rzjiU.o
                0x20006d80                string
 COMMON         0x20006dc0       0x58 /tmp/ccYX6kla.o
                0x20006dc0                SpiHandle
 COMMON         0x20006e18       0x40 /tmp/cc8ydSmE.o
                0x20006e18                xQueueRegistry
 COMMON         0x20006e58        0x4 /local/sdk_elec/gcc-arm-none-eabi-5_2-2015q4/bin/../lib/gcc/arm-none-eabi/5.2.1/../../../../arm-none-eabi/lib/armv7e-m/fpu/libg.a(lib_a-reent.o)
                0x20006e58                errno
                0x20006e5c                . = ALIGN (0x4)
                0x20006e5c                _ebss = .
                0x20006e5c                __bss_end__ = _ebss

._user_heap_stack
                0x20006e5c      0x400 load address 0x0801e2b4
                0x20006e5c                . = ALIGN (0x4)
                [!provide]                PROVIDE (end, .)
                [!provide]                PROVIDE (_end, .)
                0x2000705c                . = (. + _Min_Heap_Size)
 *fill*         0x20006e5c      0x200 
                0x2000725c                . = (. + _Min_Stack_Size)
 *fill*         0x2000705c      0x200 
                0x2000725c                . = ALIGN (0x4)

/DISCARD/
 libc.a(*)
 libm.a(*)
 libgcc.a(*)

.ARM.attributes
                0x00000000       0x30
 *(.ARM.attributes)
 .ARM.attributes
                0x00000000       0x22 /local/sdk_elec/gcc-arm-none-eabi-5_2-2015q4/bin/../lib/gcc/arm-none-eabi/5.2.1/armv7e-m/fpu/crti.o
 .ARM.attributes
                0x00000022       0x34 /local/sdk_elec/gcc-arm-none-eabi-5_2-2015q4/bin/../lib/gcc/arm-none-eabi/5.2.1/armv7e-m/fpu/crtbegin.o
 .ARM.attributes
                0x00000056       0x34 /local/sdk_elec/gcc-arm-none-eabi-5_2-2015q4/bin/../lib/gcc/arm-none-eabi/5.2.1/../../../../arm-none-eabi/lib/armv7e-m/fpu/libc.a(lib_a-impure.o)
 .ARM.attributes
                0x0000008a       0x34 /local/sdk_elec/gcc-arm-none-eabi-5_2-2015q4/bin/../lib/gcc/arm-none-eabi/5.2.1/../../../../arm-none-eabi/lib/armv7e-m/fpu/libc.a(lib_a-init.o)
 .ARM.attributes
                0x000000be       0x34 /local/sdk_elec/gcc-arm-none-eabi-5_2-2015q4/bin/../lib/gcc/arm-none-eabi/5.2.1/../../../../arm-none-eabi/lib/armv7e-m/fpu/libc.a(lib_a-memset.o)
 .ARM.attributes
                0x000000f2       0x34 /local/sdk_elec/gcc-arm-none-eabi-5_2-2015q4/bin/../lib/gcc/arm-none-eabi/5.2.1/../../../../arm-none-eabi/lib/armv7e-m/fpu/libc.a(lib_a-__call_atexit.o)
 .ARM.attributes
                0x00000126       0x34 /local/sdk_elec/gcc-arm-none-eabi-5_2-2015q4/bin/../lib/gcc/arm-none-eabi/5.2.1/../../../../arm-none-eabi/lib/armv7e-m/fpu/libc.a(lib_a-atexit.o)
 .ARM.attributes
                0x0000015a       0x34 /local/sdk_elec/gcc-arm-none-eabi-5_2-2015q4/bin/../lib/gcc/arm-none-eabi/5.2.1/../../../../arm-none-eabi/lib/armv7e-m/fpu/libc.a(lib_a-fini.o)
 .ARM.attributes
                0x0000018e       0x34 /local/sdk_elec/gcc-arm-none-eabi-5_2-2015q4/bin/../lib/gcc/arm-none-eabi/5.2.1/../../../../arm-none-eabi/lib/armv7e-m/fpu/libc.a(lib_a-__atexit.o)
 .ARM.attributes
                0x000001c2       0x39 /tmp/cc4BVUOy.o
 .ARM.attributes
                0x000001fb       0x39 /tmp/ccbM6BJo.o
 .ARM.attributes
                0x00000234       0x39 /tmp/ccaMKtbl.o
 .ARM.attributes
                0x0000026d       0x39 /tmp/ccPLP6xl.o
 .ARM.attributes
                0x000002a6       0x39 /tmp/cchQJnWD.o
 .ARM.attributes
                0x000002df       0x39 /tmp/ccHZKxn9.o
 .ARM.attributes
                0x00000318       0x39 /tmp/ccttdKHG.o
 .ARM.attributes
                0x00000351       0x39 /tmp/ccp40uMl.o
 .ARM.attributes
                0x0000038a       0x39 /tmp/cc5mTue6.o
 .ARM.attributes
                0x000003c3       0x39 /tmp/ccJCO6yV.o
 .ARM.attributes
                0x000003fc       0x39 /tmp/ccb6za1Q.o
 .ARM.attributes
                0x00000435       0x39 /tmp/cc51gopW.o
 .ARM.attributes
                0x0000046e       0x39 /tmp/cc4iazDX.o
 .ARM.attributes
                0x000004a7       0x21 /tmp/ccxvzBIZ.o
 .ARM.attributes
                0x000004c8       0x39 /tmp/ccDD45hf.o
 .ARM.attributes
                0x00000501       0x39 /tmp/ccuwd6vu.o
 .ARM.attributes
                0x0000053a       0x39 /tmp/ccbY2XJM.o
 .ARM.attributes
                0x00000573       0x39 /tmp/ccOPUbE7.o
 .ARM.attributes
                0x000005ac       0x39 /tmp/ccNkZA6w.o
 .ARM.attributes
                0x000005e5       0x39 /tmp/ccC28R50.o
 .ARM.attributes
                0x0000061e       0x39 /tmp/ccjkfNly.o
 .ARM.attributes
                0x00000657       0x39 /tmp/cc4FIDTa.o
 .ARM.attributes
                0x00000690       0x39 /tmp/ccFupiWR.o
 .ARM.attributes
                0x000006c9       0x39 /tmp/cc8ktrvG.o
 .ARM.attributes
                0x00000702       0x39 /tmp/ccV9otzA.o
 .ARM.attributes
                0x0000073b       0x39 /tmp/ccaNtWBx.o
 .ARM.attributes
                0x00000774       0x39 /tmp/ccEJaSDI.o
 .ARM.attributes
                0x000007ad       0x39 /tmp/cc2rzjiU.o
 .ARM.attributes
                0x000007e6       0x39 /tmp/ccYX6kla.o
 .ARM.attributes
                0x0000081f       0x39 /tmp/ccSmznZu.o
 .ARM.attributes
                0x00000858       0x39 /tmp/ccCoMJld.o
 .ARM.attributes
                0x00000891       0x39 /tmp/cc8ydSmE.o
 .ARM.attributes
                0x000008ca       0x39 /tmp/ccaear19.o
 .ARM.attributes
                0x00000903       0x39 /tmp/cc4ArUtI.o
 .ARM.attributes
                0x0000093c       0x39 /tmp/ccEHDusf.o
 .ARM.attributes
                0x00000975       0x22 /local/sdk_elec/gcc-arm-none-eabi-5_2-2015q4/bin/../lib/gcc/arm-none-eabi/5.2.1/armv7e-m/fpu/libgcc.a(_arm_addsubdf3.o)
 .ARM.attributes
                0x00000997       0x22 /local/sdk_elec/gcc-arm-none-eabi-5_2-2015q4/bin/../lib/gcc/arm-none-eabi/5.2.1/armv7e-m/fpu/libgcc.a(_arm_muldivdf3.o)
 .ARM.attributes
                0x000009b9       0x22 /local/sdk_elec/gcc-arm-none-eabi-5_2-2015q4/bin/../lib/gcc/arm-none-eabi/5.2.1/armv7e-m/fpu/libgcc.a(_arm_truncdfsf2.o)
 .ARM.attributes
                0x000009db       0x34 /local/sdk_elec/gcc-arm-none-eabi-5_2-2015q4/bin/../lib/gcc/arm-none-eabi/5.2.1/../../../../arm-none-eabi/lib/armv7e-m/fpu/libg.a(lib_a-malloc.o)
 .ARM.attributes
                0x00000a0f       0x34 /local/sdk_elec/gcc-arm-none-eabi-5_2-2015q4/bin/../lib/gcc/arm-none-eabi/5.2.1/../../../../arm-none-eabi/lib/armv7e-m/fpu/libg.a(lib_a-mallocr.o)
 .ARM.attributes
                0x00000a43       0x20 /local/sdk_elec/gcc-arm-none-eabi-5_2-2015q4/bin/../lib/gcc/arm-none-eabi/5.2.1/../../../../arm-none-eabi/lib/armv7e-m/fpu/libg.a(lib_a-memcpy.o)
 .ARM.attributes
                0x00000a63       0x34 /local/sdk_elec/gcc-arm-none-eabi-5_2-2015q4/bin/../lib/gcc/arm-none-eabi/5.2.1/../../../../arm-none-eabi/lib/armv7e-m/fpu/libg.a(lib_a-mlock.o)
 .ARM.attributes
                0x00000a97       0x34 /local/sdk_elec/gcc-arm-none-eabi-5_2-2015q4/bin/../lib/gcc/arm-none-eabi/5.2.1/../../../../arm-none-eabi/lib/armv7e-m/fpu/libg.a(lib_a-reent.o)
 .ARM.attributes
                0x00000acb       0x34 /local/sdk_elec/gcc-arm-none-eabi-5_2-2015q4/bin/../lib/gcc/arm-none-eabi/5.2.1/../../../../arm-none-eabi/lib/armv7e-m/fpu/libg.a(lib_a-sbrkr.o)
 .ARM.attributes
                0x00000aff       0x34 /local/sdk_elec/gcc-arm-none-eabi-5_2-2015q4/bin/../lib/gcc/arm-none-eabi/5.2.1/../../../../arm-none-eabi/lib/armv7e-m/fpu/libg.a(lib_a-freer.o)
 .ARM.attributes
                0x00000b33       0x34 /local/sdk_elec/gcc-arm-none-eabi-5_2-2015q4/bin/../lib/gcc/arm-none-eabi/5.2.1/armv7e-m/fpu/crtend.o
 .ARM.attributes
                0x00000b67       0x22 /local/sdk_elec/gcc-arm-none-eabi-5_2-2015q4/bin/../lib/gcc/arm-none-eabi/5.2.1/armv7e-m/fpu/crtn.o
OUTPUT(template.elf elf32-littlearm)

.debug_frame    0x00000000     0x5f84
 .debug_frame   0x00000000       0x2c /local/sdk_elec/gcc-arm-none-eabi-5_2-2015q4/bin/../lib/gcc/arm-none-eabi/5.2.1/../../../../arm-none-eabi/lib/armv7e-m/fpu/libc.a(lib_a-init.o)
 .debug_frame   0x0000002c       0x34 /local/sdk_elec/gcc-arm-none-eabi-5_2-2015q4/bin/../lib/gcc/arm-none-eabi/5.2.1/../../../../arm-none-eabi/lib/armv7e-m/fpu/libc.a(lib_a-memset.o)
 .debug_frame   0x00000060       0x50 /local/sdk_elec/gcc-arm-none-eabi-5_2-2015q4/bin/../lib/gcc/arm-none-eabi/5.2.1/../../../../arm-none-eabi/lib/armv7e-m/fpu/libc.a(lib_a-__call_atexit.o)
 .debug_frame   0x000000b0       0x20 /local/sdk_elec/gcc-arm-none-eabi-5_2-2015q4/bin/../lib/gcc/arm-none-eabi/5.2.1/../../../../arm-none-eabi/lib/armv7e-m/fpu/libc.a(lib_a-atexit.o)
 .debug_frame   0x000000d0       0x34 /local/sdk_elec/gcc-arm-none-eabi-5_2-2015q4/bin/../lib/gcc/arm-none-eabi/5.2.1/../../../../arm-none-eabi/lib/armv7e-m/fpu/libc.a(lib_a-fini.o)
 .debug_frame   0x00000104       0x34 /local/sdk_elec/gcc-arm-none-eabi-5_2-2015q4/bin/../lib/gcc/arm-none-eabi/5.2.1/../../../../arm-none-eabi/lib/armv7e-m/fpu/libc.a(lib_a-__atexit.o)
 .debug_frame   0x00000138      0x2c0 /tmp/cc4BVUOy.o
 .debug_frame   0x000003f8      0x204 /tmp/ccbM6BJo.o
 .debug_frame   0x000005fc      0x14c /tmp/ccaMKtbl.o
 .debug_frame   0x00000748      0x428 /tmp/ccPLP6xl.o
 .debug_frame   0x00000b70      0x5e0 /tmp/cchQJnWD.o
 .debug_frame   0x00001150      0x194 /tmp/ccHZKxn9.o
 .debug_frame   0x000012e4      0xfb4 /tmp/ccttdKHG.o
 .debug_frame   0x00002298      0x574 /tmp/ccp40uMl.o
 .debug_frame   0x0000280c      0x400 /tmp/cc5mTue6.o
 .debug_frame   0x00002c0c      0x254 /tmp/ccJCO6yV.o
 .debug_frame   0x00002e60      0x5d4 /tmp/ccb6za1Q.o
 .debug_frame   0x00003434      0x8a4 /tmp/cc51gopW.o
 .debug_frame   0x00003cd8      0x15c /tmp/cc4iazDX.o
 .debug_frame   0x00003e34      0x218 /tmp/ccDD45hf.o
 .debug_frame   0x0000404c      0x1cc /tmp/ccuwd6vu.o
 .debug_frame   0x00004218       0x58 /tmp/ccbY2XJM.o
 .debug_frame   0x00004270      0x318 /tmp/ccOPUbE7.o
 .debug_frame   0x00004588       0x34 /tmp/ccNkZA6w.o
 .debug_frame   0x000045bc       0x58 /tmp/ccC28R50.o
 .debug_frame   0x00004614       0x54 /tmp/ccjkfNly.o
 .debug_frame   0x00004668      0x14c /tmp/cc4FIDTa.o
 .debug_frame   0x000047b4       0x84 /tmp/ccFupiWR.o
 .debug_frame   0x00004838      0x194 /tmp/cc8ktrvG.o
 .debug_frame   0x000049cc       0xc4 /tmp/ccV9otzA.o
 .debug_frame   0x00004a90      0x148 /tmp/ccaNtWBx.o
 .debug_frame   0x00004bd8      0x200 /tmp/ccEJaSDI.o
 .debug_frame   0x00004dd8      0x21c /tmp/cc2rzjiU.o
 .debug_frame   0x00004ff4       0x50 /tmp/ccYX6kla.o
 .debug_frame   0x00005044       0x34 /tmp/ccSmznZu.o
 .debug_frame   0x00005078       0xd8 /tmp/ccCoMJld.o
 .debug_frame   0x00005150      0x3f8 /tmp/cc8ydSmE.o
 .debug_frame   0x00005548      0x648 /tmp/ccaear19.o
 .debug_frame   0x00005b90      0x1ac /tmp/cc4ArUtI.o
 .debug_frame   0x00005d3c       0x98 /tmp/ccEHDusf.o
 .debug_frame   0x00005dd4       0x30 /local/sdk_elec/gcc-arm-none-eabi-5_2-2015q4/bin/../lib/gcc/arm-none-eabi/5.2.1/../../../../arm-none-eabi/lib/armv7e-m/fpu/libg.a(lib_a-malloc.o)
 .debug_frame   0x00005e04       0x58 /local/sdk_elec/gcc-arm-none-eabi-5_2-2015q4/bin/../lib/gcc/arm-none-eabi/5.2.1/../../../../arm-none-eabi/lib/armv7e-m/fpu/libg.a(lib_a-mallocr.o)
 .debug_frame   0x00005e5c       0x30 /local/sdk_elec/gcc-arm-none-eabi-5_2-2015q4/bin/../lib/gcc/arm-none-eabi/5.2.1/../../../../arm-none-eabi/lib/armv7e-m/fpu/libg.a(lib_a-mlock.o)
 .debug_frame   0x00005e8c       0x58 /local/sdk_elec/gcc-arm-none-eabi-5_2-2015q4/bin/../lib/gcc/arm-none-eabi/5.2.1/../../../../arm-none-eabi/lib/armv7e-m/fpu/libg.a(lib_a-reent.o)
 .debug_frame   0x00005ee4       0x2c /local/sdk_elec/gcc-arm-none-eabi-5_2-2015q4/bin/../lib/gcc/arm-none-eabi/5.2.1/../../../../arm-none-eabi/lib/armv7e-m/fpu/libg.a(lib_a-sbrkr.o)
 .debug_frame   0x00005f10       0x74 /local/sdk_elec/gcc-arm-none-eabi-5_2-2015q4/bin/../lib/gcc/arm-none-eabi/5.2.1/../../../../arm-none-eabi/lib/armv7e-m/fpu/libg.a(lib_a-freer.o)

.debug_info     0x00000000    0x166a2
 .debug_info    0x00000000      0x83f /tmp/cc4BVUOy.o
 .debug_info    0x0000083f      0xdd0 /tmp/ccbM6BJo.o
 .debug_info    0x0000160f      0x6e0 /tmp/ccaMKtbl.o
 .debug_info    0x00001cef      0xac9 /tmp/ccPLP6xl.o
 .debug_info    0x000027b8      0xed3 /tmp/cchQJnWD.o
 .debug_info    0x0000368b      0x639 /tmp/ccHZKxn9.o
 .debug_info    0x00003cc4     0x2166 /tmp/ccttdKHG.o
 .debug_info    0x00005e2a      0xf2c /tmp/ccp40uMl.o
 .debug_info    0x00006d56      0xc31 /tmp/cc5mTue6.o
 .debug_info    0x00007987      0xa9f /tmp/ccJCO6yV.o
 .debug_info    0x00008426      0xf46 /tmp/ccb6za1Q.o
 .debug_info    0x0000936c     0x186b /tmp/cc51gopW.o
 .debug_info    0x0000abd7      0x9dd /tmp/cc4iazDX.o
 .debug_info    0x0000b5b4       0x8e /tmp/ccxvzBIZ.o
 .debug_info    0x0000b642      0xb41 /tmp/ccDD45hf.o
 .debug_info    0x0000c183      0xab2 /tmp/ccuwd6vu.o
 .debug_info    0x0000cc35      0x49e /tmp/ccbY2XJM.o
 .debug_info    0x0000d0d3      0x6d6 /tmp/ccOPUbE7.o
 .debug_info    0x0000d7a9      0x88b /tmp/ccNkZA6w.o
 .debug_info    0x0000e034      0x8a8 /tmp/ccC28R50.o
 .debug_info    0x0000e8dc      0x887 /tmp/ccjkfNly.o
 .debug_info    0x0000f163      0x817 /tmp/cc4FIDTa.o
 .debug_info    0x0000f97a      0x93f /tmp/ccFupiWR.o
 .debug_info    0x000102b9      0xa3f /tmp/cc8ktrvG.o
 .debug_info    0x00010cf8      0x8d9 /tmp/ccV9otzA.o
 .debug_info    0x000115d1      0x861 /tmp/ccaNtWBx.o
 .debug_info    0x00011e32      0xc7a /tmp/ccEJaSDI.o
 .debug_info    0x00012aac      0xa19 /tmp/cc2rzjiU.o
 .debug_info    0x000134c5      0x7ef /tmp/ccYX6kla.o
 .debug_info    0x00013cb4      0x54c /tmp/ccSmznZu.o
 .debug_info    0x00014200      0x2a4 /tmp/ccCoMJld.o
 .debug_info    0x000144a4      0xb90 /tmp/cc8ydSmE.o
 .debug_info    0x00015034     0x11af /tmp/ccaear19.o
 .debug_info    0x000161e3      0x33c /tmp/cc4ArUtI.o
 .debug_info    0x0001651f      0x183 /tmp/ccEHDusf.o

.debug_abbrev   0x00000000     0x3b23
 .debug_abbrev  0x00000000      0x235 /tmp/cc4BVUOy.o
 .debug_abbrev  0x00000235      0x251 /tmp/ccbM6BJo.o
 .debug_abbrev  0x00000486      0x1a3 /tmp/ccaMKtbl.o
 .debug_abbrev  0x00000629      0x2a4 /tmp/ccPLP6xl.o
 .debug_abbrev  0x000008cd      0x226 /tmp/cchQJnWD.o
 .debug_abbrev  0x00000af3      0x19b /tmp/ccHZKxn9.o
 .debug_abbrev  0x00000c8e      0x217 /tmp/ccttdKHG.o
 .debug_abbrev  0x00000ea5      0x20e /tmp/ccp40uMl.o
 .debug_abbrev  0x000010b3      0x1dc /tmp/cc5mTue6.o
 .debug_abbrev  0x0000128f      0x1d7 /tmp/ccJCO6yV.o
 .debug_abbrev  0x00001466      0x20c /tmp/ccb6za1Q.o
 .debug_abbrev  0x00001672      0x1fb /tmp/cc51gopW.o
 .debug_abbrev  0x0000186d      0x25a /tmp/cc4iazDX.o
 .debug_abbrev  0x00001ac7       0x12 /tmp/ccxvzBIZ.o
 .debug_abbrev  0x00001ad9      0x1bf /tmp/ccDD45hf.o
 .debug_abbrev  0x00001c98      0x16c /tmp/ccuwd6vu.o
 .debug_abbrev  0x00001e04      0x101 /tmp/ccbY2XJM.o
 .debug_abbrev  0x00001f05      0x147 /tmp/ccOPUbE7.o
 .debug_abbrev  0x0000204c      0x147 /tmp/ccNkZA6w.o
 .debug_abbrev  0x00002193      0x174 /tmp/ccC28R50.o
 .debug_abbrev  0x00002307      0x14d /tmp/ccjkfNly.o
 .debug_abbrev  0x00002454      0x1c4 /tmp/cc4FIDTa.o
 .debug_abbrev  0x00002618      0x18e /tmp/ccFupiWR.o
 .debug_abbrev  0x000027a6      0x1e5 /tmp/cc8ktrvG.o
 .debug_abbrev  0x0000298b      0x1a8 /tmp/ccV9otzA.o
 .debug_abbrev  0x00002b33      0x214 /tmp/ccaNtWBx.o
 .debug_abbrev  0x00002d47      0x195 /tmp/ccEJaSDI.o
 .debug_abbrev  0x00002edc      0x21a /tmp/cc2rzjiU.o
 .debug_abbrev  0x000030f6      0x16e /tmp/ccYX6kla.o
 .debug_abbrev  0x00003264      0x133 /tmp/ccSmznZu.o
 .debug_abbrev  0x00003397       0xbe /tmp/ccCoMJld.o
 .debug_abbrev  0x00003455      0x1ba /tmp/cc8ydSmE.o
 .debug_abbrev  0x0000360f      0x289 /tmp/ccaear19.o
 .debug_abbrev  0x00003898      0x19d /tmp/cc4ArUtI.o
 .debug_abbrev  0x00003a35       0xee /tmp/ccEHDusf.o

.debug_aranges  0x00000000      0x468
 .debug_aranges
                0x00000000       0x20 /tmp/cc4BVUOy.o
 .debug_aranges
                0x00000020       0x20 /tmp/ccbM6BJo.o
 .debug_aranges
                0x00000040       0x20 /tmp/ccaMKtbl.o
 .debug_aranges
                0x00000060       0x20 /tmp/ccPLP6xl.o
 .debug_aranges
                0x00000080       0x20 /tmp/cchQJnWD.o
 .debug_aranges
                0x000000a0       0x20 /tmp/ccHZKxn9.o
 .debug_aranges
                0x000000c0       0x20 /tmp/ccttdKHG.o
 .debug_aranges
                0x000000e0       0x20 /tmp/ccp40uMl.o
 .debug_aranges
                0x00000100       0x20 /tmp/cc5mTue6.o
 .debug_aranges
                0x00000120       0x20 /tmp/ccJCO6yV.o
 .debug_aranges
                0x00000140       0x20 /tmp/ccb6za1Q.o
 .debug_aranges
                0x00000160       0x20 /tmp/cc51gopW.o
 .debug_aranges
                0x00000180       0x20 /tmp/cc4iazDX.o
 .debug_aranges
                0x000001a0       0x28 /tmp/ccxvzBIZ.o
 .debug_aranges
                0x000001c8       0x20 /tmp/ccDD45hf.o
 .debug_aranges
                0x000001e8       0x20 /tmp/ccuwd6vu.o
 .debug_aranges
                0x00000208       0x20 /tmp/ccbY2XJM.o
 .debug_aranges
                0x00000228       0x20 /tmp/ccOPUbE7.o
 .debug_aranges
                0x00000248       0x20 /tmp/ccNkZA6w.o
 .debug_aranges
                0x00000268       0x20 /tmp/ccC28R50.o
 .debug_aranges
                0x00000288       0x20 /tmp/ccjkfNly.o
 .debug_aranges
                0x000002a8       0x20 /tmp/cc4FIDTa.o
 .debug_aranges
                0x000002c8       0x20 /tmp/ccFupiWR.o
 .debug_aranges
                0x000002e8       0x20 /tmp/cc8ktrvG.o
 .debug_aranges
                0x00000308       0x20 /tmp/ccV9otzA.o
 .debug_aranges
                0x00000328       0x20 /tmp/ccaNtWBx.o
 .debug_aranges
                0x00000348       0x20 /tmp/ccEJaSDI.o
 .debug_aranges
                0x00000368       0x20 /tmp/cc2rzjiU.o
 .debug_aranges
                0x00000388       0x20 /tmp/ccYX6kla.o
 .debug_aranges
                0x000003a8       0x20 /tmp/ccSmznZu.o
 .debug_aranges
                0x000003c8       0x20 /tmp/ccCoMJld.o
 .debug_aranges
                0x000003e8       0x20 /tmp/cc8ydSmE.o
 .debug_aranges
                0x00000408       0x20 /tmp/ccaear19.o
 .debug_aranges
                0x00000428       0x20 /tmp/cc4ArUtI.o
 .debug_aranges
                0x00000448       0x20 /tmp/ccEHDusf.o

.debug_line     0x00000000     0xdd98
 .debug_line    0x00000000      0x403 /tmp/cc4BVUOy.o
 .debug_line    0x00000403      0x704 /tmp/ccbM6BJo.o
 .debug_line    0x00000b07      0x3f7 /tmp/ccaMKtbl.o
 .debug_line    0x00000efe      0x432 /tmp/ccPLP6xl.o
 .debug_line    0x00001330      0x784 /tmp/cchQJnWD.o
 .debug_line    0x00001ab4     0x4527 /tmp/ccHZKxn9.o
 .debug_line    0x00005fdb      0xd1b /tmp/ccttdKHG.o
 .debug_line    0x00006cf6      0x6de /tmp/ccp40uMl.o
 .debug_line    0x000073d4      0x620 /tmp/cc5mTue6.o
 .debug_line    0x000079f4      0x5d7 /tmp/ccJCO6yV.o
 .debug_line    0x00007fcb      0x8ef /tmp/ccb6za1Q.o
 .debug_line    0x000088ba      0xc96 /tmp/cc51gopW.o
 .debug_line    0x00009550      0x3ea /tmp/cc4iazDX.o
 .debug_line    0x0000993a       0x7b /tmp/ccxvzBIZ.o
 .debug_line    0x000099b5      0x350 /tmp/ccDD45hf.o
 .debug_line    0x00009d05      0x34b /tmp/ccuwd6vu.o
 .debug_line    0x0000a050      0x249 /tmp/ccbY2XJM.o
 .debug_line    0x0000a299      0x1af /tmp/ccOPUbE7.o
 .debug_line    0x0000a448      0x2e8 /tmp/ccNkZA6w.o
 .debug_line    0x0000a730      0x30c /tmp/ccC28R50.o
 .debug_line    0x0000aa3c      0x331 /tmp/ccjkfNly.o
 .debug_line    0x0000ad6d      0x39a /tmp/cc4FIDTa.o
 .debug_line    0x0000b107      0x31e /tmp/ccFupiWR.o
 .debug_line    0x0000b425      0x349 /tmp/cc8ktrvG.o
 .debug_line    0x0000b76e      0x325 /tmp/ccV9otzA.o
 .debug_line    0x0000ba93      0x3a5 /tmp/ccaNtWBx.o
 .debug_line    0x0000be38      0x364 /tmp/ccEJaSDI.o
 .debug_line    0x0000c19c      0x4a0 /tmp/cc2rzjiU.o
 .debug_line    0x0000c63c      0x2e1 /tmp/ccYX6kla.o
 .debug_line    0x0000c91d      0x2cb /tmp/ccSmznZu.o
 .debug_line    0x0000cbe8      0x189 /tmp/ccCoMJld.o
 .debug_line    0x0000cd71      0x593 /tmp/cc8ydSmE.o
 .debug_line    0x0000d304      0x6fb /tmp/ccaear19.o
 .debug_line    0x0000d9ff      0x207 /tmp/cc4ArUtI.o
 .debug_line    0x0000dc06      0x192 /tmp/ccEHDusf.o

.debug_str      0x00000000     0x620e
 .debug_str     0x00000000      0x8e4 /tmp/cc4BVUOy.o
                                0x947 (size before relaxing)
 .debug_str     0x000008e4      0x34a /tmp/ccbM6BJo.o
                                0x6f7 (size before relaxing)
 .debug_str     0x00000c2e      0x174 /tmp/ccaMKtbl.o
                                0x52b (size before relaxing)
 .debug_str     0x00000da2      0x2ee /tmp/ccPLP6xl.o
                                0x9d0 (size before relaxing)
 .debug_str     0x00001090      0x77a /tmp/cchQJnWD.o
                                0xa46 (size before relaxing)
 .debug_str     0x0000180a      0x159 /tmp/ccHZKxn9.o
                                0x635 (size before relaxing)
 .debug_str     0x00001963      0xebb /tmp/ccttdKHG.o
                               0x13de (size before relaxing)
 .debug_str     0x0000281e      0x53b /tmp/ccp40uMl.o
                                0xc91 (size before relaxing)
 .debug_str     0x00002d59      0x50b /tmp/cc5mTue6.o
                                0xa93 (size before relaxing)
 .debug_str     0x00003264      0x30a /tmp/ccJCO6yV.o
                                0xad5 (size before relaxing)
 .debug_str     0x0000356e      0x4c9 /tmp/ccb6za1Q.o
                                0xa67 (size before relaxing)
 .debug_str     0x00003a37      0x72c /tmp/cc51gopW.o
                                0xc7f (size before relaxing)
 .debug_str     0x00004163      0x283 /tmp/cc4iazDX.o
                                0x8d5 (size before relaxing)
 .debug_str     0x000043e6      0x13a /tmp/ccDD45hf.o
                                0xca8 (size before relaxing)
 .debug_str     0x00004520      0x142 /tmp/ccuwd6vu.o
                                0xb04 (size before relaxing)
 .debug_str     0x00004662       0x42 /tmp/ccbY2XJM.o
                                0x3bc (size before relaxing)
 .debug_str     0x000046a4      0x256 /tmp/ccOPUbE7.o
                                0x456 (size before relaxing)
 .debug_str     0x000048fa       0x25 /tmp/ccNkZA6w.o
                                0x8cd (size before relaxing)
 .debug_str     0x0000491f       0x2f /tmp/ccC28R50.o
                                0x8c0 (size before relaxing)
 .debug_str     0x0000494e       0x54 /tmp/ccjkfNly.o
                                0x982 (size before relaxing)
 .debug_str     0x000049a2       0x8d /tmp/cc4FIDTa.o
                                0x6fe (size before relaxing)
 .debug_str     0x00004a2f       0x63 /tmp/ccFupiWR.o
                                0x92c (size before relaxing)
 .debug_str     0x00004a92      0x166 /tmp/cc8ktrvG.o
                                0xa1c (size before relaxing)
 .debug_str     0x00004bf8       0x7d /tmp/ccV9otzA.o
                                0x921 (size before relaxing)
 .debug_str     0x00004c75      0x16e /tmp/ccaNtWBx.o
                                0x7d3 (size before relaxing)
 .debug_str     0x00004de3      0x15d /tmp/ccEJaSDI.o
                                0x98b (size before relaxing)
 .debug_str     0x00004f40       0xe7 /tmp/cc2rzjiU.o
                                0x76d (size before relaxing)
 .debug_str     0x00005027       0x46 /tmp/ccYX6kla.o
                                0x80f (size before relaxing)
 .debug_str     0x0000506d       0x13 /tmp/ccSmznZu.o
                                0x686 (size before relaxing)
 .debug_str     0x00005080      0x134 /tmp/ccCoMJld.o
                                0x331 (size before relaxing)
 .debug_str     0x000051b4      0x4bd /tmp/cc8ydSmE.o
                                0x7b3 (size before relaxing)
 .debug_str     0x00005671      0x8be /tmp/ccaear19.o
                                0xc6b (size before relaxing)
 .debug_str     0x00005f2f      0x23a /tmp/cc4ArUtI.o
                                0x48e (size before relaxing)
 .debug_str     0x00006169       0xa5 /tmp/ccEHDusf.o
                                0x299 (size before relaxing)

.comment        0x00000000       0x6e
 .comment       0x00000000       0x6e /tmp/cc4BVUOy.o
                                 0x6f (size before relaxing)
 .comment       0x0000006e       0x6f /tmp/ccbM6BJo.o
 .comment       0x0000006e       0x6f /tmp/ccaMKtbl.o
 .comment       0x0000006e       0x6f /tmp/ccPLP6xl.o
 .comment       0x0000006e       0x6f /tmp/cchQJnWD.o
 .comment       0x0000006e       0x6f /tmp/ccHZKxn9.o
 .comment       0x0000006e       0x6f /tmp/ccttdKHG.o
 .comment       0x0000006e       0x6f /tmp/ccp40uMl.o
 .comment       0x0000006e       0x6f /tmp/cc5mTue6.o
 .comment       0x0000006e       0x6f /tmp/ccJCO6yV.o
 .comment       0x0000006e       0x6f /tmp/ccb6za1Q.o
 .comment       0x0000006e       0x6f /tmp/cc51gopW.o
 .comment       0x0000006e       0x6f /tmp/cc4iazDX.o
 .comment       0x0000006e       0x6f /tmp/ccDD45hf.o
 .comment       0x0000006e       0x6f /tmp/ccuwd6vu.o
 .comment       0x0000006e       0x6f /tmp/ccbY2XJM.o
 .comment       0x0000006e       0x6f /tmp/ccOPUbE7.o
 .comment       0x0000006e       0x6f /tmp/ccNkZA6w.o
 .comment       0x0000006e       0x6f /tmp/ccC28R50.o
 .comment       0x0000006e       0x6f /tmp/ccjkfNly.o
 .comment       0x0000006e       0x6f /tmp/cc4FIDTa.o
 .comment       0x0000006e       0x6f /tmp/ccFupiWR.o
 .comment       0x0000006e       0x6f /tmp/cc8ktrvG.o
 .comment       0x0000006e       0x6f /tmp/ccV9otzA.o
 .comment       0x0000006e       0x6f /tmp/ccaNtWBx.o
 .comment       0x0000006e       0x6f /tmp/ccEJaSDI.o
 .comment       0x0000006e       0x6f /tmp/cc2rzjiU.o
 .comment       0x0000006e       0x6f /tmp/ccYX6kla.o
 .comment       0x0000006e       0x6f /tmp/ccSmznZu.o
 .comment       0x0000006e       0x6f /tmp/ccCoMJld.o
 .comment       0x0000006e       0x6f /tmp/cc8ydSmE.o
 .comment       0x0000006e       0x6f /tmp/ccaear19.o
 .comment       0x0000006e       0x6f /tmp/cc4ArUtI.o
 .comment       0x0000006e       0x6f /tmp/ccEHDusf.o

.debug_ranges   0x00000000       0x20
 .debug_ranges  0x00000000       0x20 /tmp/ccxvzBIZ.o
