Archive member included to satisfy reference by file (symbol)

/local/sdk_elec/gcc-arm-none-eabi-5_2-2015q4/bin/../lib/gcc/arm-none-eabi/5.2.1/../../../../arm-none-eabi/lib/armv7e-m/fpu/libc.a(lib_a-exit.o)
                              /local/sdk_elec/gcc-arm-none-eabi-5_2-2015q4/bin/../lib/gcc/arm-none-eabi/5.2.1/../../../../arm-none-eabi/lib/armv7e-m/fpu/crt0.o (exit)
/local/sdk_elec/gcc-arm-none-eabi-5_2-2015q4/bin/../lib/gcc/arm-none-eabi/5.2.1/../../../../arm-none-eabi/lib/armv7e-m/fpu/libc.a(lib_a-impure.o)
                              /local/sdk_elec/gcc-arm-none-eabi-5_2-2015q4/bin/../lib/gcc/arm-none-eabi/5.2.1/../../../../arm-none-eabi/lib/armv7e-m/fpu/libc.a(lib_a-exit.o) (_global_impure_ptr)
/local/sdk_elec/gcc-arm-none-eabi-5_2-2015q4/bin/../lib/gcc/arm-none-eabi/5.2.1/../../../../arm-none-eabi/lib/armv7e-m/fpu/libc.a(lib_a-init.o)
                              /local/sdk_elec/gcc-arm-none-eabi-5_2-2015q4/bin/../lib/gcc/arm-none-eabi/5.2.1/../../../../arm-none-eabi/lib/armv7e-m/fpu/crt0.o (__libc_init_array)
/local/sdk_elec/gcc-arm-none-eabi-5_2-2015q4/bin/../lib/gcc/arm-none-eabi/5.2.1/../../../../arm-none-eabi/lib/armv7e-m/fpu/libc.a(lib_a-memset.o)
                              /local/sdk_elec/gcc-arm-none-eabi-5_2-2015q4/bin/../lib/gcc/arm-none-eabi/5.2.1/../../../../arm-none-eabi/lib/armv7e-m/fpu/crt0.o (memset)
/local/sdk_elec/gcc-arm-none-eabi-5_2-2015q4/bin/../lib/gcc/arm-none-eabi/5.2.1/../../../../arm-none-eabi/lib/armv7e-m/fpu/libc.a(lib_a-__call_atexit.o)
                              /local/sdk_elec/gcc-arm-none-eabi-5_2-2015q4/bin/../lib/gcc/arm-none-eabi/5.2.1/../../../../arm-none-eabi/lib/armv7e-m/fpu/libc.a(lib_a-exit.o) (__call_exitprocs)
/local/sdk_elec/gcc-arm-none-eabi-5_2-2015q4/bin/../lib/gcc/arm-none-eabi/5.2.1/../../../../arm-none-eabi/lib/armv7e-m/fpu/libc.a(lib_a-atexit.o)
                              /local/sdk_elec/gcc-arm-none-eabi-5_2-2015q4/bin/../lib/gcc/arm-none-eabi/5.2.1/../../../../arm-none-eabi/lib/armv7e-m/fpu/libc.a(lib_a-__call_atexit.o) (atexit)
/local/sdk_elec/gcc-arm-none-eabi-5_2-2015q4/bin/../lib/gcc/arm-none-eabi/5.2.1/../../../../arm-none-eabi/lib/armv7e-m/fpu/libc.a(lib_a-fini.o)
                              /local/sdk_elec/gcc-arm-none-eabi-5_2-2015q4/bin/../lib/gcc/arm-none-eabi/5.2.1/../../../../arm-none-eabi/lib/armv7e-m/fpu/libc.a(lib_a-__call_atexit.o) (__libc_fini_array)
/local/sdk_elec/gcc-arm-none-eabi-5_2-2015q4/bin/../lib/gcc/arm-none-eabi/5.2.1/../../../../arm-none-eabi/lib/armv7e-m/fpu/libc.a(lib_a-__atexit.o)
                              /local/sdk_elec/gcc-arm-none-eabi-5_2-2015q4/bin/../lib/gcc/arm-none-eabi/5.2.1/../../../../arm-none-eabi/lib/armv7e-m/fpu/libc.a(lib_a-atexit.o) (__register_exitproc)
/local/sdk_elec/gcc-arm-none-eabi-5_2-2015q4/bin/../lib/gcc/arm-none-eabi/5.2.1/armv7e-m/fpu/libgcc.a(_arm_addsubdf3.o)
                              /tmp/ccOYjO7e.o (__aeabi_f2d)
/local/sdk_elec/gcc-arm-none-eabi-5_2-2015q4/bin/../lib/gcc/arm-none-eabi/5.2.1/armv7e-m/fpu/libgcc.a(_arm_muldivdf3.o)
                              /tmp/ccCMcNDq.o (__aeabi_dmul)
/local/sdk_elec/gcc-arm-none-eabi-5_2-2015q4/bin/../lib/gcc/arm-none-eabi/5.2.1/armv7e-m/fpu/libgcc.a(_arm_truncdfsf2.o)
                              /tmp/ccCMcNDq.o (__aeabi_d2f)
/local/sdk_elec/gcc-arm-none-eabi-5_2-2015q4/bin/../lib/gcc/arm-none-eabi/5.2.1/../../../../arm-none-eabi/lib/armv7e-m/fpu/libg.a(lib_a-malloc.o)
                              /tmp/ccy2uDj9.o (malloc)
/local/sdk_elec/gcc-arm-none-eabi-5_2-2015q4/bin/../lib/gcc/arm-none-eabi/5.2.1/../../../../arm-none-eabi/lib/armv7e-m/fpu/libg.a(lib_a-mallocr.o)
                              /local/sdk_elec/gcc-arm-none-eabi-5_2-2015q4/bin/../lib/gcc/arm-none-eabi/5.2.1/../../../../arm-none-eabi/lib/armv7e-m/fpu/libg.a(lib_a-malloc.o) (_malloc_r)
/local/sdk_elec/gcc-arm-none-eabi-5_2-2015q4/bin/../lib/gcc/arm-none-eabi/5.2.1/../../../../arm-none-eabi/lib/armv7e-m/fpu/libg.a(lib_a-memcpy.o)
                              /tmp/ccjZWu7y.o (memcpy)
/local/sdk_elec/gcc-arm-none-eabi-5_2-2015q4/bin/../lib/gcc/arm-none-eabi/5.2.1/../../../../arm-none-eabi/lib/armv7e-m/fpu/libg.a(lib_a-mlock.o)
                              /local/sdk_elec/gcc-arm-none-eabi-5_2-2015q4/bin/../lib/gcc/arm-none-eabi/5.2.1/../../../../arm-none-eabi/lib/armv7e-m/fpu/libg.a(lib_a-mallocr.o) (__malloc_lock)
/local/sdk_elec/gcc-arm-none-eabi-5_2-2015q4/bin/../lib/gcc/arm-none-eabi/5.2.1/../../../../arm-none-eabi/lib/armv7e-m/fpu/libg.a(lib_a-reent.o)
                              /tmp/ccmYmt2o.o (errno)
/local/sdk_elec/gcc-arm-none-eabi-5_2-2015q4/bin/../lib/gcc/arm-none-eabi/5.2.1/../../../../arm-none-eabi/lib/armv7e-m/fpu/libg.a(lib_a-sbrkr.o)
                              /local/sdk_elec/gcc-arm-none-eabi-5_2-2015q4/bin/../lib/gcc/arm-none-eabi/5.2.1/../../../../arm-none-eabi/lib/armv7e-m/fpu/libg.a(lib_a-mallocr.o) (_sbrk_r)
[...]
Memory Configuration

Name             Origin             Length             Attributes
FLASH            0x08000000         0x00080000         xr
RAM              0x20000000         0x00020000         xrw
*default*        0x00000000         0xffffffff

Linker script and memory map

LOAD /local/sdk_elec/gcc-arm-none-eabi-5_2-2015q4/bin/../lib/gcc/arm-none-eabi/5.2.1/armv7e-m/fpu/crti.o
LOAD /local/sdk_elec/gcc-arm-none-eabi-5_2-2015q4/bin/../lib/gcc/arm-none-eabi/5.2.1/armv7e-m/fpu/crtbegin.o
LOAD /local/sdk_elec/gcc-arm-none-eabi-5_2-2015q4/bin/../lib/gcc/arm-none-eabi/5.2.1/../../../../arm-none-eabi/lib/armv7e-m/fpu/crt0.o
LOAD /local/sdk_elec/gcc-arm-none-eabi-5_2-2015q4/bin/../lib/gcc/arm-none-eabi/5.2.1/../../../../arm-none-eabi/lib/armv7e-m/fpu/libc.a
LOAD /local/sdk_elec/gcc-arm-none-eabi-5_2-2015q4/bin/../lib/gcc/arm-none-eabi/5.2.1/armv7e-m/fpu/libgcc.a
LOAD /local/sdk_elec/gcc-arm-none-eabi-5_2-2015q4/bin/../lib/gcc/arm-none-eabi/5.2.1/armv7e-m/fpu/libgcov.a
LOAD /local/sdk_elec/gcc-arm-none-eabi-5_2-2015q4/bin/../lib/gcc/arm-none-eabi/5.2.1/../../../../arm-none-eabi/lib/armv7e-m/fpu/libm.a
LOAD /tmp/cceNIwii.o
LOAD /tmp/ccjKnANt.o
LOAD /tmp/ccimFYsJ.o
LOAD /tmp/ccLlJHJ0.o
LOAD /tmp/cc4T7gvq.o
LOAD /tmp/ccxhSXaR.o
LOAD /tmp/cc8Uwq2p.o
LOAD /tmp/ccXVVmv5.o
LOAD /tmp/ccOLIAjX.o
LOAD /tmp/ccVnsMWW.o
LOAD /tmp/ccy4xq92.o
LOAD /tmp/ccIzM2K7.o
LOAD /tmp/ccwrES5g.o
LOAD /tmp/cceIuICw.o
LOAD /tmp/cckXHLsS.o
LOAD /tmp/ccoPL7Bl.o
LOAD /tmp/cccvnwnO.o
LOAD /tmp/ccUJandp.o
LOAD /tmp/cccxwX54.o
LOAD /tmp/ccsNHqNN.o
LOAD /tmp/ccOAwGBA.o
LOAD /tmp/ccmYmt2o.o
LOAD /tmp/ccmANe7i.o
LOAD /tmp/cc6NN0Eh.o
LOAD /tmp/ccMBpSwj.o
LOAD /tmp/ccCMcNDq.o
LOAD /tmp/ccrk0ZYu.o
LOAD /tmp/ccsE1mhC.o
LOAD /tmp/cc9hoLYO.o
LOAD /tmp/ccy2uDj9.o
LOAD /tmp/ccdFNb3x.o
LOAD /tmp/ccmVIXg2.o
LOAD /tmp/ccjZWu7y.o
LOAD /tmp/ccOYjO7e.o
LOAD /tmp/ccl3wbxZ.o
LOAD /tmp/cc0Zt97M.o
LOAD /tmp/ccdEE5TE.o
LOAD /tmp/cceAnbfv.o
LOAD /tmp/cc12cKKr.o
LOAD /tmp/ccw00xVs.o
LOAD /tmp/ccXjTdKv.o
LOAD /tmp/cco1NCcy.o
START GROUP
LOAD /local/sdk_elec/gcc-arm-none-eabi-5_2-2015q4/bin/../lib/gcc/arm-none-eabi/5.2.1/armv7e-m/fpu/libgcc.a
LOAD /local/sdk_elec/gcc-arm-none-eabi-5_2-2015q4/bin/../lib/gcc/arm-none-eabi/5.2.1/../../../../arm-none-eabi/lib/armv7e-m/fpu/libg.a
LOAD /local/sdk_elec/gcc-arm-none-eabi-5_2-2015q4/bin/../lib/gcc/arm-none-eabi/5.2.1/../../../../arm-none-eabi/lib/armv7e-m/fpu/libc.a
END GROUP
LOAD /local/sdk_elec/gcc-arm-none-eabi-5_2-2015q4/bin/../lib/gcc/arm-none-eabi/5.2.1/armv7e-m/fpu/crtend.o
LOAD /local/sdk_elec/gcc-arm-none-eabi-5_2-2015q4/bin/../lib/gcc/arm-none-eabi/5.2.1/armv7e-m/fpu/crtn.o
                0x2001ffff                _estack = 0x2001ffff
                0x00000200                _Min_Heap_Size = 0x200
                0x00000200                _Min_Stack_Size = 0x200

.isr_vector     0x08000000      0x198
                0x08000000                . = ALIGN (0x4)
 *(.isr_vector)
 .isr_vector    0x08000000      0x198 /tmp/cccvnwnO.o
                0x08000000                g_pfnVectors
                0x08000198                . = ALIGN (0x4)

.text           0x08000198    0x1dc4c
                0x08000198                . = ALIGN (0x4)
 *(.text)
 .text          0x08000198       0xa4 /local/sdk_elec/gcc-arm-none-eabi-5_2-2015q4/bin/../lib/gcc/arm-none-eabi/5.2.1/armv7e-m/fpu/crtbegin.o
 .text          0x0800023c      0x31c /tmp/cceNIwii.o
                0x0800023c                HAL_Init
                0x08000280                HAL_DeInit
                0x080002f8                HAL_InitTick
                0x08000330                HAL_IncTick
                0x0800034c                HAL_GetTick
                0x08000364                HAL_Delay
                0x08000390                HAL_SuspendTick
                0x080003b0                HAL_ResumeTick
                0x080003d0                HAL_GetHalVersion
                0x080003e4                HAL_GetREVID
                0x080003fc                HAL_GetDEVID
                0x08000418                HAL_DBGMCU_EnableDBGSleepMode
                0x08000438                HAL_DBGMCU_DisableDBGSleepMode
                0x08000458                HAL_DBGMCU_EnableDBGStopMode
                0x08000478                HAL_DBGMCU_DisableDBGStopMode
                0x08000498                HAL_DBGMCU_EnableDBGStandbyMode
                0x080004b8                HAL_DBGMCU_DisableDBGStandbyMode
                0x080004d8                HAL_EnableCompensationCell
                0x08000518                HAL_DisableCompensationCell
 .text          0x08000558      0xcf4 /tmp/ccjKnANt.o
                0x08000558                HAL_RCC_DeInit
                0x080005d0                HAL_RCC_OscConfig
                0x08000a80                HAL_RCC_ClockConfig
                0x08000d2c                HAL_RCC_MCOConfig
                0x08000ddc                HAL_RCC_EnableCSS
                0x08000df4                HAL_RCC_DisableCSS
                0x08000e0c                HAL_RCC_GetSysClockFreq
                0x08000f20                HAL_RCC_GetHCLKFreq
                0x08000f78                HAL_RCC_GetPCLK1Freq
                0x08000fc4                HAL_RCC_GetPCLK2Freq
                0x08001010                HAL_RCC_GetOscConfig
                0x080011b0                HAL_RCC_GetClockConfig
                0x08001214                HAL_RCC_NMI_IRQHandler
                0x0800123c                HAL_RCC_CSSCallback
 .text          0x0800124c      0x550 /tmp/ccimFYsJ.o
                0x0800124c                HAL_GPIO_Init
                0x08001540                HAL_GPIO_DeInit
                0x08001680                HAL_GPIO_ReadPin
                0x080016b0                HAL_GPIO_WritePin
                0x080016e0                HAL_GPIO_TogglePin
                0x08001704                HAL_GPIO_LockPin
                0x08001754                HAL_GPIO_EXTI_IRQHandler
 .text          0x0800179c      0x550 /tmp/ccLlJHJ0.o
                0x08001b38                HAL_NVIC_SetPriorityGrouping
                0x08001b50                HAL_NVIC_SetPriority
                0x08001b88                HAL_NVIC_EnableIRQ
                0x08001ba4                HAL_NVIC_DisableIRQ
                0x08001bc0                HAL_NVIC_SystemReset
                0x08001bcc                HAL_SYSTICK_Config
                0x08001be4                HAL_NVIC_GetPriorityGrouping
                0x08001bf4                HAL_NVIC_GetPriority
                0x08001c20                HAL_NVIC_SetPendingIRQ
                0x08001c3c                HAL_NVIC_GetPendingIRQ
                0x08001c5c                HAL_NVIC_ClearPendingIRQ
                0x08001c78                HAL_NVIC_GetActive
                0x08001c98                HAL_SYSTICK_CLKSourceConfig
                0x08001cd0                HAL_SYSTICK_IRQHandler
                0x08001cdc                HAL_SYSTICK_Callback
 .text          0x08001cec     0x16ec /tmp/cc8Uwq2p.o
                0x08001cec                HAL_UART_Init
                0x08001d78                HAL_HalfDuplex_Init
                0x08001e14                HAL_LIN_Init
                0x08001ed0                HAL_MultiProcessor_Init
                0x08001fa0                HAL_UART_DeInit
                0x08001fe0                HAL_UART_MspInit
                0x08001ff4                HAL_UART_MspDeInit
                0x08002008                HAL_UART_Transmit
                0x08002158                HAL_UART_Receive
                0x080022c8                HAL_UART_Transmit_IT
                0x08002398                HAL_UART_Receive_IT
                0x08002468                HAL_UART_Transmit_DMA
                0x0800255c                HAL_UART_Receive_DMA
                0x08002640                HAL_UART_DMAPause
                0x080026dc                HAL_UART_DMAResume
                0x0800279c                HAL_UART_DMAStop
                0x080027fc                HAL_UART_IRQHandler
                0x080029f8                HAL_UART_TxCpltCallback
                0x08002a0c                HAL_UART_TxHalfCpltCallback
                0x08002a34                HAL_UART_RxHalfCpltCallback
                0x08002a48                HAL_UART_ErrorCallback
                0x08002a5c                HAL_LIN_SendBreak
                0x08002ab0                HAL_MultiProcessor_EnterMuteMode
                0x08002b04                HAL_MultiProcessor_ExitMuteMode
                0x08002b58                HAL_HalfDuplex_EnableTransmitter
                0x08002bc0                HAL_HalfDuplex_EnableReceiver
                0x08002c28                HAL_UART_GetState
                0x08002c44                HAL_UART_GetError
 .text          0x080033d8     0x7cdc /tmp/ccOLIAjX.o
                0x080033d8                HAL_DMA_Init
                0x080034b0                HAL_DMA_DeInit
                0x080048bc                HAL_DMA_Start
                0x08004920                HAL_DMA_Start_IT
                0x080049d4                HAL_DMA_Abort
                0x08004a50                HAL_DMA_PollForTransfer
                0x08007d58                HAL_DMA_IRQHandler
                0x0800b024                HAL_DMA_GetState
                0x0800b040                HAL_DMA_GetError
 .text          0x0800b0b4     0x3c44 /tmp/ccVnsMWW.o
                0x0800b0b4                HAL_TIM_Base_Init
                0x0800b104                HAL_TIM_Base_DeInit
                0x0800b164                HAL_TIM_Base_MspInit
                0x0800b178                HAL_TIM_Base_MspDeInit
                0x0800b18c                HAL_TIM_Base_Start
                0x0800b1c4                HAL_TIM_Base_Stop
                0x0800b21c                HAL_TIM_Base_Start_IT
                0x0800b254                HAL_TIM_Base_Stop_IT
                0x0800b2ac                HAL_TIM_Base_Start_DMA
                0x0800b344                HAL_TIM_Base_Stop_DMA
                0x0800b3a4                HAL_TIM_OC_Init
                0x0800b3f4                HAL_TIM_OC_DeInit
                0x0800b454                HAL_TIM_OC_MspInit
                0x0800b468                HAL_TIM_OC_MspDeInit
                0x0800b47c                HAL_TIM_OC_Start
                0x0800b4cc                HAL_TIM_OC_Stop
                0x0800b55c                HAL_TIM_OC_Start_IT
                0x0800b638                HAL_TIM_OC_Stop_IT
                0x0800b754                HAL_TIM_OC_Start_DMA
                0x0800b900                HAL_TIM_OC_Stop_DMA
                0x0800ba24                HAL_TIM_PWM_Init
                0x0800ba74                HAL_TIM_PWM_DeInit
                0x0800bad4                HAL_TIM_PWM_MspInit
                0x0800bae8                HAL_TIM_PWM_MspDeInit
                0x0800bafc                HAL_TIM_PWM_Start
                0x0800bb4c                HAL_TIM_PWM_Stop
                0x0800bbe4                HAL_TIM_PWM_Start_IT
                0x0800bcc0                HAL_TIM_PWM_Stop_IT
                0x0800bddc                HAL_TIM_PWM_Start_DMA
                0x0800bf88                HAL_TIM_PWM_Stop_DMA
                0x0800c0ac                HAL_TIM_IC_Init
                0x0800c0fc                HAL_TIM_IC_DeInit
                0x0800c15c                HAL_TIM_IC_MspInit
                0x0800c170                HAL_TIM_IC_MspDeInit
                0x0800c184                HAL_TIM_IC_Start
                0x0800c1b8                HAL_TIM_IC_Stop
                0x0800c20c                HAL_TIM_IC_Start_IT
                0x0800c2cc                HAL_TIM_IC_Stop_IT
                0x0800c3ac                HAL_TIM_IC_Start_DMA
                0x0800c53c                HAL_TIM_IC_Stop_DMA
                0x0800c624                HAL_TIM_OnePulse_Init
                0x0800c694                HAL_TIM_OnePulse_DeInit
                0x0800c6f4                HAL_TIM_OnePulse_MspInit
                0x0800c708                HAL_TIM_OnePulse_MspDeInit
                0x0800c71c                HAL_TIM_OnePulse_Start
                0x0800c76c                HAL_TIM_OnePulse_Stop
                0x0800c80c                HAL_TIM_OnePulse_Start_IT
                0x0800c87c                HAL_TIM_OnePulse_Stop_IT
                0x0800c93c                HAL_TIM_Encoder_Init
                0x0800ca60                HAL_TIM_Encoder_DeInit
                0x0800cac0                HAL_TIM_Encoder_MspInit
                0x0800cad4                HAL_TIM_Encoder_MspDeInit
                0x0800cae8                HAL_TIM_Encoder_Start
                0x0800cb58                HAL_TIM_Encoder_Stop
                0x0800cbe8                HAL_TIM_Encoder_Start_IT
                0x0800cc98                HAL_TIM_Encoder_Stop_IT
                0x0800cd6c                HAL_TIM_Encoder_Start_DMA
                0x0800cf14                HAL_TIM_Encoder_Stop_DMA
                0x0800cfe8                HAL_TIM_IRQHandler
                0x0800d1f8                HAL_TIM_OC_ConfigChannel
                0x0800d2b8                HAL_TIM_IC_ConfigChannel
                0x0800d3f0                HAL_TIM_PWM_ConfigChannel
                0x0800d57c                HAL_TIM_OnePulse_ConfigChannel
                0x0800d6fc                HAL_TIM_DMABurst_WriteStart
                0x0800d8e0                HAL_TIM_DMABurst_WriteStop
                0x0800d990                HAL_TIM_DMABurst_ReadStart
                0x0800db74                HAL_TIM_DMABurst_ReadStop
                0x0800dc24                HAL_TIM_GenerateEvent
                0x0800dc74                HAL_TIM_ConfigOCrefClear
                0x0800ddc8                HAL_TIM_ConfigClockSource
                0x0800df80                HAL_TIM_ConfigTI1Input
                0x0800dfbc                HAL_TIM_SlaveConfigSynchronization
                0x0800e028                HAL_TIM_SlaveConfigSynchronization_IT
                0x0800e094                HAL_TIM_ReadCapturedValue
                0x0800e14c                HAL_TIM_OC_DelayElapsedCallback
                0x0800e160                HAL_TIM_IC_CaptureCallback
                0x0800e174                HAL_TIM_PWM_PulseFinishedCallback
                0x0800e188                HAL_TIM_TriggerCallback
                0x0800e19c                HAL_TIM_ErrorCallback
                0x0800e1b0                HAL_TIM_Base_GetState
                0x0800e1cc                HAL_TIM_OC_GetState
                0x0800e1e8                HAL_TIM_PWM_GetState
                0x0800e204                HAL_TIM_IC_GetState
                0x0800e220                HAL_TIM_OnePulse_GetState
                0x0800e23c                HAL_TIM_Encoder_GetState
                0x0800e258                TIM_Base_SetConfig
                0x0800e360                TIM_TI1_SetConfig
                0x0800e440                TIM_OC2_SetConfig
                0x0800e51c                TIM_DMADelayPulseCplt
                0x0800e58c                TIM_DMAError
                0x0800e5b0                TIM_DMACaptureCplt
                0x0800e620                TIM_CCxChannelCmd
 .text          0x0800ecf8     0x14a8 /tmp/ccy4xq92.o
                0x0800ecf8                HAL_TIMEx_HallSensor_Init
                0x0800ee10                HAL_TIMEx_HallSensor_DeInit
                0x0800ee70                HAL_TIMEx_HallSensor_MspInit
                0x0800ee84                HAL_TIMEx_HallSensor_MspDeInit
                0x0800ee98                HAL_TIMEx_HallSensor_Start
                0x0800eec8                HAL_TIMEx_HallSensor_Stop
                0x0800ef18                HAL_TIMEx_HallSensor_Start_IT
                0x0800ef58                HAL_TIMEx_HallSensor_Stop_IT
                0x0800efb8                HAL_TIMEx_HallSensor_Start_DMA
                0x0800f060                HAL_TIMEx_HallSensor_Stop_DMA
                0x0800f0c0                HAL_TIMEx_OCN_Start
                0x0800f104                HAL_TIMEx_OCN_Stop
                0x0800f188                HAL_TIMEx_OCN_Start_IT
                0x0800f268                HAL_TIMEx_OCN_Stop_IT
                0x0800f398                HAL_TIMEx_OCN_Start_DMA
                0x0800f538                HAL_TIMEx_OCN_Stop_DMA
                0x0800f650                HAL_TIMEx_PWMN_Start
                0x0800f694                HAL_TIMEx_PWMN_Stop
                0x0800f718                HAL_TIMEx_PWMN_Start_IT
                0x0800f7f8                HAL_TIMEx_PWMN_Stop_IT
                0x0800f928                HAL_TIMEx_PWMN_Start_DMA
                0x0800fac8                HAL_TIMEx_PWMN_Stop_DMA
                0x0800fbe0                HAL_TIMEx_OnePulseN_Start
                0x0800fc14                HAL_TIMEx_OnePulseN_Stop
                0x0800fc98                HAL_TIMEx_OnePulseN_Start_IT
                0x0800fcec                HAL_TIMEx_OnePulseN_Stop_IT
                0x0800fd90                HAL_TIMEx_ConfigCommutationEvent
                0x0800fe30                HAL_TIMEx_ConfigCommutationEvent_IT
                0x0800fee0                HAL_TIMEx_ConfigCommutationEvent_DMA
                0x0800ffa8                HAL_TIMEx_MasterConfigSynchronization
                0x08010034                HAL_TIMEx_ConfigBreakDeadTime
                0x080100a8                HAL_TIMEx_RemapConfig
                0x080100f0                HAL_TIMEx_CommutationCallback
                0x08010104                HAL_TIMEx_BreakCallback
                0x08010118                HAL_TIMEx_HallSensor_GetState
                0x08010134                TIMEx_DMACommutationCplt
 .text          0x080101a0      0xd4c /tmp/ccIzM2K7.o
                0x080101a0                HAL_ADC_Init
                0x080101f4                HAL_ADC_DeInit
                0x0801022c                HAL_ADC_MspInit
                0x08010240                HAL_ADC_MspDeInit
                0x08010254                HAL_ADC_Start
                0x0801032c                HAL_ADC_Stop
                0x0801035c                HAL_ADC_PollForConversion
                0x080103dc                HAL_ADC_PollForEvent
                0x0801046c                HAL_ADC_Start_IT
                0x08010568                HAL_ADC_Stop_IT
                0x080105b8                HAL_ADC_IRQHandler
                0x08010814                HAL_ADC_Start_DMA
                0x080108f4                HAL_ADC_Stop_DMA
                0x08010948                HAL_ADC_GetValue
                0x08010964                HAL_ADC_ConvCpltCallback
                0x08010978                HAL_ADC_ConvHalfCpltCallback
                0x0801098c                HAL_ADC_LevelOutOfWindowCallback
                0x080109a0                HAL_ADC_ErrorCallback
                0x080109b4                HAL_ADC_ConfigChannel
                0x08010bb0                HAL_ADC_AnalogWDGConfig
                0x08010c70                HAL_ADC_GetState
                0x08010c8c                HAL_ADC_GetError
 .text          0x08010eec      0x9a8 /tmp/ccwrES5g.o
                0x08010eec                HAL_ADCEx_InjectedStart
                0x0801102c                HAL_ADCEx_InjectedStart_IT
                0x08011190                HAL_ADCEx_InjectedStop
                0x080111c0                HAL_ADCEx_InjectedPollForConversion
                0x08011240                HAL_ADCEx_InjectedStop_IT
                0x08011290                HAL_ADCEx_InjectedGetValue
                0x08011300                HAL_ADCEx_MultiModeStart_DMA
                0x080113f4                HAL_ADCEx_MultiModeStop_DMA
                0x08011468                HAL_ADCEx_MultiModeGetValue
                0x08011484                HAL_ADCEx_InjectedConvCpltCallback
                0x08011498                HAL_ADCEx_InjectedConfigChannel
                0x08011784                HAL_ADCEx_MultiModeConfigChannel
 .text          0x08011894     0x1ef8 /tmp/cceIuICw.o
                0x08011894                HAL_SPI_Init
                0x08011958                HAL_SPI_DeInit
                0x080119a0                HAL_SPI_MspInit
                0x080119b4                HAL_SPI_MspDeInit
                0x080119c8                HAL_SPI_Transmit
                0x08011c40                HAL_SPI_Receive
                0x08011f4c                HAL_SPI_TransmitReceive
                0x08012400                HAL_SPI_Transmit_IT
                0x08012524                HAL_SPI_Receive_IT
                0x08012658                HAL_SPI_TransmitReceive_IT
                0x08012784                HAL_SPI_Transmit_DMA
                0x080128c4                HAL_SPI_Receive_DMA
                0x08012a30                HAL_SPI_TransmitReceive_DMA
                0x08012c08                HAL_SPI_DMAPause
                0x08012c5c                HAL_SPI_DMAResume
                0x08012cb0                HAL_SPI_DMAStop
                0x08012d10                HAL_SPI_IRQHandler
                0x08012ea4                HAL_SPI_TxCpltCallback
                0x08012eb8                HAL_SPI_RxCpltCallback
                0x08012ecc                HAL_SPI_TxRxCpltCallback
                0x08012ee0                HAL_SPI_TxHalfCpltCallback
                0x08012ef4                HAL_SPI_RxHalfCpltCallback
                0x08012f08                HAL_SPI_TxRxHalfCpltCallback
                0x08012f1c                HAL_SPI_ErrorCallback
                0x08012f30                HAL_SPI_GetState
                0x08012f4c                HAL_SPI_GetError
 .text          0x0801378c     0x31e4 /tmp/cckXHLsS.o
                0x0801378c                HAL_I2C_Init
                0x08013938                HAL_I2C_DeInit
                0x08013988                HAL_I2C_MspInit
                0x0801399c                HAL_I2C_MspDeInit
                0x080139b0                HAL_I2C_Master_Transmit
                0x08013b18                HAL_I2C_Master_Receive
                0x08013e18                HAL_I2C_Slave_Transmit
                0x08013fb4                HAL_I2C_Slave_Receive
                0x08014134                HAL_I2C_Master_Transmit_IT
                0x08014218                HAL_I2C_Master_Receive_IT
                0x08014388                HAL_I2C_Slave_Transmit_IT
                0x08014434                HAL_I2C_Slave_Receive_IT
                0x080144e0                HAL_I2C_Master_Transmit_DMA
                0x080145f0                HAL_I2C_Master_Receive_DMA
                0x08014728                HAL_I2C_Slave_Transmit_DMA
                0x08014874                HAL_I2C_Slave_Receive_DMA
                0x08014978                HAL_I2C_Mem_Write
                0x08014ad8                HAL_I2C_Mem_Read
                0x08014dd4                HAL_I2C_Mem_Write_IT
                0x08014eb0                HAL_I2C_Mem_Read_IT
                0x0801502c                HAL_I2C_Mem_Write_DMA
                0x08015134                HAL_I2C_Mem_Read_DMA
                0x08015278                HAL_I2C_IsDeviceReady
                0x0801547c                HAL_I2C_EV_IRQHandler
                0x08015760                HAL_I2C_ER_IRQHandler
                0x0801591c                HAL_I2C_MasterTxCpltCallback
                0x08015930                HAL_I2C_MasterRxCpltCallback
                0x08015944                HAL_I2C_SlaveTxCpltCallback
                0x08015958                HAL_I2C_SlaveRxCpltCallback
                0x0801596c                HAL_I2C_MemTxCpltCallback
                0x08015980                HAL_I2C_MemRxCpltCallback
                0x08015994                HAL_I2C_ErrorCallback
                0x080159a8                HAL_I2C_GetState
                0x080159c4                HAL_I2C_GetError
 .text          0x08016970      0x760 /tmp/ccoPL7Bl.o
                0x08016bbc                main
                0x08016d48                HAL_UART_RxCpltCallback
                0x08016e00                vApplicationStackOverflowHook
                0x08016e0c                vApplicationIdleHook
                0x08016e1c                vApplicationTickHook
                0x08016e2c                asservLeftMotor
                0x08016ef4                asservRightMotor
                0x08016fe4                tracking
 .text          0x080170d0      0x448 /tmp/cccxwX54.o
                0x080170d0                HAL_MspInit
                0x08017134                HAL_UARTCOM_MspInit
                0x08017190                HAL_UARTZIGBEE_MspInit
                0x080171e0                HAL_Encoder_Timer1_MspInit
                0x08017250                HAL_Encoder_Timer2_MspInit
                0x080172c0                HAL_GPIO_BUTTON_MspInit
                0x08017300                HAL_GPIO_LED_MspInit
                0x0801732c                HAL_GPIO_CHECK_PERIOD_MspInit
                0x08017358                HAL_PWM_Timer3_MspInit
                0x08017398                HAL_PWM_Timer4_MspInit
                0x08017404                HAL_i2c_MspInit
                0x08017468                HAL_tickTimer_MspInit
                0x08017490                HAL_spi_MspInit
                0x080174d0                HAL_adcir_MspInit
                0x08017508                HAL_MspDeInit
 .text          0x08017518      0x100 /tmp/ccsNHqNN.o
                0x08017518                NMI_Handler
                0x08017528                HardFault_Handler
                0x08017530                MemManage_Handler
                0x08017538                BusFault_Handler
                0x08017540                UsageFault_Handler
                0x08017548                DebugMon_Handler
                0x08017558                SysTick_Handler
                0x08017574                OTG_FS_IRQHandler
                0x08017584                TIM5_IRQHandler
                0x08017598                EXTI0_IRQHandler
                0x080175a8                EXTI1_IRQHandler
                0x080175b8                I2C1_EV_IRQHandler
                0x080175cc                I2C1_ER_IRQHandler
                0x080175e0                EXTI15_10_IRQHandler
                0x080175f0                USART2_IRQHandler
                0x08017604                USART6_IRQHandler
 .text          0x08017618      0x168 /tmp/ccOAwGBA.o
                0x08017618                SystemInit
                0x08017684                SystemCoreClockUpdate
 .text          0x08017780      0x2d8 /tmp/ccmYmt2o.o
                0x08017780                _sbrk
                0x080177f0                _gettimeofday
                0x0801781c                initialise_monitor_handles
                0x0801782c                _getpid
                0x0801783c                _kill
                0x08017860                _exit
                0x08017874                _write
                0x080178ac                _close
                0x080178c4                _fstat
                0x080178e4                _isatty
                0x080178fc                _lseek
                0x08017918                _read
                0x08017954                _open
                0x08017970                _wait
                0x08017994                _unlink
                0x080179b8                _times
                0x080179d0                _stat
                0x080179f0                _link
                0x08017a14                _fork
                0x08017a30                _execve
 .text          0x08017a58       0x8c /tmp/ccmANe7i.o
                0x08017a58                SystemClock_Config
 .text          0x08017ae4       0x78 /tmp/cc6NN0Eh.o
                0x08017ae4                tickTimerInit
                0x08017b40                HAL_TIM_PeriodElapsedCallback
 .text          0x08017b5c       0xec /tmp/ccMBpSwj.o
                0x08017b5c                captDistIR_Init
                0x08017bc0                captDistIR_Get
 .text          0x08017c48      0x42c /tmp/ccCMcNDq.o
                0x08017c48                num2str
                0x08017d50                str2num
                0x08017ddc                reverse
                0x08017e38                intToStr
                0x08017ec8                float2str
                0x08017f68                myPow
                0x08017ffc                flush_ch
                0x08018034                size_ch
 .text          0x08018074      0x100 /tmp/ccrk0ZYu.o
                0x08018074                motorCommand_Init
                0x08018130                motorLeft_SetDuty
                0x08018150                motorRight_SetDuty
 .text          0x08018174      0x438 /tmp/ccsE1mhC.o
                0x08018174                quadEncoder_Init
                0x0801825c                quadEncoder_PosCalcL
                0x080182a4                quadEncoder_PosCalcR
                0x080182ec                quadEncoder_GetPos16L
                0x08018330                quadEncoder_GetPos16R
                0x08018374                quadEncoder_GetPos32L
                0x080183a4                quadEncoder_GetPos32R
                0x080183d4                quadEncoder_GetSpeedL
                0x08018474                quadEncoder_GetSpeedR
                0x08018514                quadEncoder_CallbackIndexL
                0x08018560                quadEncoder_CallbackIndexR
 .text          0x080185ac      0x148 /tmp/cc9hoLYO.o
                0x080185ac                servoCommand_Init
                0x08018668                servoHigh_Set
                0x08018694                servoLow_Set
                0x080186c4                servoHigh_Get
                0x080186dc                servoLow_Get
 .text          0x080186f4      0x428 /tmp/ccy2uDj9.o
                0x080186f4                pixyCam_Init
                0x08018710                pixyCam_Test
                0x080187a0                pixyCam_Get
                0x080188f4                pixyCam_GetStart
                0x08018978                pixyCam_GetBlocks
                0x08018ab4                pixyCam_SetBrightness
                0x08018ae0                pixyCam_SetLED
 .text          0x08018b1c       0x64 /tmp/ccdFNb3x.o
                0x08018b1c                captDistUS_Measure
                0x08018b40                captDistUS_Get
 .text          0x08018b80      0x190 /tmp/ccmVIXg2.o
                0x08018b80                screenLCD_Clear
                0x08018bac                screenLCD_getID
                0x08018bcc                screenLCD_SetBacklight
                0x08018bec                screenLCD_ReadButtons
                0x08018c0c                screenLCD_Write
                0x08018c98                screenLCD_Test
 .text          0x08018d10      0x504 /tmp/ccjZWu7y.o
                0x08018d10                i2c1_Init
                0x08018d64                i2c1_WriteBuffer
                0x08018d98                i2c1_ReadBuffer
                0x08018dcc                i2c1_ReadRegBuffer
                0x08018e30                i2c1_WriteRegBuffer
                0x08018e84                i2c1_WriteRegByte_IT
                0x08018ed0                i2c1_ReadRegBuffer_IT
                0x08018f38                i2c1_WriteReg16Byte
                0x08018f84                i2c1_WriteReg16Word16
                0x08018fdc                i2c1_WriteReg16Word32
                0x08019040                i2c1_ReadReg16Byte
                0x080190ac                i2c1_ReadReg16Word16
                0x08019128                i2c1_ReadReg16Word32
                0x080191a8                i2c1_ReadReg16Buffer
 *fill*         0x08019214        0x4 
 .text          0x08019218      0xe30 /tmp/ccOYjO7e.o
                0x08019218                uart2_Init
                0x08019270                uart6_Init
                0x080192c8                uart_Write
                0x080192f0                put_char
                0x08019314                putchar_stlink
                0x08019338                putchar_zigbee
                0x0801935c                put_string
                0x08019388                put_string_stlink
                0x080193b4                put_string_zigbee
                0x080193e0                term_printf
                0x08019818                term_printf_stlink
                0x08019c30                term_printf_zigbee
 .text          0x0801a048       0x94 /tmp/ccl3wbxZ.o
                0x0801a048                spi1Init
                0x0801a0ac                spi1Transfer
 .text          0x0801a0dc       0x48 /tmp/cc0Zt97M.o
                0x0801a0dc                HAL_GPIO_EXTI_Callback
 .text          0x0801a124      0x16c /tmp/cceAnbfv.o
                0x0801a124                vListInitialise
                0x0801a164                vListInitialiseItem
                0x0801a180                vListInsertEnd
                0x0801a1c8                vListInsert
                0x0801a23c                uxListRemove
 .text          0x0801a290      0xc50 /tmp/cc12cKKr.o
                0x0801a290                xQueueGenericReset
                0x0801a340                xQueueGenericCreate
                0x0801a3c4                xQueueCreateMutex
                0x0801a454                xQueueGiveMutexRecursive
                0x0801a4ac                xQueueTakeMutexRecursive
                0x0801a50c                xQueueCreateCountingSemaphore
                0x0801a560                xQueueGenericSend
                0x0801a6e8                xQueueGenericSendFromISR
                0x0801a7d0                xQueueGenericReceive
                0x0801a988                xQueueReceiveFromISR
                0x0801aa3c                xQueuePeekFromISR
                0x0801aab4                uxQueueMessagesWaiting
                0x0801aae0                uxQueueSpacesAvailable
                0x0801ab18                uxQueueMessagesWaitingFromISR
                0x0801ab3c                vQueueDelete
                0x0801ab7c                uxQueueGetQueueNumber
                0x0801ab94                vQueueSetQueueNumber
                0x0801abb0                ucQueueGetQueueType
                0x0801adb4                xQueueIsQueueEmptyFromISR
                0x0801ae14                xQueueIsQueueFullFromISR
                0x0801ae48                vQueueAddToRegistry
                0x0801ae98                vQueueUnregisterQueue
 .text          0x0801aee0     0x16d0 /tmp/ccw00xVs.o
                0x0801aee0                xTaskGenericCreate
                0x0801b044                vTaskDelete
                0x0801b12c                vTaskDelay
                0x0801b1b4                uxTaskPriorityGet
                0x0801b1e8                vTaskPrioritySet
                0x0801b324                vTaskSuspend
                0x0801b47c                vTaskResume
                0x0801b518                xTaskResumeFromISR
                0x0801b5d0                vTaskStartScheduler
                0x0801b634                vTaskEndScheduler
                0x0801b650                vTaskSuspendAll
                0x0801b66c                xTaskResumeAll
                0x0801b774                xTaskGetTickCount
                0x0801b798                xTaskGetTickCountFromISR
                0x0801b7c4                uxTaskGetNumberOfTasks
                0x0801b7dc                uxTaskGetSystemState
                0x0801b8d0                xTaskIncrementTick
                0x0801ba4c                vTaskSwitchContext
                0x0801bb10                vTaskPlaceOnEventList
                0x0801bba0                vTaskPlaceOnUnorderedEventList
                0x0801bc50                xTaskRemoveFromEventList
                0x0801bd04                xTaskRemoveFromUnorderedEventList
                0x0801bdb4                vTaskSetTimeOutState
                0x0801bde8                xTaskCheckForTimeOut
                0x0801be88                vTaskMissedYield
                0x0801bea0                uxTaskGetTaskNumber
                0x0801becc                vTaskSetTaskNumber
                0x0801c338                xTaskGetCurrentTaskHandle
                0x0801c358                xTaskGetSchedulerState
                0x0801c394                vTaskPriorityInherit
                0x0801c480                xTaskPriorityDisinherit
                0x0801c558                uxTaskResetEventItemValue
                0x0801c588                pvTaskIncrementMutexHeldCount
 .text          0x0801c5b0      0x394 /tmp/ccXjTdKv.o
                0x0801c5b0                pxPortInitialiseStack
                0x0801c634                SVC_Handler
                0x0801c674                xPortStartScheduler
                0x0801c744                vPortEndScheduler
                0x0801c760                vPortYield
                0x0801c784                vPortEnterCritical
                0x0801c7c4                vPortExitCritical
                0x0801c7f8                ulPortSetInterruptMask
                0x0801c80c                vPortClearInterruptMask
                0x0801c814                PendSV_Handler
                0x0801c870                xPortSysTickHandler
                0x0801c898                vPortSetupTimerInterrupt
                0x0801c8e0                vPortValidateInterruptPriority
 .text          0x0801c944       0xdc /tmp/cco1NCcy.o
                0x0801c944                pvPortMalloc
                0x0801c9d0                vPortFree
                0x0801c9ec                vPortInitialiseBlocks
                0x0801ca04                xPortGetFreeHeapSize
 .text          0x0801ca20      0x370 /local/sdk_elec/gcc-arm-none-eabi-5_2-2015q4/bin/../lib/gcc/arm-none-eabi/5.2.1/armv7e-m/fpu/libgcc.a(_arm_addsubdf3.o)
                0x0801ca20                __aeabi_drsub
                0x0801ca28                __aeabi_dsub
                0x0801ca28                __subdf3
                0x0801ca2c                __adddf3
                0x0801ca2c                __aeabi_dadd
                0x0801cca4                __aeabi_ui2d
                0x0801cca4                __floatunsidf
                0x0801ccc4                __floatsidf
                0x0801ccc4                __aeabi_i2d
                0x0801cce8                __extendsfdf2
                0x0801cce8                __aeabi_f2d
                0x0801cd24                __aeabi_ul2d
                0x0801cd24                __floatundidf
                0x0801cd34                __floatdidf
                0x0801cd34                __aeabi_l2d
 .text          0x0801cd90      0x424 /local/sdk_elec/gcc-arm-none-eabi-5_2-2015q4/bin/../lib/gcc/arm-none-eabi/5.2.1/armv7e-m/fpu/libgcc.a(_arm_muldivdf3.o)
                0x0801cd90                __aeabi_dmul
                0x0801cd90                __muldf3
                0x0801cfe4                __aeabi_ddiv
                0x0801cfe4                __divdf3
 .text          0x0801d1b4       0xa0 /local/sdk_elec/gcc-arm-none-eabi-5_2-2015q4/bin/../lib/gcc/arm-none-eabi/5.2.1/armv7e-m/fpu/libgcc.a(_arm_truncdfsf2.o)
                0x0801d1b4                __aeabi_d2f
                0x0801d1b4                __truncdfsf2
 .text          0x0801d254      0x134 /local/sdk_elec/gcc-arm-none-eabi-5_2-2015q4/bin/../lib/gcc/arm-none-eabi/5.2.1/../../../../arm-none-eabi/lib/armv7e-m/fpu/libg.a(lib_a-memcpy.o)
                0x0801d254                memcpy
 *(.text*)
 .text.__libc_init_array
                0x0801d388       0x50 /local/sdk_elec/gcc-arm-none-eabi-5_2-2015q4/bin/../lib/gcc/arm-none-eabi/5.2.1/../../../../arm-none-eabi/lib/armv7e-m/fpu/libc.a(lib_a-init.o)
                0x0801d388                __libc_init_array
 .text.memset   0x0801d3d8       0x9c /local/sdk_elec/gcc-arm-none-eabi-5_2-2015q4/bin/../lib/gcc/arm-none-eabi/5.2.1/../../../../arm-none-eabi/lib/armv7e-m/fpu/libc.a(lib_a-memset.o)
                0x0801d3d8                memset
 .text.startup.register_fini
                0x0801d474       0x14 /local/sdk_elec/gcc-arm-none-eabi-5_2-2015q4/bin/../lib/gcc/arm-none-eabi/5.2.1/../../../../arm-none-eabi/lib/armv7e-m/fpu/libc.a(lib_a-__call_atexit.o)
 .text.atexit   0x0801d488        0xc /local/sdk_elec/gcc-arm-none-eabi-5_2-2015q4/bin/../lib/gcc/arm-none-eabi/5.2.1/../../../../arm-none-eabi/lib/armv7e-m/fpu/libc.a(lib_a-atexit.o)
                0x0801d488                atexit
 .text.__libc_fini_array
                0x0801d494       0x28 /local/sdk_elec/gcc-arm-none-eabi-5_2-2015q4/bin/../lib/gcc/arm-none-eabi/5.2.1/../../../../arm-none-eabi/lib/armv7e-m/fpu/libc.a(lib_a-fini.o)
                0x0801d494                __libc_fini_array
 .text.__register_exitproc
                0x0801d4bc       0xa4 /local/sdk_elec/gcc-arm-none-eabi-5_2-2015q4/bin/../lib/gcc/arm-none-eabi/5.2.1/../../../../arm-none-eabi/lib/armv7e-m/fpu/libc.a(lib_a-__atexit.o)
                0x0801d4bc                __register_exitproc
 .text.Reset_Handler
                0x0801d560       0x50 /tmp/cccvnwnO.o
                0x0801d560                Reset_Handler
 .text.Default_Handler
                0x0801d5b0        0x2 /tmp/cccvnwnO.o
                0x0801d5b0                RTC_Alarm_IRQHandler
                0x0801d5b0                EXTI2_IRQHandler
                0x0801d5b0                SPI4_IRQHandler
                0x0801d5b0                TIM1_CC_IRQHandler
                0x0801d5b0                DMA2_Stream5_IRQHandler
                0x0801d5b0                DMA1_Stream5_IRQHandler
                0x0801d5b0                PVD_IRQHandler
                0x0801d5b0                SDIO_IRQHandler
                0x0801d5b0                TAMP_STAMP_IRQHandler
                0x0801d5b0                EXTI3_IRQHandler
                0x0801d5b0                TIM1_UP_TIM10_IRQHandler
                0x0801d5b0                I2C3_ER_IRQHandler
                0x0801d5b0                I2C2_EV_IRQHandler
                0x0801d5b0                DMA1_Stream2_IRQHandler
                0x0801d5b0                FPU_IRQHandler
                0x0801d5b0                DMA2_Stream2_IRQHandler
                0x0801d5b0                SPI1_IRQHandler
                0x0801d5b0                TIM1_BRK_TIM9_IRQHandler
                0x0801d5b0                DMA2_Stream3_IRQHandler
                0x0801d5b0                DMA2_Stream0_IRQHandler
                0x0801d5b0                TIM4_IRQHandler
                0x0801d5b0                DMA1_Stream6_IRQHandler
                0x0801d5b0                DMA1_Stream1_IRQHandler
                0x0801d5b0                TIM3_IRQHandler
                0x0801d5b0                RCC_IRQHandler
                0x0801d5b0                Default_Handler
                0x0801d5b0                ADC_IRQHandler
                0x0801d5b0                DMA1_Stream7_IRQHandler
                0x0801d5b0                SPI5_IRQHandler
                0x0801d5b0                DMA2_Stream7_IRQHandler
                0x0801d5b0                I2C3_EV_IRQHandler
                0x0801d5b0                EXTI9_5_IRQHandler
                0x0801d5b0                RTC_WKUP_IRQHandler
                0x0801d5b0                SPI2_IRQHandler
                0x0801d5b0                DMA1_Stream0_IRQHandler
                0x0801d5b0                EXTI4_IRQHandler
                0x0801d5b0                WWDG_IRQHandler
                0x0801d5b0                TIM2_IRQHandler
                0x0801d5b0                OTG_FS_WKUP_IRQHandler
                0x0801d5b0                TIM1_TRG_COM_TIM11_IRQHandler
                0x0801d5b0                I2C2_ER_IRQHandler
                0x0801d5b0                DMA2_Stream1_IRQHandler
                0x0801d5b0                FLASH_IRQHandler
                0x0801d5b0                DMA2_Stream4_IRQHandler
                0x0801d5b0                USART1_IRQHandler
                0x0801d5b0                SPI3_IRQHandler
                0x0801d5b0                DMA1_Stream4_IRQHandler
                0x0801d5b0                DMA2_Stream6_IRQHandler
                0x0801d5b0                DMA1_Stream3_IRQHandler
 *fill*         0x0801d5b2        0x2 
 .text.malloc   0x0801d5b4       0x10 /local/sdk_elec/gcc-arm-none-eabi-5_2-2015q4/bin/../lib/gcc/arm-none-eabi/5.2.1/../../../../arm-none-eabi/lib/armv7e-m/fpu/libg.a(lib_a-malloc.o)
                0x0801d5b4                malloc
 .text._malloc_r
                0x0801d5c4      0x570 /local/sdk_elec/gcc-arm-none-eabi-5_2-2015q4/bin/../lib/gcc/arm-none-eabi/5.2.1/../../../../arm-none-eabi/lib/armv7e-m/fpu/libg.a(lib_a-mallocr.o)
                0x0801d5c4                _malloc_r
 .text.__malloc_lock
                0x0801db34        0x4 /local/sdk_elec/gcc-arm-none-eabi-5_2-2015q4/bin/../lib/gcc/arm-none-eabi/5.2.1/../../../../arm-none-eabi/lib/armv7e-m/fpu/libg.a(lib_a-mlock.o)
                0x0801db34                __malloc_lock
 .text.__malloc_unlock
                0x0801db38        0x4 /local/sdk_elec/gcc-arm-none-eabi-5_2-2015q4/bin/../lib/gcc/arm-none-eabi/5.2.1/../../../../arm-none-eabi/lib/armv7e-m/fpu/libg.a(lib_a-mlock.o)
                0x0801db38                __malloc_unlock
 .text._sbrk_r  0x0801db3c       0x24 /local/sdk_elec/gcc-arm-none-eabi-5_2-2015q4/bin/../lib/gcc/arm-none-eabi/5.2.1/../../../../arm-none-eabi/lib/armv7e-m/fpu/libg.a(lib_a-sbrkr.o)
                0x0801db3c                _sbrk_r
 .text._malloc_trim_r
                0x0801db60       0x9c /local/sdk_elec/gcc-arm-none-eabi-5_2-2015q4/bin/../lib/gcc/arm-none-eabi/5.2.1/../../../../arm-none-eabi/lib/armv7e-m/fpu/libg.a(lib_a-freer.o)
                0x0801db60                _malloc_trim_r
 .text._free_r  0x0801dbfc      0x1d0 /local/sdk_elec/gcc-arm-none-eabi-5_2-2015q4/bin/../lib/gcc/arm-none-eabi/5.2.1/../../../../arm-none-eabi/lib/armv7e-m/fpu/libg.a(lib_a-freer.o)
                0x0801dbfc                _free_r
 *(.glue_7)
 .glue_7        0x0801ddcc        0x0 linker stubs
 *(.glue_7t)
 .glue_7t       0x0801ddcc        0x0 linker stubs
 *(.eh_frame)
 .eh_frame      0x0801ddcc        0x0 /local/sdk_elec/gcc-arm-none-eabi-5_2-2015q4/bin/../lib/gcc/arm-none-eabi/5.2.1/armv7e-m/fpu/crtbegin.o
 *(.init)
 .init          0x0801ddcc        0x4 /local/sdk_elec/gcc-arm-none-eabi-5_2-2015q4/bin/../lib/gcc/arm-none-eabi/5.2.1/armv7e-m/fpu/crti.o
                0x0801ddcc                _init
 .init          0x0801ddd0        0x8 /local/sdk_elec/gcc-arm-none-eabi-5_2-2015q4/bin/../lib/gcc/arm-none-eabi/5.2.1/armv7e-m/fpu/crtn.o
 *(.fini)
 .fini          0x0801ddd8        0x4 /local/sdk_elec/gcc-arm-none-eabi-5_2-2015q4/bin/../lib/gcc/arm-none-eabi/5.2.1/armv7e-m/fpu/crti.o
                0x0801ddd8                _fini
 .fini          0x0801dddc        0x8 /local/sdk_elec/gcc-arm-none-eabi-5_2-2015q4/bin/../lib/gcc/arm-none-eabi/5.2.1/armv7e-m/fpu/crtn.o
                0x0801dde4                . = ALIGN (0x4)
                0x0801dde4                _etext = .

.vfp11_veneer   0x0801dde4        0x0
 .vfp11_veneer  0x0801dde4        0x0 linker stubs

.v4_bx          0x0801dde4        0x0
 .v4_bx         0x0801dde4        0x0 linker stubs

.iplt           0x0801dde4        0x0
 .iplt          0x0801dde4        0x0 /local/sdk_elec/gcc-arm-none-eabi-5_2-2015q4/bin/../lib/gcc/arm-none-eabi/5.2.1/armv7e-m/fpu/crtbegin.o

.rodata         0x0801dde4      0x188
                0x0801dde4                . = ALIGN (0x4)
 *(.rodata)
 .rodata        0x0801dde4       0x10 /tmp/ccjKnANt.o
                0x0801dde4                APBAHBPrescTable
 .rodata        0x0801ddf4       0xb5 /tmp/ccoPL7Bl.o
 *fill*         0x0801dea9        0x3 
 .rodata        0x0801deac       0x6d /tmp/ccy2uDj9.o
 *fill*         0x0801df19        0x3 
 .rodata        0x0801df1c       0x3f /tmp/ccmVIXg2.o
 *fill*         0x0801df5b        0x1 
 .rodata        0x0801df5c        0x5 /tmp/ccw00xVs.o
 *(.rodata*)
 *fill*         0x0801df61        0x3 
 .rodata.str1.4
                0x0801df64        0x4 /local/sdk_elec/gcc-arm-none-eabi-5_2-2015q4/bin/../lib/gcc/arm-none-eabi/5.2.1/../../../../arm-none-eabi/lib/armv7e-m/fpu/libc.a(lib_a-impure.o)
                                  0x2 (size before relaxing)
 .rodata._global_impure_ptr
                0x0801df68        0x4 /local/sdk_elec/gcc-arm-none-eabi-5_2-2015q4/bin/../lib/gcc/arm-none-eabi/5.2.1/../../../../arm-none-eabi/lib/armv7e-m/fpu/libc.a(lib_a-impure.o)
                0x0801df68                _global_impure_ptr
                0x0801df6c                . = ALIGN (0x4)

.rel.dyn        0x0801df6c        0x0
 .rel.iplt      0x0801df6c        0x0 /local/sdk_elec/gcc-arm-none-eabi-5_2-2015q4/bin/../lib/gcc/arm-none-eabi/5.2.1/armv7e-m/fpu/crtbegin.o

.ARM.extab
 *(.ARM.extab* .gnu.linkonce.armextab.*)

.ARM            0x0801df6c        0x0
                0x0801df6c                __exidx_start = .
 *(.ARM.exidx*)
                0x0801df6c                __exidx_end = .

.preinit_array  0x0801df6c        0x0
                0x0801df6c                PROVIDE (__preinit_array_start, .)
 *(.preinit_array*)
                0x0801df6c                PROVIDE (__preinit_array_end, .)

.init_array     0x0801df6c        0x8
                0x0801df6c                PROVIDE (__init_array_start, .)
 *(SORT(.init_array.*))
 .init_array.00000
                0x0801df6c        0x4 /local/sdk_elec/gcc-arm-none-eabi-5_2-2015q4/bin/../lib/gcc/arm-none-eabi/5.2.1/../../../../arm-none-eabi/lib/armv7e-m/fpu/libc.a(lib_a-__call_atexit.o)
 *(.init_array*)
 .init_array    0x0801df70        0x4 /local/sdk_elec/gcc-arm-none-eabi-5_2-2015q4/bin/../lib/gcc/arm-none-eabi/5.2.1/armv7e-m/fpu/crtbegin.o
                0x0801df74                PROVIDE (__init_array_end, .)

.fini_array     0x0801df74        0x4
                0x0801df74                PROVIDE (__fini_array_start, .)
 *(SORT(.fini_array.*))
 *(.fini_array*)
 .fini_array    0x0801df74        0x4 /local/sdk_elec/gcc-arm-none-eabi-5_2-2015q4/bin/../lib/gcc/arm-none-eabi/5.2.1/armv7e-m/fpu/crtbegin.o
                0x0801df78                PROVIDE (__fini_array_end, .)
                0x0801df78                _sidata = LOADADDR (.data)

.data           0x20000000      0x89c load address 0x0801df78
                0x20000000                . = ALIGN (0x4)
                0x20000000                _sdata = .
 *(.data)
 .data          0x20000000       0x28 /tmp/ccoPL7Bl.o
                0x20000000                cam_status
                0x20000004                cam_cmd_x
                0x20000008                cam_cmd_y
                0x2000000c                speed_motor_cmd
                0x20000010                Kp_L
                0x20000014                Ki_L
                0x20000018                Kp_R
                0x2000001c                Ki_R
                0x20000020                Te
 .data          0x20000028       0x14 /tmp/ccOAwGBA.o
                0x20000028                SystemCoreClock
                0x2000002c                AHBPrescTable
 .data          0x2000003c       0x11 /tmp/ccCMcNDq.o
 *fill*         0x2000004d        0x3 
 .data          0x20000050        0x8 /tmp/cc9hoLYO.o
 .data          0x20000058        0x4 /tmp/ccw00xVs.o
 .data          0x2000005c        0x4 /tmp/ccXjTdKv.o
 *(.data*)
 .data.impure_data
                0x20000060      0x428 /local/sdk_elec/gcc-arm-none-eabi-5_2-2015q4/bin/../lib/gcc/arm-none-eabi/5.2.1/../../../../arm-none-eabi/lib/armv7e-m/fpu/libc.a(lib_a-impure.o)
 .data._impure_ptr
                0x20000488        0x4 /local/sdk_elec/gcc-arm-none-eabi-5_2-2015q4/bin/../lib/gcc/arm-none-eabi/5.2.1/../../../../arm-none-eabi/lib/armv7e-m/fpu/libc.a(lib_a-impure.o)
                0x20000488                _impure_ptr
 .data.__malloc_av_
                0x2000048c      0x408 /local/sdk_elec/gcc-arm-none-eabi-5_2-2015q4/bin/../lib/gcc/arm-none-eabi/5.2.1/../../../../arm-none-eabi/lib/armv7e-m/fpu/libg.a(lib_a-mallocr.o)
                0x2000048c                __malloc_av_
 .data.__malloc_trim_threshold
                0x20000894        0x4 /local/sdk_elec/gcc-arm-none-eabi-5_2-2015q4/bin/../lib/gcc/arm-none-eabi/5.2.1/../../../../arm-none-eabi/lib/armv7e-m/fpu/libg.a(lib_a-mallocr.o)
                0x20000894                __malloc_trim_threshold
 .data.__malloc_sbrk_base
                0x20000898        0x4 /local/sdk_elec/gcc-arm-none-eabi-5_2-2015q4/bin/../lib/gcc/arm-none-eabi/5.2.1/../../../../arm-none-eabi/lib/armv7e-m/fpu/libg.a(lib_a-mallocr.o)
                0x20000898                __malloc_sbrk_base
                0x2000089c                . = ALIGN (0x4)
                0x2000089c                _edata = .

.jcr            0x2000089c        0x0 load address 0x0801e814
 .jcr           0x2000089c        0x0 /local/sdk_elec/gcc-arm-none-eabi-5_2-2015q4/bin/../lib/gcc/arm-none-eabi/5.2.1/armv7e-m/fpu/crtbegin.o

.tm_clone_table
                0x2000089c        0x0 load address 0x0801e814
 .tm_clone_table
                0x2000089c        0x0 /local/sdk_elec/gcc-arm-none-eabi-5_2-2015q4/bin/../lib/gcc/arm-none-eabi/5.2.1/armv7e-m/fpu/crtbegin.o
 .tm_clone_table
                0x2000089c        0x0 /local/sdk_elec/gcc-arm-none-eabi-5_2-2015q4/bin/../lib/gcc/arm-none-eabi/5.2.1/armv7e-m/fpu/crtend.o

.igot.plt       0x2000089c        0x0 load address 0x0801e814
 .igot.plt      0x2000089c        0x0 /local/sdk_elec/gcc-arm-none-eabi-5_2-2015q4/bin/../lib/gcc/arm-none-eabi/5.2.1/armv7e-m/fpu/crtbegin.o
                0x2000089c                . = ALIGN (0x4)

.bss            0x2000089c     0x65d0 load address 0x0801e814
                0x2000089c                _sbss = .
                0x2000089c                __bss_start__ = _sbss
 *(.bss)
 .bss           0x2000089c       0x1c /local/sdk_elec/gcc-arm-none-eabi-5_2-2015q4/bin/../lib/gcc/arm-none-eabi/5.2.1/armv7e-m/fpu/crtbegin.o
 .bss           0x200008b8        0x4 /tmp/cceNIwii.o
 .bss           0x200008bc       0x48 /tmp/ccoPL7Bl.o
                0x200008bc                xSemaphore
                0x200008c0                semA
                0x200008c4                semB
                0x200008c8                semC
                0x200008cc                qh
                0x200008d0                dist_AR_L_test
                0x200008d4                dist_AR_R_test
                0x200008d8                current_dirrection
                0x200008dc                motor_left_cmd
                0x200008e0                motor_right_cmd
                0x200008e4                test_index
                0x200008e8                led
 .bss           0x20000904        0x4 /tmp/ccmYmt2o.o
 .bss           0x20000908       0x58 /tmp/ccrk0ZYu.o
 .bss           0x20000960       0x1e /tmp/ccsE1mhC.o
                0x20000960                indexL
 *fill*         0x2000097e        0x2 
 .bss           0x20000980       0x58 /tmp/cc9hoLYO.o
 .bss           0x200009d8       0x50 /tmp/ccy2uDj9.o
 .bss           0x20000a28        0x6 /tmp/ccOYjO7e.o
                0x20000a28                rec_buf2
                0x20000a2c                rec_buf6
 *fill*         0x20000a2e        0x2 
 .bss           0x20000a30      0x124 /tmp/ccw00xVs.o
                0x20000a30                pxCurrentTCB
 .bss           0x20000b54        0x8 /tmp/ccXjTdKv.o
 .bss           0x20000b5c     0x5008 /tmp/cco1NCcy.o
 *(.bss*)
 .bss.__malloc_max_total_mem
                0x20005b64        0x4 /local/sdk_elec/gcc-arm-none-eabi-5_2-2015q4/bin/../lib/gcc/arm-none-eabi/5.2.1/../../../../arm-none-eabi/lib/armv7e-m/fpu/libg.a(lib_a-mallocr.o)
                0x20005b64                __malloc_max_total_mem
 .bss.__malloc_max_sbrked_mem
                0x20005b68        0x4 /local/sdk_elec/gcc-arm-none-eabi-5_2-2015q4/bin/../lib/gcc/arm-none-eabi/5.2.1/../../../../arm-none-eabi/lib/armv7e-m/fpu/libg.a(lib_a-mallocr.o)
                0x20005b68                __malloc_max_sbrked_mem
 .bss.__malloc_top_pad
                0x20005b6c        0x4 /local/sdk_elec/gcc-arm-none-eabi-5_2-2015q4/bin/../lib/gcc/arm-none-eabi/5.2.1/../../../../arm-none-eabi/lib/armv7e-m/fpu/libg.a(lib_a-mallocr.o)
                0x20005b6c                __malloc_top_pad
 .bss.__malloc_current_mallinfo
                0x20005b70       0x28 /local/sdk_elec/gcc-arm-none-eabi-5_2-2015q4/bin/../lib/gcc/arm-none-eabi/5.2.1/../../../../arm-none-eabi/lib/armv7e-m/fpu/libg.a(lib_a-mallocr.o)
                0x20005b70                __malloc_current_mallinfo
 *(COMMON)
 COMMON         0x20005b98     0x102c /tmp/ccoPL7Bl.o
                0x20005b98                Uart6Handle
                0x20005bd8                Uart2Handle
                0x20005c18                dist_IR
                0x20005c20                consigne
                0x20005c24                test_cmd
 COMMON         0x20006bc4       0x3c /tmp/cc6NN0Eh.o
                0x20006bc4                TimHandle_period
 COMMON         0x20006c00       0xdc /tmp/ccMBpSwj.o
                0x20006c00                adcHandle_12
                0x20006c44                adcHandle
                0x20006c88                sConfig
                0x20006c98                adcHandle_13
 COMMON         0x20006cdc       0x78 /tmp/ccsE1mhC.o
                0x20006cdc                TimEncoderHandleRight
                0x20006d18                TimEncoderHandleLeft
 COMMON         0x20006d54       0x3c /tmp/ccjZWu7y.o
                0x20006d54                hi2c1
 COMMON         0x20006d90       0x40 /tmp/ccOYjO7e.o
                0x20006d90                string
 COMMON         0x20006dd0       0x58 /tmp/ccl3wbxZ.o
                0x20006dd0                SpiHandle
 COMMON         0x20006e28       0x40 /tmp/cc12cKKr.o
                0x20006e28                xQueueRegistry
 COMMON         0x20006e68        0x4 /local/sdk_elec/gcc-arm-none-eabi-5_2-2015q4/bin/../lib/gcc/arm-none-eabi/5.2.1/../../../../arm-none-eabi/lib/armv7e-m/fpu/libg.a(lib_a-reent.o)
                0x20006e68                errno
                0x20006e6c                . = ALIGN (0x4)
                0x20006e6c                _ebss = .
                0x20006e6c                __bss_end__ = _ebss

._user_heap_stack
                0x20006e6c      0x400 load address 0x0801e814
                0x20006e6c                . = ALIGN (0x4)
                [!provide]                PROVIDE (end, .)
                [!provide]                PROVIDE (_end, .)
                0x2000706c                . = (. + _Min_Heap_Size)
 *fill*         0x20006e6c      0x200 
                0x2000726c                . = (. + _Min_Stack_Size)
 *fill*         0x2000706c      0x200 
                0x2000726c                . = ALIGN (0x4)

/DISCARD/
 libc.a(*)
 libm.a(*)
 libgcc.a(*)

.ARM.attributes
                0x00000000       0x30
 *(.ARM.attributes)
 .ARM.attributes
                0x00000000       0x22 /local/sdk_elec/gcc-arm-none-eabi-5_2-2015q4/bin/../lib/gcc/arm-none-eabi/5.2.1/armv7e-m/fpu/crti.o
 .ARM.attributes
                0x00000022       0x34 /local/sdk_elec/gcc-arm-none-eabi-5_2-2015q4/bin/../lib/gcc/arm-none-eabi/5.2.1/armv7e-m/fpu/crtbegin.o
 .ARM.attributes
                0x00000056       0x34 /local/sdk_elec/gcc-arm-none-eabi-5_2-2015q4/bin/../lib/gcc/arm-none-eabi/5.2.1/../../../../arm-none-eabi/lib/armv7e-m/fpu/libc.a(lib_a-impure.o)
 .ARM.attributes
                0x0000008a       0x34 /local/sdk_elec/gcc-arm-none-eabi-5_2-2015q4/bin/../lib/gcc/arm-none-eabi/5.2.1/../../../../arm-none-eabi/lib/armv7e-m/fpu/libc.a(lib_a-init.o)
 .ARM.attributes
                0x000000be       0x34 /local/sdk_elec/gcc-arm-none-eabi-5_2-2015q4/bin/../lib/gcc/arm-none-eabi/5.2.1/../../../../arm-none-eabi/lib/armv7e-m/fpu/libc.a(lib_a-memset.o)
 .ARM.attributes
                0x000000f2       0x34 /local/sdk_elec/gcc-arm-none-eabi-5_2-2015q4/bin/../lib/gcc/arm-none-eabi/5.2.1/../../../../arm-none-eabi/lib/armv7e-m/fpu/libc.a(lib_a-__call_atexit.o)
 .ARM.attributes
                0x00000126       0x34 /local/sdk_elec/gcc-arm-none-eabi-5_2-2015q4/bin/../lib/gcc/arm-none-eabi/5.2.1/../../../../arm-none-eabi/lib/armv7e-m/fpu/libc.a(lib_a-atexit.o)
 .ARM.attributes
                0x0000015a       0x34 /local/sdk_elec/gcc-arm-none-eabi-5_2-2015q4/bin/../lib/gcc/arm-none-eabi/5.2.1/../../../../arm-none-eabi/lib/armv7e-m/fpu/libc.a(lib_a-fini.o)
 .ARM.attributes
                0x0000018e       0x34 /local/sdk_elec/gcc-arm-none-eabi-5_2-2015q4/bin/../lib/gcc/arm-none-eabi/5.2.1/../../../../arm-none-eabi/lib/armv7e-m/fpu/libc.a(lib_a-__atexit.o)
 .ARM.attributes
                0x000001c2       0x39 /tmp/cceNIwii.o
 .ARM.attributes
                0x000001fb       0x39 /tmp/ccjKnANt.o
 .ARM.attributes
                0x00000234       0x39 /tmp/ccimFYsJ.o
 .ARM.attributes
                0x0000026d       0x39 /tmp/ccLlJHJ0.o
 .ARM.attributes
                0x000002a6       0x39 /tmp/cc8Uwq2p.o
 .ARM.attributes
                0x000002df       0x39 /tmp/ccOLIAjX.o
 .ARM.attributes
                0x00000318       0x39 /tmp/ccVnsMWW.o
 .ARM.attributes
                0x00000351       0x39 /tmp/ccy4xq92.o
 .ARM.attributes
                0x0000038a       0x39 /tmp/ccIzM2K7.o
 .ARM.attributes
                0x000003c3       0x39 /tmp/ccwrES5g.o
 .ARM.attributes
                0x000003fc       0x39 /tmp/cceIuICw.o
 .ARM.attributes
                0x00000435       0x39 /tmp/cckXHLsS.o
 .ARM.attributes
                0x0000046e       0x39 /tmp/ccoPL7Bl.o
 .ARM.attributes
                0x000004a7       0x21 /tmp/cccvnwnO.o
 .ARM.attributes
                0x000004c8       0x39 /tmp/cccxwX54.o
 .ARM.attributes
                0x00000501       0x39 /tmp/ccsNHqNN.o
 .ARM.attributes
                0x0000053a       0x39 /tmp/ccOAwGBA.o
 .ARM.attributes
                0x00000573       0x39 /tmp/ccmYmt2o.o
 .ARM.attributes
                0x000005ac       0x39 /tmp/ccmANe7i.o
 .ARM.attributes
                0x000005e5       0x39 /tmp/cc6NN0Eh.o
 .ARM.attributes
                0x0000061e       0x39 /tmp/ccMBpSwj.o
 .ARM.attributes
                0x00000657       0x39 /tmp/ccCMcNDq.o
 .ARM.attributes
                0x00000690       0x39 /tmp/ccrk0ZYu.o
 .ARM.attributes
                0x000006c9       0x39 /tmp/ccsE1mhC.o
 .ARM.attributes
                0x00000702       0x39 /tmp/cc9hoLYO.o
 .ARM.attributes
                0x0000073b       0x39 /tmp/ccy2uDj9.o
 .ARM.attributes
                0x00000774       0x39 /tmp/ccdFNb3x.o
 .ARM.attributes
                0x000007ad       0x39 /tmp/ccmVIXg2.o
 .ARM.attributes
                0x000007e6       0x39 /tmp/ccjZWu7y.o
 .ARM.attributes
                0x0000081f       0x39 /tmp/ccOYjO7e.o
 .ARM.attributes
                0x00000858       0x39 /tmp/ccl3wbxZ.o
 .ARM.attributes
                0x00000891       0x39 /tmp/cc0Zt97M.o
 .ARM.attributes
                0x000008ca       0x39 /tmp/cceAnbfv.o
 .ARM.attributes
                0x00000903       0x39 /tmp/cc12cKKr.o
 .ARM.attributes
                0x0000093c       0x39 /tmp/ccw00xVs.o
 .ARM.attributes
                0x00000975       0x39 /tmp/ccXjTdKv.o
 .ARM.attributes
                0x000009ae       0x39 /tmp/cco1NCcy.o
 .ARM.attributes
                0x000009e7       0x22 /local/sdk_elec/gcc-arm-none-eabi-5_2-2015q4/bin/../lib/gcc/arm-none-eabi/5.2.1/armv7e-m/fpu/libgcc.a(_arm_addsubdf3.o)
 .ARM.attributes
                0x00000a09       0x22 /local/sdk_elec/gcc-arm-none-eabi-5_2-2015q4/bin/../lib/gcc/arm-none-eabi/5.2.1/armv7e-m/fpu/libgcc.a(_arm_muldivdf3.o)
 .ARM.attributes
                0x00000a2b       0x22 /local/sdk_elec/gcc-arm-none-eabi-5_2-2015q4/bin/../lib/gcc/arm-none-eabi/5.2.1/armv7e-m/fpu/libgcc.a(_arm_truncdfsf2.o)
 .ARM.attributes
                0x00000a4d       0x34 /local/sdk_elec/gcc-arm-none-eabi-5_2-2015q4/bin/../lib/gcc/arm-none-eabi/5.2.1/../../../../arm-none-eabi/lib/armv7e-m/fpu/libg.a(lib_a-malloc.o)
 .ARM.attributes
                0x00000a81       0x34 /local/sdk_elec/gcc-arm-none-eabi-5_2-2015q4/bin/../lib/gcc/arm-none-eabi/5.2.1/../../../../arm-none-eabi/lib/armv7e-m/fpu/libg.a(lib_a-mallocr.o)
 .ARM.attributes
                0x00000ab5       0x20 /local/sdk_elec/gcc-arm-none-eabi-5_2-2015q4/bin/../lib/gcc/arm-none-eabi/5.2.1/../../../../arm-none-eabi/lib/armv7e-m/fpu/libg.a(lib_a-memcpy.o)
 .ARM.attributes
                0x00000ad5       0x34 /local/sdk_elec/gcc-arm-none-eabi-5_2-2015q4/bin/../lib/gcc/arm-none-eabi/5.2.1/../../../../arm-none-eabi/lib/armv7e-m/fpu/libg.a(lib_a-mlock.o)
 .ARM.attributes
                0x00000b09       0x34 /local/sdk_elec/gcc-arm-none-eabi-5_2-2015q4/bin/../lib/gcc/arm-none-eabi/5.2.1/../../../../arm-none-eabi/lib/armv7e-m/fpu/libg.a(lib_a-reent.o)
 .ARM.attributes
                0x00000b3d       0x34 /local/sdk_elec/gcc-arm-none-eabi-5_2-2015q4/bin/../lib/gcc/arm-none-eabi/5.2.1/../../../../arm-none-eabi/lib/armv7e-m/fpu/libg.a(lib_a-sbrkr.o)
 .ARM.attributes
                0x00000b71       0x34 /local/sdk_elec/gcc-arm-none-eabi-5_2-2015q4/bin/../lib/gcc/arm-none-eabi/5.2.1/../../../../arm-none-eabi/lib/armv7e-m/fpu/libg.a(lib_a-freer.o)
 .ARM.attributes
                0x00000ba5       0x34 /local/sdk_elec/gcc-arm-none-eabi-5_2-2015q4/bin/../lib/gcc/arm-none-eabi/5.2.1/armv7e-m/fpu/crtend.o
 .ARM.attributes
                0x00000bd9       0x22 /local/sdk_elec/gcc-arm-none-eabi-5_2-2015q4/bin/../lib/gcc/arm-none-eabi/5.2.1/armv7e-m/fpu/crtn.o
OUTPUT(template.elf elf32-littlearm)

.debug_frame    0x00000000     0x6110
 .debug_frame   0x00000000       0x2c /local/sdk_elec/gcc-arm-none-eabi-5_2-2015q4/bin/../lib/gcc/arm-none-eabi/5.2.1/../../../../arm-none-eabi/lib/armv7e-m/fpu/libc.a(lib_a-init.o)
 .debug_frame   0x0000002c       0x34 /local/sdk_elec/gcc-arm-none-eabi-5_2-2015q4/bin/../lib/gcc/arm-none-eabi/5.2.1/../../../../arm-none-eabi/lib/armv7e-m/fpu/libc.a(lib_a-memset.o)
 .debug_frame   0x00000060       0x50 /local/sdk_elec/gcc-arm-none-eabi-5_2-2015q4/bin/../lib/gcc/arm-none-eabi/5.2.1/../../../../arm-none-eabi/lib/armv7e-m/fpu/libc.a(lib_a-__call_atexit.o)
 .debug_frame   0x000000b0       0x20 /local/sdk_elec/gcc-arm-none-eabi-5_2-2015q4/bin/../lib/gcc/arm-none-eabi/5.2.1/../../../../arm-none-eabi/lib/armv7e-m/fpu/libc.a(lib_a-atexit.o)
 .debug_frame   0x000000d0       0x34 /local/sdk_elec/gcc-arm-none-eabi-5_2-2015q4/bin/../lib/gcc/arm-none-eabi/5.2.1/../../../../arm-none-eabi/lib/armv7e-m/fpu/libc.a(lib_a-fini.o)
 .debug_frame   0x00000104       0x34 /local/sdk_elec/gcc-arm-none-eabi-5_2-2015q4/bin/../lib/gcc/arm-none-eabi/5.2.1/../../../../arm-none-eabi/lib/armv7e-m/fpu/libc.a(lib_a-__atexit.o)
 .debug_frame   0x00000138      0x2c0 /tmp/cceNIwii.o
 .debug_frame   0x000003f8      0x204 /tmp/ccjKnANt.o
 .debug_frame   0x000005fc      0x14c /tmp/ccimFYsJ.o
 .debug_frame   0x00000748      0x428 /tmp/ccLlJHJ0.o
 .debug_frame   0x00000b70      0x5e0 /tmp/cc8Uwq2p.o
 .debug_frame   0x00001150      0x194 /tmp/ccOLIAjX.o
 .debug_frame   0x000012e4      0xfb4 /tmp/ccVnsMWW.o
 .debug_frame   0x00002298      0x574 /tmp/ccy4xq92.o
 .debug_frame   0x0000280c      0x400 /tmp/ccIzM2K7.o
 .debug_frame   0x00002c0c      0x254 /tmp/ccwrES5g.o
 .debug_frame   0x00002e60      0x5d4 /tmp/cceIuICw.o
 .debug_frame   0x00003434      0x8a4 /tmp/cckXHLsS.o
 .debug_frame   0x00003cd8      0x1a4 /tmp/ccoPL7Bl.o
 .debug_frame   0x00003e7c      0x218 /tmp/cccxwX54.o
 .debug_frame   0x00004094      0x1cc /tmp/ccsNHqNN.o
 .debug_frame   0x00004260       0x58 /tmp/ccOAwGBA.o
 .debug_frame   0x000042b8      0x318 /tmp/ccmYmt2o.o
 .debug_frame   0x000045d0       0x34 /tmp/ccmANe7i.o
 .debug_frame   0x00004604       0x58 /tmp/cc6NN0Eh.o
 .debug_frame   0x0000465c       0x54 /tmp/ccMBpSwj.o
 .debug_frame   0x000046b0      0x14c /tmp/ccCMcNDq.o
 .debug_frame   0x000047fc       0x84 /tmp/ccrk0ZYu.o
 .debug_frame   0x00004880      0x194 /tmp/ccsE1mhC.o
 .debug_frame   0x00004a14       0xc4 /tmp/cc9hoLYO.o
 .debug_frame   0x00004ad8      0x148 /tmp/ccy2uDj9.o
 .debug_frame   0x00004c20       0x58 /tmp/ccdFNb3x.o
 .debug_frame   0x00004c78       0xec /tmp/ccmVIXg2.o
 .debug_frame   0x00004d64      0x200 /tmp/ccjZWu7y.o
 .debug_frame   0x00004f64      0x21c /tmp/ccOYjO7e.o
 .debug_frame   0x00005180       0x50 /tmp/ccl3wbxZ.o
 .debug_frame   0x000051d0       0x34 /tmp/cc0Zt97M.o
 .debug_frame   0x00005204       0xd8 /tmp/cceAnbfv.o
 .debug_frame   0x000052dc      0x3f8 /tmp/cc12cKKr.o
 .debug_frame   0x000056d4      0x648 /tmp/ccw00xVs.o
 .debug_frame   0x00005d1c      0x1ac /tmp/ccXjTdKv.o
 .debug_frame   0x00005ec8       0x98 /tmp/cco1NCcy.o
 .debug_frame   0x00005f60       0x30 /local/sdk_elec/gcc-arm-none-eabi-5_2-2015q4/bin/../lib/gcc/arm-none-eabi/5.2.1/../../../../arm-none-eabi/lib/armv7e-m/fpu/libg.a(lib_a-malloc.o)
 .debug_frame   0x00005f90       0x58 /local/sdk_elec/gcc-arm-none-eabi-5_2-2015q4/bin/../lib/gcc/arm-none-eabi/5.2.1/../../../../arm-none-eabi/lib/armv7e-m/fpu/libg.a(lib_a-mallocr.o)
 .debug_frame   0x00005fe8       0x30 /local/sdk_elec/gcc-arm-none-eabi-5_2-2015q4/bin/../lib/gcc/arm-none-eabi/5.2.1/../../../../arm-none-eabi/lib/armv7e-m/fpu/libg.a(lib_a-mlock.o)
 .debug_frame   0x00006018       0x58 /local/sdk_elec/gcc-arm-none-eabi-5_2-2015q4/bin/../lib/gcc/arm-none-eabi/5.2.1/../../../../arm-none-eabi/lib/armv7e-m/fpu/libg.a(lib_a-reent.o)
 .debug_frame   0x00006070       0x2c /local/sdk_elec/gcc-arm-none-eabi-5_2-2015q4/bin/../lib/gcc/arm-none-eabi/5.2.1/../../../../arm-none-eabi/lib/armv7e-m/fpu/libg.a(lib_a-sbrkr.o)
 .debug_frame   0x0000609c       0x74 /local/sdk_elec/gcc-arm-none-eabi-5_2-2015q4/bin/../lib/gcc/arm-none-eabi/5.2.1/../../../../arm-none-eabi/lib/armv7e-m/fpu/libg.a(lib_a-freer.o)

.debug_info     0x00000000    0x17433
 .debug_info    0x00000000      0x83f /tmp/cceNIwii.o
 .debug_info    0x0000083f      0xdd0 /tmp/ccjKnANt.o
 .debug_info    0x0000160f      0x6e0 /tmp/ccimFYsJ.o
 .debug_info    0x00001cef      0xac9 /tmp/ccLlJHJ0.o
 .debug_info    0x000027b8      0xed3 /tmp/cc8Uwq2p.o
 .debug_info    0x0000368b      0x639 /tmp/ccOLIAjX.o
 .debug_info    0x00003cc4     0x2166 /tmp/ccVnsMWW.o
 .debug_info    0x00005e2a      0xf2c /tmp/ccy4xq92.o
 .debug_info    0x00006d56      0xc31 /tmp/ccIzM2K7.o
 .debug_info    0x00007987      0xa9f /tmp/ccwrES5g.o
 .debug_info    0x00008426      0xf46 /tmp/cceIuICw.o
 .debug_info    0x0000936c     0x186b /tmp/cckXHLsS.o
 .debug_info    0x0000abd7      0xb1c /tmp/ccoPL7Bl.o
 .debug_info    0x0000b6f3       0x8e /tmp/cccvnwnO.o
 .debug_info    0x0000b781      0xb41 /tmp/cccxwX54.o
 .debug_info    0x0000c2c2      0xab2 /tmp/ccsNHqNN.o
 .debug_info    0x0000cd74      0x49e /tmp/ccOAwGBA.o
 .debug_info    0x0000d212      0x6d6 /tmp/ccmYmt2o.o
 .debug_info    0x0000d8e8      0x88b /tmp/ccmANe7i.o
 .debug_info    0x0000e173      0x8a8 /tmp/cc6NN0Eh.o
 .debug_info    0x0000ea1b      0x887 /tmp/ccMBpSwj.o
 .debug_info    0x0000f2a2      0x817 /tmp/ccCMcNDq.o
 .debug_info    0x0000fab9      0x93f /tmp/ccrk0ZYu.o
 .debug_info    0x000103f8      0xa3f /tmp/ccsE1mhC.o
 .debug_info    0x00010e37      0x8d9 /tmp/cc9hoLYO.o
 .debug_info    0x00011710      0x861 /tmp/ccy2uDj9.o
 .debug_info    0x00011f71      0x5ac /tmp/ccdFNb3x.o
 .debug_info    0x0001251d      0x6a6 /tmp/ccmVIXg2.o
 .debug_info    0x00012bc3      0xc7a /tmp/ccjZWu7y.o
 .debug_info    0x0001383d      0xa19 /tmp/ccOYjO7e.o
 .debug_info    0x00014256      0x7ef /tmp/ccl3wbxZ.o
 .debug_info    0x00014a45      0x54c /tmp/cc0Zt97M.o
 .debug_info    0x00014f91      0x2a4 /tmp/cceAnbfv.o
 .debug_info    0x00015235      0xb90 /tmp/cc12cKKr.o
 .debug_info    0x00015dc5     0x11af /tmp/ccw00xVs.o
 .debug_info    0x00016f74      0x33c /tmp/ccXjTdKv.o
 .debug_info    0x000172b0      0x183 /tmp/cco1NCcy.o

.debug_abbrev   0x00000000     0x3e0f
 .debug_abbrev  0x00000000      0x235 /tmp/cceNIwii.o
 .debug_abbrev  0x00000235      0x251 /tmp/ccjKnANt.o
 .debug_abbrev  0x00000486      0x1a3 /tmp/ccimFYsJ.o
 .debug_abbrev  0x00000629      0x2a4 /tmp/ccLlJHJ0.o
 .debug_abbrev  0x000008cd      0x226 /tmp/cc8Uwq2p.o
 .debug_abbrev  0x00000af3      0x19b /tmp/ccOLIAjX.o
 .debug_abbrev  0x00000c8e      0x217 /tmp/ccVnsMWW.o
 .debug_abbrev  0x00000ea5      0x20e /tmp/ccy4xq92.o
 .debug_abbrev  0x000010b3      0x1dc /tmp/ccIzM2K7.o
 .debug_abbrev  0x0000128f      0x1d7 /tmp/ccwrES5g.o
 .debug_abbrev  0x00001466      0x20c /tmp/cceIuICw.o
 .debug_abbrev  0x00001672      0x1fb /tmp/cckXHLsS.o
 .debug_abbrev  0x0000186d      0x25a /tmp/ccoPL7Bl.o
 .debug_abbrev  0x00001ac7       0x12 /tmp/cccvnwnO.o
 .debug_abbrev  0x00001ad9      0x1bf /tmp/cccxwX54.o
 .debug_abbrev  0x00001c98      0x16c /tmp/ccsNHqNN.o
 .debug_abbrev  0x00001e04      0x101 /tmp/ccOAwGBA.o
 .debug_abbrev  0x00001f05      0x147 /tmp/ccmYmt2o.o
 .debug_abbrev  0x0000204c      0x147 /tmp/ccmANe7i.o
 .debug_abbrev  0x00002193      0x174 /tmp/cc6NN0Eh.o
 .debug_abbrev  0x00002307      0x14d /tmp/ccMBpSwj.o
 .debug_abbrev  0x00002454      0x1c4 /tmp/ccCMcNDq.o
 .debug_abbrev  0x00002618      0x18e /tmp/ccrk0ZYu.o
 .debug_abbrev  0x000027a6      0x1e5 /tmp/ccsE1mhC.o
 .debug_abbrev  0x0000298b      0x1a8 /tmp/cc9hoLYO.o
 .debug_abbrev  0x00002b33      0x214 /tmp/ccy2uDj9.o
 .debug_abbrev  0x00002d47      0x15e /tmp/ccdFNb3x.o
 .debug_abbrev  0x00002ea5      0x18e /tmp/ccmVIXg2.o
 .debug_abbrev  0x00003033      0x195 /tmp/ccjZWu7y.o
 .debug_abbrev  0x000031c8      0x21a /tmp/ccOYjO7e.o
 .debug_abbrev  0x000033e2      0x16e /tmp/ccl3wbxZ.o
 .debug_abbrev  0x00003550      0x133 /tmp/cc0Zt97M.o
 .debug_abbrev  0x00003683       0xbe /tmp/cceAnbfv.o
 .debug_abbrev  0x00003741      0x1ba /tmp/cc12cKKr.o
 .debug_abbrev  0x000038fb      0x289 /tmp/ccw00xVs.o
 .debug_abbrev  0x00003b84      0x19d /tmp/ccXjTdKv.o
 .debug_abbrev  0x00003d21       0xee /tmp/cco1NCcy.o

.debug_aranges  0x00000000      0x4a8
 .debug_aranges
                0x00000000       0x20 /tmp/cceNIwii.o
 .debug_aranges
                0x00000020       0x20 /tmp/ccjKnANt.o
 .debug_aranges
                0x00000040       0x20 /tmp/ccimFYsJ.o
 .debug_aranges
                0x00000060       0x20 /tmp/ccLlJHJ0.o
 .debug_aranges
                0x00000080       0x20 /tmp/cc8Uwq2p.o
 .debug_aranges
                0x000000a0       0x20 /tmp/ccOLIAjX.o
 .debug_aranges
                0x000000c0       0x20 /tmp/ccVnsMWW.o
 .debug_aranges
                0x000000e0       0x20 /tmp/ccy4xq92.o
 .debug_aranges
                0x00000100       0x20 /tmp/ccIzM2K7.o
 .debug_aranges
                0x00000120       0x20 /tmp/ccwrES5g.o
 .debug_aranges
                0x00000140       0x20 /tmp/cceIuICw.o
 .debug_aranges
                0x00000160       0x20 /tmp/cckXHLsS.o
 .debug_aranges
                0x00000180       0x20 /tmp/ccoPL7Bl.o
 .debug_aranges
                0x000001a0       0x28 /tmp/cccvnwnO.o
 .debug_aranges
                0x000001c8       0x20 /tmp/cccxwX54.o
 .debug_aranges
                0x000001e8       0x20 /tmp/ccsNHqNN.o
 .debug_aranges
                0x00000208       0x20 /tmp/ccOAwGBA.o
 .debug_aranges
                0x00000228       0x20 /tmp/ccmYmt2o.o
 .debug_aranges
                0x00000248       0x20 /tmp/ccmANe7i.o
 .debug_aranges
                0x00000268       0x20 /tmp/cc6NN0Eh.o
 .debug_aranges
                0x00000288       0x20 /tmp/ccMBpSwj.o
 .debug_aranges
                0x000002a8       0x20 /tmp/ccCMcNDq.o
 .debug_aranges
                0x000002c8       0x20 /tmp/ccrk0ZYu.o
 .debug_aranges
                0x000002e8       0x20 /tmp/ccsE1mhC.o
 .debug_aranges
                0x00000308       0x20 /tmp/cc9hoLYO.o
 .debug_aranges
                0x00000328       0x20 /tmp/ccy2uDj9.o
 .debug_aranges
                0x00000348       0x20 /tmp/ccdFNb3x.o
 .debug_aranges
                0x00000368       0x20 /tmp/ccmVIXg2.o
 .debug_aranges
                0x00000388       0x20 /tmp/ccjZWu7y.o
 .debug_aranges
                0x000003a8       0x20 /tmp/ccOYjO7e.o
 .debug_aranges
                0x000003c8       0x20 /tmp/ccl3wbxZ.o
 .debug_aranges
                0x000003e8       0x20 /tmp/cc0Zt97M.o
 .debug_aranges
                0x00000408       0x20 /tmp/cceAnbfv.o
 .debug_aranges
                0x00000428       0x20 /tmp/cc12cKKr.o
 .debug_aranges
                0x00000448       0x20 /tmp/ccw00xVs.o
 .debug_aranges
                0x00000468       0x20 /tmp/ccXjTdKv.o
 .debug_aranges
                0x00000488       0x20 /tmp/cco1NCcy.o

.debug_line     0x00000000     0xe3c6
 .debug_line    0x00000000      0x403 /tmp/cceNIwii.o
 .debug_line    0x00000403      0x704 /tmp/ccjKnANt.o
 .debug_line    0x00000b07      0x3f7 /tmp/ccimFYsJ.o
 .debug_line    0x00000efe      0x432 /tmp/ccLlJHJ0.o
 .debug_line    0x00001330      0x784 /tmp/cc8Uwq2p.o
 .debug_line    0x00001ab4     0x4527 /tmp/ccOLIAjX.o
 .debug_line    0x00005fdb      0xd1b /tmp/ccVnsMWW.o
 .debug_line    0x00006cf6      0x6de /tmp/ccy4xq92.o
 .debug_line    0x000073d4      0x620 /tmp/ccIzM2K7.o
 .debug_line    0x000079f4      0x5d7 /tmp/ccwrES5g.o
 .debug_line    0x00007fcb      0x8ef /tmp/cceIuICw.o
 .debug_line    0x000088ba      0xc96 /tmp/cckXHLsS.o
 .debug_line    0x00009550      0x449 /tmp/ccoPL7Bl.o
 .debug_line    0x00009999       0x7b /tmp/cccvnwnO.o
 .debug_line    0x00009a14      0x350 /tmp/cccxwX54.o
 .debug_line    0x00009d64      0x34b /tmp/ccsNHqNN.o
 .debug_line    0x0000a0af      0x249 /tmp/ccOAwGBA.o
 .debug_line    0x0000a2f8      0x1af /tmp/ccmYmt2o.o
 .debug_line    0x0000a4a7      0x2e8 /tmp/ccmANe7i.o
 .debug_line    0x0000a78f      0x30c /tmp/cc6NN0Eh.o
 .debug_line    0x0000aa9b      0x331 /tmp/ccMBpSwj.o
 .debug_line    0x0000adcc      0x39a /tmp/ccCMcNDq.o
 .debug_line    0x0000b166      0x31e /tmp/ccrk0ZYu.o
 .debug_line    0x0000b484      0x349 /tmp/ccsE1mhC.o
 .debug_line    0x0000b7cd      0x325 /tmp/cc9hoLYO.o
 .debug_line    0x0000baf2      0x3a5 /tmp/ccy2uDj9.o
 .debug_line    0x0000be97      0x2cd /tmp/ccdFNb3x.o
 .debug_line    0x0000c164      0x302 /tmp/ccmVIXg2.o
 .debug_line    0x0000c466      0x364 /tmp/ccjZWu7y.o
 .debug_line    0x0000c7ca      0x4a0 /tmp/ccOYjO7e.o
 .debug_line    0x0000cc6a      0x2e1 /tmp/ccl3wbxZ.o
 .debug_line    0x0000cf4b      0x2cb /tmp/cc0Zt97M.o
 .debug_line    0x0000d216      0x189 /tmp/cceAnbfv.o
 .debug_line    0x0000d39f      0x593 /tmp/cc12cKKr.o
 .debug_line    0x0000d932      0x6fb /tmp/ccw00xVs.o
 .debug_line    0x0000e02d      0x207 /tmp/ccXjTdKv.o
 .debug_line    0x0000e234      0x192 /tmp/cco1NCcy.o

.debug_str      0x00000000     0x63ca
 .debug_str     0x00000000      0x8e4 /tmp/cceNIwii.o
                                0x947 (size before relaxing)
 .debug_str     0x000008e4      0x34a /tmp/ccjKnANt.o
                                0x6f7 (size before relaxing)
 .debug_str     0x00000c2e      0x174 /tmp/ccimFYsJ.o
                                0x52b (size before relaxing)
 .debug_str     0x00000da2      0x2ee /tmp/ccLlJHJ0.o
                                0x9d0 (size before relaxing)
 .debug_str     0x00001090      0x77a /tmp/cc8Uwq2p.o
                                0xa46 (size before relaxing)
 .debug_str     0x0000180a      0x159 /tmp/ccOLIAjX.o
                                0x635 (size before relaxing)
 .debug_str     0x00001963      0xebb /tmp/ccVnsMWW.o
                               0x13de (size before relaxing)
 .debug_str     0x0000281e      0x53b /tmp/ccy4xq92.o
                                0xc91 (size before relaxing)
 .debug_str     0x00002d59      0x50b /tmp/ccIzM2K7.o
                                0xa93 (size before relaxing)
 .debug_str     0x00003264      0x30a /tmp/ccwrES5g.o
                                0xad5 (size before relaxing)
 .debug_str     0x0000356e      0x4c9 /tmp/cceIuICw.o
                                0xa67 (size before relaxing)
 .debug_str     0x00003a37      0x72c /tmp/cckXHLsS.o
                                0xc7f (size before relaxing)
 .debug_str     0x00004163      0x330 /tmp/ccoPL7Bl.o
                                0x982 (size before relaxing)
 .debug_str     0x00004493      0x13a /tmp/cccxwX54.o
                                0xca8 (size before relaxing)
 .debug_str     0x000045cd      0x142 /tmp/ccsNHqNN.o
                                0xb04 (size before relaxing)
 .debug_str     0x0000470f       0x42 /tmp/ccOAwGBA.o
                                0x3bc (size before relaxing)
 .debug_str     0x00004751      0x24f /tmp/ccmYmt2o.o
                                0x456 (size before relaxing)
 .debug_str     0x000049a0       0x25 /tmp/ccmANe7i.o
                                0x8cd (size before relaxing)
 .debug_str     0x000049c5       0x2f /tmp/cc6NN0Eh.o
                                0x8c0 (size before relaxing)
 .debug_str     0x000049f4       0x54 /tmp/ccMBpSwj.o
                                0x982 (size before relaxing)
 .debug_str     0x00004a48       0x8d /tmp/ccCMcNDq.o
                                0x6fe (size before relaxing)
 .debug_str     0x00004ad5       0x63 /tmp/ccrk0ZYu.o
                                0x92c (size before relaxing)
 .debug_str     0x00004b38      0x166 /tmp/ccsE1mhC.o
                                0xa1c (size before relaxing)
 .debug_str     0x00004c9e       0x7d /tmp/cc9hoLYO.o
                                0x921 (size before relaxing)
 .debug_str     0x00004d1b      0x16e /tmp/ccy2uDj9.o
                                0x7d3 (size before relaxing)
 .debug_str     0x00004e89       0x69 /tmp/ccdFNb3x.o
                                0x6bc (size before relaxing)
 .debug_str     0x00004ef2       0xb7 /tmp/ccmVIXg2.o
                                0x71e (size before relaxing)
 .debug_str     0x00004fa9      0x15d /tmp/ccjZWu7y.o
                                0x98b (size before relaxing)
 .debug_str     0x00005106       0xe7 /tmp/ccOYjO7e.o
                                0x76d (size before relaxing)
 .debug_str     0x000051ed       0x3c /tmp/ccl3wbxZ.o
                                0x80f (size before relaxing)
 .debug_str     0x00005229       0x13 /tmp/cc0Zt97M.o
                                0x686 (size before relaxing)
 .debug_str     0x0000523c      0x134 /tmp/cceAnbfv.o
                                0x331 (size before relaxing)
 .debug_str     0x00005370      0x4bd /tmp/cc12cKKr.o
                                0x7b3 (size before relaxing)
 .debug_str     0x0000582d      0x8be /tmp/ccw00xVs.o
                                0xc6b (size before relaxing)
 .debug_str     0x000060eb      0x23a /tmp/ccXjTdKv.o
                                0x48e (size before relaxing)
 .debug_str     0x00006325       0xa5 /tmp/cco1NCcy.o
                                0x299 (size before relaxing)

.comment        0x00000000       0x6e
 .comment       0x00000000       0x6e /tmp/cceNIwii.o
                                 0x6f (size before relaxing)
 .comment       0x0000006e       0x6f /tmp/ccjKnANt.o
 .comment       0x0000006e       0x6f /tmp/ccimFYsJ.o
 .comment       0x0000006e       0x6f /tmp/ccLlJHJ0.o
 .comment       0x0000006e       0x6f /tmp/cc8Uwq2p.o
 .comment       0x0000006e       0x6f /tmp/ccOLIAjX.o
 .comment       0x0000006e       0x6f /tmp/ccVnsMWW.o
 .comment       0x0000006e       0x6f /tmp/ccy4xq92.o
 .comment       0x0000006e       0x6f /tmp/ccIzM2K7.o
 .comment       0x0000006e       0x6f /tmp/ccwrES5g.o
 .comment       0x0000006e       0x6f /tmp/cceIuICw.o
 .comment       0x0000006e       0x6f /tmp/cckXHLsS.o
 .comment       0x0000006e       0x6f /tmp/ccoPL7Bl.o
 .comment       0x0000006e       0x6f /tmp/cccxwX54.o
 .comment       0x0000006e       0x6f /tmp/ccsNHqNN.o
 .comment       0x0000006e       0x6f /tmp/ccOAwGBA.o
 .comment       0x0000006e       0x6f /tmp/ccmYmt2o.o
 .comment       0x0000006e       0x6f /tmp/ccmANe7i.o
 .comment       0x0000006e       0x6f /tmp/cc6NN0Eh.o
 .comment       0x0000006e       0x6f /tmp/ccMBpSwj.o
 .comment       0x0000006e       0x6f /tmp/ccCMcNDq.o
 .comment       0x0000006e       0x6f /tmp/ccrk0ZYu.o
 .comment       0x0000006e       0x6f /tmp/ccsE1mhC.o
 .comment       0x0000006e       0x6f /tmp/cc9hoLYO.o
 .comment       0x0000006e       0x6f /tmp/ccy2uDj9.o
 .comment       0x0000006e       0x6f /tmp/ccdFNb3x.o
 .comment       0x0000006e       0x6f /tmp/ccmVIXg2.o
 .comment       0x0000006e       0x6f /tmp/ccjZWu7y.o
 .comment       0x0000006e       0x6f /tmp/ccOYjO7e.o
 .comment       0x0000006e       0x6f /tmp/ccl3wbxZ.o
 .comment       0x0000006e       0x6f /tmp/cc0Zt97M.o
 .comment       0x0000006e       0x6f /tmp/cceAnbfv.o
 .comment       0x0000006e       0x6f /tmp/cc12cKKr.o
 .comment       0x0000006e       0x6f /tmp/ccw00xVs.o
 .comment       0x0000006e       0x6f /tmp/ccXjTdKv.o
 .comment       0x0000006e       0x6f /tmp/cco1NCcy.o

.debug_ranges   0x00000000       0x20
 .debug_ranges  0x00000000       0x20 /tmp/cccvnwnO.o
