Archive member included to satisfy reference by file (symbol)

/local/sdk_elec/gcc-arm-none-eabi-5_2-2015q4/bin/../lib/gcc/arm-none-eabi/5.2.1/../../../../arm-none-eabi/lib/armv7e-m/fpu/libc.a(lib_a-exit.o)
                              /local/sdk_elec/gcc-arm-none-eabi-5_2-2015q4/bin/../lib/gcc/arm-none-eabi/5.2.1/../../../../arm-none-eabi/lib/armv7e-m/fpu/crt0.o (exit)
/local/sdk_elec/gcc-arm-none-eabi-5_2-2015q4/bin/../lib/gcc/arm-none-eabi/5.2.1/../../../../arm-none-eabi/lib/armv7e-m/fpu/libc.a(lib_a-impure.o)
                              /local/sdk_elec/gcc-arm-none-eabi-5_2-2015q4/bin/../lib/gcc/arm-none-eabi/5.2.1/../../../../arm-none-eabi/lib/armv7e-m/fpu/libc.a(lib_a-exit.o) (_global_impure_ptr)
/local/sdk_elec/gcc-arm-none-eabi-5_2-2015q4/bin/../lib/gcc/arm-none-eabi/5.2.1/../../../../arm-none-eabi/lib/armv7e-m/fpu/libc.a(lib_a-init.o)
                              /local/sdk_elec/gcc-arm-none-eabi-5_2-2015q4/bin/../lib/gcc/arm-none-eabi/5.2.1/../../../../arm-none-eabi/lib/armv7e-m/fpu/crt0.o (__libc_init_array)
/local/sdk_elec/gcc-arm-none-eabi-5_2-2015q4/bin/../lib/gcc/arm-none-eabi/5.2.1/../../../../arm-none-eabi/lib/armv7e-m/fpu/libc.a(lib_a-memset.o)
                              /local/sdk_elec/gcc-arm-none-eabi-5_2-2015q4/bin/../lib/gcc/arm-none-eabi/5.2.1/../../../../arm-none-eabi/lib/armv7e-m/fpu/crt0.o (memset)
/local/sdk_elec/gcc-arm-none-eabi-5_2-2015q4/bin/../lib/gcc/arm-none-eabi/5.2.1/../../../../arm-none-eabi/lib/armv7e-m/fpu/libc.a(lib_a-__call_atexit.o)
                              /local/sdk_elec/gcc-arm-none-eabi-5_2-2015q4/bin/../lib/gcc/arm-none-eabi/5.2.1/../../../../arm-none-eabi/lib/armv7e-m/fpu/libc.a(lib_a-exit.o) (__call_exitprocs)
/local/sdk_elec/gcc-arm-none-eabi-5_2-2015q4/bin/../lib/gcc/arm-none-eabi/5.2.1/../../../../arm-none-eabi/lib/armv7e-m/fpu/libc.a(lib_a-atexit.o)
                              /local/sdk_elec/gcc-arm-none-eabi-5_2-2015q4/bin/../lib/gcc/arm-none-eabi/5.2.1/../../../../arm-none-eabi/lib/armv7e-m/fpu/libc.a(lib_a-__call_atexit.o) (atexit)
/local/sdk_elec/gcc-arm-none-eabi-5_2-2015q4/bin/../lib/gcc/arm-none-eabi/5.2.1/../../../../arm-none-eabi/lib/armv7e-m/fpu/libc.a(lib_a-fini.o)
                              /local/sdk_elec/gcc-arm-none-eabi-5_2-2015q4/bin/../lib/gcc/arm-none-eabi/5.2.1/../../../../arm-none-eabi/lib/armv7e-m/fpu/libc.a(lib_a-__call_atexit.o) (__libc_fini_array)
/local/sdk_elec/gcc-arm-none-eabi-5_2-2015q4/bin/../lib/gcc/arm-none-eabi/5.2.1/../../../../arm-none-eabi/lib/armv7e-m/fpu/libc.a(lib_a-__atexit.o)
                              /local/sdk_elec/gcc-arm-none-eabi-5_2-2015q4/bin/../lib/gcc/arm-none-eabi/5.2.1/../../../../arm-none-eabi/lib/armv7e-m/fpu/libc.a(lib_a-atexit.o) (__register_exitproc)
/local/sdk_elec/gcc-arm-none-eabi-5_2-2015q4/bin/../lib/gcc/arm-none-eabi/5.2.1/armv7e-m/fpu/libgcc.a(_arm_addsubdf3.o)
                              /tmp/ccjzOBTZ.o (__aeabi_f2d)
/local/sdk_elec/gcc-arm-none-eabi-5_2-2015q4/bin/../lib/gcc/arm-none-eabi/5.2.1/armv7e-m/fpu/libgcc.a(_arm_muldivdf3.o)
                              /tmp/ccEslhlW.o (__aeabi_dmul)
/local/sdk_elec/gcc-arm-none-eabi-5_2-2015q4/bin/../lib/gcc/arm-none-eabi/5.2.1/armv7e-m/fpu/libgcc.a(_arm_truncdfsf2.o)
                              /tmp/ccEslhlW.o (__aeabi_d2f)
/local/sdk_elec/gcc-arm-none-eabi-5_2-2015q4/bin/../lib/gcc/arm-none-eabi/5.2.1/../../../../arm-none-eabi/lib/armv7e-m/fpu/libg.a(lib_a-malloc.o)
                              /tmp/ccGNhuCB.o (malloc)
/local/sdk_elec/gcc-arm-none-eabi-5_2-2015q4/bin/../lib/gcc/arm-none-eabi/5.2.1/../../../../arm-none-eabi/lib/armv7e-m/fpu/libg.a(lib_a-mallocr.o)
                              /local/sdk_elec/gcc-arm-none-eabi-5_2-2015q4/bin/../lib/gcc/arm-none-eabi/5.2.1/../../../../arm-none-eabi/lib/armv7e-m/fpu/libg.a(lib_a-malloc.o) (_malloc_r)
/local/sdk_elec/gcc-arm-none-eabi-5_2-2015q4/bin/../lib/gcc/arm-none-eabi/5.2.1/../../../../arm-none-eabi/lib/armv7e-m/fpu/libg.a(lib_a-memcpy.o)
                              /tmp/ccQ0SthK.o (memcpy)
/local/sdk_elec/gcc-arm-none-eabi-5_2-2015q4/bin/../lib/gcc/arm-none-eabi/5.2.1/../../../../arm-none-eabi/lib/armv7e-m/fpu/libg.a(lib_a-mlock.o)
                              /local/sdk_elec/gcc-arm-none-eabi-5_2-2015q4/bin/../lib/gcc/arm-none-eabi/5.2.1/../../../../arm-none-eabi/lib/armv7e-m/fpu/libg.a(lib_a-mallocr.o) (__malloc_lock)
/local/sdk_elec/gcc-arm-none-eabi-5_2-2015q4/bin/../lib/gcc/arm-none-eabi/5.2.1/../../../../arm-none-eabi/lib/armv7e-m/fpu/libg.a(lib_a-reent.o)
                              /tmp/ccFlt3dq.o (errno)
/local/sdk_elec/gcc-arm-none-eabi-5_2-2015q4/bin/../lib/gcc/arm-none-eabi/5.2.1/../../../../arm-none-eabi/lib/armv7e-m/fpu/libg.a(lib_a-sbrkr.o)
                              /local/sdk_elec/gcc-arm-none-eabi-5_2-2015q4/bin/../lib/gcc/arm-none-eabi/5.2.1/../../../../arm-none-eabi/lib/armv7e-m/fpu/libg.a(lib_a-mallocr.o) (_sbrk_r)
[...]
Memory Configuration

Name             Origin             Length             Attributes
FLASH            0x08000000         0x00080000         xr
RAM              0x20000000         0x00020000         xrw
*default*        0x00000000         0xffffffff

Linker script and memory map

LOAD /local/sdk_elec/gcc-arm-none-eabi-5_2-2015q4/bin/../lib/gcc/arm-none-eabi/5.2.1/armv7e-m/fpu/crti.o
LOAD /local/sdk_elec/gcc-arm-none-eabi-5_2-2015q4/bin/../lib/gcc/arm-none-eabi/5.2.1/armv7e-m/fpu/crtbegin.o
LOAD /local/sdk_elec/gcc-arm-none-eabi-5_2-2015q4/bin/../lib/gcc/arm-none-eabi/5.2.1/../../../../arm-none-eabi/lib/armv7e-m/fpu/crt0.o
LOAD /local/sdk_elec/gcc-arm-none-eabi-5_2-2015q4/bin/../lib/gcc/arm-none-eabi/5.2.1/../../../../arm-none-eabi/lib/armv7e-m/fpu/libc.a
LOAD /local/sdk_elec/gcc-arm-none-eabi-5_2-2015q4/bin/../lib/gcc/arm-none-eabi/5.2.1/armv7e-m/fpu/libgcc.a
LOAD /local/sdk_elec/gcc-arm-none-eabi-5_2-2015q4/bin/../lib/gcc/arm-none-eabi/5.2.1/armv7e-m/fpu/libgcov.a
LOAD /local/sdk_elec/gcc-arm-none-eabi-5_2-2015q4/bin/../lib/gcc/arm-none-eabi/5.2.1/../../../../arm-none-eabi/lib/armv7e-m/fpu/libm.a
LOAD /tmp/cc6ndUXH.o
LOAD /tmp/ccerAxJ5.o
LOAD /tmp/ccC0BXYz.o
LOAD /tmp/ccGJzMe8.o
LOAD /tmp/ccYPHkhK.o
LOAD /tmp/ccSBB37r.o
LOAD /tmp/ccWYNpkd.o
LOAD /tmp/cckgWtw7.o
LOAD /tmp/ccCaATIb.o
LOAD /tmp/ccZDeJAg.o
LOAD /tmp/ccsqLiuu.o
LOAD /tmp/ccdq2MrL.o
LOAD /tmp/cc88lIj8.o
LOAD /tmp/cc1ySKzC.o
LOAD /tmp/cc2WrIFf.o
LOAD /tmp/ccjzOBTZ.o
LOAD /tmp/ccicQJLJ.o
LOAD /tmp/cczARXdy.o
LOAD /tmp/ccIcQnjq.o
LOAD /tmp/ccLpJ2In.o
LOAD /tmp/ccU7GyYm.o
LOAD /tmp/ccFlt3dq.o
LOAD /tmp/ccmr2QLw.o
LOAD /tmp/ccwCaJBA.o
LOAD /tmp/ccYacSPI.o
LOAD /tmp/ccEslhlW.o
LOAD /tmp/cc4LNh4c.o
LOAD /tmp/ccOhbNYy.o
LOAD /tmp/ccks39I2.o
LOAD /tmp/ccGNhuCB.o
LOAD /tmp/ccaFm6Se.o
LOAD /tmp/cceByvlV.o
LOAD /tmp/ccQ0SthK.o
LOAD /tmp/ccWpBMpC.o
LOAD /tmp/ccAew57z.o
LOAD /tmp/ccSZUvnC.o
LOAD /tmp/ccQwVawG.o
LOAD /tmp/ccgOufLN.o
LOAD /tmp/ccnMQlnP.o
LOAD /tmp/ccwNxONV.o
LOAD /tmp/ccXNrQt1.o
LOAD /tmp/ccUa5rX8.o
START GROUP
LOAD /local/sdk_elec/gcc-arm-none-eabi-5_2-2015q4/bin/../lib/gcc/arm-none-eabi/5.2.1/armv7e-m/fpu/libgcc.a
LOAD /local/sdk_elec/gcc-arm-none-eabi-5_2-2015q4/bin/../lib/gcc/arm-none-eabi/5.2.1/../../../../arm-none-eabi/lib/armv7e-m/fpu/libg.a
LOAD /local/sdk_elec/gcc-arm-none-eabi-5_2-2015q4/bin/../lib/gcc/arm-none-eabi/5.2.1/../../../../arm-none-eabi/lib/armv7e-m/fpu/libc.a
END GROUP
LOAD /local/sdk_elec/gcc-arm-none-eabi-5_2-2015q4/bin/../lib/gcc/arm-none-eabi/5.2.1/armv7e-m/fpu/crtend.o
LOAD /local/sdk_elec/gcc-arm-none-eabi-5_2-2015q4/bin/../lib/gcc/arm-none-eabi/5.2.1/armv7e-m/fpu/crtn.o
                0x2001ffff                _estack = 0x2001ffff
                0x00000200                _Min_Heap_Size = 0x200
                0x00000200                _Min_Stack_Size = 0x200

.isr_vector     0x08000000      0x198
                0x08000000                . = ALIGN (0x4)
 *(.isr_vector)
 .isr_vector    0x08000000      0x198 /tmp/ccicQJLJ.o
                0x08000000                g_pfnVectors
                0x08000198                . = ALIGN (0x4)

.text           0x08000198    0x1dcdc
                0x08000198                . = ALIGN (0x4)
 *(.text)
 .text          0x08000198       0xa4 /local/sdk_elec/gcc-arm-none-eabi-5_2-2015q4/bin/../lib/gcc/arm-none-eabi/5.2.1/armv7e-m/fpu/crtbegin.o
 .text          0x0800023c      0x31c /tmp/cc6ndUXH.o
                0x0800023c                HAL_Init
                0x08000280                HAL_DeInit
                0x080002f8                HAL_InitTick
                0x08000330                HAL_IncTick
                0x0800034c                HAL_GetTick
                0x08000364                HAL_Delay
                0x08000390                HAL_SuspendTick
                0x080003b0                HAL_ResumeTick
                0x080003d0                HAL_GetHalVersion
                0x080003e4                HAL_GetREVID
                0x080003fc                HAL_GetDEVID
                0x08000418                HAL_DBGMCU_EnableDBGSleepMode
                0x08000438                HAL_DBGMCU_DisableDBGSleepMode
                0x08000458                HAL_DBGMCU_EnableDBGStopMode
                0x08000478                HAL_DBGMCU_DisableDBGStopMode
                0x08000498                HAL_DBGMCU_EnableDBGStandbyMode
                0x080004b8                HAL_DBGMCU_DisableDBGStandbyMode
                0x080004d8                HAL_EnableCompensationCell
                0x08000518                HAL_DisableCompensationCell
 .text          0x08000558      0xcf4 /tmp/ccerAxJ5.o
                0x08000558                HAL_RCC_DeInit
                0x080005d0                HAL_RCC_OscConfig
                0x08000a80                HAL_RCC_ClockConfig
                0x08000d2c                HAL_RCC_MCOConfig
                0x08000ddc                HAL_RCC_EnableCSS
                0x08000df4                HAL_RCC_DisableCSS
                0x08000e0c                HAL_RCC_GetSysClockFreq
                0x08000f20                HAL_RCC_GetHCLKFreq
                0x08000f78                HAL_RCC_GetPCLK1Freq
                0x08000fc4                HAL_RCC_GetPCLK2Freq
                0x08001010                HAL_RCC_GetOscConfig
                0x080011b0                HAL_RCC_GetClockConfig
                0x08001214                HAL_RCC_NMI_IRQHandler
                0x0800123c                HAL_RCC_CSSCallback
 .text          0x0800124c      0x550 /tmp/ccC0BXYz.o
                0x0800124c                HAL_GPIO_Init
                0x08001540                HAL_GPIO_DeInit
                0x08001680                HAL_GPIO_ReadPin
                0x080016b0                HAL_GPIO_WritePin
                0x080016e0                HAL_GPIO_TogglePin
                0x08001704                HAL_GPIO_LockPin
                0x08001754                HAL_GPIO_EXTI_IRQHandler
 .text          0x0800179c      0x550 /tmp/ccGJzMe8.o
                0x08001b38                HAL_NVIC_SetPriorityGrouping
                0x08001b50                HAL_NVIC_SetPriority
                0x08001b88                HAL_NVIC_EnableIRQ
                0x08001ba4                HAL_NVIC_DisableIRQ
                0x08001bc0                HAL_NVIC_SystemReset
                0x08001bcc                HAL_SYSTICK_Config
                0x08001be4                HAL_NVIC_GetPriorityGrouping
                0x08001bf4                HAL_NVIC_GetPriority
                0x08001c20                HAL_NVIC_SetPendingIRQ
                0x08001c3c                HAL_NVIC_GetPendingIRQ
                0x08001c5c                HAL_NVIC_ClearPendingIRQ
                0x08001c78                HAL_NVIC_GetActive
                0x08001c98                HAL_SYSTICK_CLKSourceConfig
                0x08001cd0                HAL_SYSTICK_IRQHandler
                0x08001cdc                HAL_SYSTICK_Callback
 .text          0x08001cec     0x16ec /tmp/ccWYNpkd.o
                0x08001cec                HAL_UART_Init
                0x08001d78                HAL_HalfDuplex_Init
                0x08001e14                HAL_LIN_Init
                0x08001ed0                HAL_MultiProcessor_Init
                0x08001fa0                HAL_UART_DeInit
                0x08001fe0                HAL_UART_MspInit
                0x08001ff4                HAL_UART_MspDeInit
                0x08002008                HAL_UART_Transmit
                0x08002158                HAL_UART_Receive
                0x080022c8                HAL_UART_Transmit_IT
                0x08002398                HAL_UART_Receive_IT
                0x08002468                HAL_UART_Transmit_DMA
                0x0800255c                HAL_UART_Receive_DMA
                0x08002640                HAL_UART_DMAPause
                0x080026dc                HAL_UART_DMAResume
                0x0800279c                HAL_UART_DMAStop
                0x080027fc                HAL_UART_IRQHandler
                0x080029f8                HAL_UART_TxCpltCallback
                0x08002a0c                HAL_UART_TxHalfCpltCallback
                0x08002a34                HAL_UART_RxHalfCpltCallback
                0x08002a48                HAL_UART_ErrorCallback
                0x08002a5c                HAL_LIN_SendBreak
                0x08002ab0                HAL_MultiProcessor_EnterMuteMode
                0x08002b04                HAL_MultiProcessor_ExitMuteMode
                0x08002b58                HAL_HalfDuplex_EnableTransmitter
                0x08002bc0                HAL_HalfDuplex_EnableReceiver
                0x08002c28                HAL_UART_GetState
                0x08002c44                HAL_UART_GetError
 .text          0x080033d8     0x7cdc /tmp/ccCaATIb.o
                0x080033d8                HAL_DMA_Init
                0x080034b0                HAL_DMA_DeInit
                0x080048bc                HAL_DMA_Start
                0x08004920                HAL_DMA_Start_IT
                0x080049d4                HAL_DMA_Abort
                0x08004a50                HAL_DMA_PollForTransfer
                0x08007d58                HAL_DMA_IRQHandler
                0x0800b024                HAL_DMA_GetState
                0x0800b040                HAL_DMA_GetError
 .text          0x0800b0b4     0x3c44 /tmp/ccZDeJAg.o
                0x0800b0b4                HAL_TIM_Base_Init
                0x0800b104                HAL_TIM_Base_DeInit
                0x0800b164                HAL_TIM_Base_MspInit
                0x0800b178                HAL_TIM_Base_MspDeInit
                0x0800b18c                HAL_TIM_Base_Start
                0x0800b1c4                HAL_TIM_Base_Stop
                0x0800b21c                HAL_TIM_Base_Start_IT
                0x0800b254                HAL_TIM_Base_Stop_IT
                0x0800b2ac                HAL_TIM_Base_Start_DMA
                0x0800b344                HAL_TIM_Base_Stop_DMA
                0x0800b3a4                HAL_TIM_OC_Init
                0x0800b3f4                HAL_TIM_OC_DeInit
                0x0800b454                HAL_TIM_OC_MspInit
                0x0800b468                HAL_TIM_OC_MspDeInit
                0x0800b47c                HAL_TIM_OC_Start
                0x0800b4cc                HAL_TIM_OC_Stop
                0x0800b55c                HAL_TIM_OC_Start_IT
                0x0800b638                HAL_TIM_OC_Stop_IT
                0x0800b754                HAL_TIM_OC_Start_DMA
                0x0800b900                HAL_TIM_OC_Stop_DMA
                0x0800ba24                HAL_TIM_PWM_Init
                0x0800ba74                HAL_TIM_PWM_DeInit
                0x0800bad4                HAL_TIM_PWM_MspInit
                0x0800bae8                HAL_TIM_PWM_MspDeInit
                0x0800bafc                HAL_TIM_PWM_Start
                0x0800bb4c                HAL_TIM_PWM_Stop
                0x0800bbe4                HAL_TIM_PWM_Start_IT
                0x0800bcc0                HAL_TIM_PWM_Stop_IT
                0x0800bddc                HAL_TIM_PWM_Start_DMA
                0x0800bf88                HAL_TIM_PWM_Stop_DMA
                0x0800c0ac                HAL_TIM_IC_Init
                0x0800c0fc                HAL_TIM_IC_DeInit
                0x0800c15c                HAL_TIM_IC_MspInit
                0x0800c170                HAL_TIM_IC_MspDeInit
                0x0800c184                HAL_TIM_IC_Start
                0x0800c1b8                HAL_TIM_IC_Stop
                0x0800c20c                HAL_TIM_IC_Start_IT
                0x0800c2cc                HAL_TIM_IC_Stop_IT
                0x0800c3ac                HAL_TIM_IC_Start_DMA
                0x0800c53c                HAL_TIM_IC_Stop_DMA
                0x0800c624                HAL_TIM_OnePulse_Init
                0x0800c694                HAL_TIM_OnePulse_DeInit
                0x0800c6f4                HAL_TIM_OnePulse_MspInit
                0x0800c708                HAL_TIM_OnePulse_MspDeInit
                0x0800c71c                HAL_TIM_OnePulse_Start
                0x0800c76c                HAL_TIM_OnePulse_Stop
                0x0800c80c                HAL_TIM_OnePulse_Start_IT
                0x0800c87c                HAL_TIM_OnePulse_Stop_IT
                0x0800c93c                HAL_TIM_Encoder_Init
                0x0800ca60                HAL_TIM_Encoder_DeInit
                0x0800cac0                HAL_TIM_Encoder_MspInit
                0x0800cad4                HAL_TIM_Encoder_MspDeInit
                0x0800cae8                HAL_TIM_Encoder_Start
                0x0800cb58                HAL_TIM_Encoder_Stop
                0x0800cbe8                HAL_TIM_Encoder_Start_IT
                0x0800cc98                HAL_TIM_Encoder_Stop_IT
                0x0800cd6c                HAL_TIM_Encoder_Start_DMA
                0x0800cf14                HAL_TIM_Encoder_Stop_DMA
                0x0800cfe8                HAL_TIM_IRQHandler
                0x0800d1f8                HAL_TIM_OC_ConfigChannel
                0x0800d2b8                HAL_TIM_IC_ConfigChannel
                0x0800d3f0                HAL_TIM_PWM_ConfigChannel
                0x0800d57c                HAL_TIM_OnePulse_ConfigChannel
                0x0800d6fc                HAL_TIM_DMABurst_WriteStart
                0x0800d8e0                HAL_TIM_DMABurst_WriteStop
                0x0800d990                HAL_TIM_DMABurst_ReadStart
                0x0800db74                HAL_TIM_DMABurst_ReadStop
                0x0800dc24                HAL_TIM_GenerateEvent
                0x0800dc74                HAL_TIM_ConfigOCrefClear
                0x0800ddc8                HAL_TIM_ConfigClockSource
                0x0800df80                HAL_TIM_ConfigTI1Input
                0x0800dfbc                HAL_TIM_SlaveConfigSynchronization
                0x0800e028                HAL_TIM_SlaveConfigSynchronization_IT
                0x0800e094                HAL_TIM_ReadCapturedValue
                0x0800e14c                HAL_TIM_OC_DelayElapsedCallback
                0x0800e160                HAL_TIM_IC_CaptureCallback
                0x0800e174                HAL_TIM_PWM_PulseFinishedCallback
                0x0800e188                HAL_TIM_TriggerCallback
                0x0800e19c                HAL_TIM_ErrorCallback
                0x0800e1b0                HAL_TIM_Base_GetState
                0x0800e1cc                HAL_TIM_OC_GetState
                0x0800e1e8                HAL_TIM_PWM_GetState
                0x0800e204                HAL_TIM_IC_GetState
                0x0800e220                HAL_TIM_OnePulse_GetState
                0x0800e23c                HAL_TIM_Encoder_GetState
                0x0800e258                TIM_Base_SetConfig
                0x0800e360                TIM_TI1_SetConfig
                0x0800e440                TIM_OC2_SetConfig
                0x0800e51c                TIM_DMADelayPulseCplt
                0x0800e58c                TIM_DMAError
                0x0800e5b0                TIM_DMACaptureCplt
                0x0800e620                TIM_CCxChannelCmd
 .text          0x0800ecf8     0x14a8 /tmp/ccsqLiuu.o
                0x0800ecf8                HAL_TIMEx_HallSensor_Init
                0x0800ee10                HAL_TIMEx_HallSensor_DeInit
                0x0800ee70                HAL_TIMEx_HallSensor_MspInit
                0x0800ee84                HAL_TIMEx_HallSensor_MspDeInit
                0x0800ee98                HAL_TIMEx_HallSensor_Start
                0x0800eec8                HAL_TIMEx_HallSensor_Stop
                0x0800ef18                HAL_TIMEx_HallSensor_Start_IT
                0x0800ef58                HAL_TIMEx_HallSensor_Stop_IT
                0x0800efb8                HAL_TIMEx_HallSensor_Start_DMA
                0x0800f060                HAL_TIMEx_HallSensor_Stop_DMA
                0x0800f0c0                HAL_TIMEx_OCN_Start
                0x0800f104                HAL_TIMEx_OCN_Stop
                0x0800f188                HAL_TIMEx_OCN_Start_IT
                0x0800f268                HAL_TIMEx_OCN_Stop_IT
                0x0800f398                HAL_TIMEx_OCN_Start_DMA
                0x0800f538                HAL_TIMEx_OCN_Stop_DMA
                0x0800f650                HAL_TIMEx_PWMN_Start
                0x0800f694                HAL_TIMEx_PWMN_Stop
                0x0800f718                HAL_TIMEx_PWMN_Start_IT
                0x0800f7f8                HAL_TIMEx_PWMN_Stop_IT
                0x0800f928                HAL_TIMEx_PWMN_Start_DMA
                0x0800fac8                HAL_TIMEx_PWMN_Stop_DMA
                0x0800fbe0                HAL_TIMEx_OnePulseN_Start
                0x0800fc14                HAL_TIMEx_OnePulseN_Stop
                0x0800fc98                HAL_TIMEx_OnePulseN_Start_IT
                0x0800fcec                HAL_TIMEx_OnePulseN_Stop_IT
                0x0800fd90                HAL_TIMEx_ConfigCommutationEvent
                0x0800fe30                HAL_TIMEx_ConfigCommutationEvent_IT
                0x0800fee0                HAL_TIMEx_ConfigCommutationEvent_DMA
                0x0800ffa8                HAL_TIMEx_MasterConfigSynchronization
                0x08010034                HAL_TIMEx_ConfigBreakDeadTime
                0x080100a8                HAL_TIMEx_RemapConfig
                0x080100f0                HAL_TIMEx_CommutationCallback
                0x08010104                HAL_TIMEx_BreakCallback
                0x08010118                HAL_TIMEx_HallSensor_GetState
                0x08010134                TIMEx_DMACommutationCplt
 .text          0x080101a0      0xd4c /tmp/ccdq2MrL.o
                0x080101a0                HAL_ADC_Init
                0x080101f4                HAL_ADC_DeInit
                0x0801022c                HAL_ADC_MspInit
                0x08010240                HAL_ADC_MspDeInit
                0x08010254                HAL_ADC_Start
                0x0801032c                HAL_ADC_Stop
                0x0801035c                HAL_ADC_PollForConversion
                0x080103dc                HAL_ADC_PollForEvent
                0x0801046c                HAL_ADC_Start_IT
                0x08010568                HAL_ADC_Stop_IT
                0x080105b8                HAL_ADC_IRQHandler
                0x08010814                HAL_ADC_Start_DMA
                0x080108f4                HAL_ADC_Stop_DMA
                0x08010948                HAL_ADC_GetValue
                0x08010964                HAL_ADC_ConvCpltCallback
                0x08010978                HAL_ADC_ConvHalfCpltCallback
                0x0801098c                HAL_ADC_LevelOutOfWindowCallback
                0x080109a0                HAL_ADC_ErrorCallback
                0x080109b4                HAL_ADC_ConfigChannel
                0x08010bb0                HAL_ADC_AnalogWDGConfig
                0x08010c70                HAL_ADC_GetState
                0x08010c8c                HAL_ADC_GetError
 .text          0x08010eec      0x9a8 /tmp/cc88lIj8.o
                0x08010eec                HAL_ADCEx_InjectedStart
                0x0801102c                HAL_ADCEx_InjectedStart_IT
                0x08011190                HAL_ADCEx_InjectedStop
                0x080111c0                HAL_ADCEx_InjectedPollForConversion
                0x08011240                HAL_ADCEx_InjectedStop_IT
                0x08011290                HAL_ADCEx_InjectedGetValue
                0x08011300                HAL_ADCEx_MultiModeStart_DMA
                0x080113f4                HAL_ADCEx_MultiModeStop_DMA
                0x08011468                HAL_ADCEx_MultiModeGetValue
                0x08011484                HAL_ADCEx_InjectedConvCpltCallback
                0x08011498                HAL_ADCEx_InjectedConfigChannel
                0x08011784                HAL_ADCEx_MultiModeConfigChannel
 .text          0x08011894     0x1ef8 /tmp/cc1ySKzC.o
                0x08011894                HAL_SPI_Init
                0x08011958                HAL_SPI_DeInit
                0x080119a0                HAL_SPI_MspInit
                0x080119b4                HAL_SPI_MspDeInit
                0x080119c8                HAL_SPI_Transmit
                0x08011c40                HAL_SPI_Receive
                0x08011f4c                HAL_SPI_TransmitReceive
                0x08012400                HAL_SPI_Transmit_IT
                0x08012524                HAL_SPI_Receive_IT
                0x08012658                HAL_SPI_TransmitReceive_IT
                0x08012784                HAL_SPI_Transmit_DMA
                0x080128c4                HAL_SPI_Receive_DMA
                0x08012a30                HAL_SPI_TransmitReceive_DMA
                0x08012c08                HAL_SPI_DMAPause
                0x08012c5c                HAL_SPI_DMAResume
                0x08012cb0                HAL_SPI_DMAStop
                0x08012d10                HAL_SPI_IRQHandler
                0x08012ea4                HAL_SPI_TxCpltCallback
                0x08012eb8                HAL_SPI_RxCpltCallback
                0x08012ecc                HAL_SPI_TxRxCpltCallback
                0x08012ee0                HAL_SPI_TxHalfCpltCallback
                0x08012ef4                HAL_SPI_RxHalfCpltCallback
                0x08012f08                HAL_SPI_TxRxHalfCpltCallback
                0x08012f1c                HAL_SPI_ErrorCallback
                0x08012f30                HAL_SPI_GetState
                0x08012f4c                HAL_SPI_GetError
 .text          0x0801378c     0x31e4 /tmp/cc2WrIFf.o
                0x0801378c                HAL_I2C_Init
                0x08013938                HAL_I2C_DeInit
                0x08013988                HAL_I2C_MspInit
                0x0801399c                HAL_I2C_MspDeInit
                0x080139b0                HAL_I2C_Master_Transmit
                0x08013b18                HAL_I2C_Master_Receive
                0x08013e18                HAL_I2C_Slave_Transmit
                0x08013fb4                HAL_I2C_Slave_Receive
                0x08014134                HAL_I2C_Master_Transmit_IT
                0x08014218                HAL_I2C_Master_Receive_IT
                0x08014388                HAL_I2C_Slave_Transmit_IT
                0x08014434                HAL_I2C_Slave_Receive_IT
                0x080144e0                HAL_I2C_Master_Transmit_DMA
                0x080145f0                HAL_I2C_Master_Receive_DMA
                0x08014728                HAL_I2C_Slave_Transmit_DMA
                0x08014874                HAL_I2C_Slave_Receive_DMA
                0x08014978                HAL_I2C_Mem_Write
                0x08014ad8                HAL_I2C_Mem_Read
                0x08014dd4                HAL_I2C_Mem_Write_IT
                0x08014eb0                HAL_I2C_Mem_Read_IT
                0x0801502c                HAL_I2C_Mem_Write_DMA
                0x08015134                HAL_I2C_Mem_Read_DMA
                0x08015278                HAL_I2C_IsDeviceReady
                0x0801547c                HAL_I2C_EV_IRQHandler
                0x08015760                HAL_I2C_ER_IRQHandler
                0x0801591c                HAL_I2C_MasterTxCpltCallback
                0x08015930                HAL_I2C_MasterRxCpltCallback
                0x08015944                HAL_I2C_SlaveTxCpltCallback
                0x08015958                HAL_I2C_SlaveRxCpltCallback
                0x0801596c                HAL_I2C_MemTxCpltCallback
                0x08015980                HAL_I2C_MemRxCpltCallback
                0x08015994                HAL_I2C_ErrorCallback
                0x080159a8                HAL_I2C_GetState
                0x080159c4                HAL_I2C_GetError
 .text          0x08016970      0x7ec /tmp/ccjzOBTZ.o
                0x08016e28                main
                0x08016f8c                HAL_UART_RxCpltCallback
                0x08017044                vApplicationStackOverflowHook
                0x08017050                vApplicationIdleHook
                0x08017060                vApplicationTickHook
                0x08017070                tracking
 .text          0x0801715c      0x448 /tmp/ccIcQnjq.o
                0x0801715c                HAL_MspInit
                0x080171c0                HAL_UARTCOM_MspInit
                0x0801721c                HAL_UARTZIGBEE_MspInit
                0x0801726c                HAL_Encoder_Timer1_MspInit
                0x080172dc                HAL_Encoder_Timer2_MspInit
                0x0801734c                HAL_GPIO_BUTTON_MspInit
                0x0801738c                HAL_GPIO_LED_MspInit
                0x080173b8                HAL_GPIO_CHECK_PERIOD_MspInit
                0x080173e4                HAL_PWM_Timer3_MspInit
                0x08017424                HAL_PWM_Timer4_MspInit
                0x08017490                HAL_i2c_MspInit
                0x080174f4                HAL_tickTimer_MspInit
                0x0801751c                HAL_spi_MspInit
                0x0801755c                HAL_adcir_MspInit
                0x08017594                HAL_MspDeInit
 .text          0x080175a4      0x100 /tmp/ccLpJ2In.o
                0x080175a4                NMI_Handler
                0x080175b4                HardFault_Handler
                0x080175bc                MemManage_Handler
                0x080175c4                BusFault_Handler
                0x080175cc                UsageFault_Handler
                0x080175d4                DebugMon_Handler
                0x080175e4                SysTick_Handler
                0x08017600                OTG_FS_IRQHandler
                0x08017610                TIM5_IRQHandler
                0x08017624                EXTI0_IRQHandler
                0x08017634                EXTI1_IRQHandler
                0x08017644                I2C1_EV_IRQHandler
                0x08017658                I2C1_ER_IRQHandler
                0x0801766c                EXTI15_10_IRQHandler
                0x0801767c                USART2_IRQHandler
                0x08017690                USART6_IRQHandler
 .text          0x080176a4      0x168 /tmp/ccU7GyYm.o
                0x080176a4                SystemInit
                0x08017710                SystemCoreClockUpdate
 .text          0x0801780c      0x2d8 /tmp/ccFlt3dq.o
                0x0801780c                _sbrk
                0x0801787c                _gettimeofday
                0x080178a8                initialise_monitor_handles
                0x080178b8                _getpid
                0x080178c8                _kill
                0x080178ec                _exit
                0x08017900                _write
                0x08017938                _close
                0x08017950                _fstat
                0x08017970                _isatty
                0x08017988                _lseek
                0x080179a4                _read
                0x080179e0                _open
                0x080179fc                _wait
                0x08017a20                _unlink
                0x08017a44                _times
                0x08017a5c                _stat
                0x08017a7c                _link
                0x08017aa0                _fork
                0x08017abc                _execve
 .text          0x08017ae4       0x8c /tmp/ccmr2QLw.o
                0x08017ae4                SystemClock_Config
 .text          0x08017b70       0x78 /tmp/ccwCaJBA.o
                0x08017b70                tickTimerInit
                0x08017bcc                HAL_TIM_PeriodElapsedCallback
 .text          0x08017be8       0xec /tmp/ccYacSPI.o
                0x08017be8                captDistIR_Init
                0x08017c4c                captDistIR_Get
 *fill*         0x08017cd4        0x4 
 .text          0x08017cd8      0x42c /tmp/ccEslhlW.o
                0x08017cd8                num2str
                0x08017de0                str2num
                0x08017e6c                reverse
                0x08017ec8                intToStr
                0x08017f58                float2str
                0x08017ff8                myPow
                0x0801808c                flush_ch
                0x080180c4                size_ch
 .text          0x08018104      0x100 /tmp/cc4LNh4c.o
                0x08018104                motorCommand_Init
                0x080181c0                motorLeft_SetDuty
                0x080181e0                motorRight_SetDuty
 .text          0x08018204      0x438 /tmp/ccOhbNYy.o
                0x08018204                quadEncoder_Init
                0x080182ec                quadEncoder_PosCalcL
                0x08018334                quadEncoder_PosCalcR
                0x0801837c                quadEncoder_GetPos16L
                0x080183c0                quadEncoder_GetPos16R
                0x08018404                quadEncoder_GetPos32L
                0x08018434                quadEncoder_GetPos32R
                0x08018464                quadEncoder_GetSpeedL
                0x08018504                quadEncoder_GetSpeedR
                0x080185a4                quadEncoder_CallbackIndexL
                0x080185f0                quadEncoder_CallbackIndexR
 .text          0x0801863c      0x148 /tmp/ccks39I2.o
                0x0801863c                servoCommand_Init
                0x080186f8                servoHigh_Set
                0x08018724                servoLow_Set
                0x08018754                servoHigh_Get
                0x0801876c                servoLow_Get
 .text          0x08018784      0x428 /tmp/ccGNhuCB.o
                0x08018784                pixyCam_Init
                0x080187a0                pixyCam_Test
                0x08018830                pixyCam_Get
                0x08018984                pixyCam_GetStart
                0x08018a08                pixyCam_GetBlocks
                0x08018b44                pixyCam_SetBrightness
                0x08018b70                pixyCam_SetLED
 .text          0x08018bac       0x64 /tmp/ccaFm6Se.o
                0x08018bac                captDistUS_Measure
                0x08018bd0                captDistUS_Get
 .text          0x08018c10      0x190 /tmp/cceByvlV.o
                0x08018c10                screenLCD_Clear
                0x08018c3c                screenLCD_getID
                0x08018c5c                screenLCD_SetBacklight
                0x08018c7c                screenLCD_ReadButtons
                0x08018c9c                screenLCD_Write
                0x08018d28                screenLCD_Test
 .text          0x08018da0      0x504 /tmp/ccQ0SthK.o
                0x08018da0                i2c1_Init
                0x08018df4                i2c1_WriteBuffer
                0x08018e28                i2c1_ReadBuffer
                0x08018e5c                i2c1_ReadRegBuffer
                0x08018ec0                i2c1_WriteRegBuffer
                0x08018f14                i2c1_WriteRegByte_IT
                0x08018f60                i2c1_ReadRegBuffer_IT
                0x08018fc8                i2c1_WriteReg16Byte
                0x08019014                i2c1_WriteReg16Word16
                0x0801906c                i2c1_WriteReg16Word32
                0x080190d0                i2c1_ReadReg16Byte
                0x0801913c                i2c1_ReadReg16Word16
                0x080191b8                i2c1_ReadReg16Word32
                0x08019238                i2c1_ReadReg16Buffer
 *fill*         0x080192a4        0x4 
 .text          0x080192a8      0xe30 /tmp/ccWpBMpC.o
                0x080192a8                uart2_Init
                0x08019300                uart6_Init
                0x08019358                uart_Write
                0x08019380                put_char
                0x080193a4                putchar_stlink
                0x080193c8                putchar_zigbee
                0x080193ec                put_string
                0x08019418                put_string_stlink
                0x08019444                put_string_zigbee
                0x08019470                term_printf
                0x080198a8                term_printf_stlink
                0x08019cc0                term_printf_zigbee
 .text          0x0801a0d8       0x94 /tmp/ccAew57z.o
                0x0801a0d8                spi1Init
                0x0801a13c                spi1Transfer
 .text          0x0801a16c       0x48 /tmp/ccSZUvnC.o
                0x0801a16c                HAL_GPIO_EXTI_Callback
 .text          0x0801a1b4      0x16c /tmp/ccgOufLN.o
                0x0801a1b4                vListInitialise
                0x0801a1f4                vListInitialiseItem
                0x0801a210                vListInsertEnd
                0x0801a258                vListInsert
                0x0801a2cc                uxListRemove
 .text          0x0801a320      0xc50 /tmp/ccnMQlnP.o
                0x0801a320                xQueueGenericReset
                0x0801a3d0                xQueueGenericCreate
                0x0801a454                xQueueCreateMutex
                0x0801a4e4                xQueueGiveMutexRecursive
                0x0801a53c                xQueueTakeMutexRecursive
                0x0801a59c                xQueueCreateCountingSemaphore
                0x0801a5f0                xQueueGenericSend
                0x0801a778                xQueueGenericSendFromISR
                0x0801a860                xQueueGenericReceive
                0x0801aa18                xQueueReceiveFromISR
                0x0801aacc                xQueuePeekFromISR
                0x0801ab44                uxQueueMessagesWaiting
                0x0801ab70                uxQueueSpacesAvailable
                0x0801aba8                uxQueueMessagesWaitingFromISR
                0x0801abcc                vQueueDelete
                0x0801ac0c                uxQueueGetQueueNumber
                0x0801ac24                vQueueSetQueueNumber
                0x0801ac40                ucQueueGetQueueType
                0x0801ae44                xQueueIsQueueEmptyFromISR
                0x0801aea4                xQueueIsQueueFullFromISR
                0x0801aed8                vQueueAddToRegistry
                0x0801af28                vQueueUnregisterQueue
 .text          0x0801af70     0x16d0 /tmp/ccwNxONV.o
                0x0801af70                xTaskGenericCreate
                0x0801b0d4                vTaskDelete
                0x0801b1bc                vTaskDelay
                0x0801b244                uxTaskPriorityGet
                0x0801b278                vTaskPrioritySet
                0x0801b3b4                vTaskSuspend
                0x0801b50c                vTaskResume
                0x0801b5a8                xTaskResumeFromISR
                0x0801b660                vTaskStartScheduler
                0x0801b6c4                vTaskEndScheduler
                0x0801b6e0                vTaskSuspendAll
                0x0801b6fc                xTaskResumeAll
                0x0801b804                xTaskGetTickCount
                0x0801b828                xTaskGetTickCountFromISR
                0x0801b854                uxTaskGetNumberOfTasks
                0x0801b86c                uxTaskGetSystemState
                0x0801b960                xTaskIncrementTick
                0x0801badc                vTaskSwitchContext
                0x0801bba0                vTaskPlaceOnEventList
                0x0801bc30                vTaskPlaceOnUnorderedEventList
                0x0801bce0                xTaskRemoveFromEventList
                0x0801bd94                xTaskRemoveFromUnorderedEventList
                0x0801be44                vTaskSetTimeOutState
                0x0801be78                xTaskCheckForTimeOut
                0x0801bf18                vTaskMissedYield
                0x0801bf30                uxTaskGetTaskNumber
                0x0801bf5c                vTaskSetTaskNumber
                0x0801c3c8                xTaskGetCurrentTaskHandle
                0x0801c3e8                xTaskGetSchedulerState
                0x0801c424                vTaskPriorityInherit
                0x0801c510                xTaskPriorityDisinherit
                0x0801c5e8                uxTaskResetEventItemValue
                0x0801c618                pvTaskIncrementMutexHeldCount
 .text          0x0801c640      0x394 /tmp/ccXNrQt1.o
                0x0801c640                pxPortInitialiseStack
                0x0801c6c4                SVC_Handler
                0x0801c704                xPortStartScheduler
                0x0801c7d4                vPortEndScheduler
                0x0801c7f0                vPortYield
                0x0801c814                vPortEnterCritical
                0x0801c854                vPortExitCritical
                0x0801c888                ulPortSetInterruptMask
                0x0801c89c                vPortClearInterruptMask
                0x0801c8a4                PendSV_Handler
                0x0801c900                xPortSysTickHandler
                0x0801c928                vPortSetupTimerInterrupt
                0x0801c970                vPortValidateInterruptPriority
 .text          0x0801c9d4       0xdc /tmp/ccUa5rX8.o
                0x0801c9d4                pvPortMalloc
                0x0801ca60                vPortFree
                0x0801ca7c                vPortInitialiseBlocks
                0x0801ca94                xPortGetFreeHeapSize
 .text          0x0801cab0      0x370 /local/sdk_elec/gcc-arm-none-eabi-5_2-2015q4/bin/../lib/gcc/arm-none-eabi/5.2.1/armv7e-m/fpu/libgcc.a(_arm_addsubdf3.o)
                0x0801cab0                __aeabi_drsub
                0x0801cab8                __aeabi_dsub
                0x0801cab8                __subdf3
                0x0801cabc                __adddf3
                0x0801cabc                __aeabi_dadd
                0x0801cd34                __aeabi_ui2d
                0x0801cd34                __floatunsidf
                0x0801cd54                __floatsidf
                0x0801cd54                __aeabi_i2d
                0x0801cd78                __extendsfdf2
                0x0801cd78                __aeabi_f2d
                0x0801cdb4                __aeabi_ul2d
                0x0801cdb4                __floatundidf
                0x0801cdc4                __floatdidf
                0x0801cdc4                __aeabi_l2d
 .text          0x0801ce20      0x424 /local/sdk_elec/gcc-arm-none-eabi-5_2-2015q4/bin/../lib/gcc/arm-none-eabi/5.2.1/armv7e-m/fpu/libgcc.a(_arm_muldivdf3.o)
                0x0801ce20                __aeabi_dmul
                0x0801ce20                __muldf3
                0x0801d074                __aeabi_ddiv
                0x0801d074                __divdf3
 .text          0x0801d244       0xa0 /local/sdk_elec/gcc-arm-none-eabi-5_2-2015q4/bin/../lib/gcc/arm-none-eabi/5.2.1/armv7e-m/fpu/libgcc.a(_arm_truncdfsf2.o)
                0x0801d244                __aeabi_d2f
                0x0801d244                __truncdfsf2
 .text          0x0801d2e4      0x134 /local/sdk_elec/gcc-arm-none-eabi-5_2-2015q4/bin/../lib/gcc/arm-none-eabi/5.2.1/../../../../arm-none-eabi/lib/armv7e-m/fpu/libg.a(lib_a-memcpy.o)
                0x0801d2e4                memcpy
 *(.text*)
 .text.__libc_init_array
                0x0801d418       0x50 /local/sdk_elec/gcc-arm-none-eabi-5_2-2015q4/bin/../lib/gcc/arm-none-eabi/5.2.1/../../../../arm-none-eabi/lib/armv7e-m/fpu/libc.a(lib_a-init.o)
                0x0801d418                __libc_init_array
 .text.memset   0x0801d468       0x9c /local/sdk_elec/gcc-arm-none-eabi-5_2-2015q4/bin/../lib/gcc/arm-none-eabi/5.2.1/../../../../arm-none-eabi/lib/armv7e-m/fpu/libc.a(lib_a-memset.o)
                0x0801d468                memset
 .text.startup.register_fini
                0x0801d504       0x14 /local/sdk_elec/gcc-arm-none-eabi-5_2-2015q4/bin/../lib/gcc/arm-none-eabi/5.2.1/../../../../arm-none-eabi/lib/armv7e-m/fpu/libc.a(lib_a-__call_atexit.o)
 .text.atexit   0x0801d518        0xc /local/sdk_elec/gcc-arm-none-eabi-5_2-2015q4/bin/../lib/gcc/arm-none-eabi/5.2.1/../../../../arm-none-eabi/lib/armv7e-m/fpu/libc.a(lib_a-atexit.o)
                0x0801d518                atexit
 .text.__libc_fini_array
                0x0801d524       0x28 /local/sdk_elec/gcc-arm-none-eabi-5_2-2015q4/bin/../lib/gcc/arm-none-eabi/5.2.1/../../../../arm-none-eabi/lib/armv7e-m/fpu/libc.a(lib_a-fini.o)
                0x0801d524                __libc_fini_array
 .text.__register_exitproc
                0x0801d54c       0xa4 /local/sdk_elec/gcc-arm-none-eabi-5_2-2015q4/bin/../lib/gcc/arm-none-eabi/5.2.1/../../../../arm-none-eabi/lib/armv7e-m/fpu/libc.a(lib_a-__atexit.o)
                0x0801d54c                __register_exitproc
 .text.Reset_Handler
                0x0801d5f0       0x50 /tmp/ccicQJLJ.o
                0x0801d5f0                Reset_Handler
 .text.Default_Handler
                0x0801d640        0x2 /tmp/ccicQJLJ.o
                0x0801d640                RTC_Alarm_IRQHandler
                0x0801d640                EXTI2_IRQHandler
                0x0801d640                SPI4_IRQHandler
                0x0801d640                TIM1_CC_IRQHandler
                0x0801d640                DMA2_Stream5_IRQHandler
                0x0801d640                DMA1_Stream5_IRQHandler
                0x0801d640                PVD_IRQHandler
                0x0801d640                SDIO_IRQHandler
                0x0801d640                TAMP_STAMP_IRQHandler
                0x0801d640                EXTI3_IRQHandler
                0x0801d640                TIM1_UP_TIM10_IRQHandler
                0x0801d640                I2C3_ER_IRQHandler
                0x0801d640                I2C2_EV_IRQHandler
                0x0801d640                DMA1_Stream2_IRQHandler
                0x0801d640                FPU_IRQHandler
                0x0801d640                DMA2_Stream2_IRQHandler
                0x0801d640                SPI1_IRQHandler
                0x0801d640                TIM1_BRK_TIM9_IRQHandler
                0x0801d640                DMA2_Stream3_IRQHandler
                0x0801d640                DMA2_Stream0_IRQHandler
                0x0801d640                TIM4_IRQHandler
                0x0801d640                DMA1_Stream6_IRQHandler
                0x0801d640                DMA1_Stream1_IRQHandler
                0x0801d640                TIM3_IRQHandler
                0x0801d640                RCC_IRQHandler
                0x0801d640                Default_Handler
                0x0801d640                ADC_IRQHandler
                0x0801d640                DMA1_Stream7_IRQHandler
                0x0801d640                SPI5_IRQHandler
                0x0801d640                DMA2_Stream7_IRQHandler
                0x0801d640                I2C3_EV_IRQHandler
                0x0801d640                EXTI9_5_IRQHandler
                0x0801d640                RTC_WKUP_IRQHandler
                0x0801d640                SPI2_IRQHandler
                0x0801d640                DMA1_Stream0_IRQHandler
                0x0801d640                EXTI4_IRQHandler
                0x0801d640                WWDG_IRQHandler
                0x0801d640                TIM2_IRQHandler
                0x0801d640                OTG_FS_WKUP_IRQHandler
                0x0801d640                TIM1_TRG_COM_TIM11_IRQHandler
                0x0801d640                I2C2_ER_IRQHandler
                0x0801d640                DMA2_Stream1_IRQHandler
                0x0801d640                FLASH_IRQHandler
                0x0801d640                DMA2_Stream4_IRQHandler
                0x0801d640                USART1_IRQHandler
                0x0801d640                SPI3_IRQHandler
                0x0801d640                DMA1_Stream4_IRQHandler
                0x0801d640                DMA2_Stream6_IRQHandler
                0x0801d640                DMA1_Stream3_IRQHandler
 *fill*         0x0801d642        0x2 
 .text.malloc   0x0801d644       0x10 /local/sdk_elec/gcc-arm-none-eabi-5_2-2015q4/bin/../lib/gcc/arm-none-eabi/5.2.1/../../../../arm-none-eabi/lib/armv7e-m/fpu/libg.a(lib_a-malloc.o)
                0x0801d644                malloc
 .text._malloc_r
                0x0801d654      0x570 /local/sdk_elec/gcc-arm-none-eabi-5_2-2015q4/bin/../lib/gcc/arm-none-eabi/5.2.1/../../../../arm-none-eabi/lib/armv7e-m/fpu/libg.a(lib_a-mallocr.o)
                0x0801d654                _malloc_r
 .text.__malloc_lock
                0x0801dbc4        0x4 /local/sdk_elec/gcc-arm-none-eabi-5_2-2015q4/bin/../lib/gcc/arm-none-eabi/5.2.1/../../../../arm-none-eabi/lib/armv7e-m/fpu/libg.a(lib_a-mlock.o)
                0x0801dbc4                __malloc_lock
 .text.__malloc_unlock
                0x0801dbc8        0x4 /local/sdk_elec/gcc-arm-none-eabi-5_2-2015q4/bin/../lib/gcc/arm-none-eabi/5.2.1/../../../../arm-none-eabi/lib/armv7e-m/fpu/libg.a(lib_a-mlock.o)
                0x0801dbc8                __malloc_unlock
 .text._sbrk_r  0x0801dbcc       0x24 /local/sdk_elec/gcc-arm-none-eabi-5_2-2015q4/bin/../lib/gcc/arm-none-eabi/5.2.1/../../../../arm-none-eabi/lib/armv7e-m/fpu/libg.a(lib_a-sbrkr.o)
                0x0801dbcc                _sbrk_r
 .text._malloc_trim_r
                0x0801dbf0       0x9c /local/sdk_elec/gcc-arm-none-eabi-5_2-2015q4/bin/../lib/gcc/arm-none-eabi/5.2.1/../../../../arm-none-eabi/lib/armv7e-m/fpu/libg.a(lib_a-freer.o)
                0x0801dbf0                _malloc_trim_r
 .text._free_r  0x0801dc8c      0x1d0 /local/sdk_elec/gcc-arm-none-eabi-5_2-2015q4/bin/../lib/gcc/arm-none-eabi/5.2.1/../../../../arm-none-eabi/lib/armv7e-m/fpu/libg.a(lib_a-freer.o)
                0x0801dc8c                _free_r
 *(.glue_7)
 .glue_7        0x0801de5c        0x0 linker stubs
 *(.glue_7t)
 .glue_7t       0x0801de5c        0x0 linker stubs
 *(.eh_frame)
 .eh_frame      0x0801de5c        0x0 /local/sdk_elec/gcc-arm-none-eabi-5_2-2015q4/bin/../lib/gcc/arm-none-eabi/5.2.1/armv7e-m/fpu/crtbegin.o
 *(.init)
 .init          0x0801de5c        0x4 /local/sdk_elec/gcc-arm-none-eabi-5_2-2015q4/bin/../lib/gcc/arm-none-eabi/5.2.1/armv7e-m/fpu/crti.o
                0x0801de5c                _init
 .init          0x0801de60        0x8 /local/sdk_elec/gcc-arm-none-eabi-5_2-2015q4/bin/../lib/gcc/arm-none-eabi/5.2.1/armv7e-m/fpu/crtn.o
 *(.fini)
 .fini          0x0801de68        0x4 /local/sdk_elec/gcc-arm-none-eabi-5_2-2015q4/bin/../lib/gcc/arm-none-eabi/5.2.1/armv7e-m/fpu/crti.o
                0x0801de68                _fini
 .fini          0x0801de6c        0x8 /local/sdk_elec/gcc-arm-none-eabi-5_2-2015q4/bin/../lib/gcc/arm-none-eabi/5.2.1/armv7e-m/fpu/crtn.o
                0x0801de74                . = ALIGN (0x4)
                0x0801de74                _etext = .

.vfp11_veneer   0x0801de74        0x0
 .vfp11_veneer  0x0801de74        0x0 linker stubs

.v4_bx          0x0801de74        0x0
 .v4_bx         0x0801de74        0x0 linker stubs

.iplt           0x0801de74        0x0
 .iplt          0x0801de74        0x0 /local/sdk_elec/gcc-arm-none-eabi-5_2-2015q4/bin/../lib/gcc/arm-none-eabi/5.2.1/armv7e-m/fpu/crtbegin.o

.rodata         0x0801de74      0x184
                0x0801de74                . = ALIGN (0x4)
 *(.rodata)
 .rodata        0x0801de74       0x10 /tmp/ccerAxJ5.o
                0x0801de74                APBAHBPrescTable
 .rodata        0x0801de84       0xb1 /tmp/ccjzOBTZ.o
 *fill*         0x0801df35        0x3 
 .rodata        0x0801df38       0x6d /tmp/ccGNhuCB.o
 *fill*         0x0801dfa5        0x3 
 .rodata        0x0801dfa8       0x3f /tmp/cceByvlV.o
 *fill*         0x0801dfe7        0x1 
 .rodata        0x0801dfe8        0x5 /tmp/ccwNxONV.o
 *(.rodata*)
 *fill*         0x0801dfed        0x3 
 .rodata.str1.4
                0x0801dff0        0x4 /local/sdk_elec/gcc-arm-none-eabi-5_2-2015q4/bin/../lib/gcc/arm-none-eabi/5.2.1/../../../../arm-none-eabi/lib/armv7e-m/fpu/libc.a(lib_a-impure.o)
                                  0x2 (size before relaxing)
 .rodata._global_impure_ptr
                0x0801dff4        0x4 /local/sdk_elec/gcc-arm-none-eabi-5_2-2015q4/bin/../lib/gcc/arm-none-eabi/5.2.1/../../../../arm-none-eabi/lib/armv7e-m/fpu/libc.a(lib_a-impure.o)
                0x0801dff4                _global_impure_ptr
                0x0801dff8                . = ALIGN (0x4)

.rel.dyn        0x0801dff8        0x0
 .rel.iplt      0x0801dff8        0x0 /local/sdk_elec/gcc-arm-none-eabi-5_2-2015q4/bin/../lib/gcc/arm-none-eabi/5.2.1/armv7e-m/fpu/crtbegin.o

.ARM.extab
 *(.ARM.extab* .gnu.linkonce.armextab.*)

.ARM            0x0801dff8        0x0
                0x0801dff8                __exidx_start = .
 *(.ARM.exidx*)
                0x0801dff8                __exidx_end = .

.preinit_array  0x0801dff8        0x0
                0x0801dff8                PROVIDE (__preinit_array_start, .)
 *(.preinit_array*)
                0x0801dff8                PROVIDE (__preinit_array_end, .)

.init_array     0x0801dff8        0x8
                0x0801dff8                PROVIDE (__init_array_start, .)
 *(SORT(.init_array.*))
 .init_array.00000
                0x0801dff8        0x4 /local/sdk_elec/gcc-arm-none-eabi-5_2-2015q4/bin/../lib/gcc/arm-none-eabi/5.2.1/../../../../arm-none-eabi/lib/armv7e-m/fpu/libc.a(lib_a-__call_atexit.o)
 *(.init_array*)
 .init_array    0x0801dffc        0x4 /local/sdk_elec/gcc-arm-none-eabi-5_2-2015q4/bin/../lib/gcc/arm-none-eabi/5.2.1/armv7e-m/fpu/crtbegin.o
                0x0801e000                PROVIDE (__init_array_end, .)

.fini_array     0x0801e000        0x4
                0x0801e000                PROVIDE (__fini_array_start, .)
 *(SORT(.fini_array.*))
 *(.fini_array*)
 .fini_array    0x0801e000        0x4 /local/sdk_elec/gcc-arm-none-eabi-5_2-2015q4/bin/../lib/gcc/arm-none-eabi/5.2.1/armv7e-m/fpu/crtbegin.o
                0x0801e004                PROVIDE (__fini_array_end, .)
                0x0801e004                _sidata = LOADADDR (.data)

.data           0x20000000      0x89c load address 0x0801e004
                0x20000000                . = ALIGN (0x4)
                0x20000000                _sdata = .
 *(.data)
 .data          0x20000000       0x28 /tmp/ccjzOBTZ.o
                0x20000000                cam_status
                0x20000004                cam_cmd_x
                0x20000008                cam_cmd_y
                0x2000000c                speed_motor_cmd
                0x20000010                Kp_L
                0x20000014                Ki_L
                0x20000018                Kp_R
                0x2000001c                Ki_R
                0x20000020                Te
 .data          0x20000028       0x14 /tmp/ccU7GyYm.o
                0x20000028                SystemCoreClock
                0x2000002c                AHBPrescTable
 .data          0x2000003c       0x11 /tmp/ccEslhlW.o
 *fill*         0x2000004d        0x3 
 .data          0x20000050        0x8 /tmp/ccks39I2.o
 .data          0x20000058        0x4 /tmp/ccwNxONV.o
 .data          0x2000005c        0x4 /tmp/ccXNrQt1.o
 *(.data*)
 .data.impure_data
                0x20000060      0x428 /local/sdk_elec/gcc-arm-none-eabi-5_2-2015q4/bin/../lib/gcc/arm-none-eabi/5.2.1/../../../../arm-none-eabi/lib/armv7e-m/fpu/libc.a(lib_a-impure.o)
 .data._impure_ptr
                0x20000488        0x4 /local/sdk_elec/gcc-arm-none-eabi-5_2-2015q4/bin/../lib/gcc/arm-none-eabi/5.2.1/../../../../arm-none-eabi/lib/armv7e-m/fpu/libc.a(lib_a-impure.o)
                0x20000488                _impure_ptr
 .data.__malloc_av_
                0x2000048c      0x408 /local/sdk_elec/gcc-arm-none-eabi-5_2-2015q4/bin/../lib/gcc/arm-none-eabi/5.2.1/../../../../arm-none-eabi/lib/armv7e-m/fpu/libg.a(lib_a-mallocr.o)
                0x2000048c                __malloc_av_
 .data.__malloc_trim_threshold
                0x20000894        0x4 /local/sdk_elec/gcc-arm-none-eabi-5_2-2015q4/bin/../lib/gcc/arm-none-eabi/5.2.1/../../../../arm-none-eabi/lib/armv7e-m/fpu/libg.a(lib_a-mallocr.o)
                0x20000894                __malloc_trim_threshold
 .data.__malloc_sbrk_base
                0x20000898        0x4 /local/sdk_elec/gcc-arm-none-eabi-5_2-2015q4/bin/../lib/gcc/arm-none-eabi/5.2.1/../../../../arm-none-eabi/lib/armv7e-m/fpu/libg.a(lib_a-mallocr.o)
                0x20000898                __malloc_sbrk_base
                0x2000089c                . = ALIGN (0x4)
                0x2000089c                _edata = .

.jcr            0x2000089c        0x0 load address 0x0801e8a0
 .jcr           0x2000089c        0x0 /local/sdk_elec/gcc-arm-none-eabi-5_2-2015q4/bin/../lib/gcc/arm-none-eabi/5.2.1/armv7e-m/fpu/crtbegin.o

.tm_clone_table
                0x2000089c        0x0 load address 0x0801e8a0
 .tm_clone_table
                0x2000089c        0x0 /local/sdk_elec/gcc-arm-none-eabi-5_2-2015q4/bin/../lib/gcc/arm-none-eabi/5.2.1/armv7e-m/fpu/crtbegin.o
 .tm_clone_table
                0x2000089c        0x0 /local/sdk_elec/gcc-arm-none-eabi-5_2-2015q4/bin/../lib/gcc/arm-none-eabi/5.2.1/armv7e-m/fpu/crtend.o

.igot.plt       0x2000089c        0x0 load address 0x0801e8a0
 .igot.plt      0x2000089c        0x0 /local/sdk_elec/gcc-arm-none-eabi-5_2-2015q4/bin/../lib/gcc/arm-none-eabi/5.2.1/armv7e-m/fpu/crtbegin.o
                0x2000089c                . = ALIGN (0x4)

.bss            0x2000089c     0x65e8 load address 0x0801e8a0
                0x2000089c                _sbss = .
                0x2000089c                __bss_start__ = _sbss
 *(.bss)
 .bss           0x2000089c       0x1c /local/sdk_elec/gcc-arm-none-eabi-5_2-2015q4/bin/../lib/gcc/arm-none-eabi/5.2.1/armv7e-m/fpu/crtbegin.o
 .bss           0x200008b8        0x4 /tmp/cc6ndUXH.o
 .bss           0x200008bc       0x60 /tmp/ccjzOBTZ.o
                0x200008bc                xSemaphore
                0x200008c0                semA
                0x200008c4                semB
                0x200008c8                mutex
                0x200008cc                qh
                0x200008d0                qh2
                0x200008d4                dist_AR_L_test
                0x200008d8                dist_AR_R_test
                0x200008dc                current_dirrection
                0x200008e0                current_mode
                0x200008e4                speedMotorR
                0x200008e8                speedMotorL
                0x200008ec                erreurL
                0x200008f0                erreurR
                0x200008f4                motor_left_cmd
                0x200008f8                motor_right_cmd
                0x200008fc                test_index
                0x20000900                led
 .bss           0x2000091c        0x4 /tmp/ccFlt3dq.o
 .bss           0x20000920       0x58 /tmp/cc4LNh4c.o
 .bss           0x20000978       0x1e /tmp/ccOhbNYy.o
                0x20000978                indexL
 *fill*         0x20000996        0x2 
 .bss           0x20000998       0x58 /tmp/ccks39I2.o
 .bss           0x200009f0       0x50 /tmp/ccGNhuCB.o
 .bss           0x20000a40        0x6 /tmp/ccWpBMpC.o
                0x20000a40                rec_buf2
                0x20000a44                rec_buf6
 *fill*         0x20000a46        0x2 
 .bss           0x20000a48      0x124 /tmp/ccwNxONV.o
                0x20000a48                pxCurrentTCB
 .bss           0x20000b6c        0x8 /tmp/ccXNrQt1.o
 .bss           0x20000b74     0x5008 /tmp/ccUa5rX8.o
 *(.bss*)
 .bss.__malloc_max_total_mem
                0x20005b7c        0x4 /local/sdk_elec/gcc-arm-none-eabi-5_2-2015q4/bin/../lib/gcc/arm-none-eabi/5.2.1/../../../../arm-none-eabi/lib/armv7e-m/fpu/libg.a(lib_a-mallocr.o)
                0x20005b7c                __malloc_max_total_mem
 .bss.__malloc_max_sbrked_mem
                0x20005b80        0x4 /local/sdk_elec/gcc-arm-none-eabi-5_2-2015q4/bin/../lib/gcc/arm-none-eabi/5.2.1/../../../../arm-none-eabi/lib/armv7e-m/fpu/libg.a(lib_a-mallocr.o)
                0x20005b80                __malloc_max_sbrked_mem
 .bss.__malloc_top_pad
                0x20005b84        0x4 /local/sdk_elec/gcc-arm-none-eabi-5_2-2015q4/bin/../lib/gcc/arm-none-eabi/5.2.1/../../../../arm-none-eabi/lib/armv7e-m/fpu/libg.a(lib_a-mallocr.o)
                0x20005b84                __malloc_top_pad
 .bss.__malloc_current_mallinfo
                0x20005b88       0x28 /local/sdk_elec/gcc-arm-none-eabi-5_2-2015q4/bin/../lib/gcc/arm-none-eabi/5.2.1/../../../../arm-none-eabi/lib/armv7e-m/fpu/libg.a(lib_a-mallocr.o)
                0x20005b88                __malloc_current_mallinfo
 *(COMMON)
 COMMON         0x20005bb0     0x102c /tmp/ccjzOBTZ.o
                0x20005bb0                Uart6Handle
                0x20005bf0                Uart2Handle
                0x20005c30                dist_IR
                0x20005c38                consigne
                0x20005c3c                test_cmd
 COMMON         0x20006bdc       0x3c /tmp/ccwCaJBA.o
                0x20006bdc                TimHandle_period
 COMMON         0x20006c18       0xdc /tmp/ccYacSPI.o
                0x20006c18                adcHandle_12
                0x20006c5c                adcHandle
                0x20006ca0                sConfig
                0x20006cb0                adcHandle_13
 COMMON         0x20006cf4       0x78 /tmp/ccOhbNYy.o
                0x20006cf4                TimEncoderHandleRight
                0x20006d30                TimEncoderHandleLeft
 COMMON         0x20006d6c       0x3c /tmp/ccQ0SthK.o
                0x20006d6c                hi2c1
 COMMON         0x20006da8       0x40 /tmp/ccWpBMpC.o
                0x20006da8                string
 COMMON         0x20006de8       0x58 /tmp/ccAew57z.o
                0x20006de8                SpiHandle
 COMMON         0x20006e40       0x40 /tmp/ccnMQlnP.o
                0x20006e40                xQueueRegistry
 COMMON         0x20006e80        0x4 /local/sdk_elec/gcc-arm-none-eabi-5_2-2015q4/bin/../lib/gcc/arm-none-eabi/5.2.1/../../../../arm-none-eabi/lib/armv7e-m/fpu/libg.a(lib_a-reent.o)
                0x20006e80                errno
                0x20006e84                . = ALIGN (0x4)
                0x20006e84                _ebss = .
                0x20006e84                __bss_end__ = _ebss

._user_heap_stack
                0x20006e84      0x400 load address 0x0801e8a0
                0x20006e84                . = ALIGN (0x4)
                [!provide]                PROVIDE (end, .)
                [!provide]                PROVIDE (_end, .)
                0x20007084                . = (. + _Min_Heap_Size)
 *fill*         0x20006e84      0x200 
                0x20007284                . = (. + _Min_Stack_Size)
 *fill*         0x20007084      0x200 
                0x20007284                . = ALIGN (0x4)

/DISCARD/
 libc.a(*)
 libm.a(*)
 libgcc.a(*)

.ARM.attributes
                0x00000000       0x30
 *(.ARM.attributes)
 .ARM.attributes
                0x00000000       0x22 /local/sdk_elec/gcc-arm-none-eabi-5_2-2015q4/bin/../lib/gcc/arm-none-eabi/5.2.1/armv7e-m/fpu/crti.o
 .ARM.attributes
                0x00000022       0x34 /local/sdk_elec/gcc-arm-none-eabi-5_2-2015q4/bin/../lib/gcc/arm-none-eabi/5.2.1/armv7e-m/fpu/crtbegin.o
 .ARM.attributes
                0x00000056       0x34 /local/sdk_elec/gcc-arm-none-eabi-5_2-2015q4/bin/../lib/gcc/arm-none-eabi/5.2.1/../../../../arm-none-eabi/lib/armv7e-m/fpu/libc.a(lib_a-impure.o)
 .ARM.attributes
                0x0000008a       0x34 /local/sdk_elec/gcc-arm-none-eabi-5_2-2015q4/bin/../lib/gcc/arm-none-eabi/5.2.1/../../../../arm-none-eabi/lib/armv7e-m/fpu/libc.a(lib_a-init.o)
 .ARM.attributes
                0x000000be       0x34 /local/sdk_elec/gcc-arm-none-eabi-5_2-2015q4/bin/../lib/gcc/arm-none-eabi/5.2.1/../../../../arm-none-eabi/lib/armv7e-m/fpu/libc.a(lib_a-memset.o)
 .ARM.attributes
                0x000000f2       0x34 /local/sdk_elec/gcc-arm-none-eabi-5_2-2015q4/bin/../lib/gcc/arm-none-eabi/5.2.1/../../../../arm-none-eabi/lib/armv7e-m/fpu/libc.a(lib_a-__call_atexit.o)
 .ARM.attributes
                0x00000126       0x34 /local/sdk_elec/gcc-arm-none-eabi-5_2-2015q4/bin/../lib/gcc/arm-none-eabi/5.2.1/../../../../arm-none-eabi/lib/armv7e-m/fpu/libc.a(lib_a-atexit.o)
 .ARM.attributes
                0x0000015a       0x34 /local/sdk_elec/gcc-arm-none-eabi-5_2-2015q4/bin/../lib/gcc/arm-none-eabi/5.2.1/../../../../arm-none-eabi/lib/armv7e-m/fpu/libc.a(lib_a-fini.o)
 .ARM.attributes
                0x0000018e       0x34 /local/sdk_elec/gcc-arm-none-eabi-5_2-2015q4/bin/../lib/gcc/arm-none-eabi/5.2.1/../../../../arm-none-eabi/lib/armv7e-m/fpu/libc.a(lib_a-__atexit.o)
 .ARM.attributes
                0x000001c2       0x39 /tmp/cc6ndUXH.o
 .ARM.attributes
                0x000001fb       0x39 /tmp/ccerAxJ5.o
 .ARM.attributes
                0x00000234       0x39 /tmp/ccC0BXYz.o
 .ARM.attributes
                0x0000026d       0x39 /tmp/ccGJzMe8.o
 .ARM.attributes
                0x000002a6       0x39 /tmp/ccWYNpkd.o
 .ARM.attributes
                0x000002df       0x39 /tmp/ccCaATIb.o
 .ARM.attributes
                0x00000318       0x39 /tmp/ccZDeJAg.o
 .ARM.attributes
                0x00000351       0x39 /tmp/ccsqLiuu.o
 .ARM.attributes
                0x0000038a       0x39 /tmp/ccdq2MrL.o
 .ARM.attributes
                0x000003c3       0x39 /tmp/cc88lIj8.o
 .ARM.attributes
                0x000003fc       0x39 /tmp/cc1ySKzC.o
 .ARM.attributes
                0x00000435       0x39 /tmp/cc2WrIFf.o
 .ARM.attributes
                0x0000046e       0x39 /tmp/ccjzOBTZ.o
 .ARM.attributes
                0x000004a7       0x21 /tmp/ccicQJLJ.o
 .ARM.attributes
                0x000004c8       0x39 /tmp/ccIcQnjq.o
 .ARM.attributes
                0x00000501       0x39 /tmp/ccLpJ2In.o
 .ARM.attributes
                0x0000053a       0x39 /tmp/ccU7GyYm.o
 .ARM.attributes
                0x00000573       0x39 /tmp/ccFlt3dq.o
 .ARM.attributes
                0x000005ac       0x39 /tmp/ccmr2QLw.o
 .ARM.attributes
                0x000005e5       0x39 /tmp/ccwCaJBA.o
 .ARM.attributes
                0x0000061e       0x39 /tmp/ccYacSPI.o
 .ARM.attributes
                0x00000657       0x39 /tmp/ccEslhlW.o
 .ARM.attributes
                0x00000690       0x39 /tmp/cc4LNh4c.o
 .ARM.attributes
                0x000006c9       0x39 /tmp/ccOhbNYy.o
 .ARM.attributes
                0x00000702       0x39 /tmp/ccks39I2.o
 .ARM.attributes
                0x0000073b       0x39 /tmp/ccGNhuCB.o
 .ARM.attributes
                0x00000774       0x39 /tmp/ccaFm6Se.o
 .ARM.attributes
                0x000007ad       0x39 /tmp/cceByvlV.o
 .ARM.attributes
                0x000007e6       0x39 /tmp/ccQ0SthK.o
 .ARM.attributes
                0x0000081f       0x39 /tmp/ccWpBMpC.o
 .ARM.attributes
                0x00000858       0x39 /tmp/ccAew57z.o
 .ARM.attributes
                0x00000891       0x39 /tmp/ccSZUvnC.o
 .ARM.attributes
                0x000008ca       0x39 /tmp/ccgOufLN.o
 .ARM.attributes
                0x00000903       0x39 /tmp/ccnMQlnP.o
 .ARM.attributes
                0x0000093c       0x39 /tmp/ccwNxONV.o
 .ARM.attributes
                0x00000975       0x39 /tmp/ccXNrQt1.o
 .ARM.attributes
                0x000009ae       0x39 /tmp/ccUa5rX8.o
 .ARM.attributes
                0x000009e7       0x22 /local/sdk_elec/gcc-arm-none-eabi-5_2-2015q4/bin/../lib/gcc/arm-none-eabi/5.2.1/armv7e-m/fpu/libgcc.a(_arm_addsubdf3.o)
 .ARM.attributes
                0x00000a09       0x22 /local/sdk_elec/gcc-arm-none-eabi-5_2-2015q4/bin/../lib/gcc/arm-none-eabi/5.2.1/armv7e-m/fpu/libgcc.a(_arm_muldivdf3.o)
 .ARM.attributes
                0x00000a2b       0x22 /local/sdk_elec/gcc-arm-none-eabi-5_2-2015q4/bin/../lib/gcc/arm-none-eabi/5.2.1/armv7e-m/fpu/libgcc.a(_arm_truncdfsf2.o)
 .ARM.attributes
                0x00000a4d       0x34 /local/sdk_elec/gcc-arm-none-eabi-5_2-2015q4/bin/../lib/gcc/arm-none-eabi/5.2.1/../../../../arm-none-eabi/lib/armv7e-m/fpu/libg.a(lib_a-malloc.o)
 .ARM.attributes
                0x00000a81       0x34 /local/sdk_elec/gcc-arm-none-eabi-5_2-2015q4/bin/../lib/gcc/arm-none-eabi/5.2.1/../../../../arm-none-eabi/lib/armv7e-m/fpu/libg.a(lib_a-mallocr.o)
 .ARM.attributes
                0x00000ab5       0x20 /local/sdk_elec/gcc-arm-none-eabi-5_2-2015q4/bin/../lib/gcc/arm-none-eabi/5.2.1/../../../../arm-none-eabi/lib/armv7e-m/fpu/libg.a(lib_a-memcpy.o)
 .ARM.attributes
                0x00000ad5       0x34 /local/sdk_elec/gcc-arm-none-eabi-5_2-2015q4/bin/../lib/gcc/arm-none-eabi/5.2.1/../../../../arm-none-eabi/lib/armv7e-m/fpu/libg.a(lib_a-mlock.o)
 .ARM.attributes
                0x00000b09       0x34 /local/sdk_elec/gcc-arm-none-eabi-5_2-2015q4/bin/../lib/gcc/arm-none-eabi/5.2.1/../../../../arm-none-eabi/lib/armv7e-m/fpu/libg.a(lib_a-reent.o)
 .ARM.attributes
                0x00000b3d       0x34 /local/sdk_elec/gcc-arm-none-eabi-5_2-2015q4/bin/../lib/gcc/arm-none-eabi/5.2.1/../../../../arm-none-eabi/lib/armv7e-m/fpu/libg.a(lib_a-sbrkr.o)
 .ARM.attributes
                0x00000b71       0x34 /local/sdk_elec/gcc-arm-none-eabi-5_2-2015q4/bin/../lib/gcc/arm-none-eabi/5.2.1/../../../../arm-none-eabi/lib/armv7e-m/fpu/libg.a(lib_a-freer.o)
 .ARM.attributes
                0x00000ba5       0x34 /local/sdk_elec/gcc-arm-none-eabi-5_2-2015q4/bin/../lib/gcc/arm-none-eabi/5.2.1/armv7e-m/fpu/crtend.o
 .ARM.attributes
                0x00000bd9       0x22 /local/sdk_elec/gcc-arm-none-eabi-5_2-2015q4/bin/../lib/gcc/arm-none-eabi/5.2.1/armv7e-m/fpu/crtn.o
OUTPUT(template.elf elf32-littlearm)

.debug_frame    0x00000000     0x60c8
 .debug_frame   0x00000000       0x2c /local/sdk_elec/gcc-arm-none-eabi-5_2-2015q4/bin/../lib/gcc/arm-none-eabi/5.2.1/../../../../arm-none-eabi/lib/armv7e-m/fpu/libc.a(lib_a-init.o)
 .debug_frame   0x0000002c       0x34 /local/sdk_elec/gcc-arm-none-eabi-5_2-2015q4/bin/../lib/gcc/arm-none-eabi/5.2.1/../../../../arm-none-eabi/lib/armv7e-m/fpu/libc.a(lib_a-memset.o)
 .debug_frame   0x00000060       0x50 /local/sdk_elec/gcc-arm-none-eabi-5_2-2015q4/bin/../lib/gcc/arm-none-eabi/5.2.1/../../../../arm-none-eabi/lib/armv7e-m/fpu/libc.a(lib_a-__call_atexit.o)
 .debug_frame   0x000000b0       0x20 /local/sdk_elec/gcc-arm-none-eabi-5_2-2015q4/bin/../lib/gcc/arm-none-eabi/5.2.1/../../../../arm-none-eabi/lib/armv7e-m/fpu/libc.a(lib_a-atexit.o)
 .debug_frame   0x000000d0       0x34 /local/sdk_elec/gcc-arm-none-eabi-5_2-2015q4/bin/../lib/gcc/arm-none-eabi/5.2.1/../../../../arm-none-eabi/lib/armv7e-m/fpu/libc.a(lib_a-fini.o)
 .debug_frame   0x00000104       0x34 /local/sdk_elec/gcc-arm-none-eabi-5_2-2015q4/bin/../lib/gcc/arm-none-eabi/5.2.1/../../../../arm-none-eabi/lib/armv7e-m/fpu/libc.a(lib_a-__atexit.o)
 .debug_frame   0x00000138      0x2c0 /tmp/cc6ndUXH.o
 .debug_frame   0x000003f8      0x204 /tmp/ccerAxJ5.o
 .debug_frame   0x000005fc      0x14c /tmp/ccC0BXYz.o
 .debug_frame   0x00000748      0x428 /tmp/ccGJzMe8.o
 .debug_frame   0x00000b70      0x5e0 /tmp/ccWYNpkd.o
 .debug_frame   0x00001150      0x194 /tmp/ccCaATIb.o
 .debug_frame   0x000012e4      0xfb4 /tmp/ccZDeJAg.o
 .debug_frame   0x00002298      0x574 /tmp/ccsqLiuu.o
 .debug_frame   0x0000280c      0x400 /tmp/ccdq2MrL.o
 .debug_frame   0x00002c0c      0x254 /tmp/cc88lIj8.o
 .debug_frame   0x00002e60      0x5d4 /tmp/cc1ySKzC.o
 .debug_frame   0x00003434      0x8a4 /tmp/cc2WrIFf.o
 .debug_frame   0x00003cd8      0x15c /tmp/ccjzOBTZ.o
 .debug_frame   0x00003e34      0x218 /tmp/ccIcQnjq.o
 .debug_frame   0x0000404c      0x1cc /tmp/ccLpJ2In.o
 .debug_frame   0x00004218       0x58 /tmp/ccU7GyYm.o
 .debug_frame   0x00004270      0x318 /tmp/ccFlt3dq.o
 .debug_frame   0x00004588       0x34 /tmp/ccmr2QLw.o
 .debug_frame   0x000045bc       0x58 /tmp/ccwCaJBA.o
 .debug_frame   0x00004614       0x54 /tmp/ccYacSPI.o
 .debug_frame   0x00004668      0x14c /tmp/ccEslhlW.o
 .debug_frame   0x000047b4       0x84 /tmp/cc4LNh4c.o
 .debug_frame   0x00004838      0x194 /tmp/ccOhbNYy.o
 .debug_frame   0x000049cc       0xc4 /tmp/ccks39I2.o
 .debug_frame   0x00004a90      0x148 /tmp/ccGNhuCB.o
 .debug_frame   0x00004bd8       0x58 /tmp/ccaFm6Se.o
 .debug_frame   0x00004c30       0xec /tmp/cceByvlV.o
 .debug_frame   0x00004d1c      0x200 /tmp/ccQ0SthK.o
 .debug_frame   0x00004f1c      0x21c /tmp/ccWpBMpC.o
 .debug_frame   0x00005138       0x50 /tmp/ccAew57z.o
 .debug_frame   0x00005188       0x34 /tmp/ccSZUvnC.o
 .debug_frame   0x000051bc       0xd8 /tmp/ccgOufLN.o
 .debug_frame   0x00005294      0x3f8 /tmp/ccnMQlnP.o
 .debug_frame   0x0000568c      0x648 /tmp/ccwNxONV.o
 .debug_frame   0x00005cd4      0x1ac /tmp/ccXNrQt1.o
 .debug_frame   0x00005e80       0x98 /tmp/ccUa5rX8.o
 .debug_frame   0x00005f18       0x30 /local/sdk_elec/gcc-arm-none-eabi-5_2-2015q4/bin/../lib/gcc/arm-none-eabi/5.2.1/../../../../arm-none-eabi/lib/armv7e-m/fpu/libg.a(lib_a-malloc.o)
 .debug_frame   0x00005f48       0x58 /local/sdk_elec/gcc-arm-none-eabi-5_2-2015q4/bin/../lib/gcc/arm-none-eabi/5.2.1/../../../../arm-none-eabi/lib/armv7e-m/fpu/libg.a(lib_a-mallocr.o)
 .debug_frame   0x00005fa0       0x30 /local/sdk_elec/gcc-arm-none-eabi-5_2-2015q4/bin/../lib/gcc/arm-none-eabi/5.2.1/../../../../arm-none-eabi/lib/armv7e-m/fpu/libg.a(lib_a-mlock.o)
 .debug_frame   0x00005fd0       0x58 /local/sdk_elec/gcc-arm-none-eabi-5_2-2015q4/bin/../lib/gcc/arm-none-eabi/5.2.1/../../../../arm-none-eabi/lib/armv7e-m/fpu/libg.a(lib_a-reent.o)
 .debug_frame   0x00006028       0x2c /local/sdk_elec/gcc-arm-none-eabi-5_2-2015q4/bin/../lib/gcc/arm-none-eabi/5.2.1/../../../../arm-none-eabi/lib/armv7e-m/fpu/libg.a(lib_a-sbrkr.o)
 .debug_frame   0x00006054       0x74 /local/sdk_elec/gcc-arm-none-eabi-5_2-2015q4/bin/../lib/gcc/arm-none-eabi/5.2.1/../../../../arm-none-eabi/lib/armv7e-m/fpu/libg.a(lib_a-freer.o)

.debug_info     0x00000000    0x174df
 .debug_info    0x00000000      0x83f /tmp/cc6ndUXH.o
 .debug_info    0x0000083f      0xdd0 /tmp/ccerAxJ5.o
 .debug_info    0x0000160f      0x6e0 /tmp/ccC0BXYz.o
 .debug_info    0x00001cef      0xac9 /tmp/ccGJzMe8.o
 .debug_info    0x000027b8      0xed3 /tmp/ccWYNpkd.o
 .debug_info    0x0000368b      0x639 /tmp/ccCaATIb.o
 .debug_info    0x00003cc4     0x2166 /tmp/ccZDeJAg.o
 .debug_info    0x00005e2a      0xf2c /tmp/ccsqLiuu.o
 .debug_info    0x00006d56      0xc31 /tmp/ccdq2MrL.o
 .debug_info    0x00007987      0xa9f /tmp/cc88lIj8.o
 .debug_info    0x00008426      0xf46 /tmp/cc1ySKzC.o
 .debug_info    0x0000936c     0x186b /tmp/cc2WrIFf.o
 .debug_info    0x0000abd7      0xbc8 /tmp/ccjzOBTZ.o
 .debug_info    0x0000b79f       0x8e /tmp/ccicQJLJ.o
 .debug_info    0x0000b82d      0xb41 /tmp/ccIcQnjq.o
 .debug_info    0x0000c36e      0xab2 /tmp/ccLpJ2In.o
 .debug_info    0x0000ce20      0x49e /tmp/ccU7GyYm.o
 .debug_info    0x0000d2be      0x6d6 /tmp/ccFlt3dq.o
 .debug_info    0x0000d994      0x88b /tmp/ccmr2QLw.o
 .debug_info    0x0000e21f      0x8a8 /tmp/ccwCaJBA.o
 .debug_info    0x0000eac7      0x887 /tmp/ccYacSPI.o
 .debug_info    0x0000f34e      0x817 /tmp/ccEslhlW.o
 .debug_info    0x0000fb65      0x93f /tmp/cc4LNh4c.o
 .debug_info    0x000104a4      0xa3f /tmp/ccOhbNYy.o
 .debug_info    0x00010ee3      0x8d9 /tmp/ccks39I2.o
 .debug_info    0x000117bc      0x861 /tmp/ccGNhuCB.o
 .debug_info    0x0001201d      0x5ac /tmp/ccaFm6Se.o
 .debug_info    0x000125c9      0x6a6 /tmp/cceByvlV.o
 .debug_info    0x00012c6f      0xc7a /tmp/ccQ0SthK.o
 .debug_info    0x000138e9      0xa19 /tmp/ccWpBMpC.o
 .debug_info    0x00014302      0x7ef /tmp/ccAew57z.o
 .debug_info    0x00014af1      0x54c /tmp/ccSZUvnC.o
 .debug_info    0x0001503d      0x2a4 /tmp/ccgOufLN.o
 .debug_info    0x000152e1      0xb90 /tmp/ccnMQlnP.o
 .debug_info    0x00015e71     0x11af /tmp/ccwNxONV.o
 .debug_info    0x00017020      0x33c /tmp/ccXNrQt1.o
 .debug_info    0x0001735c      0x183 /tmp/ccUa5rX8.o

.debug_abbrev   0x00000000     0x3e00
 .debug_abbrev  0x00000000      0x235 /tmp/cc6ndUXH.o
 .debug_abbrev  0x00000235      0x251 /tmp/ccerAxJ5.o
 .debug_abbrev  0x00000486      0x1a3 /tmp/ccC0BXYz.o
 .debug_abbrev  0x00000629      0x2a4 /tmp/ccGJzMe8.o
 .debug_abbrev  0x000008cd      0x226 /tmp/ccWYNpkd.o
 .debug_abbrev  0x00000af3      0x19b /tmp/ccCaATIb.o
 .debug_abbrev  0x00000c8e      0x217 /tmp/ccZDeJAg.o
 .debug_abbrev  0x00000ea5      0x20e /tmp/ccsqLiuu.o
 .debug_abbrev  0x000010b3      0x1dc /tmp/ccdq2MrL.o
 .debug_abbrev  0x0000128f      0x1d7 /tmp/cc88lIj8.o
 .debug_abbrev  0x00001466      0x20c /tmp/cc1ySKzC.o
 .debug_abbrev  0x00001672      0x1fb /tmp/cc2WrIFf.o
 .debug_abbrev  0x0000186d      0x24b /tmp/ccjzOBTZ.o
 .debug_abbrev  0x00001ab8       0x12 /tmp/ccicQJLJ.o
 .debug_abbrev  0x00001aca      0x1bf /tmp/ccIcQnjq.o
 .debug_abbrev  0x00001c89      0x16c /tmp/ccLpJ2In.o
 .debug_abbrev  0x00001df5      0x101 /tmp/ccU7GyYm.o
 .debug_abbrev  0x00001ef6      0x147 /tmp/ccFlt3dq.o
 .debug_abbrev  0x0000203d      0x147 /tmp/ccmr2QLw.o
 .debug_abbrev  0x00002184      0x174 /tmp/ccwCaJBA.o
 .debug_abbrev  0x000022f8      0x14d /tmp/ccYacSPI.o
 .debug_abbrev  0x00002445      0x1c4 /tmp/ccEslhlW.o
 .debug_abbrev  0x00002609      0x18e /tmp/cc4LNh4c.o
 .debug_abbrev  0x00002797      0x1e5 /tmp/ccOhbNYy.o
 .debug_abbrev  0x0000297c      0x1a8 /tmp/ccks39I2.o
 .debug_abbrev  0x00002b24      0x214 /tmp/ccGNhuCB.o
 .debug_abbrev  0x00002d38      0x15e /tmp/ccaFm6Se.o
 .debug_abbrev  0x00002e96      0x18e /tmp/cceByvlV.o
 .debug_abbrev  0x00003024      0x195 /tmp/ccQ0SthK.o
 .debug_abbrev  0x000031b9      0x21a /tmp/ccWpBMpC.o
 .debug_abbrev  0x000033d3      0x16e /tmp/ccAew57z.o
 .debug_abbrev  0x00003541      0x133 /tmp/ccSZUvnC.o
 .debug_abbrev  0x00003674       0xbe /tmp/ccgOufLN.o
 .debug_abbrev  0x00003732      0x1ba /tmp/ccnMQlnP.o
 .debug_abbrev  0x000038ec      0x289 /tmp/ccwNxONV.o
 .debug_abbrev  0x00003b75      0x19d /tmp/ccXNrQt1.o
 .debug_abbrev  0x00003d12       0xee /tmp/ccUa5rX8.o

.debug_aranges  0x00000000      0x4a8
 .debug_aranges
                0x00000000       0x20 /tmp/cc6ndUXH.o
 .debug_aranges
                0x00000020       0x20 /tmp/ccerAxJ5.o
 .debug_aranges
                0x00000040       0x20 /tmp/ccC0BXYz.o
 .debug_aranges
                0x00000060       0x20 /tmp/ccGJzMe8.o
 .debug_aranges
                0x00000080       0x20 /tmp/ccWYNpkd.o
 .debug_aranges
                0x000000a0       0x20 /tmp/ccCaATIb.o
 .debug_aranges
                0x000000c0       0x20 /tmp/ccZDeJAg.o
 .debug_aranges
                0x000000e0       0x20 /tmp/ccsqLiuu.o
 .debug_aranges
                0x00000100       0x20 /tmp/ccdq2MrL.o
 .debug_aranges
                0x00000120       0x20 /tmp/cc88lIj8.o
 .debug_aranges
                0x00000140       0x20 /tmp/cc1ySKzC.o
 .debug_aranges
                0x00000160       0x20 /tmp/cc2WrIFf.o
 .debug_aranges
                0x00000180       0x20 /tmp/ccjzOBTZ.o
 .debug_aranges
                0x000001a0       0x28 /tmp/ccicQJLJ.o
 .debug_aranges
                0x000001c8       0x20 /tmp/ccIcQnjq.o
 .debug_aranges
                0x000001e8       0x20 /tmp/ccLpJ2In.o
 .debug_aranges
                0x00000208       0x20 /tmp/ccU7GyYm.o
 .debug_aranges
                0x00000228       0x20 /tmp/ccFlt3dq.o
 .debug_aranges
                0x00000248       0x20 /tmp/ccmr2QLw.o
 .debug_aranges
                0x00000268       0x20 /tmp/ccwCaJBA.o
 .debug_aranges
                0x00000288       0x20 /tmp/ccYacSPI.o
 .debug_aranges
                0x000002a8       0x20 /tmp/ccEslhlW.o
 .debug_aranges
                0x000002c8       0x20 /tmp/cc4LNh4c.o
 .debug_aranges
                0x000002e8       0x20 /tmp/ccOhbNYy.o
 .debug_aranges
                0x00000308       0x20 /tmp/ccks39I2.o
 .debug_aranges
                0x00000328       0x20 /tmp/ccGNhuCB.o
 .debug_aranges
                0x00000348       0x20 /tmp/ccaFm6Se.o
 .debug_aranges
                0x00000368       0x20 /tmp/cceByvlV.o
 .debug_aranges
                0x00000388       0x20 /tmp/ccQ0SthK.o
 .debug_aranges
                0x000003a8       0x20 /tmp/ccWpBMpC.o
 .debug_aranges
                0x000003c8       0x20 /tmp/ccAew57z.o
 .debug_aranges
                0x000003e8       0x20 /tmp/ccSZUvnC.o
 .debug_aranges
                0x00000408       0x20 /tmp/ccgOufLN.o
 .debug_aranges
                0x00000428       0x20 /tmp/ccnMQlnP.o
 .debug_aranges
                0x00000448       0x20 /tmp/ccwNxONV.o
 .debug_aranges
                0x00000468       0x20 /tmp/ccXNrQt1.o
 .debug_aranges
                0x00000488       0x20 /tmp/ccUa5rX8.o

.debug_line     0x00000000     0xe3b9
 .debug_line    0x00000000      0x403 /tmp/cc6ndUXH.o
 .debug_line    0x00000403      0x704 /tmp/ccerAxJ5.o
 .debug_line    0x00000b07      0x3f7 /tmp/ccC0BXYz.o
 .debug_line    0x00000efe      0x432 /tmp/ccGJzMe8.o
 .debug_line    0x00001330      0x784 /tmp/ccWYNpkd.o
 .debug_line    0x00001ab4     0x4527 /tmp/ccCaATIb.o
 .debug_line    0x00005fdb      0xd1b /tmp/ccZDeJAg.o
 .debug_line    0x00006cf6      0x6de /tmp/ccsqLiuu.o
 .debug_line    0x000073d4      0x620 /tmp/ccdq2MrL.o
 .debug_line    0x000079f4      0x5d7 /tmp/cc88lIj8.o
 .debug_line    0x00007fcb      0x8ef /tmp/cc1ySKzC.o
 .debug_line    0x000088ba      0xc96 /tmp/cc2WrIFf.o
 .debug_line    0x00009550      0x43c /tmp/ccjzOBTZ.o
 .debug_line    0x0000998c       0x7b /tmp/ccicQJLJ.o
 .debug_line    0x00009a07      0x350 /tmp/ccIcQnjq.o
 .debug_line    0x00009d57      0x34b /tmp/ccLpJ2In.o
 .debug_line    0x0000a0a2      0x249 /tmp/ccU7GyYm.o
 .debug_line    0x0000a2eb      0x1af /tmp/ccFlt3dq.o
 .debug_line    0x0000a49a      0x2e8 /tmp/ccmr2QLw.o
 .debug_line    0x0000a782      0x30c /tmp/ccwCaJBA.o
 .debug_line    0x0000aa8e      0x331 /tmp/ccYacSPI.o
 .debug_line    0x0000adbf      0x39a /tmp/ccEslhlW.o
 .debug_line    0x0000b159      0x31e /tmp/cc4LNh4c.o
 .debug_line    0x0000b477      0x349 /tmp/ccOhbNYy.o
 .debug_line    0x0000b7c0      0x325 /tmp/ccks39I2.o
 .debug_line    0x0000bae5      0x3a5 /tmp/ccGNhuCB.o
 .debug_line    0x0000be8a      0x2cd /tmp/ccaFm6Se.o
 .debug_line    0x0000c157      0x302 /tmp/cceByvlV.o
 .debug_line    0x0000c459      0x364 /tmp/ccQ0SthK.o
 .debug_line    0x0000c7bd      0x4a0 /tmp/ccWpBMpC.o
 .debug_line    0x0000cc5d      0x2e1 /tmp/ccAew57z.o
 .debug_line    0x0000cf3e      0x2cb /tmp/ccSZUvnC.o
 .debug_line    0x0000d209      0x189 /tmp/ccgOufLN.o
 .debug_line    0x0000d392      0x593 /tmp/ccnMQlnP.o
 .debug_line    0x0000d925      0x6fb /tmp/ccwNxONV.o
 .debug_line    0x0000e020      0x207 /tmp/ccXNrQt1.o
 .debug_line    0x0000e227      0x192 /tmp/ccUa5rX8.o

.debug_str      0x00000000     0x6492
 .debug_str     0x00000000      0x8e4 /tmp/cc6ndUXH.o
                                0x947 (size before relaxing)
 .debug_str     0x000008e4      0x34a /tmp/ccerAxJ5.o
                                0x6f7 (size before relaxing)
 .debug_str     0x00000c2e      0x174 /tmp/ccC0BXYz.o
                                0x52b (size before relaxing)
 .debug_str     0x00000da2      0x2ee /tmp/ccGJzMe8.o
                                0x9d0 (size before relaxing)
 .debug_str     0x00001090      0x77a /tmp/ccWYNpkd.o
                                0xa46 (size before relaxing)
 .debug_str     0x0000180a      0x159 /tmp/ccCaATIb.o
                                0x635 (size before relaxing)
 .debug_str     0x00001963      0xebb /tmp/ccZDeJAg.o
                               0x13de (size before relaxing)
 .debug_str     0x0000281e      0x53b /tmp/ccsqLiuu.o
                                0xc91 (size before relaxing)
 .debug_str     0x00002d59      0x50b /tmp/ccdq2MrL.o
                                0xa93 (size before relaxing)
 .debug_str     0x00003264      0x30a /tmp/cc88lIj8.o
                                0xad5 (size before relaxing)
 .debug_str     0x0000356e      0x4c9 /tmp/cc1ySKzC.o
                                0xa67 (size before relaxing)
 .debug_str     0x00003a37      0x72c /tmp/cc2WrIFf.o
                                0xc7f (size before relaxing)
 .debug_str     0x00004163      0x406 /tmp/ccjzOBTZ.o
                                0xa5d (size before relaxing)
 .debug_str     0x00004569      0x13a /tmp/ccIcQnjq.o
                                0xca8 (size before relaxing)
 .debug_str     0x000046a3      0x142 /tmp/ccLpJ2In.o
                                0xb04 (size before relaxing)
 .debug_str     0x000047e5       0x42 /tmp/ccU7GyYm.o
                                0x3bc (size before relaxing)
 .debug_str     0x00004827      0x24f /tmp/ccFlt3dq.o
                                0x456 (size before relaxing)
 .debug_str     0x00004a76       0x25 /tmp/ccmr2QLw.o
                                0x8cd (size before relaxing)
 .debug_str     0x00004a9b       0x2f /tmp/ccwCaJBA.o
                                0x8c0 (size before relaxing)
 .debug_str     0x00004aca       0x54 /tmp/ccYacSPI.o
                                0x982 (size before relaxing)
 .debug_str     0x00004b1e       0x8d /tmp/ccEslhlW.o
                                0x6fe (size before relaxing)
 .debug_str     0x00004bab       0x63 /tmp/cc4LNh4c.o
                                0x92c (size before relaxing)
 .debug_str     0x00004c0e      0x166 /tmp/ccOhbNYy.o
                                0xa1c (size before relaxing)
 .debug_str     0x00004d74       0x7d /tmp/ccks39I2.o
                                0x921 (size before relaxing)
 .debug_str     0x00004df1      0x168 /tmp/ccGNhuCB.o
                                0x7d3 (size before relaxing)
 .debug_str     0x00004f59       0x69 /tmp/ccaFm6Se.o
                                0x6bc (size before relaxing)
 .debug_str     0x00004fc2       0xaf /tmp/cceByvlV.o
                                0x71e (size before relaxing)
 .debug_str     0x00005071      0x15d /tmp/ccQ0SthK.o
                                0x98b (size before relaxing)
 .debug_str     0x000051ce       0xe7 /tmp/ccWpBMpC.o
                                0x76d (size before relaxing)
 .debug_str     0x000052b5       0x3c /tmp/ccAew57z.o
                                0x80f (size before relaxing)
 .debug_str     0x000052f1       0x13 /tmp/ccSZUvnC.o
                                0x686 (size before relaxing)
 .debug_str     0x00005304      0x134 /tmp/ccgOufLN.o
                                0x331 (size before relaxing)
 .debug_str     0x00005438      0x4bd /tmp/ccnMQlnP.o
                                0x7b3 (size before relaxing)
 .debug_str     0x000058f5      0x8be /tmp/ccwNxONV.o
                                0xc6b (size before relaxing)
 .debug_str     0x000061b3      0x23a /tmp/ccXNrQt1.o
                                0x48e (size before relaxing)
 .debug_str     0x000063ed       0xa5 /tmp/ccUa5rX8.o
                                0x299 (size before relaxing)

.comment        0x00000000       0x6e
 .comment       0x00000000       0x6e /tmp/cc6ndUXH.o
                                 0x6f (size before relaxing)
 .comment       0x0000006e       0x6f /tmp/ccerAxJ5.o
 .comment       0x0000006e       0x6f /tmp/ccC0BXYz.o
 .comment       0x0000006e       0x6f /tmp/ccGJzMe8.o
 .comment       0x0000006e       0x6f /tmp/ccWYNpkd.o
 .comment       0x0000006e       0x6f /tmp/ccCaATIb.o
 .comment       0x0000006e       0x6f /tmp/ccZDeJAg.o
 .comment       0x0000006e       0x6f /tmp/ccsqLiuu.o
 .comment       0x0000006e       0x6f /tmp/ccdq2MrL.o
 .comment       0x0000006e       0x6f /tmp/cc88lIj8.o
 .comment       0x0000006e       0x6f /tmp/cc1ySKzC.o
 .comment       0x0000006e       0x6f /tmp/cc2WrIFf.o
 .comment       0x0000006e       0x6f /tmp/ccjzOBTZ.o
 .comment       0x0000006e       0x6f /tmp/ccIcQnjq.o
 .comment       0x0000006e       0x6f /tmp/ccLpJ2In.o
 .comment       0x0000006e       0x6f /tmp/ccU7GyYm.o
 .comment       0x0000006e       0x6f /tmp/ccFlt3dq.o
 .comment       0x0000006e       0x6f /tmp/ccmr2QLw.o
 .comment       0x0000006e       0x6f /tmp/ccwCaJBA.o
 .comment       0x0000006e       0x6f /tmp/ccYacSPI.o
 .comment       0x0000006e       0x6f /tmp/ccEslhlW.o
 .comment       0x0000006e       0x6f /tmp/cc4LNh4c.o
 .comment       0x0000006e       0x6f /tmp/ccOhbNYy.o
 .comment       0x0000006e       0x6f /tmp/ccks39I2.o
 .comment       0x0000006e       0x6f /tmp/ccGNhuCB.o
 .comment       0x0000006e       0x6f /tmp/ccaFm6Se.o
 .comment       0x0000006e       0x6f /tmp/cceByvlV.o
 .comment       0x0000006e       0x6f /tmp/ccQ0SthK.o
 .comment       0x0000006e       0x6f /tmp/ccWpBMpC.o
 .comment       0x0000006e       0x6f /tmp/ccAew57z.o
 .comment       0x0000006e       0x6f /tmp/ccSZUvnC.o
 .comment       0x0000006e       0x6f /tmp/ccgOufLN.o
 .comment       0x0000006e       0x6f /tmp/ccnMQlnP.o
 .comment       0x0000006e       0x6f /tmp/ccwNxONV.o
 .comment       0x0000006e       0x6f /tmp/ccXNrQt1.o
 .comment       0x0000006e       0x6f /tmp/ccUa5rX8.o

.debug_ranges   0x00000000       0x20
 .debug_ranges  0x00000000       0x20 /tmp/ccicQJLJ.o
