Archive member included to satisfy reference by file (symbol)

/local/sdk_elec/gcc-arm-none-eabi-5_2-2015q4/bin/../lib/gcc/arm-none-eabi/5.2.1/../../../../arm-none-eabi/lib/armv7e-m/fpu/libc.a(lib_a-exit.o)
                              /local/sdk_elec/gcc-arm-none-eabi-5_2-2015q4/bin/../lib/gcc/arm-none-eabi/5.2.1/../../../../arm-none-eabi/lib/armv7e-m/fpu/crt0.o (exit)
/local/sdk_elec/gcc-arm-none-eabi-5_2-2015q4/bin/../lib/gcc/arm-none-eabi/5.2.1/../../../../arm-none-eabi/lib/armv7e-m/fpu/libc.a(lib_a-impure.o)
                              /local/sdk_elec/gcc-arm-none-eabi-5_2-2015q4/bin/../lib/gcc/arm-none-eabi/5.2.1/../../../../arm-none-eabi/lib/armv7e-m/fpu/libc.a(lib_a-exit.o) (_global_impure_ptr)
/local/sdk_elec/gcc-arm-none-eabi-5_2-2015q4/bin/../lib/gcc/arm-none-eabi/5.2.1/../../../../arm-none-eabi/lib/armv7e-m/fpu/libc.a(lib_a-init.o)
                              /local/sdk_elec/gcc-arm-none-eabi-5_2-2015q4/bin/../lib/gcc/arm-none-eabi/5.2.1/../../../../arm-none-eabi/lib/armv7e-m/fpu/crt0.o (__libc_init_array)
/local/sdk_elec/gcc-arm-none-eabi-5_2-2015q4/bin/../lib/gcc/arm-none-eabi/5.2.1/../../../../arm-none-eabi/lib/armv7e-m/fpu/libc.a(lib_a-memset.o)
                              /local/sdk_elec/gcc-arm-none-eabi-5_2-2015q4/bin/../lib/gcc/arm-none-eabi/5.2.1/../../../../arm-none-eabi/lib/armv7e-m/fpu/crt0.o (memset)
/local/sdk_elec/gcc-arm-none-eabi-5_2-2015q4/bin/../lib/gcc/arm-none-eabi/5.2.1/../../../../arm-none-eabi/lib/armv7e-m/fpu/libc.a(lib_a-__call_atexit.o)
                              /local/sdk_elec/gcc-arm-none-eabi-5_2-2015q4/bin/../lib/gcc/arm-none-eabi/5.2.1/../../../../arm-none-eabi/lib/armv7e-m/fpu/libc.a(lib_a-exit.o) (__call_exitprocs)
/local/sdk_elec/gcc-arm-none-eabi-5_2-2015q4/bin/../lib/gcc/arm-none-eabi/5.2.1/../../../../arm-none-eabi/lib/armv7e-m/fpu/libc.a(lib_a-atexit.o)
                              /local/sdk_elec/gcc-arm-none-eabi-5_2-2015q4/bin/../lib/gcc/arm-none-eabi/5.2.1/../../../../arm-none-eabi/lib/armv7e-m/fpu/libc.a(lib_a-__call_atexit.o) (atexit)
/local/sdk_elec/gcc-arm-none-eabi-5_2-2015q4/bin/../lib/gcc/arm-none-eabi/5.2.1/../../../../arm-none-eabi/lib/armv7e-m/fpu/libc.a(lib_a-fini.o)
                              /local/sdk_elec/gcc-arm-none-eabi-5_2-2015q4/bin/../lib/gcc/arm-none-eabi/5.2.1/../../../../arm-none-eabi/lib/armv7e-m/fpu/libc.a(lib_a-__call_atexit.o) (__libc_fini_array)
/local/sdk_elec/gcc-arm-none-eabi-5_2-2015q4/bin/../lib/gcc/arm-none-eabi/5.2.1/../../../../arm-none-eabi/lib/armv7e-m/fpu/libc.a(lib_a-__atexit.o)
                              /local/sdk_elec/gcc-arm-none-eabi-5_2-2015q4/bin/../lib/gcc/arm-none-eabi/5.2.1/../../../../arm-none-eabi/lib/armv7e-m/fpu/libc.a(lib_a-atexit.o) (__register_exitproc)
/local/sdk_elec/gcc-arm-none-eabi-5_2-2015q4/bin/../lib/gcc/arm-none-eabi/5.2.1/armv7e-m/fpu/libgcc.a(_arm_addsubdf3.o)
                              /tmp/cc9JP7Ab.o (__aeabi_f2d)
/local/sdk_elec/gcc-arm-none-eabi-5_2-2015q4/bin/../lib/gcc/arm-none-eabi/5.2.1/armv7e-m/fpu/libgcc.a(_arm_muldivdf3.o)
                              /tmp/cczIlcsO.o (__aeabi_dmul)
/local/sdk_elec/gcc-arm-none-eabi-5_2-2015q4/bin/../lib/gcc/arm-none-eabi/5.2.1/armv7e-m/fpu/libgcc.a(_arm_truncdfsf2.o)
                              /tmp/cczIlcsO.o (__aeabi_d2f)
/local/sdk_elec/gcc-arm-none-eabi-5_2-2015q4/bin/../lib/gcc/arm-none-eabi/5.2.1/../../../../arm-none-eabi/lib/armv7e-m/fpu/libg.a(lib_a-malloc.o)
                              /tmp/ccxb92bZ.o (malloc)
/local/sdk_elec/gcc-arm-none-eabi-5_2-2015q4/bin/../lib/gcc/arm-none-eabi/5.2.1/../../../../arm-none-eabi/lib/armv7e-m/fpu/libg.a(lib_a-mallocr.o)
                              /local/sdk_elec/gcc-arm-none-eabi-5_2-2015q4/bin/../lib/gcc/arm-none-eabi/5.2.1/../../../../arm-none-eabi/lib/armv7e-m/fpu/libg.a(lib_a-malloc.o) (_malloc_r)
/local/sdk_elec/gcc-arm-none-eabi-5_2-2015q4/bin/../lib/gcc/arm-none-eabi/5.2.1/../../../../arm-none-eabi/lib/armv7e-m/fpu/libg.a(lib_a-memcpy.o)
                              /tmp/cc6Z48b6.o (memcpy)
/local/sdk_elec/gcc-arm-none-eabi-5_2-2015q4/bin/../lib/gcc/arm-none-eabi/5.2.1/../../../../arm-none-eabi/lib/armv7e-m/fpu/libg.a(lib_a-mlock.o)
                              /local/sdk_elec/gcc-arm-none-eabi-5_2-2015q4/bin/../lib/gcc/arm-none-eabi/5.2.1/../../../../arm-none-eabi/lib/armv7e-m/fpu/libg.a(lib_a-mallocr.o) (__malloc_lock)
/local/sdk_elec/gcc-arm-none-eabi-5_2-2015q4/bin/../lib/gcc/arm-none-eabi/5.2.1/../../../../arm-none-eabi/lib/armv7e-m/fpu/libg.a(lib_a-reent.o)
                              /tmp/ccDKbSgY.o (errno)
/local/sdk_elec/gcc-arm-none-eabi-5_2-2015q4/bin/../lib/gcc/arm-none-eabi/5.2.1/../../../../arm-none-eabi/lib/armv7e-m/fpu/libg.a(lib_a-sbrkr.o)
                              /local/sdk_elec/gcc-arm-none-eabi-5_2-2015q4/bin/../lib/gcc/arm-none-eabi/5.2.1/../../../../arm-none-eabi/lib/armv7e-m/fpu/libg.a(lib_a-mallocr.o) (_sbrk_r)
[...]
Memory Configuration

Name             Origin             Length             Attributes
FLASH            0x08000000         0x00080000         xr
RAM              0x20000000         0x00020000         xrw
*default*        0x00000000         0xffffffff

Linker script and memory map

LOAD /local/sdk_elec/gcc-arm-none-eabi-5_2-2015q4/bin/../lib/gcc/arm-none-eabi/5.2.1/armv7e-m/fpu/crti.o
LOAD /local/sdk_elec/gcc-arm-none-eabi-5_2-2015q4/bin/../lib/gcc/arm-none-eabi/5.2.1/armv7e-m/fpu/crtbegin.o
LOAD /local/sdk_elec/gcc-arm-none-eabi-5_2-2015q4/bin/../lib/gcc/arm-none-eabi/5.2.1/../../../../arm-none-eabi/lib/armv7e-m/fpu/crt0.o
LOAD /local/sdk_elec/gcc-arm-none-eabi-5_2-2015q4/bin/../lib/gcc/arm-none-eabi/5.2.1/../../../../arm-none-eabi/lib/armv7e-m/fpu/libc.a
LOAD /local/sdk_elec/gcc-arm-none-eabi-5_2-2015q4/bin/../lib/gcc/arm-none-eabi/5.2.1/armv7e-m/fpu/libgcc.a
LOAD /local/sdk_elec/gcc-arm-none-eabi-5_2-2015q4/bin/../lib/gcc/arm-none-eabi/5.2.1/armv7e-m/fpu/libgcov.a
LOAD /local/sdk_elec/gcc-arm-none-eabi-5_2-2015q4/bin/../lib/gcc/arm-none-eabi/5.2.1/../../../../arm-none-eabi/lib/armv7e-m/fpu/libm.a
LOAD /tmp/ccghwXPv.o
LOAD /tmp/cc8M141g.o
LOAD /tmp/cc4u0cQ8.o
LOAD /tmp/ccoPMlv4.o
LOAD /tmp/ccCi76U3.o
LOAD /tmp/ccuYXU88.o
LOAD /tmp/ccVvjRva.o
LOAD /tmp/cco0Me8f.o
LOAD /tmp/ccNI899z.o
LOAD /tmp/ccWgVN52.o
LOAD /tmp/ccrejzBC.o
LOAD /tmp/ccCTOO5g.o
LOAD /tmp/ccXLIao0.o
LOAD /tmp/ccue4O0Q.o
LOAD /tmp/cc5mkq6P.o
LOAD /tmp/ccwM30kY.o
LOAD /tmp/ccfVpOg6.o
LOAD /tmp/ccldTRk7.o
LOAD /tmp/cctOnVIf.o
LOAD /tmp/ccHm3jAt.o
LOAD /tmp/ccZGgAoJ.o
LOAD /tmp/ccDKbSgY.o
LOAD /tmp/ccbzaDFh.o
LOAD /tmp/cc5yP53I.o
LOAD /tmp/ccX9V2Je.o
LOAD /tmp/cczIlcsO.o
LOAD /tmp/cclm9vts.o
LOAD /tmp/cchToLFb.o
LOAD /tmp/ccZoTSO2.o
LOAD /tmp/ccxb92bZ.o
LOAD /tmp/ccfhEP2Z.o
LOAD /tmp/cczazbb4.o
LOAD /tmp/cc6Z48b6.o
LOAD /tmp/cc9JP7Ab.o
LOAD /tmp/ccgSJdOo.o
LOAD /tmp/cc3LjMAG.o
LOAD /tmp/ccyCaIFX.o
LOAD /tmp/ccTNKUKg.o
LOAD /tmp/cc6cAKWF.o
LOAD /tmp/ccf6fjC9.o
LOAD /tmp/ccWMIMwC.o
LOAD /tmp/cc9Frfq7.o
START GROUP
LOAD /local/sdk_elec/gcc-arm-none-eabi-5_2-2015q4/bin/../lib/gcc/arm-none-eabi/5.2.1/armv7e-m/fpu/libgcc.a
LOAD /local/sdk_elec/gcc-arm-none-eabi-5_2-2015q4/bin/../lib/gcc/arm-none-eabi/5.2.1/../../../../arm-none-eabi/lib/armv7e-m/fpu/libg.a
LOAD /local/sdk_elec/gcc-arm-none-eabi-5_2-2015q4/bin/../lib/gcc/arm-none-eabi/5.2.1/../../../../arm-none-eabi/lib/armv7e-m/fpu/libc.a
END GROUP
LOAD /local/sdk_elec/gcc-arm-none-eabi-5_2-2015q4/bin/../lib/gcc/arm-none-eabi/5.2.1/armv7e-m/fpu/crtend.o
LOAD /local/sdk_elec/gcc-arm-none-eabi-5_2-2015q4/bin/../lib/gcc/arm-none-eabi/5.2.1/armv7e-m/fpu/crtn.o
                0x2001ffff                _estack = 0x2001ffff
                0x00000200                _Min_Heap_Size = 0x200
                0x00000200                _Min_Stack_Size = 0x200

.isr_vector     0x08000000      0x198
                0x08000000                . = ALIGN (0x4)
 *(.isr_vector)
 .isr_vector    0x08000000      0x198 /tmp/ccfVpOg6.o
                0x08000000                g_pfnVectors
                0x08000198                . = ALIGN (0x4)

.text           0x08000198    0x1d57c
                0x08000198                . = ALIGN (0x4)
 *(.text)
 .text          0x08000198       0xa4 /local/sdk_elec/gcc-arm-none-eabi-5_2-2015q4/bin/../lib/gcc/arm-none-eabi/5.2.1/armv7e-m/fpu/crtbegin.o
 .text          0x0800023c      0x31c /tmp/ccghwXPv.o
                0x0800023c                HAL_Init
                0x08000280                HAL_DeInit
                0x080002f8                HAL_InitTick
                0x08000330                HAL_IncTick
                0x0800034c                HAL_GetTick
                0x08000364                HAL_Delay
                0x08000390                HAL_SuspendTick
                0x080003b0                HAL_ResumeTick
                0x080003d0                HAL_GetHalVersion
                0x080003e4                HAL_GetREVID
                0x080003fc                HAL_GetDEVID
                0x08000418                HAL_DBGMCU_EnableDBGSleepMode
                0x08000438                HAL_DBGMCU_DisableDBGSleepMode
                0x08000458                HAL_DBGMCU_EnableDBGStopMode
                0x08000478                HAL_DBGMCU_DisableDBGStopMode
                0x08000498                HAL_DBGMCU_EnableDBGStandbyMode
                0x080004b8                HAL_DBGMCU_DisableDBGStandbyMode
                0x080004d8                HAL_EnableCompensationCell
                0x08000518                HAL_DisableCompensationCell
 .text          0x08000558      0xcf4 /tmp/cc8M141g.o
                0x08000558                HAL_RCC_DeInit
                0x080005d0                HAL_RCC_OscConfig
                0x08000a80                HAL_RCC_ClockConfig
                0x08000d2c                HAL_RCC_MCOConfig
                0x08000ddc                HAL_RCC_EnableCSS
                0x08000df4                HAL_RCC_DisableCSS
                0x08000e0c                HAL_RCC_GetSysClockFreq
                0x08000f20                HAL_RCC_GetHCLKFreq
                0x08000f78                HAL_RCC_GetPCLK1Freq
                0x08000fc4                HAL_RCC_GetPCLK2Freq
                0x08001010                HAL_RCC_GetOscConfig
                0x080011b0                HAL_RCC_GetClockConfig
                0x08001214                HAL_RCC_NMI_IRQHandler
                0x0800123c                HAL_RCC_CSSCallback
 .text          0x0800124c      0x550 /tmp/cc4u0cQ8.o
                0x0800124c                HAL_GPIO_Init
                0x08001540                HAL_GPIO_DeInit
                0x08001680                HAL_GPIO_ReadPin
                0x080016b0                HAL_GPIO_WritePin
                0x080016e0                HAL_GPIO_TogglePin
                0x08001704                HAL_GPIO_LockPin
                0x08001754                HAL_GPIO_EXTI_IRQHandler
 .text          0x0800179c      0x550 /tmp/ccoPMlv4.o
                0x08001b38                HAL_NVIC_SetPriorityGrouping
                0x08001b50                HAL_NVIC_SetPriority
                0x08001b88                HAL_NVIC_EnableIRQ
                0x08001ba4                HAL_NVIC_DisableIRQ
                0x08001bc0                HAL_NVIC_SystemReset
                0x08001bcc                HAL_SYSTICK_Config
                0x08001be4                HAL_NVIC_GetPriorityGrouping
                0x08001bf4                HAL_NVIC_GetPriority
                0x08001c20                HAL_NVIC_SetPendingIRQ
                0x08001c3c                HAL_NVIC_GetPendingIRQ
                0x08001c5c                HAL_NVIC_ClearPendingIRQ
                0x08001c78                HAL_NVIC_GetActive
                0x08001c98                HAL_SYSTICK_CLKSourceConfig
                0x08001cd0                HAL_SYSTICK_IRQHandler
                0x08001cdc                HAL_SYSTICK_Callback
 .text          0x08001cec     0x16ec /tmp/ccVvjRva.o
                0x08001cec                HAL_UART_Init
                0x08001d78                HAL_HalfDuplex_Init
                0x08001e14                HAL_LIN_Init
                0x08001ed0                HAL_MultiProcessor_Init
                0x08001fa0                HAL_UART_DeInit
                0x08001fe0                HAL_UART_MspInit
                0x08001ff4                HAL_UART_MspDeInit
                0x08002008                HAL_UART_Transmit
                0x08002158                HAL_UART_Receive
                0x080022c8                HAL_UART_Transmit_IT
                0x08002398                HAL_UART_Receive_IT
                0x08002468                HAL_UART_Transmit_DMA
                0x0800255c                HAL_UART_Receive_DMA
                0x08002640                HAL_UART_DMAPause
                0x080026dc                HAL_UART_DMAResume
                0x0800279c                HAL_UART_DMAStop
                0x080027fc                HAL_UART_IRQHandler
                0x080029f8                HAL_UART_TxCpltCallback
                0x08002a0c                HAL_UART_TxHalfCpltCallback
                0x08002a34                HAL_UART_RxHalfCpltCallback
                0x08002a48                HAL_UART_ErrorCallback
                0x08002a5c                HAL_LIN_SendBreak
                0x08002ab0                HAL_MultiProcessor_EnterMuteMode
                0x08002b04                HAL_MultiProcessor_ExitMuteMode
                0x08002b58                HAL_HalfDuplex_EnableTransmitter
                0x08002bc0                HAL_HalfDuplex_EnableReceiver
                0x08002c28                HAL_UART_GetState
                0x08002c44                HAL_UART_GetError
 .text          0x080033d8     0x7cdc /tmp/ccNI899z.o
                0x080033d8                HAL_DMA_Init
                0x080034b0                HAL_DMA_DeInit
                0x080048bc                HAL_DMA_Start
                0x08004920                HAL_DMA_Start_IT
                0x080049d4                HAL_DMA_Abort
                0x08004a50                HAL_DMA_PollForTransfer
                0x08007d58                HAL_DMA_IRQHandler
                0x0800b024                HAL_DMA_GetState
                0x0800b040                HAL_DMA_GetError
 .text          0x0800b0b4     0x3c44 /tmp/ccWgVN52.o
                0x0800b0b4                HAL_TIM_Base_Init
                0x0800b104                HAL_TIM_Base_DeInit
                0x0800b164                HAL_TIM_Base_MspInit
                0x0800b178                HAL_TIM_Base_MspDeInit
                0x0800b18c                HAL_TIM_Base_Start
                0x0800b1c4                HAL_TIM_Base_Stop
                0x0800b21c                HAL_TIM_Base_Start_IT
                0x0800b254                HAL_TIM_Base_Stop_IT
                0x0800b2ac                HAL_TIM_Base_Start_DMA
                0x0800b344                HAL_TIM_Base_Stop_DMA
                0x0800b3a4                HAL_TIM_OC_Init
                0x0800b3f4                HAL_TIM_OC_DeInit
                0x0800b454                HAL_TIM_OC_MspInit
                0x0800b468                HAL_TIM_OC_MspDeInit
                0x0800b47c                HAL_TIM_OC_Start
                0x0800b4cc                HAL_TIM_OC_Stop
                0x0800b55c                HAL_TIM_OC_Start_IT
                0x0800b638                HAL_TIM_OC_Stop_IT
                0x0800b754                HAL_TIM_OC_Start_DMA
                0x0800b900                HAL_TIM_OC_Stop_DMA
                0x0800ba24                HAL_TIM_PWM_Init
                0x0800ba74                HAL_TIM_PWM_DeInit
                0x0800bad4                HAL_TIM_PWM_MspInit
                0x0800bae8                HAL_TIM_PWM_MspDeInit
                0x0800bafc                HAL_TIM_PWM_Start
                0x0800bb4c                HAL_TIM_PWM_Stop
                0x0800bbe4                HAL_TIM_PWM_Start_IT
                0x0800bcc0                HAL_TIM_PWM_Stop_IT
                0x0800bddc                HAL_TIM_PWM_Start_DMA
                0x0800bf88                HAL_TIM_PWM_Stop_DMA
                0x0800c0ac                HAL_TIM_IC_Init
                0x0800c0fc                HAL_TIM_IC_DeInit
                0x0800c15c                HAL_TIM_IC_MspInit
                0x0800c170                HAL_TIM_IC_MspDeInit
                0x0800c184                HAL_TIM_IC_Start
                0x0800c1b8                HAL_TIM_IC_Stop
                0x0800c20c                HAL_TIM_IC_Start_IT
                0x0800c2cc                HAL_TIM_IC_Stop_IT
                0x0800c3ac                HAL_TIM_IC_Start_DMA
                0x0800c53c                HAL_TIM_IC_Stop_DMA
                0x0800c624                HAL_TIM_OnePulse_Init
                0x0800c694                HAL_TIM_OnePulse_DeInit
                0x0800c6f4                HAL_TIM_OnePulse_MspInit
                0x0800c708                HAL_TIM_OnePulse_MspDeInit
                0x0800c71c                HAL_TIM_OnePulse_Start
                0x0800c76c                HAL_TIM_OnePulse_Stop
                0x0800c80c                HAL_TIM_OnePulse_Start_IT
                0x0800c87c                HAL_TIM_OnePulse_Stop_IT
                0x0800c93c                HAL_TIM_Encoder_Init
                0x0800ca60                HAL_TIM_Encoder_DeInit
                0x0800cac0                HAL_TIM_Encoder_MspInit
                0x0800cad4                HAL_TIM_Encoder_MspDeInit
                0x0800cae8                HAL_TIM_Encoder_Start
                0x0800cb58                HAL_TIM_Encoder_Stop
                0x0800cbe8                HAL_TIM_Encoder_Start_IT
                0x0800cc98                HAL_TIM_Encoder_Stop_IT
                0x0800cd6c                HAL_TIM_Encoder_Start_DMA
                0x0800cf14                HAL_TIM_Encoder_Stop_DMA
                0x0800cfe8                HAL_TIM_IRQHandler
                0x0800d1f8                HAL_TIM_OC_ConfigChannel
                0x0800d2b8                HAL_TIM_IC_ConfigChannel
                0x0800d3f0                HAL_TIM_PWM_ConfigChannel
                0x0800d57c                HAL_TIM_OnePulse_ConfigChannel
                0x0800d6fc                HAL_TIM_DMABurst_WriteStart
                0x0800d8e0                HAL_TIM_DMABurst_WriteStop
                0x0800d990                HAL_TIM_DMABurst_ReadStart
                0x0800db74                HAL_TIM_DMABurst_ReadStop
                0x0800dc24                HAL_TIM_GenerateEvent
                0x0800dc74                HAL_TIM_ConfigOCrefClear
                0x0800ddc8                HAL_TIM_ConfigClockSource
                0x0800df80                HAL_TIM_ConfigTI1Input
                0x0800dfbc                HAL_TIM_SlaveConfigSynchronization
                0x0800e028                HAL_TIM_SlaveConfigSynchronization_IT
                0x0800e094                HAL_TIM_ReadCapturedValue
                0x0800e14c                HAL_TIM_OC_DelayElapsedCallback
                0x0800e160                HAL_TIM_IC_CaptureCallback
                0x0800e174                HAL_TIM_PWM_PulseFinishedCallback
                0x0800e188                HAL_TIM_TriggerCallback
                0x0800e19c                HAL_TIM_ErrorCallback
                0x0800e1b0                HAL_TIM_Base_GetState
                0x0800e1cc                HAL_TIM_OC_GetState
                0x0800e1e8                HAL_TIM_PWM_GetState
                0x0800e204                HAL_TIM_IC_GetState
                0x0800e220                HAL_TIM_OnePulse_GetState
                0x0800e23c                HAL_TIM_Encoder_GetState
                0x0800e258                TIM_Base_SetConfig
                0x0800e360                TIM_TI1_SetConfig
                0x0800e440                TIM_OC2_SetConfig
                0x0800e51c                TIM_DMADelayPulseCplt
                0x0800e58c                TIM_DMAError
                0x0800e5b0                TIM_DMACaptureCplt
                0x0800e620                TIM_CCxChannelCmd
 .text          0x0800ecf8     0x14a8 /tmp/ccrejzBC.o
                0x0800ecf8                HAL_TIMEx_HallSensor_Init
                0x0800ee10                HAL_TIMEx_HallSensor_DeInit
                0x0800ee70                HAL_TIMEx_HallSensor_MspInit
                0x0800ee84                HAL_TIMEx_HallSensor_MspDeInit
                0x0800ee98                HAL_TIMEx_HallSensor_Start
                0x0800eec8                HAL_TIMEx_HallSensor_Stop
                0x0800ef18                HAL_TIMEx_HallSensor_Start_IT
                0x0800ef58                HAL_TIMEx_HallSensor_Stop_IT
                0x0800efb8                HAL_TIMEx_HallSensor_Start_DMA
                0x0800f060                HAL_TIMEx_HallSensor_Stop_DMA
                0x0800f0c0                HAL_TIMEx_OCN_Start
                0x0800f104                HAL_TIMEx_OCN_Stop
                0x0800f188                HAL_TIMEx_OCN_Start_IT
                0x0800f268                HAL_TIMEx_OCN_Stop_IT
                0x0800f398                HAL_TIMEx_OCN_Start_DMA
                0x0800f538                HAL_TIMEx_OCN_Stop_DMA
                0x0800f650                HAL_TIMEx_PWMN_Start
                0x0800f694                HAL_TIMEx_PWMN_Stop
                0x0800f718                HAL_TIMEx_PWMN_Start_IT
                0x0800f7f8                HAL_TIMEx_PWMN_Stop_IT
                0x0800f928                HAL_TIMEx_PWMN_Start_DMA
                0x0800fac8                HAL_TIMEx_PWMN_Stop_DMA
                0x0800fbe0                HAL_TIMEx_OnePulseN_Start
                0x0800fc14                HAL_TIMEx_OnePulseN_Stop
                0x0800fc98                HAL_TIMEx_OnePulseN_Start_IT
                0x0800fcec                HAL_TIMEx_OnePulseN_Stop_IT
                0x0800fd90                HAL_TIMEx_ConfigCommutationEvent
                0x0800fe30                HAL_TIMEx_ConfigCommutationEvent_IT
                0x0800fee0                HAL_TIMEx_ConfigCommutationEvent_DMA
                0x0800ffa8                HAL_TIMEx_MasterConfigSynchronization
                0x08010034                HAL_TIMEx_ConfigBreakDeadTime
                0x080100a8                HAL_TIMEx_RemapConfig
                0x080100f0                HAL_TIMEx_CommutationCallback
                0x08010104                HAL_TIMEx_BreakCallback
                0x08010118                HAL_TIMEx_HallSensor_GetState
                0x08010134                TIMEx_DMACommutationCplt
 .text          0x080101a0      0xd4c /tmp/ccCTOO5g.o
                0x080101a0                HAL_ADC_Init
                0x080101f4                HAL_ADC_DeInit
                0x0801022c                HAL_ADC_MspInit
                0x08010240                HAL_ADC_MspDeInit
                0x08010254                HAL_ADC_Start
                0x0801032c                HAL_ADC_Stop
                0x0801035c                HAL_ADC_PollForConversion
                0x080103dc                HAL_ADC_PollForEvent
                0x0801046c                HAL_ADC_Start_IT
                0x08010568                HAL_ADC_Stop_IT
                0x080105b8                HAL_ADC_IRQHandler
                0x08010814                HAL_ADC_Start_DMA
                0x080108f4                HAL_ADC_Stop_DMA
                0x08010948                HAL_ADC_GetValue
                0x08010964                HAL_ADC_ConvCpltCallback
                0x08010978                HAL_ADC_ConvHalfCpltCallback
                0x0801098c                HAL_ADC_LevelOutOfWindowCallback
                0x080109a0                HAL_ADC_ErrorCallback
                0x080109b4                HAL_ADC_ConfigChannel
                0x08010bb0                HAL_ADC_AnalogWDGConfig
                0x08010c70                HAL_ADC_GetState
                0x08010c8c                HAL_ADC_GetError
 .text          0x08010eec      0x9a8 /tmp/ccXLIao0.o
                0x08010eec                HAL_ADCEx_InjectedStart
                0x0801102c                HAL_ADCEx_InjectedStart_IT
                0x08011190                HAL_ADCEx_InjectedStop
                0x080111c0                HAL_ADCEx_InjectedPollForConversion
                0x08011240                HAL_ADCEx_InjectedStop_IT
                0x08011290                HAL_ADCEx_InjectedGetValue
                0x08011300                HAL_ADCEx_MultiModeStart_DMA
                0x080113f4                HAL_ADCEx_MultiModeStop_DMA
                0x08011468                HAL_ADCEx_MultiModeGetValue
                0x08011484                HAL_ADCEx_InjectedConvCpltCallback
                0x08011498                HAL_ADCEx_InjectedConfigChannel
                0x08011784                HAL_ADCEx_MultiModeConfigChannel
 .text          0x08011894     0x1ef8 /tmp/ccue4O0Q.o
                0x08011894                HAL_SPI_Init
                0x08011958                HAL_SPI_DeInit
                0x080119a0                HAL_SPI_MspInit
                0x080119b4                HAL_SPI_MspDeInit
                0x080119c8                HAL_SPI_Transmit
                0x08011c40                HAL_SPI_Receive
                0x08011f4c                HAL_SPI_TransmitReceive
                0x08012400                HAL_SPI_Transmit_IT
                0x08012524                HAL_SPI_Receive_IT
                0x08012658                HAL_SPI_TransmitReceive_IT
                0x08012784                HAL_SPI_Transmit_DMA
                0x080128c4                HAL_SPI_Receive_DMA
                0x08012a30                HAL_SPI_TransmitReceive_DMA
                0x08012c08                HAL_SPI_DMAPause
                0x08012c5c                HAL_SPI_DMAResume
                0x08012cb0                HAL_SPI_DMAStop
                0x08012d10                HAL_SPI_IRQHandler
                0x08012ea4                HAL_SPI_TxCpltCallback
                0x08012eb8                HAL_SPI_RxCpltCallback
                0x08012ecc                HAL_SPI_TxRxCpltCallback
                0x08012ee0                HAL_SPI_TxHalfCpltCallback
                0x08012ef4                HAL_SPI_RxHalfCpltCallback
                0x08012f08                HAL_SPI_TxRxHalfCpltCallback
                0x08012f1c                HAL_SPI_ErrorCallback
                0x08012f30                HAL_SPI_GetState
                0x08012f4c                HAL_SPI_GetError
 .text          0x0801378c     0x31e4 /tmp/cc5mkq6P.o
                0x0801378c                HAL_I2C_Init
                0x08013938                HAL_I2C_DeInit
                0x08013988                HAL_I2C_MspInit
                0x0801399c                HAL_I2C_MspDeInit
                0x080139b0                HAL_I2C_Master_Transmit
                0x08013b18                HAL_I2C_Master_Receive
                0x08013e18                HAL_I2C_Slave_Transmit
                0x08013fb4                HAL_I2C_Slave_Receive
                0x08014134                HAL_I2C_Master_Transmit_IT
                0x08014218                HAL_I2C_Master_Receive_IT
                0x08014388                HAL_I2C_Slave_Transmit_IT
                0x08014434                HAL_I2C_Slave_Receive_IT
                0x080144e0                HAL_I2C_Master_Transmit_DMA
                0x080145f0                HAL_I2C_Master_Receive_DMA
                0x08014728                HAL_I2C_Slave_Transmit_DMA
                0x08014874                HAL_I2C_Slave_Receive_DMA
                0x08014978                HAL_I2C_Mem_Write
                0x08014ad8                HAL_I2C_Mem_Read
                0x08014dd4                HAL_I2C_Mem_Write_IT
                0x08014eb0                HAL_I2C_Mem_Read_IT
                0x0801502c                HAL_I2C_Mem_Write_DMA
                0x08015134                HAL_I2C_Mem_Read_DMA
                0x08015278                HAL_I2C_IsDeviceReady
                0x0801547c                HAL_I2C_EV_IRQHandler
                0x08015760                HAL_I2C_ER_IRQHandler
                0x0801591c                HAL_I2C_MasterTxCpltCallback
                0x08015930                HAL_I2C_MasterRxCpltCallback
                0x08015944                HAL_I2C_SlaveTxCpltCallback
                0x08015958                HAL_I2C_SlaveRxCpltCallback
                0x0801596c                HAL_I2C_MemTxCpltCallback
                0x08015980                HAL_I2C_MemRxCpltCallback
                0x08015994                HAL_I2C_ErrorCallback
                0x080159a8                HAL_I2C_GetState
                0x080159c4                HAL_I2C_GetError
 .text          0x08016970      0x288 /tmp/ccwM30kY.o
                0x080169b4                main
                0x08016aa0                HAL_UART_RxCpltCallback
                0x08016af0                vApplicationStackOverflowHook
                0x08016afc                vApplicationIdleHook
                0x08016b0c                vApplicationTickHook
                0x08016b1c                tracking
 .text          0x08016bf8      0x448 /tmp/cctOnVIf.o
                0x08016bf8                HAL_MspInit
                0x08016c5c                HAL_UARTCOM_MspInit
                0x08016cb8                HAL_UARTZIGBEE_MspInit
                0x08016d08                HAL_Encoder_Timer1_MspInit
                0x08016d78                HAL_Encoder_Timer2_MspInit
                0x08016de8                HAL_GPIO_BUTTON_MspInit
                0x08016e28                HAL_GPIO_LED_MspInit
                0x08016e54                HAL_GPIO_CHECK_PERIOD_MspInit
                0x08016e80                HAL_PWM_Timer3_MspInit
                0x08016ec0                HAL_PWM_Timer4_MspInit
                0x08016f2c                HAL_i2c_MspInit
                0x08016f90                HAL_tickTimer_MspInit
                0x08016fb8                HAL_spi_MspInit
                0x08016ff8                HAL_adcir_MspInit
                0x08017030                HAL_MspDeInit
 .text          0x08017040      0x100 /tmp/ccHm3jAt.o
                0x08017040                NMI_Handler
                0x08017050                HardFault_Handler
                0x08017058                MemManage_Handler
                0x08017060                BusFault_Handler
                0x08017068                UsageFault_Handler
                0x08017070                DebugMon_Handler
                0x08017080                SysTick_Handler
                0x0801709c                OTG_FS_IRQHandler
                0x080170ac                TIM5_IRQHandler
                0x080170c0                EXTI0_IRQHandler
                0x080170d0                EXTI1_IRQHandler
                0x080170e0                I2C1_EV_IRQHandler
                0x080170f4                I2C1_ER_IRQHandler
                0x08017108                EXTI15_10_IRQHandler
                0x08017118                USART2_IRQHandler
                0x0801712c                USART6_IRQHandler
 .text          0x08017140      0x168 /tmp/ccZGgAoJ.o
                0x08017140                SystemInit
                0x080171ac                SystemCoreClockUpdate
 .text          0x080172a8      0x2d8 /tmp/ccDKbSgY.o
                0x080172a8                _sbrk
                0x08017318                _gettimeofday
                0x08017344                initialise_monitor_handles
                0x08017354                _getpid
                0x08017364                _kill
                0x08017388                _exit
                0x0801739c                _write
                0x080173d4                _close
                0x080173ec                _fstat
                0x0801740c                _isatty
                0x08017424                _lseek
                0x08017440                _read
                0x0801747c                _open
                0x08017498                _wait
                0x080174bc                _unlink
                0x080174e0                _times
                0x080174f8                _stat
                0x08017518                _link
                0x0801753c                _fork
                0x08017558                _execve
 .text          0x08017580       0x8c /tmp/ccbzaDFh.o
                0x08017580                SystemClock_Config
 .text          0x0801760c       0x78 /tmp/cc5yP53I.o
                0x0801760c                tickTimerInit
                0x08017668                HAL_TIM_PeriodElapsedCallback
 .text          0x08017684       0xec /tmp/ccX9V2Je.o
                0x08017684                captDistIR_Init
                0x080176e8                captDistIR_Get
 .text          0x08017770      0x42c /tmp/cczIlcsO.o
                0x08017770                num2str
                0x08017878                str2num
                0x08017904                reverse
                0x08017960                intToStr
                0x080179f0                float2str
                0x08017a90                myPow
                0x08017b24                flush_ch
                0x08017b5c                size_ch
 .text          0x08017b9c      0x100 /tmp/cclm9vts.o
                0x08017b9c                motorCommand_Init
                0x08017c58                motorLeft_SetDuty
                0x08017c78                motorRight_SetDuty
 .text          0x08017c9c      0x438 /tmp/cchToLFb.o
                0x08017c9c                quadEncoder_Init
                0x08017d84                quadEncoder_PosCalcL
                0x08017dcc                quadEncoder_PosCalcR
                0x08017e14                quadEncoder_GetPos16L
                0x08017e58                quadEncoder_GetPos16R
                0x08017e9c                quadEncoder_GetPos32L
                0x08017ecc                quadEncoder_GetPos32R
                0x08017efc                quadEncoder_GetSpeedL
                0x08017f9c                quadEncoder_GetSpeedR
                0x0801803c                quadEncoder_CallbackIndexL
                0x08018088                quadEncoder_CallbackIndexR
 .text          0x080180d4      0x148 /tmp/ccZoTSO2.o
                0x080180d4                servoCommand_Init
                0x08018190                servoHigh_Set
                0x080181bc                servoLow_Set
                0x080181ec                servoHigh_Get
                0x08018204                servoLow_Get
 .text          0x0801821c      0x428 /tmp/ccxb92bZ.o
                0x0801821c                pixyCam_Init
                0x08018238                pixyCam_Test
                0x080182c8                pixyCam_Get
                0x0801841c                pixyCam_GetStart
                0x080184a0                pixyCam_GetBlocks
                0x080185dc                pixyCam_SetBrightness
                0x08018608                pixyCam_SetLED
 .text          0x08018644      0x504 /tmp/cc6Z48b6.o
                0x08018644                i2c1_Init
                0x08018698                i2c1_WriteBuffer
                0x080186cc                i2c1_ReadBuffer
                0x08018700                i2c1_ReadRegBuffer
                0x08018764                i2c1_WriteRegBuffer
                0x080187b8                i2c1_WriteRegByte_IT
                0x08018804                i2c1_ReadRegBuffer_IT
                0x0801886c                i2c1_WriteReg16Byte
                0x080188b8                i2c1_WriteReg16Word16
                0x08018910                i2c1_WriteReg16Word32
                0x08018974                i2c1_ReadReg16Byte
                0x080189e0                i2c1_ReadReg16Word16
                0x08018a5c                i2c1_ReadReg16Word32
                0x08018adc                i2c1_ReadReg16Buffer
 .text          0x08018b48      0xe30 /tmp/cc9JP7Ab.o
                0x08018b48                uart2_Init
                0x08018ba0                uart6_Init
                0x08018bf8                uart_Write
                0x08018c20                put_char
                0x08018c44                putchar_stlink
                0x08018c68                putchar_zigbee
                0x08018c8c                put_string
                0x08018cb8                put_string_stlink
                0x08018ce4                put_string_zigbee
                0x08018d10                term_printf
                0x08019148                term_printf_stlink
                0x08019560                term_printf_zigbee
 .text          0x08019978       0x94 /tmp/ccgSJdOo.o
                0x08019978                spi1Init
                0x080199dc                spi1Transfer
 .text          0x08019a0c       0x48 /tmp/cc3LjMAG.o
                0x08019a0c                HAL_GPIO_EXTI_Callback
 .text          0x08019a54      0x16c /tmp/ccTNKUKg.o
                0x08019a54                vListInitialise
                0x08019a94                vListInitialiseItem
                0x08019ab0                vListInsertEnd
                0x08019af8                vListInsert
                0x08019b6c                uxListRemove
 .text          0x08019bc0      0xc50 /tmp/cc6cAKWF.o
                0x08019bc0                xQueueGenericReset
                0x08019c70                xQueueGenericCreate
                0x08019cf4                xQueueCreateMutex
                0x08019d84                xQueueGiveMutexRecursive
                0x08019ddc                xQueueTakeMutexRecursive
                0x08019e3c                xQueueCreateCountingSemaphore
                0x08019e90                xQueueGenericSend
                0x0801a018                xQueueGenericSendFromISR
                0x0801a100                xQueueGenericReceive
                0x0801a2b8                xQueueReceiveFromISR
                0x0801a36c                xQueuePeekFromISR
                0x0801a3e4                uxQueueMessagesWaiting
                0x0801a410                uxQueueSpacesAvailable
                0x0801a448                uxQueueMessagesWaitingFromISR
                0x0801a46c                vQueueDelete
                0x0801a4ac                uxQueueGetQueueNumber
                0x0801a4c4                vQueueSetQueueNumber
                0x0801a4e0                ucQueueGetQueueType
                0x0801a6e4                xQueueIsQueueEmptyFromISR
                0x0801a744                xQueueIsQueueFullFromISR
                0x0801a778                vQueueAddToRegistry
                0x0801a7c8                vQueueUnregisterQueue
 .text          0x0801a810     0x16d0 /tmp/ccf6fjC9.o
                0x0801a810                xTaskGenericCreate
                0x0801a974                vTaskDelete
                0x0801aa5c                vTaskDelay
                0x0801aae4                uxTaskPriorityGet
                0x0801ab18                vTaskPrioritySet
                0x0801ac54                vTaskSuspend
                0x0801adac                vTaskResume
                0x0801ae48                xTaskResumeFromISR
                0x0801af00                vTaskStartScheduler
                0x0801af64                vTaskEndScheduler
                0x0801af80                vTaskSuspendAll
                0x0801af9c                xTaskResumeAll
                0x0801b0a4                xTaskGetTickCount
                0x0801b0c8                xTaskGetTickCountFromISR
                0x0801b0f4                uxTaskGetNumberOfTasks
                0x0801b10c                uxTaskGetSystemState
                0x0801b200                xTaskIncrementTick
                0x0801b37c                vTaskSwitchContext
                0x0801b440                vTaskPlaceOnEventList
                0x0801b4d0                vTaskPlaceOnUnorderedEventList
                0x0801b580                xTaskRemoveFromEventList
                0x0801b634                xTaskRemoveFromUnorderedEventList
                0x0801b6e4                vTaskSetTimeOutState
                0x0801b718                xTaskCheckForTimeOut
                0x0801b7b8                vTaskMissedYield
                0x0801b7d0                uxTaskGetTaskNumber
                0x0801b7fc                vTaskSetTaskNumber
                0x0801bc68                xTaskGetCurrentTaskHandle
                0x0801bc88                xTaskGetSchedulerState
                0x0801bcc4                vTaskPriorityInherit
                0x0801bdb0                xTaskPriorityDisinherit
                0x0801be88                uxTaskResetEventItemValue
                0x0801beb8                pvTaskIncrementMutexHeldCount
 .text          0x0801bee0      0x394 /tmp/ccWMIMwC.o
                0x0801bee0                pxPortInitialiseStack
                0x0801bf64                SVC_Handler
                0x0801bfa4                xPortStartScheduler
                0x0801c074                vPortEndScheduler
                0x0801c090                vPortYield
                0x0801c0b4                vPortEnterCritical
                0x0801c0f4                vPortExitCritical
                0x0801c128                ulPortSetInterruptMask
                0x0801c13c                vPortClearInterruptMask
                0x0801c144                PendSV_Handler
                0x0801c1a0                xPortSysTickHandler
                0x0801c1c8                vPortSetupTimerInterrupt
                0x0801c210                vPortValidateInterruptPriority
 .text          0x0801c274       0xdc /tmp/cc9Frfq7.o
                0x0801c274                pvPortMalloc
                0x0801c300                vPortFree
                0x0801c31c                vPortInitialiseBlocks
                0x0801c334                xPortGetFreeHeapSize
 .text          0x0801c350      0x370 /local/sdk_elec/gcc-arm-none-eabi-5_2-2015q4/bin/../lib/gcc/arm-none-eabi/5.2.1/armv7e-m/fpu/libgcc.a(_arm_addsubdf3.o)
                0x0801c350                __aeabi_drsub
                0x0801c358                __aeabi_dsub
                0x0801c358                __subdf3
                0x0801c35c                __adddf3
                0x0801c35c                __aeabi_dadd
                0x0801c5d4                __aeabi_ui2d
                0x0801c5d4                __floatunsidf
                0x0801c5f4                __floatsidf
                0x0801c5f4                __aeabi_i2d
                0x0801c618                __extendsfdf2
                0x0801c618                __aeabi_f2d
                0x0801c654                __aeabi_ul2d
                0x0801c654                __floatundidf
                0x0801c664                __floatdidf
                0x0801c664                __aeabi_l2d
 .text          0x0801c6c0      0x424 /local/sdk_elec/gcc-arm-none-eabi-5_2-2015q4/bin/../lib/gcc/arm-none-eabi/5.2.1/armv7e-m/fpu/libgcc.a(_arm_muldivdf3.o)
                0x0801c6c0                __aeabi_dmul
                0x0801c6c0                __muldf3
                0x0801c914                __aeabi_ddiv
                0x0801c914                __divdf3
 .text          0x0801cae4       0xa0 /local/sdk_elec/gcc-arm-none-eabi-5_2-2015q4/bin/../lib/gcc/arm-none-eabi/5.2.1/armv7e-m/fpu/libgcc.a(_arm_truncdfsf2.o)
                0x0801cae4                __aeabi_d2f
                0x0801cae4                __truncdfsf2
 .text          0x0801cb84      0x134 /local/sdk_elec/gcc-arm-none-eabi-5_2-2015q4/bin/../lib/gcc/arm-none-eabi/5.2.1/../../../../arm-none-eabi/lib/armv7e-m/fpu/libg.a(lib_a-memcpy.o)
                0x0801cb84                memcpy
 *(.text*)
 .text.__libc_init_array
                0x0801ccb8       0x50 /local/sdk_elec/gcc-arm-none-eabi-5_2-2015q4/bin/../lib/gcc/arm-none-eabi/5.2.1/../../../../arm-none-eabi/lib/armv7e-m/fpu/libc.a(lib_a-init.o)
                0x0801ccb8                __libc_init_array
 .text.memset   0x0801cd08       0x9c /local/sdk_elec/gcc-arm-none-eabi-5_2-2015q4/bin/../lib/gcc/arm-none-eabi/5.2.1/../../../../arm-none-eabi/lib/armv7e-m/fpu/libc.a(lib_a-memset.o)
                0x0801cd08                memset
 .text.startup.register_fini
                0x0801cda4       0x14 /local/sdk_elec/gcc-arm-none-eabi-5_2-2015q4/bin/../lib/gcc/arm-none-eabi/5.2.1/../../../../arm-none-eabi/lib/armv7e-m/fpu/libc.a(lib_a-__call_atexit.o)
 .text.atexit   0x0801cdb8        0xc /local/sdk_elec/gcc-arm-none-eabi-5_2-2015q4/bin/../lib/gcc/arm-none-eabi/5.2.1/../../../../arm-none-eabi/lib/armv7e-m/fpu/libc.a(lib_a-atexit.o)
                0x0801cdb8                atexit
 .text.__libc_fini_array
                0x0801cdc4       0x28 /local/sdk_elec/gcc-arm-none-eabi-5_2-2015q4/bin/../lib/gcc/arm-none-eabi/5.2.1/../../../../arm-none-eabi/lib/armv7e-m/fpu/libc.a(lib_a-fini.o)
                0x0801cdc4                __libc_fini_array
 .text.__register_exitproc
                0x0801cdec       0xa4 /local/sdk_elec/gcc-arm-none-eabi-5_2-2015q4/bin/../lib/gcc/arm-none-eabi/5.2.1/../../../../arm-none-eabi/lib/armv7e-m/fpu/libc.a(lib_a-__atexit.o)
                0x0801cdec                __register_exitproc
 .text.Reset_Handler
                0x0801ce90       0x50 /tmp/ccfVpOg6.o
                0x0801ce90                Reset_Handler
 .text.Default_Handler
                0x0801cee0        0x2 /tmp/ccfVpOg6.o
                0x0801cee0                RTC_Alarm_IRQHandler
                0x0801cee0                EXTI2_IRQHandler
                0x0801cee0                SPI4_IRQHandler
                0x0801cee0                TIM1_CC_IRQHandler
                0x0801cee0                DMA2_Stream5_IRQHandler
                0x0801cee0                DMA1_Stream5_IRQHandler
                0x0801cee0                PVD_IRQHandler
                0x0801cee0                SDIO_IRQHandler
                0x0801cee0                TAMP_STAMP_IRQHandler
                0x0801cee0                EXTI3_IRQHandler
                0x0801cee0                TIM1_UP_TIM10_IRQHandler
                0x0801cee0                I2C3_ER_IRQHandler
                0x0801cee0                I2C2_EV_IRQHandler
                0x0801cee0                DMA1_Stream2_IRQHandler
                0x0801cee0                FPU_IRQHandler
                0x0801cee0                DMA2_Stream2_IRQHandler
                0x0801cee0                SPI1_IRQHandler
                0x0801cee0                TIM1_BRK_TIM9_IRQHandler
                0x0801cee0                DMA2_Stream3_IRQHandler
                0x0801cee0                DMA2_Stream0_IRQHandler
                0x0801cee0                TIM4_IRQHandler
                0x0801cee0                DMA1_Stream6_IRQHandler
                0x0801cee0                DMA1_Stream1_IRQHandler
                0x0801cee0                TIM3_IRQHandler
                0x0801cee0                RCC_IRQHandler
                0x0801cee0                Default_Handler
                0x0801cee0                ADC_IRQHandler
                0x0801cee0                DMA1_Stream7_IRQHandler
                0x0801cee0                SPI5_IRQHandler
                0x0801cee0                DMA2_Stream7_IRQHandler
                0x0801cee0                I2C3_EV_IRQHandler
                0x0801cee0                EXTI9_5_IRQHandler
                0x0801cee0                RTC_WKUP_IRQHandler
                0x0801cee0                SPI2_IRQHandler
                0x0801cee0                DMA1_Stream0_IRQHandler
                0x0801cee0                EXTI4_IRQHandler
                0x0801cee0                WWDG_IRQHandler
                0x0801cee0                TIM2_IRQHandler
                0x0801cee0                OTG_FS_WKUP_IRQHandler
                0x0801cee0                TIM1_TRG_COM_TIM11_IRQHandler
                0x0801cee0                I2C2_ER_IRQHandler
                0x0801cee0                DMA2_Stream1_IRQHandler
                0x0801cee0                FLASH_IRQHandler
                0x0801cee0                DMA2_Stream4_IRQHandler
                0x0801cee0                USART1_IRQHandler
                0x0801cee0                SPI3_IRQHandler
                0x0801cee0                DMA1_Stream4_IRQHandler
                0x0801cee0                DMA2_Stream6_IRQHandler
                0x0801cee0                DMA1_Stream3_IRQHandler
 *fill*         0x0801cee2        0x2 
 .text.malloc   0x0801cee4       0x10 /local/sdk_elec/gcc-arm-none-eabi-5_2-2015q4/bin/../lib/gcc/arm-none-eabi/5.2.1/../../../../arm-none-eabi/lib/armv7e-m/fpu/libg.a(lib_a-malloc.o)
                0x0801cee4                malloc
 .text._malloc_r
                0x0801cef4      0x570 /local/sdk_elec/gcc-arm-none-eabi-5_2-2015q4/bin/../lib/gcc/arm-none-eabi/5.2.1/../../../../arm-none-eabi/lib/armv7e-m/fpu/libg.a(lib_a-mallocr.o)
                0x0801cef4                _malloc_r
 .text.__malloc_lock
                0x0801d464        0x4 /local/sdk_elec/gcc-arm-none-eabi-5_2-2015q4/bin/../lib/gcc/arm-none-eabi/5.2.1/../../../../arm-none-eabi/lib/armv7e-m/fpu/libg.a(lib_a-mlock.o)
                0x0801d464                __malloc_lock
 .text.__malloc_unlock
                0x0801d468        0x4 /local/sdk_elec/gcc-arm-none-eabi-5_2-2015q4/bin/../lib/gcc/arm-none-eabi/5.2.1/../../../../arm-none-eabi/lib/armv7e-m/fpu/libg.a(lib_a-mlock.o)
                0x0801d468                __malloc_unlock
 .text._sbrk_r  0x0801d46c       0x24 /local/sdk_elec/gcc-arm-none-eabi-5_2-2015q4/bin/../lib/gcc/arm-none-eabi/5.2.1/../../../../arm-none-eabi/lib/armv7e-m/fpu/libg.a(lib_a-sbrkr.o)
                0x0801d46c                _sbrk_r
 .text._malloc_trim_r
                0x0801d490       0x9c /local/sdk_elec/gcc-arm-none-eabi-5_2-2015q4/bin/../lib/gcc/arm-none-eabi/5.2.1/../../../../arm-none-eabi/lib/armv7e-m/fpu/libg.a(lib_a-freer.o)
                0x0801d490                _malloc_trim_r
 .text._free_r  0x0801d52c      0x1d0 /local/sdk_elec/gcc-arm-none-eabi-5_2-2015q4/bin/../lib/gcc/arm-none-eabi/5.2.1/../../../../arm-none-eabi/lib/armv7e-m/fpu/libg.a(lib_a-freer.o)
                0x0801d52c                _free_r
 *(.glue_7)
 .glue_7        0x0801d6fc        0x0 linker stubs
 *(.glue_7t)
 .glue_7t       0x0801d6fc        0x0 linker stubs
 *(.eh_frame)
 .eh_frame      0x0801d6fc        0x0 /local/sdk_elec/gcc-arm-none-eabi-5_2-2015q4/bin/../lib/gcc/arm-none-eabi/5.2.1/armv7e-m/fpu/crtbegin.o
 *(.init)
 .init          0x0801d6fc        0x4 /local/sdk_elec/gcc-arm-none-eabi-5_2-2015q4/bin/../lib/gcc/arm-none-eabi/5.2.1/armv7e-m/fpu/crti.o
                0x0801d6fc                _init
 .init          0x0801d700        0x8 /local/sdk_elec/gcc-arm-none-eabi-5_2-2015q4/bin/../lib/gcc/arm-none-eabi/5.2.1/armv7e-m/fpu/crtn.o
 *(.fini)
 .fini          0x0801d708        0x4 /local/sdk_elec/gcc-arm-none-eabi-5_2-2015q4/bin/../lib/gcc/arm-none-eabi/5.2.1/armv7e-m/fpu/crti.o
                0x0801d708                _fini
 .fini          0x0801d70c        0x8 /local/sdk_elec/gcc-arm-none-eabi-5_2-2015q4/bin/../lib/gcc/arm-none-eabi/5.2.1/armv7e-m/fpu/crtn.o
                0x0801d714                . = ALIGN (0x4)
                0x0801d714                _etext = .

.vfp11_veneer   0x0801d714        0x0
 .vfp11_veneer  0x0801d714        0x0 linker stubs

.v4_bx          0x0801d714        0x0
 .v4_bx         0x0801d714        0x0 linker stubs

.iplt           0x0801d714        0x0
 .iplt          0x0801d714        0x0 /local/sdk_elec/gcc-arm-none-eabi-5_2-2015q4/bin/../lib/gcc/arm-none-eabi/5.2.1/armv7e-m/fpu/crtbegin.o

.rodata         0x0801d714       0xb8
                0x0801d714                . = ALIGN (0x4)
 *(.rodata)
 .rodata        0x0801d714       0x10 /tmp/cc8M141g.o
                0x0801d714                APBAHBPrescTable
 .rodata        0x0801d724       0x26 /tmp/ccwM30kY.o
 *fill*         0x0801d74a        0x2 
 .rodata        0x0801d74c       0x6d /tmp/ccxb92bZ.o
 *fill*         0x0801d7b9        0x3 
 .rodata        0x0801d7bc        0x5 /tmp/ccf6fjC9.o
 *(.rodata*)
 *fill*         0x0801d7c1        0x3 
 .rodata.str1.4
                0x0801d7c4        0x4 /local/sdk_elec/gcc-arm-none-eabi-5_2-2015q4/bin/../lib/gcc/arm-none-eabi/5.2.1/../../../../arm-none-eabi/lib/armv7e-m/fpu/libc.a(lib_a-impure.o)
                                  0x2 (size before relaxing)
 .rodata._global_impure_ptr
                0x0801d7c8        0x4 /local/sdk_elec/gcc-arm-none-eabi-5_2-2015q4/bin/../lib/gcc/arm-none-eabi/5.2.1/../../../../arm-none-eabi/lib/armv7e-m/fpu/libc.a(lib_a-impure.o)
                0x0801d7c8                _global_impure_ptr
                0x0801d7cc                . = ALIGN (0x4)

.rel.dyn        0x0801d7cc        0x0
 .rel.iplt      0x0801d7cc        0x0 /local/sdk_elec/gcc-arm-none-eabi-5_2-2015q4/bin/../lib/gcc/arm-none-eabi/5.2.1/armv7e-m/fpu/crtbegin.o

.ARM.extab
 *(.ARM.extab* .gnu.linkonce.armextab.*)

.ARM            0x0801d7cc        0x0
                0x0801d7cc                __exidx_start = .
 *(.ARM.exidx*)
                0x0801d7cc                __exidx_end = .

.preinit_array  0x0801d7cc        0x0
                0x0801d7cc                PROVIDE (__preinit_array_start, .)
 *(.preinit_array*)
                0x0801d7cc                PROVIDE (__preinit_array_end, .)

.init_array     0x0801d7cc        0x8
                0x0801d7cc                PROVIDE (__init_array_start, .)
 *(SORT(.init_array.*))
 .init_array.00000
                0x0801d7cc        0x4 /local/sdk_elec/gcc-arm-none-eabi-5_2-2015q4/bin/../lib/gcc/arm-none-eabi/5.2.1/../../../../arm-none-eabi/lib/armv7e-m/fpu/libc.a(lib_a-__call_atexit.o)
 *(.init_array*)
 .init_array    0x0801d7d0        0x4 /local/sdk_elec/gcc-arm-none-eabi-5_2-2015q4/bin/../lib/gcc/arm-none-eabi/5.2.1/armv7e-m/fpu/crtbegin.o
                0x0801d7d4                PROVIDE (__init_array_end, .)

.fini_array     0x0801d7d4        0x4
                0x0801d7d4                PROVIDE (__fini_array_start, .)
 *(SORT(.fini_array.*))
 *(.fini_array*)
 .fini_array    0x0801d7d4        0x4 /local/sdk_elec/gcc-arm-none-eabi-5_2-2015q4/bin/../lib/gcc/arm-none-eabi/5.2.1/armv7e-m/fpu/crtbegin.o
                0x0801d7d8                PROVIDE (__fini_array_end, .)
                0x0801d7d8                _sidata = LOADADDR (.data)

.data           0x20000000      0x874 load address 0x0801d7d8
                0x20000000                . = ALIGN (0x4)
                0x20000000                _sdata = .
 *(.data)
 .data          0x20000000       0x14 /tmp/ccZGgAoJ.o
                0x20000000                SystemCoreClock
                0x20000004                AHBPrescTable
 .data          0x20000014       0x11 /tmp/cczIlcsO.o
 *fill*         0x20000025        0x3 
 .data          0x20000028        0x8 /tmp/ccZoTSO2.o
 .data          0x20000030        0x4 /tmp/ccf6fjC9.o
 .data          0x20000034        0x4 /tmp/ccWMIMwC.o
 *(.data*)
 .data.impure_data
                0x20000038      0x428 /local/sdk_elec/gcc-arm-none-eabi-5_2-2015q4/bin/../lib/gcc/arm-none-eabi/5.2.1/../../../../arm-none-eabi/lib/armv7e-m/fpu/libc.a(lib_a-impure.o)
 .data._impure_ptr
                0x20000460        0x4 /local/sdk_elec/gcc-arm-none-eabi-5_2-2015q4/bin/../lib/gcc/arm-none-eabi/5.2.1/../../../../arm-none-eabi/lib/armv7e-m/fpu/libc.a(lib_a-impure.o)
                0x20000460                _impure_ptr
 .data.__malloc_av_
                0x20000464      0x408 /local/sdk_elec/gcc-arm-none-eabi-5_2-2015q4/bin/../lib/gcc/arm-none-eabi/5.2.1/../../../../arm-none-eabi/lib/armv7e-m/fpu/libg.a(lib_a-mallocr.o)
                0x20000464                __malloc_av_
 .data.__malloc_trim_threshold
                0x2000086c        0x4 /local/sdk_elec/gcc-arm-none-eabi-5_2-2015q4/bin/../lib/gcc/arm-none-eabi/5.2.1/../../../../arm-none-eabi/lib/armv7e-m/fpu/libg.a(lib_a-mallocr.o)
                0x2000086c                __malloc_trim_threshold
 .data.__malloc_sbrk_base
                0x20000870        0x4 /local/sdk_elec/gcc-arm-none-eabi-5_2-2015q4/bin/../lib/gcc/arm-none-eabi/5.2.1/../../../../arm-none-eabi/lib/armv7e-m/fpu/libg.a(lib_a-mallocr.o)
                0x20000870                __malloc_sbrk_base
                0x20000874                . = ALIGN (0x4)
                0x20000874                _edata = .

.jcr            0x20000874        0x0 load address 0x0801e04c
 .jcr           0x20000874        0x0 /local/sdk_elec/gcc-arm-none-eabi-5_2-2015q4/bin/../lib/gcc/arm-none-eabi/5.2.1/armv7e-m/fpu/crtbegin.o

.tm_clone_table
                0x20000874        0x0 load address 0x0801e04c
 .tm_clone_table
                0x20000874        0x0 /local/sdk_elec/gcc-arm-none-eabi-5_2-2015q4/bin/../lib/gcc/arm-none-eabi/5.2.1/armv7e-m/fpu/crtbegin.o
 .tm_clone_table
                0x20000874        0x0 /local/sdk_elec/gcc-arm-none-eabi-5_2-2015q4/bin/../lib/gcc/arm-none-eabi/5.2.1/armv7e-m/fpu/crtend.o

.igot.plt       0x20000874        0x0 load address 0x0801e04c
 .igot.plt      0x20000874        0x0 /local/sdk_elec/gcc-arm-none-eabi-5_2-2015q4/bin/../lib/gcc/arm-none-eabi/5.2.1/armv7e-m/fpu/crtbegin.o
                0x20000874                . = ALIGN (0x4)

.bss            0x20000874     0x55f8 load address 0x0801e04c
                0x20000874                _sbss = .
                0x20000874                __bss_start__ = _sbss
 *(.bss)
 .bss           0x20000874       0x1c /local/sdk_elec/gcc-arm-none-eabi-5_2-2015q4/bin/../lib/gcc/arm-none-eabi/5.2.1/armv7e-m/fpu/crtbegin.o
 .bss           0x20000890        0x4 /tmp/ccghwXPv.o
 .bss           0x20000894       0x10 /tmp/ccwM30kY.o
                0x20000894                xSemaphore
                0x20000898                qh
                0x2000089c                cam_cmd_x
                0x200008a0                cam_cmd_y
 .bss           0x200008a4        0x4 /tmp/ccDKbSgY.o
 .bss           0x200008a8       0x58 /tmp/cclm9vts.o
 .bss           0x20000900       0x1e /tmp/cchToLFb.o
                0x20000900                indexL
 *fill*         0x2000091e        0x2 
 .bss           0x20000920       0x58 /tmp/ccZoTSO2.o
 .bss           0x20000978       0x50 /tmp/ccxb92bZ.o
 .bss           0x200009c8        0x6 /tmp/cc9JP7Ab.o
                0x200009c8                rec_buf2
                0x200009cc                rec_buf6
 *fill*         0x200009ce        0x2 
 .bss           0x200009d0      0x124 /tmp/ccf6fjC9.o
                0x200009d0                pxCurrentTCB
 .bss           0x20000af4        0x8 /tmp/ccWMIMwC.o
 .bss           0x20000afc     0x5008 /tmp/cc9Frfq7.o
 *(.bss*)
 .bss.__malloc_max_total_mem
                0x20005b04        0x4 /local/sdk_elec/gcc-arm-none-eabi-5_2-2015q4/bin/../lib/gcc/arm-none-eabi/5.2.1/../../../../arm-none-eabi/lib/armv7e-m/fpu/libg.a(lib_a-mallocr.o)
                0x20005b04                __malloc_max_total_mem
 .bss.__malloc_max_sbrked_mem
                0x20005b08        0x4 /local/sdk_elec/gcc-arm-none-eabi-5_2-2015q4/bin/../lib/gcc/arm-none-eabi/5.2.1/../../../../arm-none-eabi/lib/armv7e-m/fpu/libg.a(lib_a-mallocr.o)
                0x20005b08                __malloc_max_sbrked_mem
 .bss.__malloc_top_pad
                0x20005b0c        0x4 /local/sdk_elec/gcc-arm-none-eabi-5_2-2015q4/bin/../lib/gcc/arm-none-eabi/5.2.1/../../../../arm-none-eabi/lib/armv7e-m/fpu/libg.a(lib_a-mallocr.o)
                0x20005b0c                __malloc_top_pad
 .bss.__malloc_current_mallinfo
                0x20005b10       0x28 /local/sdk_elec/gcc-arm-none-eabi-5_2-2015q4/bin/../lib/gcc/arm-none-eabi/5.2.1/../../../../arm-none-eabi/lib/armv7e-m/fpu/libg.a(lib_a-mallocr.o)
                0x20005b10                __malloc_current_mallinfo
 *(COMMON)
 COMMON         0x20005b38       0x8c /tmp/ccwM30kY.o
                0x20005b38                Uart6Handle
                0x20005b78                Uart2Handle
                0x20005bb8                dist_IR
                0x20005bc0                consigne
 COMMON         0x20005bc4       0x3c /tmp/cc5yP53I.o
                0x20005bc4                TimHandle_period
 COMMON         0x20005c00       0xdc /tmp/ccX9V2Je.o
                0x20005c00                adcHandle_12
                0x20005c44                adcHandle
                0x20005c88                sConfig
                0x20005c98                adcHandle_13
 COMMON         0x20005cdc       0x78 /tmp/cchToLFb.o
                0x20005cdc                TimEncoderHandleRight
                0x20005d18                TimEncoderHandleLeft
 COMMON         0x20005d54       0x3c /tmp/cc6Z48b6.o
                0x20005d54                hi2c1
 COMMON         0x20005d90       0x40 /tmp/cc9JP7Ab.o
                0x20005d90                string
 COMMON         0x20005dd0       0x58 /tmp/ccgSJdOo.o
                0x20005dd0                SpiHandle
 COMMON         0x20005e28       0x40 /tmp/cc6cAKWF.o
                0x20005e28                xQueueRegistry
 COMMON         0x20005e68        0x4 /local/sdk_elec/gcc-arm-none-eabi-5_2-2015q4/bin/../lib/gcc/arm-none-eabi/5.2.1/../../../../arm-none-eabi/lib/armv7e-m/fpu/libg.a(lib_a-reent.o)
                0x20005e68                errno
                0x20005e6c                . = ALIGN (0x4)
                0x20005e6c                _ebss = .
                0x20005e6c                __bss_end__ = _ebss

._user_heap_stack
                0x20005e6c      0x400 load address 0x0801e04c
                0x20005e6c                . = ALIGN (0x4)
                [!provide]                PROVIDE (end, .)
                [!provide]                PROVIDE (_end, .)
                0x2000606c                . = (. + _Min_Heap_Size)
 *fill*         0x20005e6c      0x200 
                0x2000626c                . = (. + _Min_Stack_Size)
 *fill*         0x2000606c      0x200 
                0x2000626c                . = ALIGN (0x4)

/DISCARD/
 libc.a(*)
 libm.a(*)
 libgcc.a(*)

.ARM.attributes
                0x00000000       0x30
 *(.ARM.attributes)
 .ARM.attributes
                0x00000000       0x22 /local/sdk_elec/gcc-arm-none-eabi-5_2-2015q4/bin/../lib/gcc/arm-none-eabi/5.2.1/armv7e-m/fpu/crti.o
 .ARM.attributes
                0x00000022       0x34 /local/sdk_elec/gcc-arm-none-eabi-5_2-2015q4/bin/../lib/gcc/arm-none-eabi/5.2.1/armv7e-m/fpu/crtbegin.o
 .ARM.attributes
                0x00000056       0x34 /local/sdk_elec/gcc-arm-none-eabi-5_2-2015q4/bin/../lib/gcc/arm-none-eabi/5.2.1/../../../../arm-none-eabi/lib/armv7e-m/fpu/libc.a(lib_a-impure.o)
 .ARM.attributes
                0x0000008a       0x34 /local/sdk_elec/gcc-arm-none-eabi-5_2-2015q4/bin/../lib/gcc/arm-none-eabi/5.2.1/../../../../arm-none-eabi/lib/armv7e-m/fpu/libc.a(lib_a-init.o)
 .ARM.attributes
                0x000000be       0x34 /local/sdk_elec/gcc-arm-none-eabi-5_2-2015q4/bin/../lib/gcc/arm-none-eabi/5.2.1/../../../../arm-none-eabi/lib/armv7e-m/fpu/libc.a(lib_a-memset.o)
 .ARM.attributes
                0x000000f2       0x34 /local/sdk_elec/gcc-arm-none-eabi-5_2-2015q4/bin/../lib/gcc/arm-none-eabi/5.2.1/../../../../arm-none-eabi/lib/armv7e-m/fpu/libc.a(lib_a-__call_atexit.o)
 .ARM.attributes
                0x00000126       0x34 /local/sdk_elec/gcc-arm-none-eabi-5_2-2015q4/bin/../lib/gcc/arm-none-eabi/5.2.1/../../../../arm-none-eabi/lib/armv7e-m/fpu/libc.a(lib_a-atexit.o)
 .ARM.attributes
                0x0000015a       0x34 /local/sdk_elec/gcc-arm-none-eabi-5_2-2015q4/bin/../lib/gcc/arm-none-eabi/5.2.1/../../../../arm-none-eabi/lib/armv7e-m/fpu/libc.a(lib_a-fini.o)
 .ARM.attributes
                0x0000018e       0x34 /local/sdk_elec/gcc-arm-none-eabi-5_2-2015q4/bin/../lib/gcc/arm-none-eabi/5.2.1/../../../../arm-none-eabi/lib/armv7e-m/fpu/libc.a(lib_a-__atexit.o)
 .ARM.attributes
                0x000001c2       0x39 /tmp/ccghwXPv.o
 .ARM.attributes
                0x000001fb       0x39 /tmp/cc8M141g.o
 .ARM.attributes
                0x00000234       0x39 /tmp/cc4u0cQ8.o
 .ARM.attributes
                0x0000026d       0x39 /tmp/ccoPMlv4.o
 .ARM.attributes
                0x000002a6       0x39 /tmp/ccVvjRva.o
 .ARM.attributes
                0x000002df       0x39 /tmp/ccNI899z.o
 .ARM.attributes
                0x00000318       0x39 /tmp/ccWgVN52.o
 .ARM.attributes
                0x00000351       0x39 /tmp/ccrejzBC.o
 .ARM.attributes
                0x0000038a       0x39 /tmp/ccCTOO5g.o
 .ARM.attributes
                0x000003c3       0x39 /tmp/ccXLIao0.o
 .ARM.attributes
                0x000003fc       0x39 /tmp/ccue4O0Q.o
 .ARM.attributes
                0x00000435       0x39 /tmp/cc5mkq6P.o
 .ARM.attributes
                0x0000046e       0x39 /tmp/ccwM30kY.o
 .ARM.attributes
                0x000004a7       0x21 /tmp/ccfVpOg6.o
 .ARM.attributes
                0x000004c8       0x39 /tmp/cctOnVIf.o
 .ARM.attributes
                0x00000501       0x39 /tmp/ccHm3jAt.o
 .ARM.attributes
                0x0000053a       0x39 /tmp/ccZGgAoJ.o
 .ARM.attributes
                0x00000573       0x39 /tmp/ccDKbSgY.o
 .ARM.attributes
                0x000005ac       0x39 /tmp/ccbzaDFh.o
 .ARM.attributes
                0x000005e5       0x39 /tmp/cc5yP53I.o
 .ARM.attributes
                0x0000061e       0x39 /tmp/ccX9V2Je.o
 .ARM.attributes
                0x00000657       0x39 /tmp/cczIlcsO.o
 .ARM.attributes
                0x00000690       0x39 /tmp/cclm9vts.o
 .ARM.attributes
                0x000006c9       0x39 /tmp/cchToLFb.o
 .ARM.attributes
                0x00000702       0x39 /tmp/ccZoTSO2.o
 .ARM.attributes
                0x0000073b       0x39 /tmp/ccxb92bZ.o
 .ARM.attributes
                0x00000774       0x39 /tmp/cc6Z48b6.o
 .ARM.attributes
                0x000007ad       0x39 /tmp/cc9JP7Ab.o
 .ARM.attributes
                0x000007e6       0x39 /tmp/ccgSJdOo.o
 .ARM.attributes
                0x0000081f       0x39 /tmp/cc3LjMAG.o
 .ARM.attributes
                0x00000858       0x39 /tmp/ccTNKUKg.o
 .ARM.attributes
                0x00000891       0x39 /tmp/cc6cAKWF.o
 .ARM.attributes
                0x000008ca       0x39 /tmp/ccf6fjC9.o
 .ARM.attributes
                0x00000903       0x39 /tmp/ccWMIMwC.o
 .ARM.attributes
                0x0000093c       0x39 /tmp/cc9Frfq7.o
 .ARM.attributes
                0x00000975       0x22 /local/sdk_elec/gcc-arm-none-eabi-5_2-2015q4/bin/../lib/gcc/arm-none-eabi/5.2.1/armv7e-m/fpu/libgcc.a(_arm_addsubdf3.o)
 .ARM.attributes
                0x00000997       0x22 /local/sdk_elec/gcc-arm-none-eabi-5_2-2015q4/bin/../lib/gcc/arm-none-eabi/5.2.1/armv7e-m/fpu/libgcc.a(_arm_muldivdf3.o)
 .ARM.attributes
                0x000009b9       0x22 /local/sdk_elec/gcc-arm-none-eabi-5_2-2015q4/bin/../lib/gcc/arm-none-eabi/5.2.1/armv7e-m/fpu/libgcc.a(_arm_truncdfsf2.o)
 .ARM.attributes
                0x000009db       0x34 /local/sdk_elec/gcc-arm-none-eabi-5_2-2015q4/bin/../lib/gcc/arm-none-eabi/5.2.1/../../../../arm-none-eabi/lib/armv7e-m/fpu/libg.a(lib_a-malloc.o)
 .ARM.attributes
                0x00000a0f       0x34 /local/sdk_elec/gcc-arm-none-eabi-5_2-2015q4/bin/../lib/gcc/arm-none-eabi/5.2.1/../../../../arm-none-eabi/lib/armv7e-m/fpu/libg.a(lib_a-mallocr.o)
 .ARM.attributes
                0x00000a43       0x20 /local/sdk_elec/gcc-arm-none-eabi-5_2-2015q4/bin/../lib/gcc/arm-none-eabi/5.2.1/../../../../arm-none-eabi/lib/armv7e-m/fpu/libg.a(lib_a-memcpy.o)
 .ARM.attributes
                0x00000a63       0x34 /local/sdk_elec/gcc-arm-none-eabi-5_2-2015q4/bin/../lib/gcc/arm-none-eabi/5.2.1/../../../../arm-none-eabi/lib/armv7e-m/fpu/libg.a(lib_a-mlock.o)
 .ARM.attributes
                0x00000a97       0x34 /local/sdk_elec/gcc-arm-none-eabi-5_2-2015q4/bin/../lib/gcc/arm-none-eabi/5.2.1/../../../../arm-none-eabi/lib/armv7e-m/fpu/libg.a(lib_a-reent.o)
 .ARM.attributes
                0x00000acb       0x34 /local/sdk_elec/gcc-arm-none-eabi-5_2-2015q4/bin/../lib/gcc/arm-none-eabi/5.2.1/../../../../arm-none-eabi/lib/armv7e-m/fpu/libg.a(lib_a-sbrkr.o)
 .ARM.attributes
                0x00000aff       0x34 /local/sdk_elec/gcc-arm-none-eabi-5_2-2015q4/bin/../lib/gcc/arm-none-eabi/5.2.1/../../../../arm-none-eabi/lib/armv7e-m/fpu/libg.a(lib_a-freer.o)
 .ARM.attributes
                0x00000b33       0x34 /local/sdk_elec/gcc-arm-none-eabi-5_2-2015q4/bin/../lib/gcc/arm-none-eabi/5.2.1/armv7e-m/fpu/crtend.o
 .ARM.attributes
                0x00000b67       0x22 /local/sdk_elec/gcc-arm-none-eabi-5_2-2015q4/bin/../lib/gcc/arm-none-eabi/5.2.1/armv7e-m/fpu/crtn.o
OUTPUT(template.elf elf32-littlearm)

.debug_frame    0x00000000     0x5f3c
 .debug_frame   0x00000000       0x2c /local/sdk_elec/gcc-arm-none-eabi-5_2-2015q4/bin/../lib/gcc/arm-none-eabi/5.2.1/../../../../arm-none-eabi/lib/armv7e-m/fpu/libc.a(lib_a-init.o)
 .debug_frame   0x0000002c       0x34 /local/sdk_elec/gcc-arm-none-eabi-5_2-2015q4/bin/../lib/gcc/arm-none-eabi/5.2.1/../../../../arm-none-eabi/lib/armv7e-m/fpu/libc.a(lib_a-memset.o)
 .debug_frame   0x00000060       0x50 /local/sdk_elec/gcc-arm-none-eabi-5_2-2015q4/bin/../lib/gcc/arm-none-eabi/5.2.1/../../../../arm-none-eabi/lib/armv7e-m/fpu/libc.a(lib_a-__call_atexit.o)
 .debug_frame   0x000000b0       0x20 /local/sdk_elec/gcc-arm-none-eabi-5_2-2015q4/bin/../lib/gcc/arm-none-eabi/5.2.1/../../../../arm-none-eabi/lib/armv7e-m/fpu/libc.a(lib_a-atexit.o)
 .debug_frame   0x000000d0       0x34 /local/sdk_elec/gcc-arm-none-eabi-5_2-2015q4/bin/../lib/gcc/arm-none-eabi/5.2.1/../../../../arm-none-eabi/lib/armv7e-m/fpu/libc.a(lib_a-fini.o)
 .debug_frame   0x00000104       0x34 /local/sdk_elec/gcc-arm-none-eabi-5_2-2015q4/bin/../lib/gcc/arm-none-eabi/5.2.1/../../../../arm-none-eabi/lib/armv7e-m/fpu/libc.a(lib_a-__atexit.o)
 .debug_frame   0x00000138      0x2c0 /tmp/ccghwXPv.o
 .debug_frame   0x000003f8      0x204 /tmp/cc8M141g.o
 .debug_frame   0x000005fc      0x14c /tmp/cc4u0cQ8.o
 .debug_frame   0x00000748      0x428 /tmp/ccoPMlv4.o
 .debug_frame   0x00000b70      0x5e0 /tmp/ccVvjRva.o
 .debug_frame   0x00001150      0x194 /tmp/ccNI899z.o
 .debug_frame   0x000012e4      0xfb4 /tmp/ccWgVN52.o
 .debug_frame   0x00002298      0x574 /tmp/ccrejzBC.o
 .debug_frame   0x0000280c      0x400 /tmp/ccCTOO5g.o
 .debug_frame   0x00002c0c      0x254 /tmp/ccXLIao0.o
 .debug_frame   0x00002e60      0x5d4 /tmp/ccue4O0Q.o
 .debug_frame   0x00003434      0x8a4 /tmp/cc5mkq6P.o
 .debug_frame   0x00003cd8      0x114 /tmp/ccwM30kY.o
 .debug_frame   0x00003dec      0x218 /tmp/cctOnVIf.o
 .debug_frame   0x00004004      0x1cc /tmp/ccHm3jAt.o
 .debug_frame   0x000041d0       0x58 /tmp/ccZGgAoJ.o
 .debug_frame   0x00004228      0x318 /tmp/ccDKbSgY.o
 .debug_frame   0x00004540       0x34 /tmp/ccbzaDFh.o
 .debug_frame   0x00004574       0x58 /tmp/cc5yP53I.o
 .debug_frame   0x000045cc       0x54 /tmp/ccX9V2Je.o
 .debug_frame   0x00004620      0x14c /tmp/cczIlcsO.o
 .debug_frame   0x0000476c       0x84 /tmp/cclm9vts.o
 .debug_frame   0x000047f0      0x194 /tmp/cchToLFb.o
 .debug_frame   0x00004984       0xc4 /tmp/ccZoTSO2.o
 .debug_frame   0x00004a48      0x148 /tmp/ccxb92bZ.o
 .debug_frame   0x00004b90      0x200 /tmp/cc6Z48b6.o
 .debug_frame   0x00004d90      0x21c /tmp/cc9JP7Ab.o
 .debug_frame   0x00004fac       0x50 /tmp/ccgSJdOo.o
 .debug_frame   0x00004ffc       0x34 /tmp/cc3LjMAG.o
 .debug_frame   0x00005030       0xd8 /tmp/ccTNKUKg.o
 .debug_frame   0x00005108      0x3f8 /tmp/cc6cAKWF.o
 .debug_frame   0x00005500      0x648 /tmp/ccf6fjC9.o
 .debug_frame   0x00005b48      0x1ac /tmp/ccWMIMwC.o
 .debug_frame   0x00005cf4       0x98 /tmp/cc9Frfq7.o
 .debug_frame   0x00005d8c       0x30 /local/sdk_elec/gcc-arm-none-eabi-5_2-2015q4/bin/../lib/gcc/arm-none-eabi/5.2.1/../../../../arm-none-eabi/lib/armv7e-m/fpu/libg.a(lib_a-malloc.o)
 .debug_frame   0x00005dbc       0x58 /local/sdk_elec/gcc-arm-none-eabi-5_2-2015q4/bin/../lib/gcc/arm-none-eabi/5.2.1/../../../../arm-none-eabi/lib/armv7e-m/fpu/libg.a(lib_a-mallocr.o)
 .debug_frame   0x00005e14       0x30 /local/sdk_elec/gcc-arm-none-eabi-5_2-2015q4/bin/../lib/gcc/arm-none-eabi/5.2.1/../../../../arm-none-eabi/lib/armv7e-m/fpu/libg.a(lib_a-mlock.o)
 .debug_frame   0x00005e44       0x58 /local/sdk_elec/gcc-arm-none-eabi-5_2-2015q4/bin/../lib/gcc/arm-none-eabi/5.2.1/../../../../arm-none-eabi/lib/armv7e-m/fpu/libg.a(lib_a-reent.o)
 .debug_frame   0x00005e9c       0x2c /local/sdk_elec/gcc-arm-none-eabi-5_2-2015q4/bin/../lib/gcc/arm-none-eabi/5.2.1/../../../../arm-none-eabi/lib/armv7e-m/fpu/libg.a(lib_a-sbrkr.o)
 .debug_frame   0x00005ec8       0x74 /local/sdk_elec/gcc-arm-none-eabi-5_2-2015q4/bin/../lib/gcc/arm-none-eabi/5.2.1/../../../../arm-none-eabi/lib/armv7e-m/fpu/libg.a(lib_a-freer.o)

.debug_info     0x00000000    0x164df
 .debug_info    0x00000000      0x83f /tmp/ccghwXPv.o
 .debug_info    0x0000083f      0xdd0 /tmp/cc8M141g.o
 .debug_info    0x0000160f      0x6e0 /tmp/cc4u0cQ8.o
 .debug_info    0x00001cef      0xac9 /tmp/ccoPMlv4.o
 .debug_info    0x000027b8      0xed3 /tmp/ccVvjRva.o
 .debug_info    0x0000368b      0x639 /tmp/ccNI899z.o
 .debug_info    0x00003cc4     0x2166 /tmp/ccWgVN52.o
 .debug_info    0x00005e2a      0xf2c /tmp/ccrejzBC.o
 .debug_info    0x00006d56      0xc31 /tmp/ccCTOO5g.o
 .debug_info    0x00007987      0xa9f /tmp/ccXLIao0.o
 .debug_info    0x00008426      0xf46 /tmp/ccue4O0Q.o
 .debug_info    0x0000936c     0x186b /tmp/cc5mkq6P.o
 .debug_info    0x0000abd7      0x81a /tmp/ccwM30kY.o
 .debug_info    0x0000b3f1       0x8e /tmp/ccfVpOg6.o
 .debug_info    0x0000b47f      0xb41 /tmp/cctOnVIf.o
 .debug_info    0x0000bfc0      0xab2 /tmp/ccHm3jAt.o
 .debug_info    0x0000ca72      0x49e /tmp/ccZGgAoJ.o
 .debug_info    0x0000cf10      0x6d6 /tmp/ccDKbSgY.o
 .debug_info    0x0000d5e6      0x88b /tmp/ccbzaDFh.o
 .debug_info    0x0000de71      0x8a8 /tmp/cc5yP53I.o
 .debug_info    0x0000e719      0x887 /tmp/ccX9V2Je.o
 .debug_info    0x0000efa0      0x817 /tmp/cczIlcsO.o
 .debug_info    0x0000f7b7      0x93f /tmp/cclm9vts.o
 .debug_info    0x000100f6      0xa3f /tmp/cchToLFb.o
 .debug_info    0x00010b35      0x8d9 /tmp/ccZoTSO2.o
 .debug_info    0x0001140e      0x861 /tmp/ccxb92bZ.o
 .debug_info    0x00011c6f      0xc7a /tmp/cc6Z48b6.o
 .debug_info    0x000128e9      0xa19 /tmp/cc9JP7Ab.o
 .debug_info    0x00013302      0x7ef /tmp/ccgSJdOo.o
 .debug_info    0x00013af1      0x54c /tmp/cc3LjMAG.o
 .debug_info    0x0001403d      0x2a4 /tmp/ccTNKUKg.o
 .debug_info    0x000142e1      0xb90 /tmp/cc6cAKWF.o
 .debug_info    0x00014e71     0x11af /tmp/ccf6fjC9.o
 .debug_info    0x00016020      0x33c /tmp/ccWMIMwC.o
 .debug_info    0x0001635c      0x183 /tmp/cc9Frfq7.o

.debug_abbrev   0x00000000     0x3af2
 .debug_abbrev  0x00000000      0x235 /tmp/ccghwXPv.o
 .debug_abbrev  0x00000235      0x251 /tmp/cc8M141g.o
 .debug_abbrev  0x00000486      0x1a3 /tmp/cc4u0cQ8.o
 .debug_abbrev  0x00000629      0x2a4 /tmp/ccoPMlv4.o
 .debug_abbrev  0x000008cd      0x226 /tmp/ccVvjRva.o
 .debug_abbrev  0x00000af3      0x19b /tmp/ccNI899z.o
 .debug_abbrev  0x00000c8e      0x217 /tmp/ccWgVN52.o
 .debug_abbrev  0x00000ea5      0x20e /tmp/ccrejzBC.o
 .debug_abbrev  0x000010b3      0x1dc /tmp/ccCTOO5g.o
 .debug_abbrev  0x0000128f      0x1d7 /tmp/ccXLIao0.o
 .debug_abbrev  0x00001466      0x20c /tmp/ccue4O0Q.o
 .debug_abbrev  0x00001672      0x1fb /tmp/cc5mkq6P.o
 .debug_abbrev  0x0000186d      0x229 /tmp/ccwM30kY.o
 .debug_abbrev  0x00001a96       0x12 /tmp/ccfVpOg6.o
 .debug_abbrev  0x00001aa8      0x1bf /tmp/cctOnVIf.o
 .debug_abbrev  0x00001c67      0x16c /tmp/ccHm3jAt.o
 .debug_abbrev  0x00001dd3      0x101 /tmp/ccZGgAoJ.o
 .debug_abbrev  0x00001ed4      0x147 /tmp/ccDKbSgY.o
 .debug_abbrev  0x0000201b      0x147 /tmp/ccbzaDFh.o
 .debug_abbrev  0x00002162      0x174 /tmp/cc5yP53I.o
 .debug_abbrev  0x000022d6      0x14d /tmp/ccX9V2Je.o
 .debug_abbrev  0x00002423      0x1c4 /tmp/cczIlcsO.o
 .debug_abbrev  0x000025e7      0x18e /tmp/cclm9vts.o
 .debug_abbrev  0x00002775      0x1e5 /tmp/cchToLFb.o
 .debug_abbrev  0x0000295a      0x1a8 /tmp/ccZoTSO2.o
 .debug_abbrev  0x00002b02      0x214 /tmp/ccxb92bZ.o
 .debug_abbrev  0x00002d16      0x195 /tmp/cc6Z48b6.o
 .debug_abbrev  0x00002eab      0x21a /tmp/cc9JP7Ab.o
 .debug_abbrev  0x000030c5      0x16e /tmp/ccgSJdOo.o
 .debug_abbrev  0x00003233      0x133 /tmp/cc3LjMAG.o
 .debug_abbrev  0x00003366       0xbe /tmp/ccTNKUKg.o
 .debug_abbrev  0x00003424      0x1ba /tmp/cc6cAKWF.o
 .debug_abbrev  0x000035de      0x289 /tmp/ccf6fjC9.o
 .debug_abbrev  0x00003867      0x19d /tmp/ccWMIMwC.o
 .debug_abbrev  0x00003a04       0xee /tmp/cc9Frfq7.o

.debug_aranges  0x00000000      0x468
 .debug_aranges
                0x00000000       0x20 /tmp/ccghwXPv.o
 .debug_aranges
                0x00000020       0x20 /tmp/cc8M141g.o
 .debug_aranges
                0x00000040       0x20 /tmp/cc4u0cQ8.o
 .debug_aranges
                0x00000060       0x20 /tmp/ccoPMlv4.o
 .debug_aranges
                0x00000080       0x20 /tmp/ccVvjRva.o
 .debug_aranges
                0x000000a0       0x20 /tmp/ccNI899z.o
 .debug_aranges
                0x000000c0       0x20 /tmp/ccWgVN52.o
 .debug_aranges
                0x000000e0       0x20 /tmp/ccrejzBC.o
 .debug_aranges
                0x00000100       0x20 /tmp/ccCTOO5g.o
 .debug_aranges
                0x00000120       0x20 /tmp/ccXLIao0.o
 .debug_aranges
                0x00000140       0x20 /tmp/ccue4O0Q.o
 .debug_aranges
                0x00000160       0x20 /tmp/cc5mkq6P.o
 .debug_aranges
                0x00000180       0x20 /tmp/ccwM30kY.o
 .debug_aranges
                0x000001a0       0x28 /tmp/ccfVpOg6.o
 .debug_aranges
                0x000001c8       0x20 /tmp/cctOnVIf.o
 .debug_aranges
                0x000001e8       0x20 /tmp/ccHm3jAt.o
 .debug_aranges
                0x00000208       0x20 /tmp/ccZGgAoJ.o
 .debug_aranges
                0x00000228       0x20 /tmp/ccDKbSgY.o
 .debug_aranges
                0x00000248       0x20 /tmp/ccbzaDFh.o
 .debug_aranges
                0x00000268       0x20 /tmp/cc5yP53I.o
 .debug_aranges
                0x00000288       0x20 /tmp/ccX9V2Je.o
 .debug_aranges
                0x000002a8       0x20 /tmp/cczIlcsO.o
 .debug_aranges
                0x000002c8       0x20 /tmp/cclm9vts.o
 .debug_aranges
                0x000002e8       0x20 /tmp/cchToLFb.o
 .debug_aranges
                0x00000308       0x20 /tmp/ccZoTSO2.o
 .debug_aranges
                0x00000328       0x20 /tmp/ccxb92bZ.o
 .debug_aranges
                0x00000348       0x20 /tmp/cc6Z48b6.o
 .debug_aranges
                0x00000368       0x20 /tmp/cc9JP7Ab.o
 .debug_aranges
                0x00000388       0x20 /tmp/ccgSJdOo.o
 .debug_aranges
                0x000003a8       0x20 /tmp/cc3LjMAG.o
 .debug_aranges
                0x000003c8       0x20 /tmp/ccTNKUKg.o
 .debug_aranges
                0x000003e8       0x20 /tmp/cc6cAKWF.o
 .debug_aranges
                0x00000408       0x20 /tmp/ccf6fjC9.o
 .debug_aranges
                0x00000428       0x20 /tmp/ccWMIMwC.o
 .debug_aranges
                0x00000448       0x20 /tmp/cc9Frfq7.o

.debug_line     0x00000000     0xdd4a
 .debug_line    0x00000000      0x403 /tmp/ccghwXPv.o
 .debug_line    0x00000403      0x704 /tmp/cc8M141g.o
 .debug_line    0x00000b07      0x3f7 /tmp/cc4u0cQ8.o
 .debug_line    0x00000efe      0x432 /tmp/ccoPMlv4.o
 .debug_line    0x00001330      0x784 /tmp/ccVvjRva.o
 .debug_line    0x00001ab4     0x4527 /tmp/ccNI899z.o
 .debug_line    0x00005fdb      0xd1b /tmp/ccWgVN52.o
 .debug_line    0x00006cf6      0x6de /tmp/ccrejzBC.o
 .debug_line    0x000073d4      0x620 /tmp/ccCTOO5g.o
 .debug_line    0x000079f4      0x5d7 /tmp/ccXLIao0.o
 .debug_line    0x00007fcb      0x8ef /tmp/ccue4O0Q.o
 .debug_line    0x000088ba      0xc96 /tmp/cc5mkq6P.o
 .debug_line    0x00009550      0x39c /tmp/ccwM30kY.o
 .debug_line    0x000098ec       0x7b /tmp/ccfVpOg6.o
 .debug_line    0x00009967      0x350 /tmp/cctOnVIf.o
 .debug_line    0x00009cb7      0x34b /tmp/ccHm3jAt.o
 .debug_line    0x0000a002      0x249 /tmp/ccZGgAoJ.o
 .debug_line    0x0000a24b      0x1af /tmp/ccDKbSgY.o
 .debug_line    0x0000a3fa      0x2e8 /tmp/ccbzaDFh.o
 .debug_line    0x0000a6e2      0x30c /tmp/cc5yP53I.o
 .debug_line    0x0000a9ee      0x331 /tmp/ccX9V2Je.o
 .debug_line    0x0000ad1f      0x39a /tmp/cczIlcsO.o
 .debug_line    0x0000b0b9      0x31e /tmp/cclm9vts.o
 .debug_line    0x0000b3d7      0x349 /tmp/cchToLFb.o
 .debug_line    0x0000b720      0x325 /tmp/ccZoTSO2.o
 .debug_line    0x0000ba45      0x3a5 /tmp/ccxb92bZ.o
 .debug_line    0x0000bdea      0x364 /tmp/cc6Z48b6.o
 .debug_line    0x0000c14e      0x4a0 /tmp/cc9JP7Ab.o
 .debug_line    0x0000c5ee      0x2e1 /tmp/ccgSJdOo.o
 .debug_line    0x0000c8cf      0x2cb /tmp/cc3LjMAG.o
 .debug_line    0x0000cb9a      0x189 /tmp/ccTNKUKg.o
 .debug_line    0x0000cd23      0x593 /tmp/cc6cAKWF.o
 .debug_line    0x0000d2b6      0x6fb /tmp/ccf6fjC9.o
 .debug_line    0x0000d9b1      0x207 /tmp/ccWMIMwC.o
 .debug_line    0x0000dbb8      0x192 /tmp/cc9Frfq7.o

.debug_str      0x00000000     0x616a
 .debug_str     0x00000000      0x8e4 /tmp/ccghwXPv.o
                                0x947 (size before relaxing)
 .debug_str     0x000008e4      0x34a /tmp/cc8M141g.o
                                0x6f7 (size before relaxing)
 .debug_str     0x00000c2e      0x174 /tmp/cc4u0cQ8.o
                                0x52b (size before relaxing)
 .debug_str     0x00000da2      0x2ee /tmp/ccoPMlv4.o
                                0x9d0 (size before relaxing)
 .debug_str     0x00001090      0x77a /tmp/ccVvjRva.o
                                0xa46 (size before relaxing)
 .debug_str     0x0000180a      0x159 /tmp/ccNI899z.o
                                0x635 (size before relaxing)
 .debug_str     0x00001963      0xebb /tmp/ccWgVN52.o
                               0x13de (size before relaxing)
 .debug_str     0x0000281e      0x53b /tmp/ccrejzBC.o
                                0xc91 (size before relaxing)
 .debug_str     0x00002d59      0x50b /tmp/ccCTOO5g.o
                                0xa93 (size before relaxing)
 .debug_str     0x00003264      0x30a /tmp/ccXLIao0.o
                                0xad5 (size before relaxing)
 .debug_str     0x0000356e      0x4c9 /tmp/ccue4O0Q.o
                                0xa67 (size before relaxing)
 .debug_str     0x00003a37      0x72c /tmp/cc5mkq6P.o
                                0xc7f (size before relaxing)
 .debug_str     0x00004163      0x1d9 /tmp/ccwM30kY.o
                                0x82b (size before relaxing)
 .debug_str     0x0000433c      0x13a /tmp/cctOnVIf.o
                                0xca8 (size before relaxing)
 .debug_str     0x00004476      0x142 /tmp/ccHm3jAt.o
                                0xb04 (size before relaxing)
 .debug_str     0x000045b8       0x42 /tmp/ccZGgAoJ.o
                                0x3bc (size before relaxing)
 .debug_str     0x000045fa      0x256 /tmp/ccDKbSgY.o
                                0x456 (size before relaxing)
 .debug_str     0x00004850       0x25 /tmp/ccbzaDFh.o
                                0x8cd (size before relaxing)
 .debug_str     0x00004875       0x2f /tmp/cc5yP53I.o
                                0x8c0 (size before relaxing)
 .debug_str     0x000048a4       0x54 /tmp/ccX9V2Je.o
                                0x982 (size before relaxing)
 .debug_str     0x000048f8       0x93 /tmp/cczIlcsO.o
                                0x6fe (size before relaxing)
 .debug_str     0x0000498b       0x63 /tmp/cclm9vts.o
                                0x92c (size before relaxing)
 .debug_str     0x000049ee      0x166 /tmp/cchToLFb.o
                                0xa1c (size before relaxing)
 .debug_str     0x00004b54       0x7d /tmp/ccZoTSO2.o
                                0x921 (size before relaxing)
 .debug_str     0x00004bd1      0x16e /tmp/ccxb92bZ.o
                                0x7d3 (size before relaxing)
 .debug_str     0x00004d3f      0x15d /tmp/cc6Z48b6.o
                                0x98b (size before relaxing)
 .debug_str     0x00004e9c       0xe7 /tmp/cc9JP7Ab.o
                                0x76d (size before relaxing)
 .debug_str     0x00004f83       0x46 /tmp/ccgSJdOo.o
                                0x80f (size before relaxing)
 .debug_str     0x00004fc9       0x13 /tmp/cc3LjMAG.o
                                0x686 (size before relaxing)
 .debug_str     0x00004fdc      0x134 /tmp/ccTNKUKg.o
                                0x331 (size before relaxing)
 .debug_str     0x00005110      0x4bd /tmp/cc6cAKWF.o
                                0x7b3 (size before relaxing)
 .debug_str     0x000055cd      0x8be /tmp/ccf6fjC9.o
                                0xc6b (size before relaxing)
 .debug_str     0x00005e8b      0x23a /tmp/ccWMIMwC.o
                                0x48e (size before relaxing)
 .debug_str     0x000060c5       0xa5 /tmp/cc9Frfq7.o
                                0x299 (size before relaxing)

.comment        0x00000000       0x6e
 .comment       0x00000000       0x6e /tmp/ccghwXPv.o
                                 0x6f (size before relaxing)
 .comment       0x0000006e       0x6f /tmp/cc8M141g.o
 .comment       0x0000006e       0x6f /tmp/cc4u0cQ8.o
 .comment       0x0000006e       0x6f /tmp/ccoPMlv4.o
 .comment       0x0000006e       0x6f /tmp/ccVvjRva.o
 .comment       0x0000006e       0x6f /tmp/ccNI899z.o
 .comment       0x0000006e       0x6f /tmp/ccWgVN52.o
 .comment       0x0000006e       0x6f /tmp/ccrejzBC.o
 .comment       0x0000006e       0x6f /tmp/ccCTOO5g.o
 .comment       0x0000006e       0x6f /tmp/ccXLIao0.o
 .comment       0x0000006e       0x6f /tmp/ccue4O0Q.o
 .comment       0x0000006e       0x6f /tmp/cc5mkq6P.o
 .comment       0x0000006e       0x6f /tmp/ccwM30kY.o
 .comment       0x0000006e       0x6f /tmp/cctOnVIf.o
 .comment       0x0000006e       0x6f /tmp/ccHm3jAt.o
 .comment       0x0000006e       0x6f /tmp/ccZGgAoJ.o
 .comment       0x0000006e       0x6f /tmp/ccDKbSgY.o
 .comment       0x0000006e       0x6f /tmp/ccbzaDFh.o
 .comment       0x0000006e       0x6f /tmp/cc5yP53I.o
 .comment       0x0000006e       0x6f /tmp/ccX9V2Je.o
 .comment       0x0000006e       0x6f /tmp/cczIlcsO.o
 .comment       0x0000006e       0x6f /tmp/cclm9vts.o
 .comment       0x0000006e       0x6f /tmp/cchToLFb.o
 .comment       0x0000006e       0x6f /tmp/ccZoTSO2.o
 .comment       0x0000006e       0x6f /tmp/ccxb92bZ.o
 .comment       0x0000006e       0x6f /tmp/cc6Z48b6.o
 .comment       0x0000006e       0x6f /tmp/cc9JP7Ab.o
 .comment       0x0000006e       0x6f /tmp/ccgSJdOo.o
 .comment       0x0000006e       0x6f /tmp/cc3LjMAG.o
 .comment       0x0000006e       0x6f /tmp/ccTNKUKg.o
 .comment       0x0000006e       0x6f /tmp/cc6cAKWF.o
 .comment       0x0000006e       0x6f /tmp/ccf6fjC9.o
 .comment       0x0000006e       0x6f /tmp/ccWMIMwC.o
 .comment       0x0000006e       0x6f /tmp/cc9Frfq7.o

.debug_ranges   0x00000000       0x20
 .debug_ranges  0x00000000       0x20 /tmp/ccfVpOg6.o
